nohup: ignoring input
[STAGE] 2026-04-26 06:43:48 START build experiment
[CONFIG] 2026-04-26 06:43:48 paths graph_dir=/root/autodl-tmp/个人项目2/操作数据库/full_graph_export text_dir=/root/autodl-tmp/个人项目2/操作数据库/full_graph_export/text_chunks image_dir=/root/autodl-tmp/个人项目2/图片/64 local_model_root=/root/autodl-tmp/个人项目2/链路预测实验/local_models
[CONFIG] 2026-04-26 06:43:48 models text_encoder=albert_frozen text_model=albert-base-v2 text_model_dir=/root/autodl-tmp/个人项目2/链路预测实验/local_models/text/albert-base-v2 image_encoder=inception_resnet_v2 image_model=inception_resnet_v2.tf_ens_adv_in1k image_model_dir=/root/autodl-tmp/个人项目2/链路预测实验/local_models/image/inception_resnet_v2.tf_ens_adv_in1k graph_encoder=rgcn use_graph=True kge_scorer=transe
[CONFIG] 2026-04-26 06:43:48 cache_root=/root/autodl-tmp/个人项目2/graphkge/cache/full cache_session=20260426_064348_mm_kge_transe_albert_inception_resnet_v2_rgcn_frozen raw_cache_root=/root/autodl-tmp/个人项目2/graphkge/cache/full/shared_raw
[DATA] 2026-04-26 06:43:56 catalog entities=1706516 art_entities=431773 chunks=85 triples=14297782 relations=353
[DATA] 2026-04-26 06:43:56 splits train=11446322 val=1425779 test=1425681 sample_chunks=0 train_propagation_edges=22137586
[EVAL] 2026-04-26 06:43:56 validation_max_triples=50000 final_test_max_triples=FULL
[STAGE] 2026-04-26 06:44:02 image index cache loaded: /root/autodl-tmp/个人项目2/graphkge/cache/full/image_index/image_index.pkl entries=430969
[STAGE] 2026-04-26 06:44:03 DONE build experiment (14.98s)
[CONFIG] 2026-04-26 06:44:03 training run_dir=/root/autodl-tmp/个人项目2/graphkge/runs/20260426_064348_mm_kge_transe_albert_inception_resnet_v2_rgcn_frozen cache_session=20260426_064348_mm_kge_transe_albert_inception_resnet_v2_rgcn_frozen
[STAGE] 2026-04-26 06:44:03 START prebuild raw caches
[STAGE] 2026-04-26 06:44:12 text cache prebuild done missing=0
[STAGE] 2026-04-26 06:44:36 image raw cache prebuild done missing=416457 loaded=0
[STAGE] 2026-04-26 06:44:36 DONE prebuild raw caches (32.71s)
[STAGE] 2026-04-26 06:44:36 START train
[STAGE] 2026-04-26 06:44:36 epoch start epoch=1/3 steps_per_epoch=22357 global_step=0/67071
[TRAIN] 2026-04-26 06:44:40 step=1/67071 (0.00%) epoch=1/3 epoch_step=1/22357 (0.00%) loss=0.861691 lr=4.00001e-05 elapsed=00:05 eta=85:05:17 val_mrr=NA
[TRAIN] 2026-04-26 06:44:44 step=2/67071 (0.00%) epoch=1/3 epoch_step=2/22357 (0.01%) loss=0.845366 lr=4.00002e-05 elapsed=00:08 eta=72:37:39 val_mrr=NA
[TRAIN] 2026-04-26 06:44:47 step=3/67071 (0.00%) epoch=1/3 epoch_step=3/22357 (0.01%) loss=0.840493 lr=4.00005e-05 elapsed=00:11 eta=70:21:53 val_mrr=NA
[TRAIN] 2026-04-26 06:44:50 step=4/67071 (0.01%) epoch=1/3 epoch_step=4/22357 (0.02%) loss=0.833578 lr=4.00008e-05 elapsed=00:15 eta=67:58:42 val_mrr=NA
[TRAIN] 2026-04-26 06:44:53 step=5/67071 (0.01%) epoch=1/3 epoch_step=5/22357 (0.02%) loss=0.827266 lr=4.00013e-05 elapsed=00:18 eta=66:00:10 val_mrr=NA
[TRAIN] 2026-04-26 06:45:10 step=10/67071 (0.01%) epoch=1/3 epoch_step=10/22357 (0.04%) loss=0.812438 lr=4.00053e-05 elapsed=00:34 eta=63:55:32 val_mrr=NA
[TRAIN] 2026-04-26 06:45:43 step=20/67071 (0.03%) epoch=1/3 epoch_step=20/22357 (0.09%) loss=0.800016 lr=4.00211e-05 elapsed=01:07 eta=62:44:56 val_mrr=NA
[TRAIN] 2026-04-26 06:46:17 step=30/67071 (0.04%) epoch=1/3 epoch_step=30/22357 (0.13%) loss=0.794410 lr=4.00474e-05 elapsed=01:41 eta=62:56:58 val_mrr=NA
[TRAIN] 2026-04-26 06:46:51 step=40/67071 (0.06%) epoch=1/3 epoch_step=40/22357 (0.18%) loss=0.790554 lr=4.00843e-05 elapsed=02:16 eta=63:09:56 val_mrr=NA
[TRAIN] 2026-04-26 06:47:25 step=50/67071 (0.07%) epoch=1/3 epoch_step=50/22357 (0.22%) loss=0.786723 lr=4.01317e-05 elapsed=02:50 eta=63:12:31 val_mrr=NA
[TRAIN] 2026-04-26 06:47:58 step=60/67071 (0.09%) epoch=1/3 epoch_step=60/22357 (0.27%) loss=0.784157 lr=4.01896e-05 elapsed=03:22 eta=62:43:20 val_mrr=NA
[TRAIN] 2026-04-26 06:48:31 step=70/67071 (0.10%) epoch=1/3 epoch_step=70/22357 (0.31%) loss=0.781899 lr=4.02581e-05 elapsed=03:55 eta=62:26:56 val_mrr=NA
[TRAIN] 2026-04-26 06:49:05 step=80/67071 (0.12%) epoch=1/3 epoch_step=80/22357 (0.36%) loss=0.777060 lr=4.03371e-05 elapsed=04:29 eta=62:33:33 val_mrr=NA
[TRAIN] 2026-04-26 06:49:38 step=90/67071 (0.13%) epoch=1/3 epoch_step=90/22357 (0.40%) loss=0.776847 lr=4.04266e-05 elapsed=05:02 eta=62:24:10 val_mrr=NA
[TRAIN] 2026-04-26 06:50:11 step=100/67071 (0.15%) epoch=1/3 epoch_step=100/22357 (0.45%) loss=0.772614 lr=4.05266e-05 elapsed=05:35 eta=62:21:43 val_mrr=NA
[TRAIN] 2026-04-26 06:50:45 step=110/67071 (0.16%) epoch=1/3 epoch_step=110/22357 (0.49%) loss=0.771019 lr=4.06372e-05 elapsed=06:10 eta=62:29:13 val_mrr=NA
[TRAIN] 2026-04-26 06:51:21 step=120/67071 (0.18%) epoch=1/3 epoch_step=120/22357 (0.54%) loss=0.766817 lr=4.07583e-05 elapsed=06:45 eta=62:45:00 val_mrr=NA
[TRAIN] 2026-04-26 06:51:56 step=130/67071 (0.19%) epoch=1/3 epoch_step=130/22357 (0.58%) loss=0.763350 lr=4.08899e-05 elapsed=07:20 eta=62:57:50 val_mrr=NA
[TRAIN] 2026-04-26 06:52:30 step=140/67071 (0.21%) epoch=1/3 epoch_step=140/22357 (0.63%) loss=0.760639 lr=4.1032e-05 elapsed=07:55 eta=63:01:43 val_mrr=NA
[TRAIN] 2026-04-26 06:53:04 step=150/67071 (0.22%) epoch=1/3 epoch_step=150/22357 (0.67%) loss=0.759246 lr=4.11846e-05 elapsed=08:28 eta=62:58:01 val_mrr=NA
[TRAIN] 2026-04-26 06:53:38 step=160/67071 (0.24%) epoch=1/3 epoch_step=160/22357 (0.72%) loss=0.747772 lr=4.13477e-05 elapsed=09:02 eta=62:56:50 val_mrr=NA
[TRAIN] 2026-04-26 06:54:11 step=170/67071 (0.25%) epoch=1/3 epoch_step=170/22357 (0.76%) loss=0.744483 lr=4.15214e-05 elapsed=09:35 eta=62:51:59 val_mrr=NA
[TRAIN] 2026-04-26 06:54:44 step=180/67071 (0.27%) epoch=1/3 epoch_step=180/22357 (0.81%) loss=0.747000 lr=4.17055e-05 elapsed=10:09 eta=62:49:51 val_mrr=NA
[TRAIN] 2026-04-26 06:55:19 step=190/67071 (0.28%) epoch=1/3 epoch_step=190/22357 (0.85%) loss=0.741449 lr=4.19002e-05 elapsed=10:43 eta=62:52:31 val_mrr=NA
[TRAIN] 2026-04-26 06:55:54 step=200/67071 (0.30%) epoch=1/3 epoch_step=200/22357 (0.89%) loss=0.740710 lr=4.21053e-05 elapsed=11:18 eta=62:59:03 val_mrr=NA
[TRAIN] 2026-04-26 06:56:28 step=210/67071 (0.31%) epoch=1/3 epoch_step=210/22357 (0.94%) loss=0.736390 lr=4.23209e-05 elapsed=11:52 eta=62:57:48 val_mrr=NA
[TRAIN] 2026-04-26 06:57:02 step=220/67071 (0.33%) epoch=1/3 epoch_step=220/22357 (0.98%) loss=0.733005 lr=4.2547e-05 elapsed=12:26 eta=62:57:44 val_mrr=NA
[TRAIN] 2026-04-26 06:57:36 step=230/67071 (0.34%) epoch=1/3 epoch_step=230/22357 (1.03%) loss=0.724347 lr=4.27836e-05 elapsed=13:00 eta=62:58:10 val_mrr=NA
[TRAIN] 2026-04-26 06:58:09 step=240/67071 (0.36%) epoch=1/3 epoch_step=240/22357 (1.07%) loss=0.728042 lr=4.30307e-05 elapsed=13:33 eta=62:52:14 val_mrr=NA
[TRAIN] 2026-04-26 06:58:42 step=250/67071 (0.37%) epoch=1/3 epoch_step=250/22357 (1.12%) loss=0.722947 lr=4.32882e-05 elapsed=14:06 eta=62:49:20 val_mrr=NA
[TRAIN] 2026-04-26 06:59:18 step=260/67071 (0.39%) epoch=1/3 epoch_step=260/22357 (1.16%) loss=0.720666 lr=4.35562e-05 elapsed=14:42 eta=62:59:23 val_mrr=NA
[TRAIN] 2026-04-26 06:59:55 step=270/67071 (0.40%) epoch=1/3 epoch_step=270/22357 (1.21%) loss=0.725689 lr=4.38346e-05 elapsed=15:19 eta=63:08:52 val_mrr=NA
[TRAIN] 2026-04-26 07:00:32 step=280/67071 (0.42%) epoch=1/3 epoch_step=280/22357 (1.25%) loss=0.715165 lr=4.41235e-05 elapsed=15:56 eta=63:20:40 val_mrr=NA
[TRAIN] 2026-04-26 07:01:08 step=290/67071 (0.43%) epoch=1/3 epoch_step=290/22357 (1.30%) loss=0.715310 lr=4.44228e-05 elapsed=16:32 eta=63:27:11 val_mrr=NA
[TRAIN] 2026-04-26 07:01:42 step=300/67071 (0.45%) epoch=1/3 epoch_step=300/22357 (1.34%) loss=0.716371 lr=4.47326e-05 elapsed=17:06 eta=63:27:47 val_mrr=NA
[TRAIN] 2026-04-26 07:02:16 step=310/67071 (0.46%) epoch=1/3 epoch_step=310/22357 (1.39%) loss=0.712484 lr=4.50528e-05 elapsed=17:41 eta=63:26:34 val_mrr=NA
[TRAIN] 2026-04-26 07:02:49 step=320/67071 (0.48%) epoch=1/3 epoch_step=320/22357 (1.43%) loss=0.708278 lr=4.53834e-05 elapsed=18:14 eta=63:22:04 val_mrr=NA
[TRAIN] 2026-04-26 07:03:22 step=330/67071 (0.49%) epoch=1/3 epoch_step=330/22357 (1.48%) loss=0.708018 lr=4.57244e-05 elapsed=18:47 eta=63:17:58 val_mrr=NA
[TRAIN] 2026-04-26 07:03:56 step=340/67071 (0.51%) epoch=1/3 epoch_step=340/22357 (1.52%) loss=0.702065 lr=4.60759e-05 elapsed=19:20 eta=63:14:44 val_mrr=NA
[TRAIN] 2026-04-26 07:04:29 step=350/67071 (0.52%) epoch=1/3 epoch_step=350/22357 (1.57%) loss=0.707875 lr=4.64377e-05 elapsed=19:54 eta=63:12:39 val_mrr=NA
[TRAIN] 2026-04-26 07:05:01 step=360/67071 (0.54%) epoch=1/3 epoch_step=360/22357 (1.61%) loss=0.703732 lr=4.681e-05 elapsed=20:26 eta=63:05:18 val_mrr=NA
[TRAIN] 2026-04-26 07:05:35 step=370/67071 (0.55%) epoch=1/3 epoch_step=370/22357 (1.65%) loss=0.702579 lr=4.71926e-05 elapsed=20:59 eta=63:02:51 val_mrr=NA
[TRAIN] 2026-04-26 07:06:07 step=380/67071 (0.57%) epoch=1/3 epoch_step=380/22357 (1.70%) loss=0.701989 lr=4.75856e-05 elapsed=21:31 eta=62:57:22 val_mrr=NA
[TRAIN] 2026-04-26 07:06:40 step=390/67071 (0.58%) epoch=1/3 epoch_step=390/22357 (1.74%) loss=0.696699 lr=4.7989e-05 elapsed=22:04 eta=62:53:25 val_mrr=NA
[TRAIN] 2026-04-26 07:07:14 step=400/67071 (0.60%) epoch=1/3 epoch_step=400/22357 (1.79%) loss=0.699939 lr=4.84027e-05 elapsed=22:38 eta=62:51:53 val_mrr=NA
[TRAIN] 2026-04-26 07:07:46 step=410/67071 (0.61%) epoch=1/3 epoch_step=410/22357 (1.83%) loss=0.690886 lr=4.88268e-05 elapsed=23:10 eta=62:46:35 val_mrr=NA
[TRAIN] 2026-04-26 07:08:19 step=420/67071 (0.63%) epoch=1/3 epoch_step=420/22357 (1.88%) loss=0.692998 lr=4.92612e-05 elapsed=23:43 eta=62:44:24 val_mrr=NA
[TRAIN] 2026-04-26 07:08:53 step=430/67071 (0.64%) epoch=1/3 epoch_step=430/22357 (1.92%) loss=0.693482 lr=4.9706e-05 elapsed=24:17 eta=62:43:36 val_mrr=NA
[TRAIN] 2026-04-26 07:09:28 step=440/67071 (0.66%) epoch=1/3 epoch_step=440/22357 (1.97%) loss=0.687640 lr=5.0161e-05 elapsed=24:52 eta=62:46:21 val_mrr=NA
[TRAIN] 2026-04-26 07:10:02 step=450/67071 (0.67%) epoch=1/3 epoch_step=450/22357 (2.01%) loss=0.685453 lr=5.06264e-05 elapsed=25:26 eta=62:45:19 val_mrr=NA
[TRAIN] 2026-04-26 07:10:35 step=460/67071 (0.69%) epoch=1/3 epoch_step=460/22357 (2.06%) loss=0.683085 lr=5.11021e-05 elapsed=25:59 eta=62:43:15 val_mrr=NA
[TRAIN] 2026-04-26 07:11:08 step=470/67071 (0.70%) epoch=1/3 epoch_step=470/22357 (2.10%) loss=0.692198 lr=5.15881e-05 elapsed=26:33 eta=62:41:22 val_mrr=NA
[TRAIN] 2026-04-26 07:11:41 step=480/67071 (0.72%) epoch=1/3 epoch_step=480/22357 (2.15%) loss=0.678248 lr=5.20843e-05 elapsed=27:06 eta=62:38:42 val_mrr=NA
[TRAIN] 2026-04-26 07:12:15 step=490/67071 (0.73%) epoch=1/3 epoch_step=490/22357 (2.19%) loss=0.682198 lr=5.25909e-05 elapsed=27:39 eta=62:36:56 val_mrr=NA
[STAGE] 2026-04-26 07:12:49 val prep subsets global=50000 art_art=1986 art_any=50000
[STAGE] 2026-04-26 07:12:49 val prep negatives global=50000 art_art=1986 art_any=50000
[STAGE] 2026-04-26 07:12:49 val start step=500 epoch=0 task=relation_ranking subset=global triples=50000 batches=98 eval_batch_size=512
[STAGE] 2026-04-26 07:18:26 val start step=500 epoch=0 task=triple_scoring subset=global triples=50000 batches=98 eval_batch_size=512
[STAGE] 2026-04-26 07:25:45 val start step=500 epoch=0 task=relation_ranking subset=art_art triples=1986 batches=4 eval_batch_size=512
[STAGE] 2026-04-26 07:26:06 val start step=500 epoch=0 task=triple_scoring subset=art_art triples=1986 batches=4 eval_batch_size=512
[STAGE] 2026-04-26 07:26:36 val start step=500 epoch=0 task=relation_ranking subset=art_any triples=50000 batches=98 eval_batch_size=512
[STAGE] 2026-04-26 07:32:12 val start step=500 epoch=0 task=triple_scoring subset=art_any triples=50000 batches=98 eval_batch_size=512
[VAL] 2026-04-26 07:42:19 step=500 epoch=0 mrr=0.853682 aucpr=0.877642 art_art_mrr=0.299261 art_art_aucpr=0.575086 art_any_mrr=0.854078 art_any_aucpr=0.659246
[TRAIN] 2026-04-26 07:42:20 step=500/67071 (0.75%) epoch=1/3 epoch_step=500/22357 (2.24%) loss=0.683269 lr=5.31076e-05 elapsed=57:44 eta=128:06:57 val_mrr=0.853682
[TRAIN] 2026-04-26 07:42:53 step=510/67071 (0.76%) epoch=1/3 epoch_step=510/22357 (2.28%) loss=0.669342 lr=5.36347e-05 elapsed=58:18 eta=126:48:00 val_mrr=0.853682
[TRAIN] 2026-04-26 07:43:27 step=520/67071 (0.78%) epoch=1/3 epoch_step=520/22357 (2.33%) loss=0.668298 lr=5.41719e-05 elapsed=58:51 eta=125:31:46 val_mrr=0.853682
[TRAIN] 2026-04-26 07:44:00 step=530/67071 (0.79%) epoch=1/3 epoch_step=530/22357 (2.37%) loss=0.677852 lr=5.47194e-05 elapsed=59:24 eta=124:18:31 val_mrr=0.853682
[TRAIN] 2026-04-26 07:44:34 step=540/67071 (0.81%) epoch=1/3 epoch_step=540/22357 (2.42%) loss=0.669523 lr=5.52771e-05 elapsed=59:58 eta=123:08:39 val_mrr=0.853682
[TRAIN] 2026-04-26 07:45:09 step=550/67071 (0.82%) epoch=1/3 epoch_step=550/22357 (2.46%) loss=0.682094 lr=5.5845e-05 elapsed=01:00:33 eta=122:03:30 val_mrr=0.853682
[TRAIN] 2026-04-26 07:45:43 step=560/67071 (0.83%) epoch=1/3 epoch_step=560/22357 (2.50%) loss=0.662014 lr=5.64231e-05 elapsed=01:01:07 eta=120:58:55 val_mrr=0.853682
[TRAIN] 2026-04-26 07:46:16 step=570/67071 (0.85%) epoch=1/3 epoch_step=570/22357 (2.55%) loss=0.676087 lr=5.70113e-05 elapsed=01:01:40 eta=119:54:12 val_mrr=0.853682
[TRAIN] 2026-04-26 07:46:49 step=580/67071 (0.86%) epoch=1/3 epoch_step=580/22357 (2.59%) loss=0.665305 lr=5.76098e-05 elapsed=01:02:13 eta=118:52:54 val_mrr=0.853682
[TRAIN] 2026-04-26 07:47:24 step=590/67071 (0.88%) epoch=1/3 epoch_step=590/22357 (2.64%) loss=0.669849 lr=5.82183e-05 elapsed=01:02:48 eta=117:56:21 val_mrr=0.853682
[TRAIN] 2026-04-26 07:47:59 step=600/67071 (0.89%) epoch=1/3 epoch_step=600/22357 (2.68%) loss=0.671256 lr=5.8837e-05 elapsed=01:03:23 eta=117:01:42 val_mrr=0.853682
[TRAIN] 2026-04-26 07:48:33 step=610/67071 (0.91%) epoch=1/3 epoch_step=610/22357 (2.73%) loss=0.663952 lr=5.94658e-05 elapsed=01:03:57 eta=116:07:21 val_mrr=0.853682
[TRAIN] 2026-04-26 07:49:06 step=620/67071 (0.92%) epoch=1/3 epoch_step=620/22357 (2.77%) loss=0.654593 lr=6.01048e-05 elapsed=01:04:30 eta=115:12:50 val_mrr=0.853682
[TRAIN] 2026-04-26 07:49:40 step=630/67071 (0.94%) epoch=1/3 epoch_step=630/22357 (2.82%) loss=0.665047 lr=6.07538e-05 elapsed=01:05:04 eta=114:21:47 val_mrr=0.853682
[TRAIN] 2026-04-26 07:50:13 step=640/67071 (0.95%) epoch=1/3 epoch_step=640/22357 (2.86%) loss=0.662734 lr=6.14129e-05 elapsed=01:05:37 eta=113:30:54 val_mrr=0.853682
[TRAIN] 2026-04-26 07:50:47 step=650/67071 (0.97%) epoch=1/3 epoch_step=650/22357 (2.91%) loss=0.655940 lr=6.2082e-05 elapsed=01:06:11 eta=112:42:48 val_mrr=0.853682
[TRAIN] 2026-04-26 07:51:20 step=660/67071 (0.98%) epoch=1/3 epoch_step=660/22357 (2.95%) loss=0.663316 lr=6.27613e-05 elapsed=01:06:44 eta=111:55:43 val_mrr=0.853682
[TRAIN] 2026-04-26 07:51:54 step=670/67071 (1.00%) epoch=1/3 epoch_step=670/22357 (3.00%) loss=0.655577 lr=6.34505e-05 elapsed=01:07:18 eta=111:10:34 val_mrr=0.853682
[TRAIN] 2026-04-26 07:52:29 step=680/67071 (1.01%) epoch=1/3 epoch_step=680/22357 (3.04%) loss=0.662027 lr=6.41498e-05 elapsed=01:07:53 eta=110:28:10 val_mrr=0.853682
[TRAIN] 2026-04-26 07:53:04 step=690/67071 (1.03%) epoch=1/3 epoch_step=690/22357 (3.09%) loss=0.657925 lr=6.4859e-05 elapsed=01:08:29 eta=109:47:51 val_mrr=0.853682
[TRAIN] 2026-04-26 07:53:42 step=700/67071 (1.04%) epoch=1/3 epoch_step=700/22357 (3.13%) loss=0.649946 lr=6.55783e-05 elapsed=01:09:06 eta=109:12:16 val_mrr=0.853682
[TRAIN] 2026-04-26 07:54:17 step=710/67071 (1.06%) epoch=1/3 epoch_step=710/22357 (3.18%) loss=0.652900 lr=6.63075e-05 elapsed=01:09:41 eta=108:33:42 val_mrr=0.853682
[TRAIN] 2026-04-26 07:54:54 step=720/67071 (1.07%) epoch=1/3 epoch_step=720/22357 (3.22%) loss=0.643186 lr=6.70467e-05 elapsed=01:10:18 eta=107:58:06 val_mrr=0.853682
[TRAIN] 2026-04-26 07:55:31 step=730/67071 (1.09%) epoch=1/3 epoch_step=730/22357 (3.27%) loss=0.633013 lr=6.77958e-05 elapsed=01:10:55 eta=107:24:33 val_mrr=0.853682
[TRAIN] 2026-04-26 07:56:08 step=740/67071 (1.10%) epoch=1/3 epoch_step=740/22357 (3.31%) loss=0.649743 lr=6.85549e-05 elapsed=01:11:33 eta=106:52:47 val_mrr=0.853682
[TRAIN] 2026-04-26 07:56:45 step=750/67071 (1.12%) epoch=1/3 epoch_step=750/22357 (3.35%) loss=0.642282 lr=6.93239e-05 elapsed=01:12:09 eta=106:20:26 val_mrr=0.853682
[TRAIN] 2026-04-26 07:57:21 step=760/67071 (1.13%) epoch=1/3 epoch_step=760/22357 (3.40%) loss=0.652846 lr=7.01027e-05 elapsed=01:12:46 eta=105:48:17 val_mrr=0.853682
[TRAIN] 2026-04-26 07:57:55 step=770/67071 (1.15%) epoch=1/3 epoch_step=770/22357 (3.44%) loss=0.637622 lr=7.08914e-05 elapsed=01:13:19 eta=105:13:32 val_mrr=0.853682
[TRAIN] 2026-04-26 07:58:31 step=780/67071 (1.16%) epoch=1/3 epoch_step=780/22357 (3.49%) loss=0.631613 lr=7.169e-05 elapsed=01:13:56 eta=104:42:55 val_mrr=0.853682
[TRAIN] 2026-04-26 07:59:07 step=790/67071 (1.18%) epoch=1/3 epoch_step=790/22357 (3.53%) loss=0.643556 lr=7.24984e-05 elapsed=01:14:32 eta=104:12:44 val_mrr=0.853682
[TRAIN] 2026-04-26 07:59:44 step=800/67071 (1.19%) epoch=1/3 epoch_step=800/22357 (3.58%) loss=0.634994 lr=7.33167e-05 elapsed=01:15:08 eta=103:43:43 val_mrr=0.853682
[TRAIN] 2026-04-26 08:00:20 step=810/67071 (1.21%) epoch=1/3 epoch_step=810/22357 (3.62%) loss=0.625309 lr=7.41447e-05 elapsed=01:15:44 eta=103:15:16 val_mrr=0.853682
[TRAIN] 2026-04-26 08:00:56 step=820/67071 (1.22%) epoch=1/3 epoch_step=820/22357 (3.67%) loss=0.640048 lr=7.49825e-05 elapsed=01:16:20 eta=102:47:32 val_mrr=0.853682
[TRAIN] 2026-04-26 08:01:33 step=830/67071 (1.24%) epoch=1/3 epoch_step=830/22357 (3.71%) loss=0.633680 lr=7.58301e-05 elapsed=01:16:57 eta=102:21:04 val_mrr=0.853682
[TRAIN] 2026-04-26 08:02:10 step=840/67071 (1.25%) epoch=1/3 epoch_step=840/22357 (3.76%) loss=0.644101 lr=7.66875e-05 elapsed=01:17:34 eta=101:56:19 val_mrr=0.853682
[TRAIN] 2026-04-26 08:02:46 step=850/67071 (1.27%) epoch=1/3 epoch_step=850/22357 (3.80%) loss=0.643533 lr=7.75546e-05 elapsed=01:18:11 eta=101:30:44 val_mrr=0.853682
[TRAIN] 2026-04-26 08:03:23 step=860/67071 (1.28%) epoch=1/3 epoch_step=860/22357 (3.85%) loss=0.645705 lr=7.84313e-05 elapsed=01:18:47 eta=101:05:31 val_mrr=0.853682
[TRAIN] 2026-04-26 08:03:57 step=870/67071 (1.30%) epoch=1/3 epoch_step=870/22357 (3.89%) loss=0.635615 lr=7.93178e-05 elapsed=01:19:21 eta=100:38:04 val_mrr=0.853682
[TRAIN] 2026-04-26 08:04:31 step=880/67071 (1.31%) epoch=1/3 epoch_step=880/22357 (3.94%) loss=0.631983 lr=8.0214e-05 elapsed=01:19:55 eta=100:11:23 val_mrr=0.853682
[TRAIN] 2026-04-26 08:05:05 step=890/67071 (1.33%) epoch=1/3 epoch_step=890/22357 (3.98%) loss=0.633436 lr=8.11198e-05 elapsed=01:20:29 eta=99:44:44 val_mrr=0.853682
[TRAIN] 2026-04-26 08:05:40 step=900/67071 (1.34%) epoch=1/3 epoch_step=900/22357 (4.03%) loss=0.623525 lr=8.20352e-05 elapsed=01:21:04 eta=99:20:13 val_mrr=0.853682
[TRAIN] 2026-04-26 08:06:14 step=910/67071 (1.36%) epoch=1/3 epoch_step=910/22357 (4.07%) loss=0.628836 lr=8.29602e-05 elapsed=01:21:38 eta=98:55:14 val_mrr=0.853682
[TRAIN] 2026-04-26 08:06:48 step=920/67071 (1.37%) epoch=1/3 epoch_step=920/22357 (4.12%) loss=0.628309 lr=8.38948e-05 elapsed=01:22:12 eta=98:30:44 val_mrr=0.853682
[TRAIN] 2026-04-26 08:07:22 step=930/67071 (1.39%) epoch=1/3 epoch_step=930/22357 (4.16%) loss=0.635439 lr=8.4839e-05 elapsed=01:22:46 eta=98:06:44 val_mrr=0.853682
[TRAIN] 2026-04-26 08:07:56 step=940/67071 (1.40%) epoch=1/3 epoch_step=940/22357 (4.20%) loss=0.628754 lr=8.57928e-05 elapsed=01:23:21 eta=97:43:24 val_mrr=0.853682
[TRAIN] 2026-04-26 08:08:29 step=950/67071 (1.42%) epoch=1/3 epoch_step=950/22357 (4.25%) loss=0.629892 lr=8.67561e-05 elapsed=01:23:54 eta=97:19:15 val_mrr=0.853682
[TRAIN] 2026-04-26 08:09:03 step=960/67071 (1.43%) epoch=1/3 epoch_step=960/22357 (4.29%) loss=0.624330 lr=8.77289e-05 elapsed=01:24:27 eta=96:55:42 val_mrr=0.853682
[TRAIN] 2026-04-26 08:09:36 step=970/67071 (1.45%) epoch=1/3 epoch_step=970/22357 (4.34%) loss=0.625545 lr=8.87111e-05 elapsed=01:25:00 eta=96:32:23 val_mrr=0.853682
[TRAIN] 2026-04-26 08:10:09 step=980/67071 (1.46%) epoch=1/3 epoch_step=980/22357 (4.38%) loss=0.625239 lr=8.97029e-05 elapsed=01:25:34 eta=96:10:08 val_mrr=0.853682
[TRAIN] 2026-04-26 08:10:43 step=990/67071 (1.48%) epoch=1/3 epoch_step=990/22357 (4.43%) loss=0.633118 lr=9.07041e-05 elapsed=01:26:07 eta=95:48:21 val_mrr=0.853682
[STAGE] 2026-04-26 08:11:19 val prep subsets global=50000 art_art=1986 art_any=50000
[STAGE] 2026-04-26 08:11:19 val prep negatives global=50000 art_art=1986 art_any=50000
[STAGE] 2026-04-26 08:11:19 val start step=1000 epoch=0 task=relation_ranking subset=global triples=50000 batches=98 eval_batch_size=512
[STAGE] 2026-04-26 08:17:04 val start step=1000 epoch=0 task=triple_scoring subset=global triples=50000 batches=98 eval_batch_size=512
[STAGE] 2026-04-26 08:24:24 val start step=1000 epoch=0 task=relation_ranking subset=art_art triples=1986 batches=4 eval_batch_size=512
[STAGE] 2026-04-26 08:24:45 val start step=1000 epoch=0 task=triple_scoring subset=art_art triples=1986 batches=4 eval_batch_size=512
[STAGE] 2026-04-26 08:25:18 val start step=1000 epoch=0 task=relation_ranking subset=art_any triples=50000 batches=98 eval_batch_size=512
[STAGE] 2026-04-26 08:31:00 val start step=1000 epoch=0 task=triple_scoring subset=art_any triples=50000 batches=98 eval_batch_size=512
[VAL] 2026-04-26 08:41:17 step=1000 epoch=0 mrr=0.869707 aucpr=0.893723 art_art_mrr=0.290801 art_art_aucpr=0.622706 art_any_mrr=0.870391 art_any_aucpr=0.702858
[TRAIN] 2026-04-26 08:41:19 step=1000/67071 (1.49%) epoch=1/3 epoch_step=1000/22357 (4.47%) loss=0.614942 lr=9.17147e-05 elapsed=01:56:43 eta=128:31:47 val_mrr=0.869707
[TRAIN] 2026-04-26 08:41:54 step=1010/67071 (1.51%) epoch=1/3 epoch_step=1010/22357 (4.52%) loss=0.620093 lr=9.27347e-05 elapsed=01:57:18 eta=127:52:03 val_mrr=0.869707
[TRAIN] 2026-04-26 08:42:28 step=1020/67071 (1.52%) epoch=1/3 epoch_step=1020/22357 (4.56%) loss=0.624811 lr=9.37641e-05 elapsed=01:57:52 eta=127:12:45 val_mrr=0.869707
[TRAIN] 2026-04-26 08:43:02 step=1030/67071 (1.54%) epoch=1/3 epoch_step=1030/22357 (4.61%) loss=0.620196 lr=9.48028e-05 elapsed=01:58:27 eta=126:34:16 val_mrr=0.869707
[TRAIN] 2026-04-26 08:43:37 step=1040/67071 (1.55%) epoch=1/3 epoch_step=1040/22357 (4.65%) loss=0.624297 lr=9.58509e-05 elapsed=01:59:02 eta=125:57:08 val_mrr=0.869707
[TRAIN] 2026-04-26 08:44:11 step=1050/67071 (1.57%) epoch=1/3 epoch_step=1050/22357 (4.70%) loss=0.621000 lr=9.69082e-05 elapsed=01:59:36 eta=125:19:39 val_mrr=0.869707
[TRAIN] 2026-04-26 08:44:46 step=1060/67071 (1.58%) epoch=1/3 epoch_step=1060/22357 (4.74%) loss=0.606540 lr=9.79749e-05 elapsed=02:00:10 eta=124:43:30 val_mrr=0.869707
[TRAIN] 2026-04-26 08:45:23 step=1070/67071 (1.60%) epoch=1/3 epoch_step=1070/22357 (4.79%) loss=0.621383 lr=9.90508e-05 elapsed=02:00:47 eta=124:10:27 val_mrr=0.869707
[TRAIN] 2026-04-26 08:45:59 step=1080/67071 (1.61%) epoch=1/3 epoch_step=1080/22357 (4.83%) loss=0.605963 lr=0.000100136 elapsed=02:01:23 eta=123:36:50 val_mrr=0.869707
[TRAIN] 2026-04-26 08:46:33 step=1090/67071 (1.63%) epoch=1/3 epoch_step=1090/22357 (4.88%) loss=0.611717 lr=0.00010123 elapsed=02:01:57 eta=123:02:30 val_mrr=0.869707
[TRAIN] 2026-04-26 08:47:08 step=1100/67071 (1.64%) epoch=1/3 epoch_step=1100/22357 (4.92%) loss=0.608481 lr=0.000102334 elapsed=02:02:32 eta=122:29:03 val_mrr=0.869707
[TRAIN] 2026-04-26 08:47:42 step=1110/67071 (1.65%) epoch=1/3 epoch_step=1110/22357 (4.96%) loss=0.607653 lr=0.000103447 elapsed=02:03:06 eta=121:55:30 val_mrr=0.869707
[TRAIN] 2026-04-26 08:48:17 step=1120/67071 (1.67%) epoch=1/3 epoch_step=1120/22357 (5.01%) loss=0.605998 lr=0.000104569 elapsed=02:03:41 eta=121:23:12 val_mrr=0.869707
[TRAIN] 2026-04-26 08:48:52 step=1130/67071 (1.68%) epoch=1/3 epoch_step=1130/22357 (5.05%) loss=0.606533 lr=0.0001057 elapsed=02:04:16 eta=120:51:39 val_mrr=0.869707
[TRAIN] 2026-04-26 08:49:26 step=1140/67071 (1.70%) epoch=1/3 epoch_step=1140/22357 (5.10%) loss=0.610709 lr=0.00010684 elapsed=02:04:50 eta=120:20:04 val_mrr=0.869707
[TRAIN] 2026-04-26 08:50:01 step=1150/67071 (1.71%) epoch=1/3 epoch_step=1150/22357 (5.14%) loss=0.590800 lr=0.000107989 elapsed=02:05:25 eta=119:49:31 val_mrr=0.869707
[TRAIN] 2026-04-26 08:50:35 step=1160/67071 (1.73%) epoch=1/3 epoch_step=1160/22357 (5.19%) loss=0.608035 lr=0.000109147 elapsed=02:06:00 eta=119:19:01 val_mrr=0.869707
[TRAIN] 2026-04-26 08:51:11 step=1170/67071 (1.74%) epoch=1/3 epoch_step=1170/22357 (5.23%) loss=0.619501 lr=0.000110314 elapsed=02:06:35 eta=118:49:49 val_mrr=0.869707
[TRAIN] 2026-04-26 08:51:45 step=1180/67071 (1.76%) epoch=1/3 epoch_step=1180/22357 (5.28%) loss=0.594764 lr=0.00011149 elapsed=02:07:09 eta=118:20:23 val_mrr=0.869707
[TRAIN] 2026-04-26 08:52:21 step=1190/67071 (1.77%) epoch=1/3 epoch_step=1190/22357 (5.32%) loss=0.607363 lr=0.000112676 elapsed=02:07:45 eta=117:52:29 val_mrr=0.869707
[TRAIN] 2026-04-26 08:52:57 step=1200/67071 (1.79%) epoch=1/3 epoch_step=1200/22357 (5.37%) loss=0.600739 lr=0.00011387 elapsed=02:08:22 eta=117:25:57 val_mrr=0.869707
[TRAIN] 2026-04-26 08:53:33 step=1210/67071 (1.80%) epoch=1/3 epoch_step=1210/22357 (5.41%) loss=0.605105 lr=0.000115073 elapsed=02:08:57 eta=116:58:50 val_mrr=0.869707
[TRAIN] 2026-04-26 08:54:07 step=1220/67071 (1.82%) epoch=1/3 epoch_step=1220/22357 (5.46%) loss=0.604111 lr=0.000116285 elapsed=02:09:31 eta=116:30:41 val_mrr=0.869707
[TRAIN] 2026-04-26 08:54:43 step=1230/67071 (1.83%) epoch=1/3 epoch_step=1230/22357 (5.50%) loss=0.596978 lr=0.000117505 elapsed=02:10:07 eta=116:05:22 val_mrr=0.869707
[TRAIN] 2026-04-26 08:55:19 step=1240/67071 (1.85%) epoch=1/3 epoch_step=1240/22357 (5.55%) loss=0.595375 lr=0.000118735 elapsed=02:10:43 eta=115:40:04 val_mrr=0.869707
[TRAIN] 2026-04-26 08:55:56 step=1250/67071 (1.86%) epoch=1/3 epoch_step=1250/22357 (5.59%) loss=0.597517 lr=0.000119973 elapsed=02:11:21 eta=115:16:13 val_mrr=0.869707
[TRAIN] 2026-04-26 08:56:32 step=1260/67071 (1.88%) epoch=1/3 epoch_step=1260/22357 (5.64%) loss=0.597561 lr=0.00012122 elapsed=02:11:57 eta=114:51:36 val_mrr=0.869707
[TRAIN] 2026-04-26 08:57:08 step=1270/67071 (1.89%) epoch=1/3 epoch_step=1270/22357 (5.68%) loss=0.599420 lr=0.000122476 elapsed=02:12:33 eta=114:27:22 val_mrr=0.869707
[TRAIN] 2026-04-26 08:57:44 step=1280/67071 (1.91%) epoch=1/3 epoch_step=1280/22357 (5.73%) loss=0.593761 lr=0.000123741 elapsed=02:13:08 eta=114:02:51 val_mrr=0.869707
[TRAIN] 2026-04-26 08:58:21 step=1290/67071 (1.92%) epoch=1/3 epoch_step=1290/22357 (5.77%) loss=0.590075 lr=0.000125014 elapsed=02:13:45 eta=113:40:13 val_mrr=0.869707
[TRAIN] 2026-04-26 08:58:56 step=1300/67071 (1.94%) epoch=1/3 epoch_step=1300/22357 (5.81%) loss=0.582316 lr=0.000126296 elapsed=02:14:20 eta=113:16:26 val_mrr=0.869707
[TRAIN] 2026-04-26 08:59:32 step=1310/67071 (1.95%) epoch=1/3 epoch_step=1310/22357 (5.86%) loss=0.598497 lr=0.000127587 elapsed=02:14:56 eta=112:53:22 val_mrr=0.869707
[TRAIN] 2026-04-26 09:00:06 step=1320/67071 (1.97%) epoch=1/3 epoch_step=1320/22357 (5.90%) loss=0.581130 lr=0.000128886 elapsed=02:15:30 eta=112:29:49 val_mrr=0.869707
[TRAIN] 2026-04-26 09:00:42 step=1330/67071 (1.98%) epoch=1/3 epoch_step=1330/22357 (5.95%) loss=0.588081 lr=0.000130194 elapsed=02:16:06 eta=112:07:41 val_mrr=0.869707
[TRAIN] 2026-04-26 09:01:18 step=1340/67071 (2.00%) epoch=1/3 epoch_step=1340/22357 (5.99%) loss=0.583137 lr=0.000131511 elapsed=02:16:42 eta=111:45:24 val_mrr=0.869707
[TRAIN] 2026-04-26 09:01:53 step=1350/67071 (2.01%) epoch=1/3 epoch_step=1350/22357 (6.04%) loss=0.585634 lr=0.000132836 elapsed=02:17:18 eta=111:23:41 val_mrr=0.869707
[TRAIN] 2026-04-26 09:02:29 step=1360/67071 (2.03%) epoch=1/3 epoch_step=1360/22357 (6.08%) loss=0.596761 lr=0.000134169 elapsed=02:17:53 eta=111:02:25 val_mrr=0.869707
[TRAIN] 2026-04-26 09:03:05 step=1370/67071 (2.04%) epoch=1/3 epoch_step=1370/22357 (6.13%) loss=0.588410 lr=0.000135511 elapsed=02:18:29 eta=110:41:12 val_mrr=0.869707
[TRAIN] 2026-04-26 09:03:39 step=1380/67071 (2.06%) epoch=1/3 epoch_step=1380/22357 (6.17%) loss=0.592124 lr=0.000136861 elapsed=02:19:04 eta=110:19:38 val_mrr=0.869707
[TRAIN] 2026-04-26 09:04:14 step=1390/67071 (2.07%) epoch=1/3 epoch_step=1390/22357 (6.22%) loss=0.587621 lr=0.00013822 elapsed=02:19:38 eta=109:58:01 val_mrr=0.869707
[TRAIN] 2026-04-26 09:04:50 step=1400/67071 (2.09%) epoch=1/3 epoch_step=1400/22357 (6.26%) loss=0.576304 lr=0.000139587 elapsed=02:20:14 eta=109:38:24 val_mrr=0.869707
[TRAIN] 2026-04-26 09:05:27 step=1410/67071 (2.10%) epoch=1/3 epoch_step=1410/22357 (6.31%) loss=0.577043 lr=0.000140963 elapsed=02:20:51 eta=109:19:15 val_mrr=0.869707
[TRAIN] 2026-04-26 09:06:02 step=1420/67071 (2.12%) epoch=1/3 epoch_step=1420/22357 (6.35%) loss=0.591706 lr=0.000142346 elapsed=02:21:26 eta=108:59:13 val_mrr=0.869707
[TRAIN] 2026-04-26 09:06:39 step=1430/67071 (2.13%) epoch=1/3 epoch_step=1430/22357 (6.40%) loss=0.569393 lr=0.000143739 elapsed=02:22:03 eta=108:40:44 val_mrr=0.869707
[TRAIN] 2026-04-26 09:07:16 step=1440/67071 (2.15%) epoch=1/3 epoch_step=1440/22357 (6.44%) loss=0.582975 lr=0.000145139 elapsed=02:22:41 eta=108:22:49 val_mrr=0.869707
[TRAIN] 2026-04-26 09:07:53 step=1450/67071 (2.16%) epoch=1/3 epoch_step=1450/22357 (6.49%) loss=0.587555 lr=0.000146547 elapsed=02:23:17 eta=108:04:26 val_mrr=0.869707
[TRAIN] 2026-04-26 09:08:28 step=1460/67071 (2.18%) epoch=1/3 epoch_step=1460/22357 (6.53%) loss=0.587029 lr=0.000147964 elapsed=02:23:52 eta=107:45:33 val_mrr=0.869707
[TRAIN] 2026-04-26 09:09:03 step=1470/67071 (2.19%) epoch=1/3 epoch_step=1470/22357 (6.58%) loss=0.584357 lr=0.000149389 elapsed=02:24:27 eta=107:26:12 val_mrr=0.869707
[TRAIN] 2026-04-26 09:09:40 step=1480/67071 (2.21%) epoch=1/3 epoch_step=1480/22357 (6.62%) loss=0.579191 lr=0.000150822 elapsed=02:25:04 eta=107:08:56 val_mrr=0.869707
[TRAIN] 2026-04-26 09:10:16 step=1490/67071 (2.22%) epoch=1/3 epoch_step=1490/22357 (6.66%) loss=0.573820 lr=0.000152263 elapsed=02:25:40 eta=106:51:38 val_mrr=0.869707
[STAGE] 2026-04-26 09:10:51 val prep subsets global=50000 art_art=1986 art_any=50000
[STAGE] 2026-04-26 09:10:52 val prep negatives global=50000 art_art=1986 art_any=50000
[STAGE] 2026-04-26 09:10:52 val start step=1500 epoch=0 task=relation_ranking subset=global triples=50000 batches=98 eval_batch_size=512
[STAGE] 2026-04-26 09:16:46 val start step=1500 epoch=0 task=triple_scoring subset=global triples=50000 batches=98 eval_batch_size=512
[STAGE] 2026-04-26 09:24:10 val start step=1500 epoch=0 task=relation_ranking subset=art_art triples=1986 batches=4 eval_batch_size=512
[STAGE] 2026-04-26 09:24:31 val start step=1500 epoch=0 task=triple_scoring subset=art_art triples=1986 batches=4 eval_batch_size=512
[STAGE] 2026-04-26 09:25:00 val start step=1500 epoch=0 task=relation_ranking subset=art_any triples=50000 batches=98 eval_batch_size=512
[STAGE] 2026-04-26 09:30:51 val start step=1500 epoch=0 task=triple_scoring subset=art_any triples=50000 batches=98 eval_batch_size=512
[VAL] 2026-04-26 09:41:24 step=1500 epoch=0 mrr=0.865655 aucpr=0.883460 art_art_mrr=0.152741 art_art_aucpr=0.559452 art_any_mrr=0.865703 art_any_aucpr=0.660438
[TRAIN] 2026-04-26 09:41:25 step=1500/67071 (2.24%) epoch=1/3 epoch_step=1500/22357 (6.71%) loss=0.592664 lr=0.000153713 elapsed=02:56:49 eta=128:49:15 val_mrr=0.869707
[TRAIN] 2026-04-26 09:42:00 step=1510/67071 (2.25%) epoch=1/3 epoch_step=1510/22357 (6.75%) loss=0.593014 lr=0.00015517 elapsed=02:57:24 eta=128:22:17 val_mrr=0.869707
[TRAIN] 2026-04-26 09:42:35 step=1520/67071 (2.27%) epoch=1/3 epoch_step=1520/22357 (6.80%) loss=0.579416 lr=0.000156635 elapsed=02:58:00 eta=127:56:08 val_mrr=0.869707
[TRAIN] 2026-04-26 09:43:10 step=1530/67071 (2.28%) epoch=1/3 epoch_step=1530/22357 (6.84%) loss=0.575423 lr=0.000158108 elapsed=02:58:34 eta=127:29:39 val_mrr=0.869707
[TRAIN] 2026-04-26 09:43:45 step=1540/67071 (2.30%) epoch=1/3 epoch_step=1540/22357 (6.89%) loss=0.582098 lr=0.00015959 elapsed=02:59:10 eta=127:03:50 val_mrr=0.869707
[TRAIN] 2026-04-26 09:44:21 step=1550/67071 (2.31%) epoch=1/3 epoch_step=1550/22357 (6.93%) loss=0.572951 lr=0.000161079 elapsed=02:59:45 eta=126:38:14 val_mrr=0.869707
[TRAIN] 2026-04-26 09:44:55 step=1560/67071 (2.33%) epoch=1/3 epoch_step=1560/22357 (6.98%) loss=0.584684 lr=0.000162576 elapsed=03:00:20 eta=126:12:44 val_mrr=0.869707
[TRAIN] 2026-04-26 09:45:30 step=1570/67071 (2.34%) epoch=1/3 epoch_step=1570/22357 (7.02%) loss=0.582044 lr=0.00016408 elapsed=03:00:54 eta=125:47:26 val_mrr=0.869707
[TRAIN] 2026-04-26 09:46:05 step=1580/67071 (2.36%) epoch=1/3 epoch_step=1580/22357 (7.07%) loss=0.575339 lr=0.000165593 elapsed=03:01:29 eta=125:22:35 val_mrr=0.869707
[TRAIN] 2026-04-26 09:46:41 step=1590/67071 (2.37%) epoch=1/3 epoch_step=1590/22357 (7.11%) loss=0.572818 lr=0.000167114 elapsed=03:02:05 eta=124:58:41 val_mrr=0.869707
[TRAIN] 2026-04-26 09:47:16 step=1600/67071 (2.39%) epoch=1/3 epoch_step=1600/22357 (7.16%) loss=0.578020 lr=0.000168642 elapsed=03:02:40 eta=124:34:42 val_mrr=0.869707
[TRAIN] 2026-04-26 09:47:49 step=1610/67071 (2.40%) epoch=1/3 epoch_step=1610/22357 (7.20%) loss=0.575379 lr=0.000170178 elapsed=03:03:13 eta=124:09:40 val_mrr=0.869707
[TRAIN] 2026-04-26 09:48:24 step=1620/67071 (2.42%) epoch=1/3 epoch_step=1620/22357 (7.25%) loss=0.563858 lr=0.000171721 elapsed=03:03:48 eta=123:45:49 val_mrr=0.869707
[TRAIN] 2026-04-26 09:48:59 step=1630/67071 (2.43%) epoch=1/3 epoch_step=1630/22357 (7.29%) loss=0.569576 lr=0.000173272 elapsed=03:04:23 eta=123:22:52 val_mrr=0.869707
[TRAIN] 2026-04-26 09:49:33 step=1640/67071 (2.45%) epoch=1/3 epoch_step=1640/22357 (7.34%) loss=0.566492 lr=0.000174831 elapsed=03:04:58 eta=122:59:25 val_mrr=0.869707
[TRAIN] 2026-04-26 09:50:08 step=1650/67071 (2.46%) epoch=1/3 epoch_step=1650/22357 (7.38%) loss=0.561806 lr=0.000176397 elapsed=03:05:32 eta=122:36:19 val_mrr=0.869707
[TRAIN] 2026-04-26 09:50:42 step=1660/67071 (2.47%) epoch=1/3 epoch_step=1660/22357 (7.42%) loss=0.575145 lr=0.000177971 elapsed=03:06:06 eta=122:13:00 val_mrr=0.869707
[TRAIN] 2026-04-26 09:51:16 step=1670/67071 (2.49%) epoch=1/3 epoch_step=1670/22357 (7.47%) loss=0.580190 lr=0.000179553 elapsed=03:06:40 eta=121:50:26 val_mrr=0.869707
[TRAIN] 2026-04-26 09:51:52 step=1680/67071 (2.50%) epoch=1/3 epoch_step=1680/22357 (7.51%) loss=0.567812 lr=0.000181142 elapsed=03:07:16 eta=121:29:05 val_mrr=0.869707
[TRAIN] 2026-04-26 09:52:26 step=1690/67071 (2.52%) epoch=1/3 epoch_step=1690/22357 (7.56%) loss=0.582699 lr=0.000182738 elapsed=03:07:50 eta=121:06:46 val_mrr=0.869707
[TRAIN] 2026-04-26 09:53:01 step=1700/67071 (2.53%) epoch=1/3 epoch_step=1700/22357 (7.60%) loss=0.581919 lr=0.000184342 elapsed=03:08:25 eta=120:45:34 val_mrr=0.869707
[TRAIN] 2026-04-26 09:53:36 step=1710/67071 (2.55%) epoch=1/3 epoch_step=1710/22357 (7.65%) loss=0.552208 lr=0.000185953 elapsed=03:09:00 eta=120:24:25 val_mrr=0.869707
[TRAIN] 2026-04-26 09:54:13 step=1720/67071 (2.56%) epoch=1/3 epoch_step=1720/22357 (7.69%) loss=0.571107 lr=0.000187571 elapsed=03:09:37 eta=120:04:19 val_mrr=0.869707
[TRAIN] 2026-04-26 09:54:47 step=1730/67071 (2.58%) epoch=1/3 epoch_step=1730/22357 (7.74%) loss=0.572522 lr=0.000189197 elapsed=03:10:11 eta=119:43:20 val_mrr=0.869707
[TRAIN] 2026-04-26 09:55:22 step=1740/67071 (2.59%) epoch=1/3 epoch_step=1740/22357 (7.78%) loss=0.568110 lr=0.00019083 elapsed=03:10:46 eta=119:22:56 val_mrr=0.869707
[TRAIN] 2026-04-26 09:55:58 step=1750/67071 (2.61%) epoch=1/3 epoch_step=1750/22357 (7.83%) loss=0.576857 lr=0.00019247 elapsed=03:11:23 eta=119:03:23 val_mrr=0.869707
[TRAIN] 2026-04-26 09:56:33 step=1760/67071 (2.62%) epoch=1/3 epoch_step=1760/22357 (7.87%) loss=0.571177 lr=0.000194118 elapsed=03:11:57 eta=118:43:01 val_mrr=0.869707
[TRAIN] 2026-04-26 09:57:08 step=1770/67071 (2.64%) epoch=1/3 epoch_step=1770/22357 (7.92%) loss=0.569469 lr=0.000195772 elapsed=03:12:32 eta=118:23:04 val_mrr=0.869707
[TRAIN] 2026-04-26 09:57:41 step=1780/67071 (2.65%) epoch=1/3 epoch_step=1780/22357 (7.96%) loss=0.565635 lr=0.000197434 elapsed=03:13:05 eta=118:02:36 val_mrr=0.869707
[TRAIN] 2026-04-26 09:58:15 step=1790/67071 (2.67%) epoch=1/3 epoch_step=1790/22357 (8.01%) loss=0.565202 lr=0.000199103 elapsed=03:13:40 eta=117:42:49 val_mrr=0.869707
[TRAIN] 2026-04-26 09:58:52 step=1800/67071 (2.68%) epoch=1/3 epoch_step=1800/22357 (8.05%) loss=0.559407 lr=0.000200778 elapsed=03:14:16 eta=117:24:29 val_mrr=0.869707
[TRAIN] 2026-04-26 09:59:26 step=1810/67071 (2.70%) epoch=1/3 epoch_step=1810/22357 (8.10%) loss=0.576290 lr=0.000202461 elapsed=03:14:50 eta=117:05:05 val_mrr=0.869707
[TRAIN] 2026-04-26 10:00:01 step=1820/67071 (2.71%) epoch=1/3 epoch_step=1820/22357 (8.14%) loss=0.561085 lr=0.000204151 elapsed=03:15:25 eta=116:46:03 val_mrr=0.869707
[TRAIN] 2026-04-26 10:00:35 step=1830/67071 (2.73%) epoch=1/3 epoch_step=1830/22357 (8.19%) loss=0.567570 lr=0.000205848 elapsed=03:15:59 eta=116:27:11 val_mrr=0.869707
[TRAIN] 2026-04-26 10:01:10 step=1840/67071 (2.74%) epoch=1/3 epoch_step=1840/22357 (8.23%) loss=0.559139 lr=0.000207551 elapsed=03:16:35 eta=116:08:59 val_mrr=0.869707
[TRAIN] 2026-04-26 10:01:45 step=1850/67071 (2.76%) epoch=1/3 epoch_step=1850/22357 (8.27%) loss=0.560425 lr=0.000209262 elapsed=03:17:09 eta=115:50:25 val_mrr=0.869707
[TRAIN] 2026-04-26 10:02:18 step=1860/67071 (2.77%) epoch=1/3 epoch_step=1860/22357 (8.32%) loss=0.562074 lr=0.000210979 elapsed=03:17:42 eta=115:31:31 val_mrr=0.869707
[TRAIN] 2026-04-26 10:02:54 step=1870/67071 (2.79%) epoch=1/3 epoch_step=1870/22357 (8.36%) loss=0.555009 lr=0.000212703 elapsed=03:18:18 eta=115:14:17 val_mrr=0.869707
[TRAIN] 2026-04-26 10:03:29 step=1880/67071 (2.80%) epoch=1/3 epoch_step=1880/22357 (8.41%) loss=0.555036 lr=0.000214434 elapsed=03:18:53 eta=114:56:43 val_mrr=0.869707
[TRAIN] 2026-04-26 10:04:04 step=1890/67071 (2.82%) epoch=1/3 epoch_step=1890/22357 (8.45%) loss=0.564878 lr=0.000216171 elapsed=03:19:28 eta=114:39:17 val_mrr=0.869707
[TRAIN] 2026-04-26 10:04:39 step=1900/67071 (2.83%) epoch=1/3 epoch_step=1900/22357 (8.50%) loss=0.560400 lr=0.000217915 elapsed=03:20:03 eta=114:21:54 val_mrr=0.869707
[TRAIN] 2026-04-26 10:05:14 step=1910/67071 (2.85%) epoch=1/3 epoch_step=1910/22357 (8.54%) loss=0.575119 lr=0.000219666 elapsed=03:20:38 eta=114:04:49 val_mrr=0.869707
[TRAIN] 2026-04-26 10:05:49 step=1920/67071 (2.86%) epoch=1/3 epoch_step=1920/22357 (8.59%) loss=0.560601 lr=0.000221424 elapsed=03:21:13 eta=113:47:48 val_mrr=0.869707
[TRAIN] 2026-04-26 10:06:24 step=1930/67071 (2.88%) epoch=1/3 epoch_step=1930/22357 (8.63%) loss=0.566774 lr=0.000223188 elapsed=03:21:48 eta=113:31:22 val_mrr=0.869707
[TRAIN] 2026-04-26 10:06:59 step=1940/67071 (2.89%) epoch=1/3 epoch_step=1940/22357 (8.68%) loss=0.549986 lr=0.000224958 elapsed=03:22:23 eta=113:14:49 val_mrr=0.869707
[TRAIN] 2026-04-26 10:07:35 step=1950/67071 (2.91%) epoch=1/3 epoch_step=1950/22357 (8.72%) loss=0.557742 lr=0.000226735 elapsed=03:23:00 eta=112:59:00 val_mrr=0.869707
[TRAIN] 2026-04-26 10:08:11 step=1960/67071 (2.92%) epoch=1/3 epoch_step=1960/22357 (8.77%) loss=0.567896 lr=0.000228518 elapsed=03:23:35 eta=112:43:17 val_mrr=0.869707
[TRAIN] 2026-04-26 10:08:48 step=1970/67071 (2.94%) epoch=1/3 epoch_step=1970/22357 (8.81%) loss=0.555219 lr=0.000230308 elapsed=03:24:12 eta=112:28:03 val_mrr=0.869707
[TRAIN] 2026-04-26 10:09:24 step=1980/67071 (2.95%) epoch=1/3 epoch_step=1980/22357 (8.86%) loss=0.578695 lr=0.000232104 elapsed=03:24:48 eta=112:12:52 val_mrr=0.869707
[TRAIN] 2026-04-26 10:10:00 step=1990/67071 (2.97%) epoch=1/3 epoch_step=1990/22357 (8.90%) loss=0.556718 lr=0.000233907 elapsed=03:25:24 eta=111:57:34 val_mrr=0.869707
[STAGE] 2026-04-26 10:10:35 val prep subsets global=50000 art_art=1986 art_any=50000
[STAGE] 2026-04-26 10:10:36 val prep negatives global=50000 art_art=1986 art_any=50000
[STAGE] 2026-04-26 10:10:36 val start step=2000 epoch=0 task=relation_ranking subset=global triples=50000 batches=98 eval_batch_size=512
[STAGE] 2026-04-26 10:16:35 val start step=2000 epoch=0 task=triple_scoring subset=global triples=50000 batches=98 eval_batch_size=512
[STAGE] 2026-04-26 10:24:17 val start step=2000 epoch=0 task=relation_ranking subset=art_art triples=1986 batches=4 eval_batch_size=512
[STAGE] 2026-04-26 10:24:40 val start step=2000 epoch=0 task=triple_scoring subset=art_art triples=1986 batches=4 eval_batch_size=512
[STAGE] 2026-04-26 10:25:10 val start step=2000 epoch=0 task=relation_ranking subset=art_any triples=50000 batches=98 eval_batch_size=512
[STAGE] 2026-04-26 10:31:12 val start step=2000 epoch=0 task=triple_scoring subset=art_any triples=50000 batches=98 eval_batch_size=512
[VAL] 2026-04-26 10:41:55 step=2000 epoch=0 mrr=0.839168 aucpr=0.876033 art_art_mrr=0.216033 art_art_aucpr=0.565172 art_any_mrr=0.839824 art_any_aucpr=0.667811
[TRAIN] 2026-04-26 10:41:55 step=2000/67071 (2.98%) epoch=1/3 epoch_step=2000/22357 (8.95%) loss=0.553245 lr=0.000235715 elapsed=03:57:20 eta=128:41:37 val_mrr=0.869707
[TRAIN] 2026-04-26 10:42:32 step=2010/67071 (3.00%) epoch=1/3 epoch_step=2010/22357 (8.99%) loss=0.559605 lr=0.00023753 elapsed=03:57:56 eta=128:21:37 val_mrr=0.869707
[TRAIN] 2026-04-26 10:43:09 step=2020/67071 (3.01%) epoch=1/3 epoch_step=2020/22357 (9.04%) loss=0.563066 lr=0.000239351 elapsed=03:58:33 eta=128:02:02 val_mrr=0.869707
[TRAIN] 2026-04-26 10:43:45 step=2030/67071 (3.03%) epoch=1/3 epoch_step=2030/22357 (9.08%) loss=0.560607 lr=0.000241179 elapsed=03:59:10 eta=127:42:43 val_mrr=0.869707
[TRAIN] 2026-04-26 10:44:22 step=2040/67071 (3.04%) epoch=1/3 epoch_step=2040/22357 (9.12%) loss=0.568864 lr=0.000243012 elapsed=03:59:46 eta=127:23:24 val_mrr=0.869707
[TRAIN] 2026-04-26 10:44:58 step=2050/67071 (3.06%) epoch=1/3 epoch_step=2050/22357 (9.17%) loss=0.562791 lr=0.000244852 elapsed=04:00:22 eta=127:03:44 val_mrr=0.869707
[TRAIN] 2026-04-26 10:45:33 step=2060/67071 (3.07%) epoch=1/3 epoch_step=2060/22357 (9.21%) loss=0.558574 lr=0.000246697 elapsed=04:00:57 eta=126:44:15 val_mrr=0.869707
[TRAIN] 2026-04-26 10:46:09 step=2070/67071 (3.09%) epoch=1/3 epoch_step=2070/22357 (9.26%) loss=0.562746 lr=0.000248549 elapsed=04:01:33 eta=126:25:08 val_mrr=0.869707
[TRAIN] 2026-04-26 10:46:45 step=2080/67071 (3.10%) epoch=1/3 epoch_step=2080/22357 (9.30%) loss=0.547954 lr=0.000250406 elapsed=04:02:09 eta=126:06:08 val_mrr=0.869707
[TRAIN] 2026-04-26 10:47:22 step=2090/67071 (3.12%) epoch=1/3 epoch_step=2090/22357 (9.35%) loss=0.562888 lr=0.00025227 elapsed=04:02:46 eta=125:48:08 val_mrr=0.869707
[TRAIN] 2026-04-26 10:47:58 step=2100/67071 (3.13%) epoch=1/3 epoch_step=2100/22357 (9.39%) loss=0.568893 lr=0.000254139 elapsed=04:03:22 eta=125:29:19 val_mrr=0.869707
[TRAIN] 2026-04-26 10:48:31 step=2110/67071 (3.15%) epoch=1/3 epoch_step=2110/22357 (9.44%) loss=0.557115 lr=0.000256014 elapsed=04:03:55 eta=125:09:44 val_mrr=0.869707
[TRAIN] 2026-04-26 10:49:07 step=2120/67071 (3.16%) epoch=1/3 epoch_step=2120/22357 (9.48%) loss=0.564920 lr=0.000257895 elapsed=04:04:32 eta=124:51:43 val_mrr=0.869707
[TRAIN] 2026-04-26 10:49:45 step=2130/67071 (3.18%) epoch=1/3 epoch_step=2130/22357 (9.53%) loss=0.561189 lr=0.000259782 elapsed=04:05:09 eta=124:34:14 val_mrr=0.869707
[TRAIN] 2026-04-26 10:50:21 step=2140/67071 (3.19%) epoch=1/3 epoch_step=2140/22357 (9.57%) loss=0.558804 lr=0.000261674 elapsed=04:05:45 eta=124:16:25 val_mrr=0.869707
[TRAIN] 2026-04-26 10:50:56 step=2150/67071 (3.21%) epoch=1/3 epoch_step=2150/22357 (9.62%) loss=0.560030 lr=0.000263572 elapsed=04:06:20 eta=123:58:25 val_mrr=0.869707
[TRAIN] 2026-04-26 10:51:33 step=2160/67071 (3.22%) epoch=1/3 epoch_step=2160/22357 (9.66%) loss=0.564443 lr=0.000265476 elapsed=04:06:57 eta=123:41:07 val_mrr=0.869707
[TRAIN] 2026-04-26 10:52:09 step=2170/67071 (3.24%) epoch=1/3 epoch_step=2170/22357 (9.71%) loss=0.549722 lr=0.000267385 elapsed=04:07:33 eta=123:23:56 val_mrr=0.869707
[TRAIN] 2026-04-26 10:52:45 step=2180/67071 (3.25%) epoch=1/3 epoch_step=2180/22357 (9.75%) loss=0.565961 lr=0.0002693 elapsed=04:08:10 eta=123:06:51 val_mrr=0.869707
[TRAIN] 2026-04-26 10:53:22 step=2190/67071 (3.27%) epoch=1/3 epoch_step=2190/22357 (9.80%) loss=0.552736 lr=0.00027122 elapsed=04:08:46 eta=122:50:02 val_mrr=0.869707
[TRAIN] 2026-04-26 10:53:58 step=2200/67071 (3.28%) epoch=1/3 epoch_step=2200/22357 (9.84%) loss=0.562990 lr=0.000273146 elapsed=04:09:22 eta=122:33:12 val_mrr=0.869707
[TRAIN] 2026-04-26 10:54:34 step=2210/67071 (3.30%) epoch=1/3 epoch_step=2210/22357 (9.89%) loss=0.556802 lr=0.000275077 elapsed=04:09:58 eta=122:16:16 val_mrr=0.869707
[TRAIN] 2026-04-26 10:55:10 step=2220/67071 (3.31%) epoch=1/3 epoch_step=2220/22357 (9.93%) loss=0.566029 lr=0.000277014 elapsed=04:10:34 eta=121:59:29 val_mrr=0.869707
[TRAIN] 2026-04-26 10:55:43 step=2230/67071 (3.32%) epoch=1/3 epoch_step=2230/22357 (9.97%) loss=0.542457 lr=0.000278956 elapsed=04:11:08 eta=121:41:56 val_mrr=0.869707
[TRAIN] 2026-04-26 10:56:19 step=2240/67071 (3.34%) epoch=1/3 epoch_step=2240/22357 (10.02%) loss=0.550808 lr=0.000280903 elapsed=04:11:43 eta=121:25:14 val_mrr=0.869707
[TRAIN] 2026-04-26 10:56:53 step=2250/67071 (3.35%) epoch=1/3 epoch_step=2250/22357 (10.06%) loss=0.553792 lr=0.000282855 elapsed=04:12:17 eta=121:08:05 val_mrr=0.869707
[TRAIN] 2026-04-26 10:57:27 step=2260/67071 (3.37%) epoch=1/3 epoch_step=2260/22357 (10.11%) loss=0.551673 lr=0.000284813 elapsed=04:12:52 eta=120:51:26 val_mrr=0.869707
[TRAIN] 2026-04-26 10:58:01 step=2270/67071 (3.38%) epoch=1/3 epoch_step=2270/22357 (10.15%) loss=0.544079 lr=0.000286776 elapsed=04:13:26 eta=120:34:31 val_mrr=0.869707
[TRAIN] 2026-04-26 10:58:36 step=2280/67071 (3.40%) epoch=1/3 epoch_step=2280/22357 (10.20%) loss=0.549966 lr=0.000288744 elapsed=04:14:00 eta=120:18:03 val_mrr=0.869707
[TRAIN] 2026-04-26 10:59:10 step=2290/67071 (3.41%) epoch=1/3 epoch_step=2290/22357 (10.24%) loss=0.546719 lr=0.000290717 elapsed=04:14:35 eta=120:01:41 val_mrr=0.869707
[TRAIN] 2026-04-26 10:59:45 step=2300/67071 (3.43%) epoch=1/3 epoch_step=2300/22357 (10.29%) loss=0.549062 lr=0.000292695 elapsed=04:15:10 eta=119:45:43 val_mrr=0.869707
[TRAIN] 2026-04-26 11:00:19 step=2310/67071 (3.44%) epoch=1/3 epoch_step=2310/22357 (10.33%) loss=0.554700 lr=0.000294678 elapsed=04:15:43 eta=119:29:00 val_mrr=0.869707
[TRAIN] 2026-04-26 11:00:54 step=2320/67071 (3.46%) epoch=1/3 epoch_step=2320/22357 (10.38%) loss=0.539158 lr=0.000296666 elapsed=04:16:18 eta=119:13:31 val_mrr=0.869707
[TRAIN] 2026-04-26 11:01:29 step=2330/67071 (3.47%) epoch=1/3 epoch_step=2330/22357 (10.42%) loss=0.561078 lr=0.000298659 elapsed=04:16:54 eta=118:58:01 val_mrr=0.869707
[TRAIN] 2026-04-26 11:02:05 step=2340/67071 (3.49%) epoch=1/3 epoch_step=2340/22357 (10.47%) loss=0.539711 lr=0.000300656 elapsed=04:17:30 eta=118:43:04 val_mrr=0.869707
[TRAIN] 2026-04-26 11:02:42 step=2350/67071 (3.50%) epoch=1/3 epoch_step=2350/22357 (10.51%) loss=0.549683 lr=0.000302659 elapsed=04:18:06 eta=118:28:27 val_mrr=0.869707
[TRAIN] 2026-04-26 11:03:19 step=2360/67071 (3.52%) epoch=1/3 epoch_step=2360/22357 (10.56%) loss=0.556488 lr=0.000304666 elapsed=04:18:43 eta=118:14:04 val_mrr=0.869707
[TRAIN] 2026-04-26 11:03:56 step=2370/67071 (3.53%) epoch=1/3 epoch_step=2370/22357 (10.60%) loss=0.553689 lr=0.000306678 elapsed=04:19:20 eta=117:59:49 val_mrr=0.869707
[TRAIN] 2026-04-26 11:04:31 step=2380/67071 (3.55%) epoch=1/3 epoch_step=2380/22357 (10.65%) loss=0.556065 lr=0.000308695 elapsed=04:19:55 eta=117:44:57 val_mrr=0.869707
[TRAIN] 2026-04-26 11:05:07 step=2390/67071 (3.56%) epoch=1/3 epoch_step=2390/22357 (10.69%) loss=0.551535 lr=0.000310716 elapsed=04:20:31 eta=117:30:25 val_mrr=0.869707
[TRAIN] 2026-04-26 11:05:44 step=2400/67071 (3.58%) epoch=1/3 epoch_step=2400/22357 (10.73%) loss=0.565825 lr=0.000312742 elapsed=04:21:08 eta=117:16:39 val_mrr=0.869707
[TRAIN] 2026-04-26 11:06:19 step=2410/67071 (3.59%) epoch=1/3 epoch_step=2410/22357 (10.78%) loss=0.560592 lr=0.000314773 elapsed=04:21:44 eta=117:02:13 val_mrr=0.869707
[TRAIN] 2026-04-26 11:06:54 step=2420/67071 (3.61%) epoch=1/3 epoch_step=2420/22357 (10.82%) loss=0.566007 lr=0.000316808 elapsed=04:22:18 eta=116:47:31 val_mrr=0.869707
[TRAIN] 2026-04-26 11:07:29 step=2430/67071 (3.62%) epoch=1/3 epoch_step=2430/22357 (10.87%) loss=0.552571 lr=0.000318847 elapsed=04:22:54 eta=116:33:21 val_mrr=0.869707
[TRAIN] 2026-04-26 11:08:05 step=2440/67071 (3.64%) epoch=1/3 epoch_step=2440/22357 (10.91%) loss=0.549308 lr=0.000320891 elapsed=04:23:30 eta=116:19:31 val_mrr=0.869707
[TRAIN] 2026-04-26 11:08:41 step=2450/67071 (3.65%) epoch=1/3 epoch_step=2450/22357 (10.96%) loss=0.550672 lr=0.000322939 elapsed=04:24:06 eta=116:05:45 val_mrr=0.869707
[TRAIN] 2026-04-26 11:09:17 step=2460/67071 (3.67%) epoch=1/3 epoch_step=2460/22357 (11.00%) loss=0.555846 lr=0.000324992 elapsed=04:24:41 eta=115:51:50 val_mrr=0.869707
[TRAIN] 2026-04-26 11:09:52 step=2470/67071 (3.68%) epoch=1/3 epoch_step=2470/22357 (11.05%) loss=0.549153 lr=0.000327049 elapsed=04:25:16 eta=115:38:04 val_mrr=0.869707
[TRAIN] 2026-04-26 11:10:28 step=2480/67071 (3.70%) epoch=1/3 epoch_step=2480/22357 (11.09%) loss=0.562104 lr=0.00032911 elapsed=04:25:52 eta=115:24:20 val_mrr=0.869707
[TRAIN] 2026-04-26 11:11:02 step=2490/67071 (3.71%) epoch=1/3 epoch_step=2490/22357 (11.14%) loss=0.546339 lr=0.000331175 elapsed=04:26:26 eta=115:10:28 val_mrr=0.869707
[STAGE] 2026-04-26 11:11:37 val prep subsets global=50000 art_art=1986 art_any=50000
[STAGE] 2026-04-26 11:11:37 val prep negatives global=50000 art_art=1986 art_any=50000
[STAGE] 2026-04-26 11:11:37 val start step=2500 epoch=0 task=relation_ranking subset=global triples=50000 batches=98 eval_batch_size=512
[STAGE] 2026-04-26 11:17:35 val start step=2500 epoch=0 task=triple_scoring subset=global triples=50000 batches=98 eval_batch_size=512
[STAGE] 2026-04-26 11:25:15 val start step=2500 epoch=0 task=relation_ranking subset=art_art triples=1986 batches=4 eval_batch_size=512
[STAGE] 2026-04-26 11:25:35 val start step=2500 epoch=0 task=triple_scoring subset=art_art triples=1986 batches=4 eval_batch_size=512
[STAGE] 2026-04-26 11:26:08 val start step=2500 epoch=0 task=relation_ranking subset=art_any triples=50000 batches=98 eval_batch_size=512
[STAGE] 2026-04-26 11:32:09 val start step=2500 epoch=0 task=triple_scoring subset=art_any triples=50000 batches=98 eval_batch_size=512
[VAL] 2026-04-26 11:43:28 step=2500 epoch=0 mrr=0.839544 aucpr=0.884351 art_art_mrr=0.288550 art_art_aucpr=0.552605 art_any_mrr=0.839326 art_any_aucpr=0.670326
[TRAIN] 2026-04-26 11:43:29 step=2500/67071 (3.73%) epoch=1/3 epoch_step=2500/22357 (11.18%) loss=0.549217 lr=0.000333244 elapsed=04:58:54 eta=128:39:55 val_mrr=0.869707
[TRAIN] 2026-04-26 11:44:05 step=2510/67071 (3.74%) epoch=1/3 epoch_step=2510/22357 (11.23%) loss=0.562116 lr=0.000335318 elapsed=04:59:29 eta=128:23:08 val_mrr=0.869707
[TRAIN] 2026-04-26 11:44:41 step=2520/67071 (3.76%) epoch=1/3 epoch_step=2520/22357 (11.27%) loss=0.542765 lr=0.000337395 elapsed=05:00:05 eta=128:06:50 val_mrr=0.869707
[TRAIN] 2026-04-26 11:45:17 step=2530/67071 (3.77%) epoch=1/3 epoch_step=2530/22357 (11.32%) loss=0.544813 lr=0.000339477 elapsed=05:00:41 eta=127:50:36 val_mrr=0.869707
[TRAIN] 2026-04-26 11:45:52 step=2540/67071 (3.79%) epoch=1/3 epoch_step=2540/22357 (11.36%) loss=0.553806 lr=0.000341562 elapsed=05:01:17 eta=127:34:11 val_mrr=0.869707
[TRAIN] 2026-04-26 11:46:29 step=2550/67071 (3.80%) epoch=1/3 epoch_step=2550/22357 (11.41%) loss=0.542086 lr=0.000343652 elapsed=05:01:54 eta=127:18:41 val_mrr=0.869707
[TRAIN] 2026-04-26 11:47:08 step=2560/67071 (3.82%) epoch=1/3 epoch_step=2560/22357 (11.45%) loss=0.544006 lr=0.000345745 elapsed=05:02:33 eta=127:04:01 val_mrr=0.869707
[TRAIN] 2026-04-26 11:47:46 step=2570/67071 (3.83%) epoch=1/3 epoch_step=2570/22357 (11.50%) loss=0.548770 lr=0.000347842 elapsed=05:03:11 eta=126:49:04 val_mrr=0.869707
[TRAIN] 2026-04-26 11:48:25 step=2580/67071 (3.85%) epoch=1/3 epoch_step=2580/22357 (11.54%) loss=0.551676 lr=0.000349943 elapsed=05:03:49 eta=126:34:17 val_mrr=0.869707
[TRAIN] 2026-04-26 11:49:03 step=2590/67071 (3.86%) epoch=1/3 epoch_step=2590/22357 (11.58%) loss=0.550939 lr=0.000352048 elapsed=05:04:27 eta=126:19:43 val_mrr=0.869707
[TRAIN] 2026-04-26 11:49:41 step=2600/67071 (3.88%) epoch=1/3 epoch_step=2600/22357 (11.63%) loss=0.555799 lr=0.000354156 elapsed=05:05:05 eta=126:05:00 val_mrr=0.869707
[TRAIN] 2026-04-26 11:50:20 step=2610/67071 (3.89%) epoch=1/3 epoch_step=2610/22357 (11.67%) loss=0.545163 lr=0.000356268 elapsed=05:05:44 eta=125:50:54 val_mrr=0.869707
[TRAIN] 2026-04-26 11:50:59 step=2620/67071 (3.91%) epoch=1/3 epoch_step=2620/22357 (11.72%) loss=0.547249 lr=0.000358384 elapsed=05:06:23 eta=125:37:00 val_mrr=0.869707
[TRAIN] 2026-04-26 11:51:38 step=2630/67071 (3.92%) epoch=1/3 epoch_step=2630/22357 (11.76%) loss=0.547901 lr=0.000360503 elapsed=05:07:02 eta=125:22:59 val_mrr=0.869707
[TRAIN] 2026-04-26 11:52:15 step=2640/67071 (3.94%) epoch=1/3 epoch_step=2640/22357 (11.81%) loss=0.543348 lr=0.000362626 elapsed=05:07:40 eta=125:08:39 val_mrr=0.869707
[TRAIN] 2026-04-26 11:52:54 step=2650/67071 (3.95%) epoch=1/3 epoch_step=2650/22357 (11.85%) loss=0.551557 lr=0.000364752 elapsed=05:08:19 eta=124:54:57 val_mrr=0.869707
[TRAIN] 2026-04-26 11:53:33 step=2660/67071 (3.97%) epoch=1/3 epoch_step=2660/22357 (11.90%) loss=0.543031 lr=0.000366881 elapsed=05:08:58 eta=124:41:23 val_mrr=0.869707
[TRAIN] 2026-04-26 11:54:12 step=2670/67071 (3.98%) epoch=1/3 epoch_step=2670/22357 (11.94%) loss=0.542787 lr=0.000369014 elapsed=05:09:36 eta=124:27:45 val_mrr=0.869707
[TRAIN] 2026-04-26 11:54:51 step=2680/67071 (4.00%) epoch=1/3 epoch_step=2680/22357 (11.99%) loss=0.551664 lr=0.00037115 elapsed=05:10:15 eta=124:14:09 val_mrr=0.869707
[TRAIN] 2026-04-26 11:55:29 step=2690/67071 (4.01%) epoch=1/3 epoch_step=2690/22357 (12.03%) loss=0.535100 lr=0.00037329 elapsed=05:10:53 eta=124:00:39 val_mrr=0.869707
[TRAIN] 2026-04-26 11:56:08 step=2700/67071 (4.03%) epoch=1/3 epoch_step=2700/22357 (12.08%) loss=0.541909 lr=0.000375432 elapsed=05:11:32 eta=123:47:17 val_mrr=0.869707
[TRAIN] 2026-04-26 11:56:46 step=2710/67071 (4.04%) epoch=1/3 epoch_step=2710/22357 (12.12%) loss=0.539005 lr=0.000377578 elapsed=05:12:11 eta=123:34:00 val_mrr=0.869707
[TRAIN] 2026-04-26 11:57:26 step=2720/67071 (4.06%) epoch=1/3 epoch_step=2720/22357 (12.17%) loss=0.543266 lr=0.000379727 elapsed=05:12:50 eta=123:21:09 val_mrr=0.869707
[TRAIN] 2026-04-26 11:58:05 step=2730/67071 (4.07%) epoch=1/3 epoch_step=2730/22357 (12.21%) loss=0.548526 lr=0.000381879 elapsed=05:13:29 eta=123:08:08 val_mrr=0.869707
[TRAIN] 2026-04-26 11:58:42 step=2740/67071 (4.09%) epoch=1/3 epoch_step=2740/22357 (12.26%) loss=0.552271 lr=0.000384034 elapsed=05:14:06 eta=122:54:39 val_mrr=0.869707
[TRAIN] 2026-04-26 11:59:21 step=2750/67071 (4.10%) epoch=1/3 epoch_step=2750/22357 (12.30%) loss=0.541250 lr=0.000386192 elapsed=05:14:45 eta=122:41:54 val_mrr=0.869707
[TRAIN] 2026-04-26 12:00:00 step=2760/67071 (4.12%) epoch=1/3 epoch_step=2760/22357 (12.35%) loss=0.538669 lr=0.000388353 elapsed=05:15:24 eta=122:29:15 val_mrr=0.869707
[TRAIN] 2026-04-26 12:00:38 step=2770/67071 (4.13%) epoch=1/3 epoch_step=2770/22357 (12.39%) loss=0.539847 lr=0.000390517 elapsed=05:16:03 eta=122:16:23 val_mrr=0.869707
[TRAIN] 2026-04-26 12:01:16 step=2780/67071 (4.14%) epoch=1/3 epoch_step=2780/22357 (12.43%) loss=0.535694 lr=0.000392684 elapsed=05:16:41 eta=122:03:36 val_mrr=0.869707
[TRAIN] 2026-04-26 12:01:54 step=2790/67071 (4.16%) epoch=1/3 epoch_step=2790/22357 (12.48%) loss=0.554147 lr=0.000394853 elapsed=05:17:19 eta=121:50:46 val_mrr=0.869707
[TRAIN] 2026-04-26 12:02:34 step=2800/67071 (4.17%) epoch=1/3 epoch_step=2800/22357 (12.52%) loss=0.540020 lr=0.000397025 elapsed=05:17:59 eta=121:38:50 val_mrr=0.869707
[TRAIN] 2026-04-26 12:03:12 step=2810/67071 (4.19%) epoch=1/3 epoch_step=2810/22357 (12.57%) loss=0.542935 lr=0.0003992 elapsed=05:18:37 eta=121:26:13 val_mrr=0.869707
[TRAIN] 2026-04-26 12:03:50 step=2820/67071 (4.20%) epoch=1/3 epoch_step=2820/22357 (12.61%) loss=0.533389 lr=0.000401378 elapsed=05:19:14 eta=121:13:35 val_mrr=0.869707
[TRAIN] 2026-04-26 12:04:27 step=2830/67071 (4.22%) epoch=1/3 epoch_step=2830/22357 (12.66%) loss=0.545192 lr=0.000403558 elapsed=05:19:52 eta=121:00:51 val_mrr=0.869707
[TRAIN] 2026-04-26 12:05:06 step=2840/67071 (4.23%) epoch=1/3 epoch_step=2840/22357 (12.70%) loss=0.544112 lr=0.000405741 elapsed=05:20:30 eta=120:48:45 val_mrr=0.869707
[TRAIN] 2026-04-26 12:05:44 step=2850/67071 (4.25%) epoch=1/3 epoch_step=2850/22357 (12.75%) loss=0.545922 lr=0.000407926 elapsed=05:21:09 eta=120:36:33 val_mrr=0.869707
[TRAIN] 2026-04-26 12:06:22 step=2860/67071 (4.26%) epoch=1/3 epoch_step=2860/22357 (12.79%) loss=0.558382 lr=0.000410114 elapsed=05:21:46 eta=120:24:16 val_mrr=0.869707
[TRAIN] 2026-04-26 12:07:00 step=2870/67071 (4.28%) epoch=1/3 epoch_step=2870/22357 (12.84%) loss=0.550153 lr=0.000412304 elapsed=05:22:24 eta=120:12:01 val_mrr=0.869707
[TRAIN] 2026-04-26 12:07:39 step=2880/67071 (4.29%) epoch=1/3 epoch_step=2880/22357 (12.88%) loss=0.536972 lr=0.000414496 elapsed=05:23:03 eta=120:00:21 val_mrr=0.869707
[TRAIN] 2026-04-26 12:08:16 step=2890/67071 (4.31%) epoch=1/3 epoch_step=2890/22357 (12.93%) loss=0.538090 lr=0.000416691 elapsed=05:23:40 eta=119:48:05 val_mrr=0.869707
[TRAIN] 2026-04-26 12:08:55 step=2900/67071 (4.32%) epoch=1/3 epoch_step=2900/22357 (12.97%) loss=0.535454 lr=0.000418888 elapsed=05:24:20 eta=119:36:41 val_mrr=0.869707
[TRAIN] 2026-04-26 12:09:34 step=2910/67071 (4.34%) epoch=1/3 epoch_step=2910/22357 (13.02%) loss=0.544432 lr=0.000421088 elapsed=05:24:59 eta=119:25:14 val_mrr=0.869707
[TRAIN] 2026-04-26 12:10:12 step=2920/67071 (4.35%) epoch=1/3 epoch_step=2920/22357 (13.06%) loss=0.538764 lr=0.000423289 elapsed=05:25:36 eta=119:13:22 val_mrr=0.869707
[TRAIN] 2026-04-26 12:10:51 step=2930/67071 (4.37%) epoch=1/3 epoch_step=2930/22357 (13.11%) loss=0.545628 lr=0.000425493 elapsed=05:26:15 eta=119:02:06 val_mrr=0.869707
[TRAIN] 2026-04-26 12:11:30 step=2940/67071 (4.38%) epoch=1/3 epoch_step=2940/22357 (13.15%) loss=0.547812 lr=0.000427698 elapsed=05:26:54 eta=118:50:50 val_mrr=0.869707
[TRAIN] 2026-04-26 12:12:09 step=2950/67071 (4.40%) epoch=1/3 epoch_step=2950/22357 (13.19%) loss=0.543137 lr=0.000429906 elapsed=05:27:33 eta=118:39:35 val_mrr=0.869707
[TRAIN] 2026-04-26 12:12:47 step=2960/67071 (4.41%) epoch=1/3 epoch_step=2960/22357 (13.24%) loss=0.541054 lr=0.000432116 elapsed=05:28:11 eta=118:28:16 val_mrr=0.869707
[TRAIN] 2026-04-26 12:13:25 step=2970/67071 (4.43%) epoch=1/3 epoch_step=2970/22357 (13.28%) loss=0.533520 lr=0.000434327 elapsed=05:28:49 eta=118:16:45 val_mrr=0.869707
[TRAIN] 2026-04-26 12:14:04 step=2980/67071 (4.44%) epoch=1/3 epoch_step=2980/22357 (13.33%) loss=0.556559 lr=0.000436541 elapsed=05:29:28 eta=118:05:51 val_mrr=0.869707
[TRAIN] 2026-04-26 12:14:42 step=2990/67071 (4.46%) epoch=1/3 epoch_step=2990/22357 (13.37%) loss=0.545989 lr=0.000438756 elapsed=05:30:06 eta=117:54:44 val_mrr=0.869707
[STAGE] 2026-04-26 12:15:21 val prep subsets global=50000 art_art=1986 art_any=50000
[STAGE] 2026-04-26 12:15:21 val prep negatives global=50000 art_art=1986 art_any=50000
[STAGE] 2026-04-26 12:15:21 val start step=3000 epoch=0 task=relation_ranking subset=global triples=50000 batches=98 eval_batch_size=512
[STAGE] 2026-04-26 12:21:50 val start step=3000 epoch=0 task=triple_scoring subset=global triples=50000 batches=98 eval_batch_size=512
[STAGE] 2026-04-26 12:29:58 val start step=3000 epoch=0 task=relation_ranking subset=art_art triples=1986 batches=4 eval_batch_size=512
[STAGE] 2026-04-26 12:30:21 val start step=3000 epoch=0 task=triple_scoring subset=art_art triples=1986 batches=4 eval_batch_size=512
[STAGE] 2026-04-26 12:30:55 val start step=3000 epoch=0 task=relation_ranking subset=art_any triples=50000 batches=98 eval_batch_size=512
[STAGE] 2026-04-26 12:37:08 val start step=3000 epoch=0 task=triple_scoring subset=art_any triples=50000 batches=98 eval_batch_size=512
[VAL] 2026-04-26 12:47:40 step=3000 epoch=0 mrr=0.840487 aucpr=0.882966 art_art_mrr=0.245614 art_art_aucpr=0.532533 art_any_mrr=0.837752 art_any_aucpr=0.681576
[TRAIN] 2026-04-26 12:47:41 step=3000/67071 (4.47%) epoch=1/3 epoch_step=3000/22357 (13.42%) loss=0.549930 lr=0.000440973 elapsed=06:03:05 eta=129:14:31 val_mrr=0.869707
[TRAIN] 2026-04-26 12:48:16 step=3010/67071 (4.49%) epoch=1/3 epoch_step=3010/22357 (13.46%) loss=0.536564 lr=0.000443192 elapsed=06:03:40 eta=128:59:50 val_mrr=0.869707
[TRAIN] 2026-04-26 12:48:51 step=3020/67071 (4.50%) epoch=1/3 epoch_step=3020/22357 (13.51%) loss=0.536629 lr=0.000445412 elapsed=06:04:15 eta=128:45:28 val_mrr=0.869707
[TRAIN] 2026-04-26 12:49:26 step=3030/67071 (4.52%) epoch=1/3 epoch_step=3030/22357 (13.55%) loss=0.535276 lr=0.000447634 elapsed=06:04:50 eta=128:31:04 val_mrr=0.869707
[TRAIN] 2026-04-26 12:50:02 step=3040/67071 (4.53%) epoch=1/3 epoch_step=3040/22357 (13.60%) loss=0.546219 lr=0.000449858 elapsed=06:05:27 eta=128:17:15 val_mrr=0.869707
[TRAIN] 2026-04-26 12:50:37 step=3050/67071 (4.55%) epoch=1/3 epoch_step=3050/22357 (13.64%) loss=0.548333 lr=0.000452083 elapsed=06:06:02 eta=128:03:07 val_mrr=0.869707
[TRAIN] 2026-04-26 12:51:12 step=3060/67071 (4.56%) epoch=1/3 epoch_step=3060/22357 (13.69%) loss=0.539217 lr=0.00045431 elapsed=06:06:36 eta=127:48:51 val_mrr=0.869707
[TRAIN] 2026-04-26 12:51:47 step=3070/67071 (4.58%) epoch=1/3 epoch_step=3070/22357 (13.73%) loss=0.542241 lr=0.000456538 elapsed=06:07:11 eta=127:34:52 val_mrr=0.869707
[TRAIN] 2026-04-26 12:52:24 step=3080/67071 (4.59%) epoch=1/3 epoch_step=3080/22357 (13.78%) loss=0.540679 lr=0.000458768 elapsed=06:07:48 eta=127:21:40 val_mrr=0.869707
[TRAIN] 2026-04-26 12:53:02 step=3090/67071 (4.61%) epoch=1/3 epoch_step=3090/22357 (13.82%) loss=0.536155 lr=0.000460999 elapsed=06:08:26 eta=127:08:40 val_mrr=0.869707
[TRAIN] 2026-04-26 12:53:39 step=3100/67071 (4.62%) epoch=1/3 epoch_step=3100/22357 (13.87%) loss=0.547140 lr=0.000463231 elapsed=06:09:03 eta=126:55:48 val_mrr=0.869707
[TRAIN] 2026-04-26 12:54:15 step=3110/67071 (4.64%) epoch=1/3 epoch_step=3110/22357 (13.91%) loss=0.541501 lr=0.000465465 elapsed=06:09:39 eta=126:42:20 val_mrr=0.869707
[TRAIN] 2026-04-26 12:54:52 step=3120/67071 (4.65%) epoch=1/3 epoch_step=3120/22357 (13.96%) loss=0.551618 lr=0.000467699 elapsed=06:10:17 eta=126:29:39 val_mrr=0.869707
[TRAIN] 2026-04-26 12:55:30 step=3130/67071 (4.67%) epoch=1/3 epoch_step=3130/22357 (14.00%) loss=0.538638 lr=0.000469935 elapsed=06:10:54 eta=126:16:50 val_mrr=0.869707
[TRAIN] 2026-04-26 12:56:06 step=3140/67071 (4.68%) epoch=1/3 epoch_step=3140/22357 (14.04%) loss=0.557154 lr=0.000472172 elapsed=06:11:30 eta=126:03:56 val_mrr=0.869707
[TRAIN] 2026-04-26 12:56:43 step=3150/67071 (4.70%) epoch=1/3 epoch_step=3150/22357 (14.09%) loss=0.535456 lr=0.00047441 elapsed=06:12:07 eta=125:51:09 val_mrr=0.869707
[TRAIN] 2026-04-26 12:57:19 step=3160/67071 (4.71%) epoch=1/3 epoch_step=3160/22357 (14.13%) loss=0.540975 lr=0.000476649 elapsed=06:12:43 eta=125:38:10 val_mrr=0.869707
[TRAIN] 2026-04-26 12:57:54 step=3170/67071 (4.73%) epoch=1/3 epoch_step=3170/22357 (14.18%) loss=0.546687 lr=0.000478889 elapsed=06:13:19 eta=125:25:11 val_mrr=0.869707
[TRAIN] 2026-04-26 12:58:29 step=3180/67071 (4.74%) epoch=1/3 epoch_step=3180/22357 (14.22%) loss=0.537578 lr=0.00048113 elapsed=06:13:54 eta=125:12:05 val_mrr=0.869707
[TRAIN] 2026-04-26 12:59:06 step=3190/67071 (4.76%) epoch=1/3 epoch_step=3190/22357 (14.27%) loss=0.524385 lr=0.000483371 elapsed=06:14:31 eta=124:59:42 val_mrr=0.869707
[TRAIN] 2026-04-26 12:59:43 step=3200/67071 (4.77%) epoch=1/3 epoch_step=3200/22357 (14.31%) loss=0.546066 lr=0.000485614 elapsed=06:15:07 eta=124:47:22 val_mrr=0.869707
[TRAIN] 2026-04-26 13:00:19 step=3210/67071 (4.79%) epoch=1/3 epoch_step=3210/22357 (14.36%) loss=0.535307 lr=0.000487857 elapsed=06:15:43 eta=124:34:42 val_mrr=0.869707
[TRAIN] 2026-04-26 13:00:55 step=3220/67071 (4.80%) epoch=1/3 epoch_step=3220/22357 (14.40%) loss=0.536639 lr=0.000490101 elapsed=06:16:19 eta=124:22:12 val_mrr=0.869707
[TRAIN] 2026-04-26 13:01:33 step=3230/67071 (4.82%) epoch=1/3 epoch_step=3230/22357 (14.45%) loss=0.535008 lr=0.000492346 elapsed=06:16:58 eta=124:10:38 val_mrr=0.869707
[TRAIN] 2026-04-26 13:02:11 step=3240/67071 (4.83%) epoch=1/3 epoch_step=3240/22357 (14.49%) loss=0.548756 lr=0.000494591 elapsed=06:17:36 eta=123:58:55 val_mrr=0.869707
[TRAIN] 2026-04-26 13:02:49 step=3250/67071 (4.85%) epoch=1/3 epoch_step=3250/22357 (14.54%) loss=0.532758 lr=0.000496837 elapsed=06:18:14 eta=123:47:22 val_mrr=0.869707
[TRAIN] 2026-04-26 13:03:28 step=3260/67071 (4.86%) epoch=1/3 epoch_step=3260/22357 (14.58%) loss=0.530629 lr=0.000499083 elapsed=06:18:52 eta=123:35:51 val_mrr=0.869707
[TRAIN] 2026-04-26 13:04:04 step=3270/67071 (4.88%) epoch=1/3 epoch_step=3270/22357 (14.63%) loss=0.540581 lr=0.00050133 elapsed=06:19:29 eta=123:24:01 val_mrr=0.869707
[TRAIN] 2026-04-26 13:04:42 step=3280/67071 (4.89%) epoch=1/3 epoch_step=3280/22357 (14.67%) loss=0.551655 lr=0.000503577 elapsed=06:20:06 eta=123:12:31 val_mrr=0.869707
[TRAIN] 2026-04-26 13:05:19 step=3290/67071 (4.91%) epoch=1/3 epoch_step=3290/22357 (14.72%) loss=0.549406 lr=0.000505824 elapsed=06:20:43 eta=123:00:49 val_mrr=0.869707
[TRAIN] 2026-04-26 13:05:58 step=3300/67071 (4.92%) epoch=1/3 epoch_step=3300/22357 (14.76%) loss=0.548755 lr=0.000508072 elapsed=06:21:23 eta=122:49:55 val_mrr=0.869707
[TRAIN] 2026-04-26 13:06:36 step=3310/67071 (4.94%) epoch=1/3 epoch_step=3310/22357 (14.81%) loss=0.534926 lr=0.00051032 elapsed=06:22:00 eta=122:38:37 val_mrr=0.869707
[TRAIN] 2026-04-26 13:07:12 step=3320/67071 (4.95%) epoch=1/3 epoch_step=3320/22357 (14.85%) loss=0.552820 lr=0.000512569 elapsed=06:22:36 eta=122:26:46 val_mrr=0.869707
[TRAIN] 2026-04-26 13:07:49 step=3330/67071 (4.96%) epoch=1/3 epoch_step=3330/22357 (14.89%) loss=0.548502 lr=0.000514817 elapsed=06:23:13 eta=122:15:25 val_mrr=0.869707
[TRAIN] 2026-04-26 13:08:27 step=3340/67071 (4.98%) epoch=1/3 epoch_step=3340/22357 (14.94%) loss=0.560694 lr=0.000517066 elapsed=06:23:51 eta=122:04:18 val_mrr=0.869707
[TRAIN] 2026-04-26 13:09:04 step=3350/67071 (4.99%) epoch=1/3 epoch_step=3350/22357 (14.98%) loss=0.535718 lr=0.000519314 elapsed=06:24:28 eta=121:53:04 val_mrr=0.869707
[TRAIN] 2026-04-26 13:09:41 step=3360/67071 (5.01%) epoch=1/3 epoch_step=3360/22357 (15.03%) loss=0.534310 lr=0.000521563 elapsed=06:25:05 eta=121:41:50 val_mrr=0.869707
[TRAIN] 2026-04-26 13:10:18 step=3370/67071 (5.02%) epoch=1/3 epoch_step=3370/22357 (15.07%) loss=0.530883 lr=0.000523811 elapsed=06:25:42 eta=121:30:44 val_mrr=0.869707
[TRAIN] 2026-04-26 13:10:54 step=3380/67071 (5.04%) epoch=1/3 epoch_step=3380/22357 (15.12%) loss=0.549567 lr=0.00052606 elapsed=06:26:19 eta=121:19:25 val_mrr=0.869707
[TRAIN] 2026-04-26 13:11:31 step=3390/67071 (5.05%) epoch=1/3 epoch_step=3390/22357 (15.16%) loss=0.533276 lr=0.000528308 elapsed=06:26:55 eta=121:08:11 val_mrr=0.869707
[TRAIN] 2026-04-26 13:12:09 step=3400/67071 (5.07%) epoch=1/3 epoch_step=3400/22357 (15.21%) loss=0.549861 lr=0.000530557 elapsed=06:27:33 eta=120:57:33 val_mrr=0.869707
[TRAIN] 2026-04-26 13:12:45 step=3410/67071 (5.08%) epoch=1/3 epoch_step=3410/22357 (15.25%) loss=0.541661 lr=0.000532805 elapsed=06:28:09 eta=120:46:26 val_mrr=0.869707
[TRAIN] 2026-04-26 13:13:20 step=3420/67071 (5.10%) epoch=1/3 epoch_step=3420/22357 (15.30%) loss=0.544875 lr=0.000535052 elapsed=06:28:45 eta=120:35:04 val_mrr=0.869707
[TRAIN] 2026-04-26 13:13:56 step=3430/67071 (5.11%) epoch=1/3 epoch_step=3430/22357 (15.34%) loss=0.536930 lr=0.0005373 elapsed=06:29:20 eta=120:23:52 val_mrr=0.869707
[TRAIN] 2026-04-26 13:14:31 step=3440/67071 (5.13%) epoch=1/3 epoch_step=3440/22357 (15.39%) loss=0.528109 lr=0.000539547 elapsed=06:29:55 eta=120:12:23 val_mrr=0.869707
[TRAIN] 2026-04-26 13:15:06 step=3450/67071 (5.14%) epoch=1/3 epoch_step=3450/22357 (15.43%) loss=0.548379 lr=0.000541793 elapsed=06:30:31 eta=120:01:23 val_mrr=0.869707
[TRAIN] 2026-04-26 13:15:41 step=3460/67071 (5.16%) epoch=1/3 epoch_step=3460/22357 (15.48%) loss=0.534082 lr=0.000544039 elapsed=06:31:06 eta=119:50:08 val_mrr=0.869707
[TRAIN] 2026-04-26 13:16:16 step=3470/67071 (5.17%) epoch=1/3 epoch_step=3470/22357 (15.52%) loss=0.530306 lr=0.000546285 elapsed=06:31:41 eta=119:39:01 val_mrr=0.869707
[TRAIN] 2026-04-26 13:16:52 step=3480/67071 (5.19%) epoch=1/3 epoch_step=3480/22357 (15.57%) loss=0.540473 lr=0.00054853 elapsed=06:32:16 eta=119:28:02 val_mrr=0.869707
[TRAIN] 2026-04-26 13:17:27 step=3490/67071 (5.20%) epoch=1/3 epoch_step=3490/22357 (15.61%) loss=0.549724 lr=0.000550774 elapsed=06:32:51 eta=119:16:55 val_mrr=0.869707
[STAGE] 2026-04-26 13:18:02 val prep subsets global=50000 art_art=1986 art_any=50000
[STAGE] 2026-04-26 13:18:02 val prep negatives global=50000 art_art=1986 art_any=50000
[STAGE] 2026-04-26 13:18:02 val start step=3500 epoch=0 task=relation_ranking subset=global triples=50000 batches=98 eval_batch_size=512
[STAGE] 2026-04-26 13:23:56 val start step=3500 epoch=0 task=triple_scoring subset=global triples=50000 batches=98 eval_batch_size=512
[STAGE] 2026-04-26 13:31:52 val start step=3500 epoch=0 task=relation_ranking subset=art_art triples=1986 batches=4 eval_batch_size=512
[STAGE] 2026-04-26 13:32:15 val start step=3500 epoch=0 task=triple_scoring subset=art_art triples=1986 batches=4 eval_batch_size=512
[STAGE] 2026-04-26 13:32:48 val start step=3500 epoch=0 task=relation_ranking subset=art_any triples=50000 batches=98 eval_batch_size=512
[STAGE] 2026-04-26 13:38:55 val start step=3500 epoch=0 task=triple_scoring subset=art_any triples=50000 batches=98 eval_batch_size=512
[VAL] 2026-04-26 13:49:55 step=3500 epoch=0 mrr=0.810079 aucpr=0.882558 art_art_mrr=0.270762 art_art_aucpr=0.529016 art_any_mrr=0.811660 art_any_aucpr=0.674611
[STAGE] 2026-04-26 13:49:55 early stopping triggered at step=3500 epoch=0 no_improve_evals=5
[TRAIN] 2026-04-26 13:49:56 step=3500/67071 (5.22%) epoch=1/3 epoch_step=3500/22357 (15.66%) loss=0.540382 lr=0.000553018 elapsed=07:05:20 eta=128:45:30 val_mrr=0.869707
[STAGE] 2026-04-26 13:49:56 epoch completed epoch=1/3
[STAGE] 2026-04-26 13:49:57 test prep subsets global=1425681 art_art=2083 art_any=357035
[STAGE] 2026-04-26 13:50:03 test prep negatives global=1425681 art_art=2083 art_any=357035
[STAGE] 2026-04-26 13:50:03 test start step=3500 epoch=1 task=relation_ranking subset=global triples=1425681 batches=2785 eval_batch_size=512
[EVAL] 2026-04-26 14:20:05 phase=test step=3500 epoch=1 task=relation_ranking subset=global triples=247808/1425681 batches=484/2785 elapsed=30:02
[EVAL] 2026-04-26 14:50:07 phase=test step=3500 epoch=1 task=relation_ranking subset=global triples=531456/1425681 batches=1038/2785 elapsed=01:00:03
[EVAL] 2026-04-26 15:20:08 phase=test step=3500 epoch=1 task=relation_ranking subset=global triples=1261056/1425681 batches=2463/2785 elapsed=01:30:04
[STAGE] 2026-04-26 15:25:37 test start step=3500 epoch=1 task=triple_scoring subset=global triples=1425681 batches=2785 eval_batch_size=512
[EVAL] 2026-04-26 15:55:40 phase=test step=3500 epoch=1 task=triple_scoring subset=global triples=184832/1425681 batches=361/2785 elapsed=30:03
[EVAL] 2026-04-26 16:25:42 phase=test step=3500 epoch=1 task=triple_scoring subset=global triples=387584/1425681 batches=757/2785 elapsed=01:00:05
[EVAL] 2026-04-26 16:55:42 phase=test step=3500 epoch=1 task=triple_scoring subset=global triples=829952/1425681 batches=1621/2785 elapsed=01:30:05
[EVAL] 2026-04-26 17:25:42 phase=test step=3500 epoch=1 task=triple_scoring subset=global triples=1358848/1425681 batches=2654/2785 elapsed=02:00:05
[STAGE] 2026-04-26 17:29:41 test start step=3500 epoch=1 task=relation_ranking subset=art_art triples=2083 batches=5 eval_batch_size=512
[STAGE] 2026-04-26 17:30:06 test start step=3500 epoch=1 task=triple_scoring subset=art_art triples=2083 batches=5 eval_batch_size=512
[STAGE] 2026-04-26 17:30:42 test start step=3500 epoch=1 task=relation_ranking subset=art_any triples=357035 batches=698 eval_batch_size=512
[EVAL] 2026-04-26 18:00:46 phase=test step=3500 epoch=1 task=relation_ranking subset=art_any triples=247296/357035 batches=483/698 elapsed=30:04
[STAGE] 2026-04-26 18:14:04 test start step=3500 epoch=1 task=triple_scoring subset=art_any triples=357035 batches=698 eval_batch_size=512
[EVAL] 2026-04-26 18:44:11 phase=test step=3500 epoch=1 task=triple_scoring subset=art_any triples=136704/357035 batches=267/698 elapsed=30:07
[EVAL] 2026-04-26 19:14:15 phase=test step=3500 epoch=1 task=triple_scoring subset=art_any triples=272384/357035 batches=532/698 elapsed=01:00:10
[TEST] 2026-04-26 19:33:28 step=3500 epoch=1 mrr=0.526384 aucpr=0.881647 art_art_mrr=0.330212 art_art_aucpr=0.545799 art_any_mrr=0.813647 art_any_aucpr=0.674060
[STAGE] 2026-04-26 19:33:28 DONE train (46131.92s)
[RESULT] 2026-04-26 19:33:28 {"best_metric": 0.8697074507599711, "early_stopped": true, "stopped_epoch": 1, "stopped_step": 3500, "val_mrr": 0.8100786238576569, "val_hits1": 0.73342, "val_hits3": 0.86956, "val_hits10": 0.92488, "val_top1_acc": 0.73342, "val_auc": 0.9212814034000001, "val_aucpr": 0.882558419405488, "val_art_art_mrr": 0.27076167447531585, "val_art_art_hits1": 0.20745216515609266, "val_art_art_hits3": 0.2980866062437059, "val_art_art_hits10": 0.350956696878147, "val_art_art_top1_acc": 0.20745216515609266, "val_art_art_auc": 0.5597764411302075, "val_art_art_aucpr": 0.5290159552045425, "val_art_any_mrr": 0.8116604706809512, "val_art_any_hits1": 0.73692, "val_art_any_hits3": 0.86952, "val_art_any_hits10": 0.92464, "val_art_any_top1_acc": 0.73692, "val_art_any_auc": 0.7399521564, "val_art_any_aucpr": 0.6746111790735857, "test_mrr": 0.5263844286814557, "test_hits1": 0.4431720700493308, "test_hits3": 0.5727501453691254, "test_hits10": 0.6591250076279336, "test_top1_acc": 0.4431720700493308, "test_auc": 0.9189878577583462, "test_aucpr": 0.8816470231374165, "test_art_art_mrr": 0.3302121182250479, "test_art_art_hits1": 0.29812770043206915, "test_art_art_hits3": 0.3254920787325972, "test_art_art_hits10": 0.3811809889582333, "test_art_art_top1_acc": 0.29812770043206915, "test_art_art_auc": 0.5832343256534104, "test_art_art_aucpr": 0.5457986666345073, "test_art_any_mrr": 0.8136471612473493, "test_art_any_hits1": 0.7357682019970031, "test_art_any_hits3": 0.8758413040738303, "test_art_any_hits10": 0.9265702242077107, "test_art_any_top1_acc": 0.7357682019970031, "test_art_any_auc": 0.740636017937627, "test_art_any_aucpr": 0.6740599545790975}
