nohup: ignoring input
[STAGE] 2026-04-25 10:23:13 START build experiment
[CONFIG] 2026-04-25 10:23:13 paths graph_dir=/root/autodl-tmp/个人项目2/操作数据库/full_graph_export text_dir=/root/autodl-tmp/个人项目2/操作数据库/full_graph_export/text_chunks image_dir=/root/autodl-tmp/个人项目2/图片/64 local_model_root=/root/autodl-tmp/个人项目2/链路预测实验/local_models
[CONFIG] 2026-04-25 10:23:13 models text_encoder=roberta_frozen text_model=roberta-base text_model_dir=/root/autodl-tmp/个人项目2/链路预测实验/local_models/text/roberta-base image_encoder=resnet50 image_model=resnet50 image_model_dir=/root/autodl-tmp/个人项目2/链路预测实验/local_models/image/resnet50 graph_encoder=rgcn use_graph=True kge_scorer=transe
[CONFIG] 2026-04-25 10:23:13 cache_root=/root/autodl-tmp/个人项目2/graphkge/cache/full cache_session=20260425_102313_mm_kge_transe_roberta_resnet50_rgcn_frozen raw_cache_root=/root/autodl-tmp/个人项目2/graphkge/cache/full/shared_raw
[DATA] 2026-04-25 10:23:22 catalog entities=1706516 art_entities=431773 chunks=85 triples=14297782 relations=353
[DATA] 2026-04-25 10:23:22 splits train=11446322 val=1425779 test=1425681 sample_chunks=0 train_propagation_edges=22137586
[EVAL] 2026-04-25 10:23:22 validation_max_triples=50000 final_test_max_triples=FULL
build adjacency index:   0%|                                                                                                  | 0/85 [00:00<?, ?chunk/s]build adjacency index:  12%|██████████▍                                                                              | 10/85 [00:00<00:00, 94.92chunk/s]build adjacency index:  24%|████████████████████▉                                                                    | 20/85 [00:00<00:00, 96.75chunk/s]build adjacency index:  35%|███████████████████████████████▍                                                         | 30/85 [00:01<00:03, 15.86chunk/s]build adjacency index:  42%|█████████████████████████████████████▋                                                   | 36/85 [00:01<00:02, 17.64chunk/s]build adjacency index:  48%|██████████████████████████████████████████▉                                              | 41/85 [00:01<00:02, 19.20chunk/s]build adjacency index:  53%|███████████████████████████████████████████████                                          | 45/85 [00:02<00:02, 19.30chunk/s]build adjacency index:  58%|███████████████████████████████████████████████████▎                                     | 49/85 [00:02<00:01, 22.03chunk/s]build adjacency index:  67%|███████████████████████████████████████████████████████████▋                             | 57/85 [00:02<00:00, 30.96chunk/s]build adjacency index:  75%|███████████████████████████████████████████████████████████████████                      | 64/85 [00:02<00:00, 37.69chunk/s]build adjacency index:  85%|███████████████████████████████████████████████████████████████████████████▍             | 72/85 [00:02<00:00, 45.39chunk/s]build adjacency index:  95%|████████████████████████████████████████████████████████████████████████████████████▊    | 81/85 [00:02<00:00, 53.11chunk/s]build adjacency index: 100%|█████████████████████████████████████████████████████████████████████████████████████████| 85/85 [00:02<00:00, 31.53chunk/s]
Some weights of RobertaModel were not initialized from the model checkpoint at /root/autodl-tmp/个人项目2/链路预测实验/local_models/text/roberta-base and are newly initialized: ['roberta.pooler.dense.bias', 'roberta.pooler.dense.weight']
You should probably TRAIN this model on a down-stream task to be able to use it for predictions and inference.
[STAGE] 2026-04-25 10:23:33 image index cache loaded: /root/autodl-tmp/个人项目2/graphkge/cache/full/image_index/image_index.pkl entries=430969
[STAGE] 2026-04-25 10:23:33 DONE build experiment (20.33s)
[CONFIG] 2026-04-25 10:23:33 training run_dir=/root/autodl-tmp/个人项目2/graphkge/runs/20260425_102313_mm_kge_transe_roberta_resnet50_rgcn_frozen cache_session=20260425_102313_mm_kge_transe_roberta_resnet50_rgcn_frozen
[STAGE] 2026-04-25 10:23:33 START prebuild raw caches
[STAGE] 2026-04-25 10:23:45 text cache prebuild done missing=0
[STAGE] 2026-04-25 10:24:13 image raw cache prebuild done missing=416457 loaded=0
[STAGE] 2026-04-25 10:24:13 DONE prebuild raw caches (39.73s)
[STAGE] 2026-04-25 10:24:13 START train
[STAGE] 2026-04-25 10:24:13 epoch start epoch=1/3 steps_per_epoch=22357 global_step=0/67071
[TRAIN] 2026-04-25 10:24:19 step=1/67071 (0.00%) epoch=1/3 epoch_step=1/22357 (0.00%) loss=0.812188 lr=4.00001e-05 elapsed=00:06 eta=104:27:02 val_mrr=NA
[TRAIN] 2026-04-25 10:24:23 step=2/67071 (0.00%) epoch=1/3 epoch_step=2/22357 (0.01%) loss=0.808602 lr=4.00002e-05 elapsed=00:09 eta=87:40:42 val_mrr=NA
[TRAIN] 2026-04-25 10:24:27 step=3/67071 (0.00%) epoch=1/3 epoch_step=3/22357 (0.01%) loss=0.807727 lr=4.00005e-05 elapsed=00:14 eta=84:40:23 val_mrr=NA
[TRAIN] 2026-04-25 10:24:31 step=4/67071 (0.01%) epoch=1/3 epoch_step=4/22357 (0.02%) loss=0.806310 lr=4.00008e-05 elapsed=00:17 eta=80:40:34 val_mrr=NA
[TRAIN] 2026-04-25 10:24:35 step=5/67071 (0.01%) epoch=1/3 epoch_step=5/22357 (0.02%) loss=0.805139 lr=4.00013e-05 elapsed=00:21 eta=79:42:54 val_mrr=NA
[TRAIN] 2026-04-25 10:24:55 step=10/67071 (0.01%) epoch=1/3 epoch_step=10/22357 (0.04%) loss=0.799326 lr=4.00053e-05 elapsed=00:42 eta=78:08:18 val_mrr=NA
[TRAIN] 2026-04-25 10:25:35 step=20/67071 (0.03%) epoch=1/3 epoch_step=20/22357 (0.09%) loss=0.793421 lr=4.00211e-05 elapsed=01:22 eta=76:22:31 val_mrr=NA
[TRAIN] 2026-04-25 10:26:15 step=30/67071 (0.04%) epoch=1/3 epoch_step=30/22357 (0.13%) loss=0.789493 lr=4.00474e-05 elapsed=02:02 eta=75:32:30 val_mrr=NA
[TRAIN] 2026-04-25 10:26:54 step=40/67071 (0.06%) epoch=1/3 epoch_step=40/22357 (0.18%) loss=0.785468 lr=4.00843e-05 elapsed=02:41 eta=75:02:41 val_mrr=NA
[TRAIN] 2026-04-25 10:27:34 step=50/67071 (0.07%) epoch=1/3 epoch_step=50/22357 (0.22%) loss=0.781645 lr=4.01317e-05 elapsed=03:21 eta=74:43:46 val_mrr=NA
[TRAIN] 2026-04-25 10:28:13 step=60/67071 (0.09%) epoch=1/3 epoch_step=60/22357 (0.27%) loss=0.777401 lr=4.01896e-05 elapsed=04:00 eta=74:29:39 val_mrr=NA
[TRAIN] 2026-04-25 10:28:53 step=70/67071 (0.10%) epoch=1/3 epoch_step=70/22357 (0.31%) loss=0.775773 lr=4.02581e-05 elapsed=04:39 eta=74:17:05 val_mrr=NA
[TRAIN] 2026-04-25 10:29:32 step=80/67071 (0.12%) epoch=1/3 epoch_step=80/22357 (0.36%) loss=0.768234 lr=4.03371e-05 elapsed=05:19 eta=74:08:10 val_mrr=NA
[TRAIN] 2026-04-25 10:30:11 step=90/67071 (0.13%) epoch=1/3 epoch_step=90/22357 (0.40%) loss=0.768090 lr=4.04266e-05 elapsed=05:57 eta=73:53:13 val_mrr=NA
[TRAIN] 2026-04-25 10:30:50 step=100/67071 (0.15%) epoch=1/3 epoch_step=100/22357 (0.45%) loss=0.762744 lr=4.05266e-05 elapsed=06:36 eta=73:43:19 val_mrr=NA
[TRAIN] 2026-04-25 10:31:28 step=110/67071 (0.16%) epoch=1/3 epoch_step=110/22357 (0.49%) loss=0.762218 lr=4.06372e-05 elapsed=07:15 eta=73:31:56 val_mrr=NA
[TRAIN] 2026-04-25 10:32:06 step=120/67071 (0.18%) epoch=1/3 epoch_step=120/22357 (0.54%) loss=0.756331 lr=4.07583e-05 elapsed=07:53 eta=73:18:56 val_mrr=NA
[TRAIN] 2026-04-25 10:32:46 step=130/67071 (0.19%) epoch=1/3 epoch_step=130/22357 (0.58%) loss=0.752203 lr=4.08899e-05 elapsed=08:33 eta=73:18:28 val_mrr=NA
[TRAIN] 2026-04-25 10:33:24 step=140/67071 (0.21%) epoch=1/3 epoch_step=140/22357 (0.63%) loss=0.752537 lr=4.1032e-05 elapsed=09:11 eta=73:10:31 val_mrr=NA
[TRAIN] 2026-04-25 10:34:03 step=150/67071 (0.22%) epoch=1/3 epoch_step=150/22357 (0.67%) loss=0.749806 lr=4.11846e-05 elapsed=09:50 eta=73:06:29 val_mrr=NA
[TRAIN] 2026-04-25 10:34:42 step=160/67071 (0.24%) epoch=1/3 epoch_step=160/22357 (0.72%) loss=0.733222 lr=4.13477e-05 elapsed=10:28 eta=73:00:04 val_mrr=NA
[TRAIN] 2026-04-25 10:35:20 step=170/67071 (0.25%) epoch=1/3 epoch_step=170/22357 (0.76%) loss=0.732327 lr=4.15214e-05 elapsed=11:07 eta=72:55:15 val_mrr=NA
[TRAIN] 2026-04-25 10:35:59 step=180/67071 (0.27%) epoch=1/3 epoch_step=180/22357 (0.81%) loss=0.734984 lr=4.17055e-05 elapsed=11:46 eta=72:49:54 val_mrr=NA
[TRAIN] 2026-04-25 10:36:38 step=190/67071 (0.28%) epoch=1/3 epoch_step=190/22357 (0.85%) loss=0.733755 lr=4.19002e-05 elapsed=12:25 eta=72:49:20 val_mrr=NA
[TRAIN] 2026-04-25 10:37:18 step=200/67071 (0.30%) epoch=1/3 epoch_step=200/22357 (0.89%) loss=0.729790 lr=4.21053e-05 elapsed=13:05 eta=72:54:33 val_mrr=NA
[TRAIN] 2026-04-25 10:37:57 step=210/67071 (0.31%) epoch=1/3 epoch_step=210/22357 (0.94%) loss=0.724514 lr=4.23209e-05 elapsed=13:44 eta=72:50:06 val_mrr=NA
[TRAIN] 2026-04-25 10:38:35 step=220/67071 (0.33%) epoch=1/3 epoch_step=220/22357 (0.98%) loss=0.722273 lr=4.2547e-05 elapsed=14:22 eta=72:46:13 val_mrr=NA
[TRAIN] 2026-04-25 10:39:14 step=230/67071 (0.34%) epoch=1/3 epoch_step=230/22357 (1.03%) loss=0.713942 lr=4.27836e-05 elapsed=15:01 eta=72:45:00 val_mrr=NA
[TRAIN] 2026-04-25 10:39:53 step=240/67071 (0.36%) epoch=1/3 epoch_step=240/22357 (1.07%) loss=0.717360 lr=4.30307e-05 elapsed=15:40 eta=72:41:17 val_mrr=NA
[TRAIN] 2026-04-25 10:40:32 step=250/67071 (0.37%) epoch=1/3 epoch_step=250/22357 (1.12%) loss=0.712177 lr=4.32882e-05 elapsed=16:18 eta=72:38:26 val_mrr=NA
[TRAIN] 2026-04-25 10:41:11 step=260/67071 (0.39%) epoch=1/3 epoch_step=260/22357 (1.16%) loss=0.709512 lr=4.35562e-05 elapsed=16:58 eta=72:39:04 val_mrr=NA
[TRAIN] 2026-04-25 10:41:49 step=270/67071 (0.40%) epoch=1/3 epoch_step=270/22357 (1.21%) loss=0.717917 lr=4.38346e-05 elapsed=17:36 eta=72:35:12 val_mrr=NA
[TRAIN] 2026-04-25 10:42:28 step=280/67071 (0.42%) epoch=1/3 epoch_step=280/22357 (1.25%) loss=0.704140 lr=4.41235e-05 elapsed=18:14 eta=72:30:42 val_mrr=NA
[TRAIN] 2026-04-25 10:43:06 step=290/67071 (0.43%) epoch=1/3 epoch_step=290/22357 (1.30%) loss=0.704112 lr=4.44228e-05 elapsed=18:53 eta=72:28:33 val_mrr=NA
[TRAIN] 2026-04-25 10:43:47 step=300/67071 (0.45%) epoch=1/3 epoch_step=300/22357 (1.34%) loss=0.706292 lr=4.47326e-05 elapsed=19:33 eta=72:32:19 val_mrr=NA
[TRAIN] 2026-04-25 10:44:25 step=310/67071 (0.46%) epoch=1/3 epoch_step=310/22357 (1.39%) loss=0.703798 lr=4.50528e-05 elapsed=20:11 eta=72:28:23 val_mrr=NA
[TRAIN] 2026-04-25 10:45:03 step=320/67071 (0.48%) epoch=1/3 epoch_step=320/22357 (1.43%) loss=0.698448 lr=4.53834e-05 elapsed=20:50 eta=72:25:19 val_mrr=NA
[TRAIN] 2026-04-25 10:45:41 step=330/67071 (0.49%) epoch=1/3 epoch_step=330/22357 (1.48%) loss=0.697663 lr=4.57244e-05 elapsed=21:28 eta=72:20:47 val_mrr=NA
[TRAIN] 2026-04-25 10:46:19 step=340/67071 (0.51%) epoch=1/3 epoch_step=340/22357 (1.52%) loss=0.692893 lr=4.60759e-05 elapsed=22:06 eta=72:16:20 val_mrr=NA
[TRAIN] 2026-04-25 10:46:57 step=350/67071 (0.52%) epoch=1/3 epoch_step=350/22357 (1.57%) loss=0.693618 lr=4.64377e-05 elapsed=22:44 eta=72:13:14 val_mrr=NA
[TRAIN] 2026-04-25 10:47:34 step=360/67071 (0.54%) epoch=1/3 epoch_step=360/22357 (1.61%) loss=0.693755 lr=4.681e-05 elapsed=23:21 eta=72:07:00 val_mrr=NA
[TRAIN] 2026-04-25 10:48:12 step=370/67071 (0.55%) epoch=1/3 epoch_step=370/22357 (1.65%) loss=0.691324 lr=4.71926e-05 elapsed=23:59 eta=72:02:54 val_mrr=NA
[TRAIN] 2026-04-25 10:48:50 step=380/67071 (0.57%) epoch=1/3 epoch_step=380/22357 (1.70%) loss=0.694838 lr=4.75856e-05 elapsed=24:36 eta=71:58:23 val_mrr=NA
[TRAIN] 2026-04-25 10:49:28 step=390/67071 (0.58%) epoch=1/3 epoch_step=390/22357 (1.74%) loss=0.685849 lr=4.7989e-05 elapsed=25:14 eta=71:55:25 val_mrr=NA
[TRAIN] 2026-04-25 10:50:08 step=400/67071 (0.60%) epoch=1/3 epoch_step=400/22357 (1.79%) loss=0.690858 lr=4.84027e-05 elapsed=25:55 eta=71:58:59 val_mrr=NA
[TRAIN] 2026-04-25 10:50:46 step=410/67071 (0.61%) epoch=1/3 epoch_step=410/22357 (1.83%) loss=0.679751 lr=4.88268e-05 elapsed=26:32 eta=71:54:50 val_mrr=NA
[TRAIN] 2026-04-25 10:51:24 step=420/67071 (0.63%) epoch=1/3 epoch_step=420/22357 (1.88%) loss=0.681553 lr=4.92612e-05 elapsed=27:10 eta=71:52:13 val_mrr=NA
[TRAIN] 2026-04-25 10:52:02 step=430/67071 (0.64%) epoch=1/3 epoch_step=430/22357 (1.92%) loss=0.684279 lr=4.9706e-05 elapsed=27:49 eta=71:50:59 val_mrr=NA
[TRAIN] 2026-04-25 10:52:40 step=440/67071 (0.66%) epoch=1/3 epoch_step=440/22357 (1.97%) loss=0.678190 lr=5.0161e-05 elapsed=28:27 eta=71:47:25 val_mrr=NA
[TRAIN] 2026-04-25 10:53:19 step=450/67071 (0.67%) epoch=1/3 epoch_step=450/22357 (2.01%) loss=0.679032 lr=5.06264e-05 elapsed=29:05 eta=71:46:39 val_mrr=NA
[TRAIN] 2026-04-25 10:53:57 step=460/67071 (0.69%) epoch=1/3 epoch_step=460/22357 (2.06%) loss=0.679126 lr=5.11021e-05 elapsed=29:44 eta=71:45:17 val_mrr=NA
[TRAIN] 2026-04-25 10:54:35 step=470/67071 (0.70%) epoch=1/3 epoch_step=470/22357 (2.10%) loss=0.680554 lr=5.15881e-05 elapsed=30:21 eta=71:41:40 val_mrr=NA
[TRAIN] 2026-04-25 10:55:12 step=480/67071 (0.72%) epoch=1/3 epoch_step=480/22357 (2.15%) loss=0.666125 lr=5.20843e-05 elapsed=30:59 eta=71:38:14 val_mrr=NA
[TRAIN] 2026-04-25 10:55:50 step=490/67071 (0.73%) epoch=1/3 epoch_step=490/22357 (2.19%) loss=0.675951 lr=5.25909e-05 elapsed=31:37 eta=71:36:16 val_mrr=NA
[STAGE] 2026-04-25 10:56:29 val prep subsets global=50000 art_art=1986 art_any=50000
[STAGE] 2026-04-25 10:56:29 val prep negatives global=50000 art_art=1986 art_any=50000
[STAGE] 2026-04-25 10:56:29 val start step=500 epoch=0 task=relation_ranking subset=global triples=50000 batches=98 eval_batch_size=512
[STAGE] 2026-04-25 11:03:07 val start step=500 epoch=0 task=triple_scoring subset=global triples=50000 batches=98 eval_batch_size=512
[STAGE] 2026-04-25 11:11:32 val start step=500 epoch=0 task=relation_ranking subset=art_art triples=1986 batches=4 eval_batch_size=512
[STAGE] 2026-04-25 11:11:56 val start step=500 epoch=0 task=triple_scoring subset=art_art triples=1986 batches=4 eval_batch_size=512
[STAGE] 2026-04-25 11:12:30 val start step=500 epoch=0 task=relation_ranking subset=art_any triples=50000 batches=98 eval_batch_size=512
[STAGE] 2026-04-25 11:18:42 val start step=500 epoch=0 task=triple_scoring subset=art_any triples=50000 batches=98 eval_batch_size=512
[VAL] 2026-04-25 11:30:19 step=500 epoch=0 mrr=0.854356 aucpr=0.892869 art_art_mrr=0.298309 art_art_aucpr=0.590931 art_any_mrr=0.854591 art_any_aucpr=0.688175
[TRAIN] 2026-04-25 11:30:21 step=500/67071 (0.75%) epoch=1/3 epoch_step=500/22357 (2.24%) loss=0.673406 lr=5.31076e-05 elapsed=01:06:08 eta=146:45:16 val_mrr=0.854356
[TRAIN] 2026-04-25 11:30:59 step=510/67071 (0.76%) epoch=1/3 epoch_step=510/22357 (2.28%) loss=0.659226 lr=5.36347e-05 elapsed=01:06:46 eta=145:13:58 val_mrr=0.854356
[TRAIN] 2026-04-25 11:31:36 step=520/67071 (0.78%) epoch=1/3 epoch_step=520/22357 (2.33%) loss=0.663195 lr=5.41719e-05 elapsed=01:07:22 eta=143:42:47 val_mrr=0.854356
[TRAIN] 2026-04-25 11:32:13 step=530/67071 (0.79%) epoch=1/3 epoch_step=530/22357 (2.37%) loss=0.666510 lr=5.47194e-05 elapsed=01:08:00 eta=142:17:04 val_mrr=0.854356
[TRAIN] 2026-04-25 11:32:51 step=540/67071 (0.81%) epoch=1/3 epoch_step=540/22357 (2.42%) loss=0.664896 lr=5.52771e-05 elapsed=01:08:38 eta=140:56:14 val_mrr=0.854356
[TRAIN] 2026-04-25 11:33:29 step=550/67071 (0.82%) epoch=1/3 epoch_step=550/22357 (2.46%) loss=0.671067 lr=5.5845e-05 elapsed=01:09:16 eta=139:37:28 val_mrr=0.854356
[TRAIN] 2026-04-25 11:34:07 step=560/67071 (0.83%) epoch=1/3 epoch_step=560/22357 (2.50%) loss=0.655370 lr=5.64231e-05 elapsed=01:09:54 eta=138:22:16 val_mrr=0.854356
[TRAIN] 2026-04-25 11:34:46 step=570/67071 (0.85%) epoch=1/3 epoch_step=570/22357 (2.55%) loss=0.668052 lr=5.70113e-05 elapsed=01:10:32 eta=137:09:45 val_mrr=0.854356
[TRAIN] 2026-04-25 11:35:24 step=580/67071 (0.86%) epoch=1/3 epoch_step=580/22357 (2.59%) loss=0.658955 lr=5.76098e-05 elapsed=01:11:11 eta=135:59:31 val_mrr=0.854356
[TRAIN] 2026-04-25 11:36:03 step=590/67071 (0.88%) epoch=1/3 epoch_step=590/22357 (2.64%) loss=0.661698 lr=5.82183e-05 elapsed=01:11:49 eta=134:52:57 val_mrr=0.854356
[TRAIN] 2026-04-25 11:36:44 step=600/67071 (0.89%) epoch=1/3 epoch_step=600/22357 (2.68%) loss=0.666899 lr=5.8837e-05 elapsed=01:12:31 eta=133:53:13 val_mrr=0.854356
[TRAIN] 2026-04-25 11:37:22 step=610/67071 (0.91%) epoch=1/3 epoch_step=610/22357 (2.73%) loss=0.658471 lr=5.94658e-05 elapsed=01:13:09 eta=132:49:41 val_mrr=0.854356
[TRAIN] 2026-04-25 11:38:01 step=620/67071 (0.92%) epoch=1/3 epoch_step=620/22357 (2.77%) loss=0.647687 lr=6.01048e-05 elapsed=01:13:47 eta=131:48:55 val_mrr=0.854356
[TRAIN] 2026-04-25 11:38:39 step=630/67071 (0.94%) epoch=1/3 epoch_step=630/22357 (2.82%) loss=0.660235 lr=6.07538e-05 elapsed=01:14:26 eta=130:49:59 val_mrr=0.854356
[TRAIN] 2026-04-25 11:39:17 step=640/67071 (0.95%) epoch=1/3 epoch_step=640/22357 (2.86%) loss=0.655415 lr=6.14129e-05 elapsed=01:15:04 eta=129:52:01 val_mrr=0.854356
[TRAIN] 2026-04-25 11:39:56 step=650/67071 (0.97%) epoch=1/3 epoch_step=650/22357 (2.91%) loss=0.652575 lr=6.2082e-05 elapsed=01:15:43 eta=128:56:44 val_mrr=0.854356
[TRAIN] 2026-04-25 11:40:34 step=660/67071 (0.98%) epoch=1/3 epoch_step=660/22357 (2.95%) loss=0.656594 lr=6.27613e-05 elapsed=01:16:21 eta=128:02:53 val_mrr=0.854356
[TRAIN] 2026-04-25 11:41:13 step=670/67071 (1.00%) epoch=1/3 epoch_step=670/22357 (3.00%) loss=0.653211 lr=6.34505e-05 elapsed=01:17:00 eta=127:10:27 val_mrr=0.854356
[TRAIN] 2026-04-25 11:41:51 step=680/67071 (1.01%) epoch=1/3 epoch_step=680/22357 (3.04%) loss=0.655560 lr=6.41498e-05 elapsed=01:17:38 eta=126:19:27 val_mrr=0.854356
[TRAIN] 2026-04-25 11:42:30 step=690/67071 (1.03%) epoch=1/3 epoch_step=690/22357 (3.09%) loss=0.654703 lr=6.4859e-05 elapsed=01:18:17 eta=125:30:50 val_mrr=0.854356
[TRAIN] 2026-04-25 11:43:09 step=700/67071 (1.04%) epoch=1/3 epoch_step=700/22357 (3.13%) loss=0.648826 lr=6.55783e-05 elapsed=01:18:56 eta=124:44:21 val_mrr=0.854356
[TRAIN] 2026-04-25 11:43:44 step=710/67071 (1.06%) epoch=1/3 epoch_step=710/22357 (3.18%) loss=0.647285 lr=6.63075e-05 elapsed=01:19:31 eta=123:52:02 val_mrr=0.854356
[TRAIN] 2026-04-25 11:44:20 step=720/67071 (1.07%) epoch=1/3 epoch_step=720/22357 (3.22%) loss=0.637822 lr=6.70467e-05 elapsed=01:20:07 eta=123:02:24 val_mrr=0.854356
[TRAIN] 2026-04-25 11:44:56 step=730/67071 (1.09%) epoch=1/3 epoch_step=730/22357 (3.27%) loss=0.631349 lr=6.77958e-05 elapsed=01:20:42 eta=122:14:31 val_mrr=0.854356
[TRAIN] 2026-04-25 11:45:31 step=740/67071 (1.10%) epoch=1/3 epoch_step=740/22357 (3.31%) loss=0.646814 lr=6.85549e-05 elapsed=01:21:18 eta=121:27:30 val_mrr=0.854356
[TRAIN] 2026-04-25 11:46:06 step=750/67071 (1.12%) epoch=1/3 epoch_step=750/22357 (3.35%) loss=0.638328 lr=6.93239e-05 elapsed=01:21:53 eta=120:41:09 val_mrr=0.854356
[TRAIN] 2026-04-25 11:46:44 step=760/67071 (1.13%) epoch=1/3 epoch_step=760/22357 (3.40%) loss=0.648819 lr=7.01027e-05 elapsed=01:22:31 eta=119:59:57 val_mrr=0.854356
[TRAIN] 2026-04-25 11:47:21 step=770/67071 (1.15%) epoch=1/3 epoch_step=770/22357 (3.44%) loss=0.635455 lr=7.08914e-05 elapsed=01:23:08 eta=119:18:19 val_mrr=0.854356
[TRAIN] 2026-04-25 11:47:59 step=780/67071 (1.16%) epoch=1/3 epoch_step=780/22357 (3.49%) loss=0.629523 lr=7.169e-05 elapsed=01:23:45 eta=118:38:17 val_mrr=0.854356
[TRAIN] 2026-04-25 11:48:38 step=790/67071 (1.18%) epoch=1/3 epoch_step=790/22357 (3.53%) loss=0.640117 lr=7.24984e-05 elapsed=01:24:25 eta=118:02:06 val_mrr=0.854356
[TRAIN] 2026-04-25 11:49:17 step=800/67071 (1.19%) epoch=1/3 epoch_step=800/22357 (3.58%) loss=0.631400 lr=7.33167e-05 elapsed=01:25:04 eta=117:26:59 val_mrr=0.854356
[TRAIN] 2026-04-25 11:49:55 step=810/67071 (1.21%) epoch=1/3 epoch_step=810/22357 (3.62%) loss=0.622253 lr=7.41447e-05 elapsed=01:25:42 eta=116:50:37 val_mrr=0.854356
[TRAIN] 2026-04-25 11:50:33 step=820/67071 (1.22%) epoch=1/3 epoch_step=820/22357 (3.67%) loss=0.633578 lr=7.49825e-05 elapsed=01:26:20 eta=116:15:08 val_mrr=0.854356
[TRAIN] 2026-04-25 11:51:12 step=830/67071 (1.24%) epoch=1/3 epoch_step=830/22357 (3.71%) loss=0.630342 lr=7.58301e-05 elapsed=01:26:59 eta=115:41:30 val_mrr=0.854356
[TRAIN] 2026-04-25 11:51:49 step=840/67071 (1.25%) epoch=1/3 epoch_step=840/22357 (3.76%) loss=0.638084 lr=7.66875e-05 elapsed=01:27:36 eta=115:06:49 val_mrr=0.854356
[TRAIN] 2026-04-25 11:52:27 step=850/67071 (1.27%) epoch=1/3 epoch_step=850/22357 (3.80%) loss=0.638473 lr=7.75546e-05 elapsed=01:28:13 eta=114:33:18 val_mrr=0.854356
[TRAIN] 2026-04-25 11:53:06 step=860/67071 (1.28%) epoch=1/3 epoch_step=860/22357 (3.85%) loss=0.641567 lr=7.84313e-05 elapsed=01:28:53 eta=114:02:29 val_mrr=0.854356
[TRAIN] 2026-04-25 11:53:44 step=870/67071 (1.30%) epoch=1/3 epoch_step=870/22357 (3.89%) loss=0.629129 lr=7.93178e-05 elapsed=01:29:31 eta=113:31:55 val_mrr=0.854356
[TRAIN] 2026-04-25 11:54:22 step=880/67071 (1.31%) epoch=1/3 epoch_step=880/22357 (3.94%) loss=0.625484 lr=8.0214e-05 elapsed=01:30:08 eta=112:59:54 val_mrr=0.854356
[TRAIN] 2026-04-25 11:54:59 step=890/67071 (1.33%) epoch=1/3 epoch_step=890/22357 (3.98%) loss=0.629204 lr=8.11198e-05 elapsed=01:30:46 eta=112:29:00 val_mrr=0.854356
[TRAIN] 2026-04-25 11:55:38 step=900/67071 (1.34%) epoch=1/3 epoch_step=900/22357 (4.03%) loss=0.619378 lr=8.20352e-05 elapsed=01:31:25 eta=112:01:23 val_mrr=0.854356
[TRAIN] 2026-04-25 11:56:16 step=910/67071 (1.36%) epoch=1/3 epoch_step=910/22357 (4.07%) loss=0.622306 lr=8.29602e-05 elapsed=01:32:03 eta=111:32:06 val_mrr=0.854356
[TRAIN] 2026-04-25 11:56:52 step=920/67071 (1.37%) epoch=1/3 epoch_step=920/22357 (4.12%) loss=0.625166 lr=8.38948e-05 elapsed=01:32:39 eta=111:01:32 val_mrr=0.854356
[TRAIN] 2026-04-25 11:57:29 step=930/67071 (1.39%) epoch=1/3 epoch_step=930/22357 (4.16%) loss=0.631447 lr=8.4839e-05 elapsed=01:33:16 eta=110:33:04 val_mrr=0.854356
[TRAIN] 2026-04-25 11:58:06 step=940/67071 (1.40%) epoch=1/3 epoch_step=940/22357 (4.20%) loss=0.627212 lr=8.57928e-05 elapsed=01:33:52 eta=110:04:09 val_mrr=0.854356
[TRAIN] 2026-04-25 11:58:42 step=950/67071 (1.42%) epoch=1/3 epoch_step=950/22357 (4.25%) loss=0.623889 lr=8.67561e-05 elapsed=01:34:29 eta=109:35:34 val_mrr=0.854356
[TRAIN] 2026-04-25 11:59:19 step=960/67071 (1.43%) epoch=1/3 epoch_step=960/22357 (4.29%) loss=0.620237 lr=8.77289e-05 elapsed=01:35:06 eta=109:09:09 val_mrr=0.854356
[TRAIN] 2026-04-25 11:59:57 step=970/67071 (1.45%) epoch=1/3 epoch_step=970/22357 (4.34%) loss=0.620828 lr=8.87111e-05 elapsed=01:35:43 eta=108:43:11 val_mrr=0.854356
[TRAIN] 2026-04-25 12:00:34 step=980/67071 (1.46%) epoch=1/3 epoch_step=980/22357 (4.38%) loss=0.618072 lr=8.97029e-05 elapsed=01:36:20 eta=108:17:15 val_mrr=0.854356
[TRAIN] 2026-04-25 12:01:12 step=990/67071 (1.48%) epoch=1/3 epoch_step=990/22357 (4.43%) loss=0.629973 lr=9.07041e-05 elapsed=01:36:59 eta=107:53:20 val_mrr=0.854356
[STAGE] 2026-04-25 12:01:52 val prep subsets global=50000 art_art=1986 art_any=50000
[STAGE] 2026-04-25 12:01:52 val prep negatives global=50000 art_art=1986 art_any=50000
[STAGE] 2026-04-25 12:01:52 val start step=1000 epoch=0 task=relation_ranking subset=global triples=50000 batches=98 eval_batch_size=512
[STAGE] 2026-04-25 12:08:24 val start step=1000 epoch=0 task=triple_scoring subset=global triples=50000 batches=98 eval_batch_size=512
[STAGE] 2026-04-25 12:17:24 val start step=1000 epoch=0 task=relation_ranking subset=art_art triples=1986 batches=4 eval_batch_size=512
[STAGE] 2026-04-25 12:17:51 val start step=1000 epoch=0 task=triple_scoring subset=art_art triples=1986 batches=4 eval_batch_size=512
[STAGE] 2026-04-25 12:18:27 val start step=1000 epoch=0 task=relation_ranking subset=art_any triples=50000 batches=98 eval_batch_size=512
[STAGE] 2026-04-25 12:25:09 val start step=1000 epoch=0 task=triple_scoring subset=art_any triples=50000 batches=98 eval_batch_size=512
[VAL] 2026-04-25 12:36:34 step=1000 epoch=0 mrr=0.855721 aucpr=0.910346 art_art_mrr=0.322205 art_art_aucpr=0.629172 art_any_mrr=0.857565 art_any_aucpr=0.738923
[TRAIN] 2026-04-25 12:36:37 step=1000/67071 (1.49%) epoch=1/3 epoch_step=1000/22357 (4.47%) loss=0.613663 lr=9.17147e-05 elapsed=02:12:24 eta=145:47:16 val_mrr=0.855721
[TRAIN] 2026-04-25 12:37:13 step=1010/67071 (1.51%) epoch=1/3 epoch_step=1010/22357 (4.52%) loss=0.611069 lr=9.27347e-05 elapsed=02:13:00 eta=144:58:59 val_mrr=0.855721
[TRAIN] 2026-04-25 12:37:49 step=1020/67071 (1.52%) epoch=1/3 epoch_step=1020/22357 (4.56%) loss=0.613177 lr=9.37641e-05 elapsed=02:13:36 eta=144:11:19 val_mrr=0.855721
[TRAIN] 2026-04-25 12:38:26 step=1030/67071 (1.54%) epoch=1/3 epoch_step=1030/22357 (4.61%) loss=0.618908 lr=9.48028e-05 elapsed=02:14:13 eta=143:25:13 val_mrr=0.855721
[TRAIN] 2026-04-25 12:39:03 step=1040/67071 (1.55%) epoch=1/3 epoch_step=1040/22357 (4.65%) loss=0.620435 lr=9.58509e-05 elapsed=02:14:50 eta=142:40:43 val_mrr=0.855721
[TRAIN] 2026-04-25 12:39:40 step=1050/67071 (1.57%) epoch=1/3 epoch_step=1050/22357 (4.70%) loss=0.614963 lr=9.69082e-05 elapsed=02:15:27 eta=141:56:16 val_mrr=0.855721
[TRAIN] 2026-04-25 12:40:16 step=1060/67071 (1.58%) epoch=1/3 epoch_step=1060/22357 (4.74%) loss=0.606447 lr=9.79749e-05 elapsed=02:16:03 eta=141:12:08 val_mrr=0.855721
[TRAIN] 2026-04-25 12:40:53 step=1070/67071 (1.60%) epoch=1/3 epoch_step=1070/22357 (4.79%) loss=0.616738 lr=9.90508e-05 elapsed=02:16:40 eta=140:29:54 val_mrr=0.855721
[TRAIN] 2026-04-25 12:41:30 step=1080/67071 (1.61%) epoch=1/3 epoch_step=1080/22357 (4.83%) loss=0.600011 lr=0.000100136 elapsed=02:17:17 eta=139:48:32 val_mrr=0.855721
[TRAIN] 2026-04-25 12:42:08 step=1090/67071 (1.63%) epoch=1/3 epoch_step=1090/22357 (4.88%) loss=0.612760 lr=0.00010123 elapsed=02:17:55 eta=139:08:01 val_mrr=0.855721
[TRAIN] 2026-04-25 12:42:48 step=1100/67071 (1.64%) epoch=1/3 epoch_step=1100/22357 (4.92%) loss=0.604289 lr=0.000102334 elapsed=02:18:34 eta=138:30:50 val_mrr=0.855721
[TRAIN] 2026-04-25 12:43:27 step=1110/67071 (1.65%) epoch=1/3 epoch_step=1110/22357 (4.96%) loss=0.604014 lr=0.000103447 elapsed=02:19:14 eta=137:53:41 val_mrr=0.855721
[TRAIN] 2026-04-25 12:44:05 step=1120/67071 (1.67%) epoch=1/3 epoch_step=1120/22357 (5.01%) loss=0.604842 lr=0.000104569 elapsed=02:19:51 eta=137:15:31 val_mrr=0.855721
[TRAIN] 2026-04-25 12:44:41 step=1130/67071 (1.68%) epoch=1/3 epoch_step=1130/22357 (5.05%) loss=0.610290 lr=0.0001057 elapsed=02:20:28 eta=136:36:44 val_mrr=0.855721
[TRAIN] 2026-04-25 12:45:18 step=1140/67071 (1.70%) epoch=1/3 epoch_step=1140/22357 (5.10%) loss=0.612388 lr=0.00010684 elapsed=02:21:05 eta=135:59:30 val_mrr=0.855721
[TRAIN] 2026-04-25 12:45:54 step=1150/67071 (1.71%) epoch=1/3 epoch_step=1150/22357 (5.14%) loss=0.588992 lr=0.000107989 elapsed=02:21:41 eta=135:21:46 val_mrr=0.855721
[TRAIN] 2026-04-25 12:46:31 step=1160/67071 (1.73%) epoch=1/3 epoch_step=1160/22357 (5.19%) loss=0.606428 lr=0.000109147 elapsed=02:22:18 eta=134:45:05 val_mrr=0.855721
[TRAIN] 2026-04-25 12:47:08 step=1170/67071 (1.74%) epoch=1/3 epoch_step=1170/22357 (5.23%) loss=0.611828 lr=0.000110314 elapsed=02:22:54 eta=134:09:17 val_mrr=0.855721
[TRAIN] 2026-04-25 12:47:44 step=1180/67071 (1.76%) epoch=1/3 epoch_step=1180/22357 (5.28%) loss=0.589755 lr=0.00011149 elapsed=02:23:31 eta=133:33:59 val_mrr=0.855721
[TRAIN] 2026-04-25 12:48:21 step=1190/67071 (1.77%) epoch=1/3 epoch_step=1190/22357 (5.32%) loss=0.606329 lr=0.000112676 elapsed=02:24:08 eta=132:59:09 val_mrr=0.855721
[TRAIN] 2026-04-25 12:48:59 step=1200/67071 (1.79%) epoch=1/3 epoch_step=1200/22357 (5.37%) loss=0.599794 lr=0.00011387 elapsed=02:24:45 eta=132:26:05 val_mrr=0.855721
[TRAIN] 2026-04-25 12:49:35 step=1210/67071 (1.80%) epoch=1/3 epoch_step=1210/22357 (5.41%) loss=0.603459 lr=0.000115073 elapsed=02:25:22 eta=131:52:27 val_mrr=0.855721
[TRAIN] 2026-04-25 12:50:10 step=1220/67071 (1.82%) epoch=1/3 epoch_step=1220/22357 (5.46%) loss=0.598198 lr=0.000116285 elapsed=02:25:57 eta=131:17:55 val_mrr=0.855721
[TRAIN] 2026-04-25 12:50:47 step=1230/67071 (1.83%) epoch=1/3 epoch_step=1230/22357 (5.50%) loss=0.595782 lr=0.000117505 elapsed=02:26:34 eta=130:45:26 val_mrr=0.855721
[TRAIN] 2026-04-25 12:51:24 step=1240/67071 (1.85%) epoch=1/3 epoch_step=1240/22357 (5.55%) loss=0.594361 lr=0.000118735 elapsed=02:27:11 eta=130:13:37 val_mrr=0.855721
[TRAIN] 2026-04-25 12:52:02 step=1250/67071 (1.86%) epoch=1/3 epoch_step=1250/22357 (5.59%) loss=0.591907 lr=0.000119973 elapsed=02:27:49 eta=129:43:33 val_mrr=0.855721
[TRAIN] 2026-04-25 12:52:40 step=1260/67071 (1.88%) epoch=1/3 epoch_step=1260/22357 (5.64%) loss=0.594059 lr=0.00012122 elapsed=02:28:26 eta=129:13:11 val_mrr=0.855721
[TRAIN] 2026-04-25 12:53:17 step=1270/67071 (1.89%) epoch=1/3 epoch_step=1270/22357 (5.68%) loss=0.598681 lr=0.000122476 elapsed=02:29:04 eta=128:43:22 val_mrr=0.855721
[TRAIN] 2026-04-25 12:53:55 step=1280/67071 (1.91%) epoch=1/3 epoch_step=1280/22357 (5.73%) loss=0.591796 lr=0.000123741 elapsed=02:29:41 eta=128:13:55 val_mrr=0.855721
[TRAIN] 2026-04-25 12:54:33 step=1290/67071 (1.92%) epoch=1/3 epoch_step=1290/22357 (5.77%) loss=0.587884 lr=0.000125014 elapsed=02:30:19 eta=127:45:27 val_mrr=0.855721
[TRAIN] 2026-04-25 12:55:14 step=1300/67071 (1.94%) epoch=1/3 epoch_step=1300/22357 (5.81%) loss=0.580404 lr=0.000126296 elapsed=02:31:00 eta=127:19:56 val_mrr=0.855721
[TRAIN] 2026-04-25 12:55:51 step=1310/67071 (1.95%) epoch=1/3 epoch_step=1310/22357 (5.86%) loss=0.594718 lr=0.000127587 elapsed=02:31:37 eta=126:51:15 val_mrr=0.855721
[TRAIN] 2026-04-25 12:56:27 step=1320/67071 (1.97%) epoch=1/3 epoch_step=1320/22357 (5.90%) loss=0.579129 lr=0.000128886 elapsed=02:32:14 eta=126:22:42 val_mrr=0.855721
[TRAIN] 2026-04-25 12:57:06 step=1330/67071 (1.98%) epoch=1/3 epoch_step=1330/22357 (5.95%) loss=0.592061 lr=0.000130194 elapsed=02:32:52 eta=125:56:20 val_mrr=0.855721
[TRAIN] 2026-04-25 12:57:47 step=1340/67071 (2.00%) epoch=1/3 epoch_step=1340/22357 (5.99%) loss=0.584607 lr=0.000131511 elapsed=02:33:34 eta=125:32:36 val_mrr=0.855721
[TRAIN] 2026-04-25 12:58:27 step=1350/67071 (2.01%) epoch=1/3 epoch_step=1350/22357 (6.04%) loss=0.582711 lr=0.000132836 elapsed=02:34:14 eta=125:08:07 val_mrr=0.855721
[TRAIN] 2026-04-25 12:59:07 step=1360/67071 (2.03%) epoch=1/3 epoch_step=1360/22357 (6.08%) loss=0.594004 lr=0.000134169 elapsed=02:34:54 eta=124:44:04 val_mrr=0.855721
[TRAIN] 2026-04-25 12:59:45 step=1370/67071 (2.04%) epoch=1/3 epoch_step=1370/22357 (6.13%) loss=0.582944 lr=0.000135511 elapsed=02:35:32 eta=124:18:58 val_mrr=0.855721
[TRAIN] 2026-04-25 13:00:23 step=1380/67071 (2.06%) epoch=1/3 epoch_step=1380/22357 (6.17%) loss=0.586677 lr=0.000136861 elapsed=02:36:10 eta=123:53:43 val_mrr=0.855721
[TRAIN] 2026-04-25 13:01:01 step=1390/67071 (2.07%) epoch=1/3 epoch_step=1390/22357 (6.22%) loss=0.586593 lr=0.00013822 elapsed=02:36:48 eta=123:28:52 val_mrr=0.855721
[TRAIN] 2026-04-25 13:01:39 step=1400/67071 (2.09%) epoch=1/3 epoch_step=1400/22357 (6.26%) loss=0.574194 lr=0.000139587 elapsed=02:37:26 eta=123:04:41 val_mrr=0.855721
[TRAIN] 2026-04-25 13:02:14 step=1410/67071 (2.10%) epoch=1/3 epoch_step=1410/22357 (6.31%) loss=0.579148 lr=0.000140963 elapsed=02:38:01 eta=122:38:28 val_mrr=0.855721
[TRAIN] 2026-04-25 13:02:52 step=1420/67071 (2.12%) epoch=1/3 epoch_step=1420/22357 (6.35%) loss=0.587152 lr=0.000142346 elapsed=02:38:39 eta=122:14:34 val_mrr=0.855721
[TRAIN] 2026-04-25 13:03:31 step=1430/67071 (2.13%) epoch=1/3 epoch_step=1430/22357 (6.40%) loss=0.572583 lr=0.000143739 elapsed=02:39:18 eta=121:52:21 val_mrr=0.855721
[TRAIN] 2026-04-25 13:04:10 step=1440/67071 (2.15%) epoch=1/3 epoch_step=1440/22357 (6.44%) loss=0.574307 lr=0.000145139 elapsed=02:39:57 eta=121:30:13 val_mrr=0.855721
[TRAIN] 2026-04-25 13:04:48 step=1450/67071 (2.16%) epoch=1/3 epoch_step=1450/22357 (6.49%) loss=0.585587 lr=0.000146547 elapsed=02:40:35 eta=121:07:05 val_mrr=0.855721
[TRAIN] 2026-04-25 13:05:26 step=1460/67071 (2.18%) epoch=1/3 epoch_step=1460/22357 (6.53%) loss=0.585718 lr=0.000147964 elapsed=02:41:13 eta=120:44:39 val_mrr=0.855721
[TRAIN] 2026-04-25 13:06:05 step=1470/67071 (2.19%) epoch=1/3 epoch_step=1470/22357 (6.58%) loss=0.583825 lr=0.000149389 elapsed=02:41:52 eta=120:23:36 val_mrr=0.855721
[TRAIN] 2026-04-25 13:06:45 step=1480/67071 (2.21%) epoch=1/3 epoch_step=1480/22357 (6.62%) loss=0.579212 lr=0.000150822 elapsed=02:42:31 eta=120:02:49 val_mrr=0.855721
[TRAIN] 2026-04-25 13:07:25 step=1490/67071 (2.22%) epoch=1/3 epoch_step=1490/22357 (6.66%) loss=0.573008 lr=0.000152263 elapsed=02:43:11 eta=119:42:34 val_mrr=0.855721
[STAGE] 2026-04-25 13:08:05 val prep subsets global=50000 art_art=1986 art_any=50000
[STAGE] 2026-04-25 13:08:05 val prep negatives global=50000 art_art=1986 art_any=50000
[STAGE] 2026-04-25 13:08:05 val start step=1500 epoch=0 task=relation_ranking subset=global triples=50000 batches=98 eval_batch_size=512
[STAGE] 2026-04-25 13:14:43 val start step=1500 epoch=0 task=triple_scoring subset=global triples=50000 batches=98 eval_batch_size=512
[STAGE] 2026-04-25 13:23:22 val start step=1500 epoch=0 task=relation_ranking subset=art_art triples=1986 batches=4 eval_batch_size=512
[STAGE] 2026-04-25 13:23:47 val start step=1500 epoch=0 task=triple_scoring subset=art_art triples=1986 batches=4 eval_batch_size=512
[STAGE] 2026-04-25 13:24:21 val start step=1500 epoch=0 task=relation_ranking subset=art_any triples=50000 batches=98 eval_batch_size=512
[STAGE] 2026-04-25 13:30:59 val start step=1500 epoch=0 task=triple_scoring subset=art_any triples=50000 batches=98 eval_batch_size=512
[VAL] 2026-04-25 13:43:07 step=1500 epoch=0 mrr=0.849590 aucpr=0.909497 art_art_mrr=0.288258 art_art_aucpr=0.600719 art_any_mrr=0.849520 art_any_aucpr=0.733565
[TRAIN] 2026-04-25 13:43:09 step=1500/67071 (2.24%) epoch=1/3 epoch_step=1500/22357 (6.71%) loss=0.592429 lr=0.000153713 elapsed=03:18:55 eta=144:55:40 val_mrr=0.855721
[TRAIN] 2026-04-25 13:43:49 step=1510/67071 (2.25%) epoch=1/3 epoch_step=1510/22357 (6.75%) loss=0.585591 lr=0.00015517 elapsed=03:19:36 eta=144:26:06 val_mrr=0.855721
[TRAIN] 2026-04-25 13:44:29 step=1520/67071 (2.27%) epoch=1/3 epoch_step=1520/22357 (6.80%) loss=0.578285 lr=0.000156635 elapsed=03:20:16 eta=143:56:41 val_mrr=0.855721
[TRAIN] 2026-04-25 13:45:08 step=1530/67071 (2.28%) epoch=1/3 epoch_step=1530/22357 (6.84%) loss=0.574388 lr=0.000158108 elapsed=03:20:55 eta=143:26:33 val_mrr=0.855721
[TRAIN] 2026-04-25 13:45:48 step=1540/67071 (2.30%) epoch=1/3 epoch_step=1540/22357 (6.89%) loss=0.578966 lr=0.00015959 elapsed=03:21:35 eta=142:57:34 val_mrr=0.855721
[TRAIN] 2026-04-25 13:46:29 step=1550/67071 (2.31%) epoch=1/3 epoch_step=1550/22357 (6.93%) loss=0.571029 lr=0.000161079 elapsed=03:22:16 eta=142:29:50 val_mrr=0.855721
[TRAIN] 2026-04-25 13:47:09 step=1560/67071 (2.33%) epoch=1/3 epoch_step=1560/22357 (6.98%) loss=0.583580 lr=0.000162576 elapsed=03:22:55 eta=142:01:36 val_mrr=0.855721
[TRAIN] 2026-04-25 13:47:49 step=1570/67071 (2.34%) epoch=1/3 epoch_step=1570/22357 (7.02%) loss=0.575095 lr=0.00016408 elapsed=03:23:36 eta=141:34:26 val_mrr=0.855721
[TRAIN] 2026-04-25 13:48:31 step=1580/67071 (2.36%) epoch=1/3 epoch_step=1580/22357 (7.07%) loss=0.574650 lr=0.000165593 elapsed=03:24:17 eta=141:07:49 val_mrr=0.855721
[TRAIN] 2026-04-25 13:49:11 step=1590/67071 (2.37%) epoch=1/3 epoch_step=1590/22357 (7.11%) loss=0.563467 lr=0.000167114 elapsed=03:24:58 eta=140:40:50 val_mrr=0.855721
[TRAIN] 2026-04-25 13:49:53 step=1600/67071 (2.39%) epoch=1/3 epoch_step=1600/22357 (7.16%) loss=0.576947 lr=0.000168642 elapsed=03:25:40 eta=140:15:36 val_mrr=0.855721
[TRAIN] 2026-04-25 13:50:34 step=1610/67071 (2.40%) epoch=1/3 epoch_step=1610/22357 (7.20%) loss=0.571956 lr=0.000170178 elapsed=03:26:21 eta=139:49:40 val_mrr=0.855721
[TRAIN] 2026-04-25 13:51:15 step=1620/67071 (2.42%) epoch=1/3 epoch_step=1620/22357 (7.25%) loss=0.561295 lr=0.000171721 elapsed=03:27:01 eta=139:24:03 val_mrr=0.855721
[TRAIN] 2026-04-25 13:51:54 step=1630/67071 (2.43%) epoch=1/3 epoch_step=1630/22357 (7.29%) loss=0.567347 lr=0.000173272 elapsed=03:27:41 eta=138:58:10 val_mrr=0.855721
[TRAIN] 2026-04-25 13:52:34 step=1640/67071 (2.45%) epoch=1/3 epoch_step=1640/22357 (7.34%) loss=0.567833 lr=0.000174831 elapsed=03:28:20 eta=138:32:08 val_mrr=0.855721
[TRAIN] 2026-04-25 13:53:13 step=1650/67071 (2.46%) epoch=1/3 epoch_step=1650/22357 (7.38%) loss=0.559388 lr=0.000176397 elapsed=03:29:00 eta=138:06:30 val_mrr=0.855721
[TRAIN] 2026-04-25 13:53:52 step=1660/67071 (2.47%) epoch=1/3 epoch_step=1660/22357 (7.42%) loss=0.569663 lr=0.000177971 elapsed=03:29:39 eta=137:40:49 val_mrr=0.855721
[TRAIN] 2026-04-25 13:54:31 step=1670/67071 (2.49%) epoch=1/3 epoch_step=1670/22357 (7.47%) loss=0.579377 lr=0.000179553 elapsed=03:30:18 eta=137:15:47 val_mrr=0.855721
[TRAIN] 2026-04-25 13:55:11 step=1680/67071 (2.50%) epoch=1/3 epoch_step=1680/22357 (7.51%) loss=0.568961 lr=0.000181142 elapsed=03:30:58 eta=136:51:37 val_mrr=0.855721
[TRAIN] 2026-04-25 13:55:50 step=1690/67071 (2.52%) epoch=1/3 epoch_step=1690/22357 (7.56%) loss=0.581582 lr=0.000182738 elapsed=03:31:36 eta=136:26:26 val_mrr=0.855721
[TRAIN] 2026-04-25 13:56:31 step=1700/67071 (2.53%) epoch=1/3 epoch_step=1700/22357 (7.60%) loss=0.579555 lr=0.000184342 elapsed=03:32:18 eta=136:03:35 val_mrr=0.855721
[TRAIN] 2026-04-25 13:57:11 step=1710/67071 (2.55%) epoch=1/3 epoch_step=1710/22357 (7.65%) loss=0.552995 lr=0.000185953 elapsed=03:32:58 eta=135:39:52 val_mrr=0.855721
[TRAIN] 2026-04-25 13:57:51 step=1720/67071 (2.56%) epoch=1/3 epoch_step=1720/22357 (7.69%) loss=0.567099 lr=0.000187571 elapsed=03:33:38 eta=135:17:04 val_mrr=0.855721
[TRAIN] 2026-04-25 13:58:31 step=1730/67071 (2.58%) epoch=1/3 epoch_step=1730/22357 (7.74%) loss=0.572901 lr=0.000189197 elapsed=03:34:17 eta=134:53:39 val_mrr=0.855721
[TRAIN] 2026-04-25 13:59:11 step=1740/67071 (2.59%) epoch=1/3 epoch_step=1740/22357 (7.78%) loss=0.565165 lr=0.00019083 elapsed=03:34:58 eta=134:31:05 val_mrr=0.855721
[TRAIN] 2026-04-25 13:59:51 step=1750/67071 (2.61%) epoch=1/3 epoch_step=1750/22357 (7.83%) loss=0.577138 lr=0.00019247 elapsed=03:35:37 eta=134:08:25 val_mrr=0.855721
[TRAIN] 2026-04-25 14:00:30 step=1760/67071 (2.62%) epoch=1/3 epoch_step=1760/22357 (7.87%) loss=0.571143 lr=0.000194118 elapsed=03:36:17 eta=133:46:03 val_mrr=0.855721
[TRAIN] 2026-04-25 14:01:09 step=1770/67071 (2.64%) epoch=1/3 epoch_step=1770/22357 (7.92%) loss=0.571615 lr=0.000195772 elapsed=03:36:55 eta=133:23:00 val_mrr=0.855721
[TRAIN] 2026-04-25 14:01:47 step=1780/67071 (2.65%) epoch=1/3 epoch_step=1780/22357 (7.96%) loss=0.559979 lr=0.000197434 elapsed=03:37:33 eta=133:00:04 val_mrr=0.855721
[TRAIN] 2026-04-25 14:02:26 step=1790/67071 (2.67%) epoch=1/3 epoch_step=1790/22357 (8.01%) loss=0.564157 lr=0.000199103 elapsed=03:38:12 eta=132:37:57 val_mrr=0.855721
[TRAIN] 2026-04-25 14:03:06 step=1800/67071 (2.68%) epoch=1/3 epoch_step=1800/22357 (8.05%) loss=0.556286 lr=0.000200778 elapsed=03:38:53 eta=132:17:03 val_mrr=0.855721
[TRAIN] 2026-04-25 14:03:44 step=1810/67071 (2.70%) epoch=1/3 epoch_step=1810/22357 (8.10%) loss=0.571403 lr=0.000202461 elapsed=03:39:31 eta=131:54:48 val_mrr=0.855721
[TRAIN] 2026-04-25 14:04:23 step=1820/67071 (2.71%) epoch=1/3 epoch_step=1820/22357 (8.14%) loss=0.555893 lr=0.000204151 elapsed=03:40:10 eta=131:33:26 val_mrr=0.855721
[TRAIN] 2026-04-25 14:05:02 step=1830/67071 (2.73%) epoch=1/3 epoch_step=1830/22357 (8.19%) loss=0.564664 lr=0.000205848 elapsed=03:40:49 eta=131:12:06 val_mrr=0.855721
[TRAIN] 2026-04-25 14:05:40 step=1840/67071 (2.74%) epoch=1/3 epoch_step=1840/22357 (8.23%) loss=0.555511 lr=0.000207551 elapsed=03:41:27 eta=130:50:37 val_mrr=0.855721
[TRAIN] 2026-04-25 14:06:18 step=1850/67071 (2.76%) epoch=1/3 epoch_step=1850/22357 (8.27%) loss=0.564039 lr=0.000209262 elapsed=03:42:05 eta=130:29:27 val_mrr=0.855721
[TRAIN] 2026-04-25 14:06:57 step=1860/67071 (2.77%) epoch=1/3 epoch_step=1860/22357 (8.32%) loss=0.560266 lr=0.000210979 elapsed=03:42:44 eta=130:09:00 val_mrr=0.855721
[TRAIN] 2026-04-25 14:07:36 step=1870/67071 (2.79%) epoch=1/3 epoch_step=1870/22357 (8.36%) loss=0.556402 lr=0.000212703 elapsed=03:43:23 eta=129:48:34 val_mrr=0.855721
[TRAIN] 2026-04-25 14:08:16 step=1880/67071 (2.80%) epoch=1/3 epoch_step=1880/22357 (8.41%) loss=0.552438 lr=0.000214434 elapsed=03:44:02 eta=129:28:52 val_mrr=0.855721
[TRAIN] 2026-04-25 14:08:55 step=1890/67071 (2.82%) epoch=1/3 epoch_step=1890/22357 (8.45%) loss=0.565907 lr=0.000216171 elapsed=03:44:42 eta=129:09:13 val_mrr=0.855721
[TRAIN] 2026-04-25 14:09:35 step=1900/67071 (2.83%) epoch=1/3 epoch_step=1900/22357 (8.50%) loss=0.554854 lr=0.000217915 elapsed=03:45:22 eta=128:50:20 val_mrr=0.855721
[TRAIN] 2026-04-25 14:10:15 step=1910/67071 (2.85%) epoch=1/3 epoch_step=1910/22357 (8.54%) loss=0.567829 lr=0.000219666 elapsed=03:46:01 eta=128:30:56 val_mrr=0.855721
[TRAIN] 2026-04-25 14:10:53 step=1920/67071 (2.86%) epoch=1/3 epoch_step=1920/22357 (8.59%) loss=0.555149 lr=0.000221424 elapsed=03:46:40 eta=128:11:28 val_mrr=0.855721
[TRAIN] 2026-04-25 14:11:33 step=1930/67071 (2.88%) epoch=1/3 epoch_step=1930/22357 (8.63%) loss=0.564703 lr=0.000223188 elapsed=03:47:19 eta=127:52:36 val_mrr=0.855721
[TRAIN] 2026-04-25 14:12:12 step=1940/67071 (2.89%) epoch=1/3 epoch_step=1940/22357 (8.68%) loss=0.546429 lr=0.000224958 elapsed=03:47:59 eta=127:34:02 val_mrr=0.855721
[TRAIN] 2026-04-25 14:12:52 step=1950/67071 (2.91%) epoch=1/3 epoch_step=1950/22357 (8.72%) loss=0.552870 lr=0.000226735 elapsed=03:48:39 eta=127:15:37 val_mrr=0.855721
[TRAIN] 2026-04-25 14:13:30 step=1960/67071 (2.92%) epoch=1/3 epoch_step=1960/22357 (8.77%) loss=0.561723 lr=0.000228518 elapsed=03:49:16 eta=126:56:26 val_mrr=0.855721
[TRAIN] 2026-04-25 14:14:07 step=1970/67071 (2.94%) epoch=1/3 epoch_step=1970/22357 (8.81%) loss=0.548659 lr=0.000230308 elapsed=03:49:54 eta=126:37:21 val_mrr=0.855721
[TRAIN] 2026-04-25 14:14:44 step=1980/67071 (2.95%) epoch=1/3 epoch_step=1980/22357 (8.86%) loss=0.574175 lr=0.000232104 elapsed=03:50:31 eta=126:18:04 val_mrr=0.855721
[TRAIN] 2026-04-25 14:15:21 step=1990/67071 (2.97%) epoch=1/3 epoch_step=1990/22357 (8.90%) loss=0.561666 lr=0.000233907 elapsed=03:51:08 eta=125:59:01 val_mrr=0.855721
[STAGE] 2026-04-25 14:15:59 val prep subsets global=50000 art_art=1986 art_any=50000
[STAGE] 2026-04-25 14:15:59 val prep negatives global=50000 art_art=1986 art_any=50000
[STAGE] 2026-04-25 14:15:59 val start step=2000 epoch=0 task=relation_ranking subset=global triples=50000 batches=98 eval_batch_size=512
[STAGE] 2026-04-25 14:22:22 val start step=2000 epoch=0 task=triple_scoring subset=global triples=50000 batches=98 eval_batch_size=512
[STAGE] 2026-04-25 14:30:19 val start step=2000 epoch=0 task=relation_ranking subset=art_art triples=1986 batches=4 eval_batch_size=512
[STAGE] 2026-04-25 14:30:42 val start step=2000 epoch=0 task=triple_scoring subset=art_art triples=1986 batches=4 eval_batch_size=512
[STAGE] 2026-04-25 14:31:12 val start step=2000 epoch=0 task=relation_ranking subset=art_any triples=50000 batches=98 eval_batch_size=512
[STAGE] 2026-04-25 14:37:20 val start step=2000 epoch=0 task=triple_scoring subset=art_any triples=50000 batches=98 eval_batch_size=512
[VAL] 2026-04-25 14:48:36 step=2000 epoch=0 mrr=0.816752 aucpr=0.901927 art_art_mrr=0.288212 art_art_aucpr=0.601157 art_any_mrr=0.818886 art_any_aucpr=0.725710
[TRAIN] 2026-04-25 14:48:38 step=2000/67071 (2.98%) epoch=1/3 epoch_step=2000/22357 (8.95%) loss=0.552031 lr=0.000235715 elapsed=04:24:25 eta=143:22:42 val_mrr=0.855721
[TRAIN] 2026-04-25 14:49:14 step=2010/67071 (3.00%) epoch=1/3 epoch_step=2010/22357 (8.99%) loss=0.562062 lr=0.00023753 elapsed=04:25:01 eta=142:58:08 val_mrr=0.855721
[TRAIN] 2026-04-25 14:49:50 step=2020/67071 (3.01%) epoch=1/3 epoch_step=2020/22357 (9.04%) loss=0.554916 lr=0.000239351 elapsed=04:25:37 eta=142:33:45 val_mrr=0.855721
[TRAIN] 2026-04-25 14:50:26 step=2030/67071 (3.03%) epoch=1/3 epoch_step=2030/22357 (9.08%) loss=0.555777 lr=0.000241179 elapsed=04:26:13 eta=142:09:29 val_mrr=0.855721
[TRAIN] 2026-04-25 14:51:02 step=2040/67071 (3.04%) epoch=1/3 epoch_step=2040/22357 (9.12%) loss=0.562779 lr=0.000243012 elapsed=04:26:48 eta=141:45:15 val_mrr=0.855721
[TRAIN] 2026-04-25 14:51:39 step=2050/67071 (3.06%) epoch=1/3 epoch_step=2050/22357 (9.17%) loss=0.567822 lr=0.000244852 elapsed=04:27:26 eta=141:22:14 val_mrr=0.855721
[TRAIN] 2026-04-25 14:52:15 step=2060/67071 (3.07%) epoch=1/3 epoch_step=2060/22357 (9.21%) loss=0.557143 lr=0.000246697 elapsed=04:28:02 eta=140:58:53 val_mrr=0.855721
[TRAIN] 2026-04-25 14:52:52 step=2070/67071 (3.09%) epoch=1/3 epoch_step=2070/22357 (9.26%) loss=0.564878 lr=0.000248549 elapsed=04:28:39 eta=140:35:57 val_mrr=0.855721
[TRAIN] 2026-04-25 14:53:28 step=2080/67071 (3.10%) epoch=1/3 epoch_step=2080/22357 (9.30%) loss=0.547174 lr=0.000250406 elapsed=04:29:15 eta=140:12:50 val_mrr=0.855721
[TRAIN] 2026-04-25 14:54:04 step=2090/67071 (3.12%) epoch=1/3 epoch_step=2090/22357 (9.35%) loss=0.562646 lr=0.00025227 elapsed=04:29:50 eta=139:49:39 val_mrr=0.855721
[TRAIN] 2026-04-25 14:54:41 step=2100/67071 (3.13%) epoch=1/3 epoch_step=2100/22357 (9.39%) loss=0.566066 lr=0.000254139 elapsed=04:30:28 eta=139:27:48 val_mrr=0.855721
[TRAIN] 2026-04-25 14:55:17 step=2110/67071 (3.15%) epoch=1/3 epoch_step=2110/22357 (9.44%) loss=0.561024 lr=0.000256014 elapsed=04:31:04 eta=139:05:22 val_mrr=0.855721
[TRAIN] 2026-04-25 14:55:54 step=2120/67071 (3.16%) epoch=1/3 epoch_step=2120/22357 (9.48%) loss=0.568602 lr=0.000257895 elapsed=04:31:40 eta=138:43:16 val_mrr=0.855721
[TRAIN] 2026-04-25 14:56:29 step=2130/67071 (3.18%) epoch=1/3 epoch_step=2130/22357 (9.53%) loss=0.561444 lr=0.000259782 elapsed=04:32:16 eta=138:20:56 val_mrr=0.855721
[TRAIN] 2026-04-25 14:57:05 step=2140/67071 (3.19%) epoch=1/3 epoch_step=2140/22357 (9.57%) loss=0.561737 lr=0.000261674 elapsed=04:32:52 eta=137:59:16 val_mrr=0.855721
[TRAIN] 2026-04-25 14:57:42 step=2150/67071 (3.21%) epoch=1/3 epoch_step=2150/22357 (9.62%) loss=0.557155 lr=0.000263572 elapsed=04:33:29 eta=137:37:56 val_mrr=0.855721
[TRAIN] 2026-04-25 14:58:19 step=2160/67071 (3.22%) epoch=1/3 epoch_step=2160/22357 (9.66%) loss=0.566766 lr=0.000265476 elapsed=04:34:05 eta=137:16:47 val_mrr=0.855721
[TRAIN] 2026-04-25 14:58:56 step=2170/67071 (3.24%) epoch=1/3 epoch_step=2170/22357 (9.71%) loss=0.549083 lr=0.000267385 elapsed=04:34:42 eta=136:55:58 val_mrr=0.855721
[TRAIN] 2026-04-25 14:59:31 step=2180/67071 (3.25%) epoch=1/3 epoch_step=2180/22357 (9.75%) loss=0.560814 lr=0.0002693 elapsed=04:35:18 eta=136:34:51 val_mrr=0.855721
[TRAIN] 2026-04-25 15:00:09 step=2190/67071 (3.27%) epoch=1/3 epoch_step=2190/22357 (9.80%) loss=0.551580 lr=0.00027122 elapsed=04:35:56 eta=136:14:50 val_mrr=0.855721
[TRAIN] 2026-04-25 15:00:46 step=2200/67071 (3.28%) epoch=1/3 epoch_step=2200/22357 (9.84%) loss=0.555505 lr=0.000273146 elapsed=04:36:32 eta=135:54:17 val_mrr=0.855721
[TRAIN] 2026-04-25 15:01:22 step=2210/67071 (3.30%) epoch=1/3 epoch_step=2210/22357 (9.89%) loss=0.555456 lr=0.000275077 elapsed=04:37:09 eta=135:34:06 val_mrr=0.855721
[TRAIN] 2026-04-25 15:02:01 step=2220/67071 (3.31%) epoch=1/3 epoch_step=2220/22357 (9.93%) loss=0.560194 lr=0.000277014 elapsed=04:37:48 eta=135:14:59 val_mrr=0.855721
[TRAIN] 2026-04-25 15:02:40 step=2230/67071 (3.32%) epoch=1/3 epoch_step=2230/22357 (9.97%) loss=0.545734 lr=0.000278956 elapsed=04:38:26 eta=134:56:09 val_mrr=0.855721
[TRAIN] 2026-04-25 15:03:17 step=2240/67071 (3.34%) epoch=1/3 epoch_step=2240/22357 (10.02%) loss=0.552148 lr=0.000280903 elapsed=04:39:04 eta=134:36:44 val_mrr=0.855721
[TRAIN] 2026-04-25 15:03:54 step=2250/67071 (3.35%) epoch=1/3 epoch_step=2250/22357 (10.06%) loss=0.553769 lr=0.000282855 elapsed=04:39:40 eta=134:17:12 val_mrr=0.855721
[TRAIN] 2026-04-25 15:04:29 step=2260/67071 (3.37%) epoch=1/3 epoch_step=2260/22357 (10.11%) loss=0.551443 lr=0.000284813 elapsed=04:40:16 eta=133:57:19 val_mrr=0.855721
[TRAIN] 2026-04-25 15:05:06 step=2270/67071 (3.38%) epoch=1/3 epoch_step=2270/22357 (10.15%) loss=0.548081 lr=0.000286776 elapsed=04:40:52 eta=133:38:02 val_mrr=0.855721
[TRAIN] 2026-04-25 15:05:42 step=2280/67071 (3.40%) epoch=1/3 epoch_step=2280/22357 (10.20%) loss=0.543202 lr=0.000288744 elapsed=04:41:29 eta=133:18:48 val_mrr=0.855721
[TRAIN] 2026-04-25 15:06:18 step=2290/67071 (3.41%) epoch=1/3 epoch_step=2290/22357 (10.24%) loss=0.546095 lr=0.000290717 elapsed=04:42:05 eta=132:59:52 val_mrr=0.855721
[TRAIN] 2026-04-25 15:06:56 step=2300/67071 (3.43%) epoch=1/3 epoch_step=2300/22357 (10.29%) loss=0.545121 lr=0.000292695 elapsed=04:42:43 eta=132:41:44 val_mrr=0.855721
[TRAIN] 2026-04-25 15:07:32 step=2310/67071 (3.44%) epoch=1/3 epoch_step=2310/22357 (10.33%) loss=0.550153 lr=0.000294678 elapsed=04:43:18 eta=132:22:30 val_mrr=0.855721
[TRAIN] 2026-04-25 15:08:09 step=2320/67071 (3.46%) epoch=1/3 epoch_step=2320/22357 (10.38%) loss=0.539459 lr=0.000296666 elapsed=04:43:56 eta=132:04:31 val_mrr=0.855721
[TRAIN] 2026-04-25 15:08:45 step=2330/67071 (3.47%) epoch=1/3 epoch_step=2330/22357 (10.42%) loss=0.556685 lr=0.000298659 elapsed=04:44:32 eta=131:45:59 val_mrr=0.855721
[TRAIN] 2026-04-25 15:09:21 step=2340/67071 (3.49%) epoch=1/3 epoch_step=2340/22357 (10.47%) loss=0.542381 lr=0.000300656 elapsed=04:45:08 eta=131:27:38 val_mrr=0.855721
[TRAIN] 2026-04-25 15:09:57 step=2350/67071 (3.50%) epoch=1/3 epoch_step=2350/22357 (10.51%) loss=0.552199 lr=0.000302659 elapsed=04:45:44 eta=131:09:13 val_mrr=0.855721
[TRAIN] 2026-04-25 15:10:34 step=2360/67071 (3.52%) epoch=1/3 epoch_step=2360/22357 (10.56%) loss=0.552985 lr=0.000304666 elapsed=04:46:21 eta=130:51:34 val_mrr=0.855721
[TRAIN] 2026-04-25 15:11:10 step=2370/67071 (3.53%) epoch=1/3 epoch_step=2370/22357 (10.60%) loss=0.545171 lr=0.000306678 elapsed=04:46:56 eta=130:33:29 val_mrr=0.855721
[TRAIN] 2026-04-25 15:11:46 step=2380/67071 (3.55%) epoch=1/3 epoch_step=2380/22357 (10.65%) loss=0.548156 lr=0.000308695 elapsed=04:47:32 eta=130:15:38 val_mrr=0.855721
[TRAIN] 2026-04-25 15:12:22 step=2390/67071 (3.56%) epoch=1/3 epoch_step=2390/22357 (10.69%) loss=0.547586 lr=0.000310716 elapsed=04:48:09 eta=129:58:10 val_mrr=0.855721
[TRAIN] 2026-04-25 15:12:59 step=2400/67071 (3.58%) epoch=1/3 epoch_step=2400/22357 (10.73%) loss=0.565273 lr=0.000312742 elapsed=04:48:46 eta=129:41:09 val_mrr=0.855721
[TRAIN] 2026-04-25 15:13:36 step=2410/67071 (3.59%) epoch=1/3 epoch_step=2410/22357 (10.78%) loss=0.563460 lr=0.000314773 elapsed=04:49:23 eta=129:24:19 val_mrr=0.855721
[TRAIN] 2026-04-25 15:14:15 step=2420/67071 (3.61%) epoch=1/3 epoch_step=2420/22357 (10.82%) loss=0.564793 lr=0.000316808 elapsed=04:50:02 eta=129:08:18 val_mrr=0.855721
[TRAIN] 2026-04-25 15:14:51 step=2430/67071 (3.62%) epoch=1/3 epoch_step=2430/22357 (10.87%) loss=0.551265 lr=0.000318847 elapsed=04:50:38 eta=128:51:15 val_mrr=0.855721
[TRAIN] 2026-04-25 15:15:29 step=2440/67071 (3.64%) epoch=1/3 epoch_step=2440/22357 (10.91%) loss=0.545202 lr=0.000320891 elapsed=04:51:16 eta=128:35:00 val_mrr=0.855721
[TRAIN] 2026-04-25 15:16:07 step=2450/67071 (3.65%) epoch=1/3 epoch_step=2450/22357 (10.96%) loss=0.551762 lr=0.000322939 elapsed=04:51:54 eta=128:19:13 val_mrr=0.855721
[TRAIN] 2026-04-25 15:16:45 step=2460/67071 (3.67%) epoch=1/3 epoch_step=2460/22357 (11.00%) loss=0.554941 lr=0.000324992 elapsed=04:52:31 eta=128:02:59 val_mrr=0.855721
[TRAIN] 2026-04-25 15:17:22 step=2470/67071 (3.68%) epoch=1/3 epoch_step=2470/22357 (11.05%) loss=0.547387 lr=0.000327049 elapsed=04:53:09 eta=127:47:07 val_mrr=0.855721
[TRAIN] 2026-04-25 15:17:59 step=2480/67071 (3.70%) epoch=1/3 epoch_step=2480/22357 (11.09%) loss=0.556946 lr=0.00032911 elapsed=04:53:46 eta=127:31:11 val_mrr=0.855721
[TRAIN] 2026-04-25 15:18:37 step=2490/67071 (3.71%) epoch=1/3 epoch_step=2490/22357 (11.14%) loss=0.544864 lr=0.000331175 elapsed=04:54:24 eta=127:15:30 val_mrr=0.855721
[STAGE] 2026-04-25 15:19:15 val prep subsets global=50000 art_art=1986 art_any=50000
[STAGE] 2026-04-25 15:19:15 val prep negatives global=50000 art_art=1986 art_any=50000
[STAGE] 2026-04-25 15:19:15 val start step=2500 epoch=0 task=relation_ranking subset=global triples=50000 batches=98 eval_batch_size=512
[STAGE] 2026-04-25 15:25:39 val start step=2500 epoch=0 task=triple_scoring subset=global triples=50000 batches=98 eval_batch_size=512
[STAGE] 2026-04-25 15:33:57 val start step=2500 epoch=0 task=relation_ranking subset=art_art triples=1986 batches=4 eval_batch_size=512
[STAGE] 2026-04-25 15:34:20 val start step=2500 epoch=0 task=triple_scoring subset=art_art triples=1986 batches=4 eval_batch_size=512
[STAGE] 2026-04-25 15:34:51 val start step=2500 epoch=0 task=relation_ranking subset=art_any triples=50000 batches=98 eval_batch_size=512
[STAGE] 2026-04-25 15:41:05 val start step=2500 epoch=0 task=triple_scoring subset=art_any triples=50000 batches=98 eval_batch_size=512
[VAL] 2026-04-25 15:51:59 step=2500 epoch=0 mrr=0.804785 aucpr=0.892006 art_art_mrr=0.307569 art_art_aucpr=0.558266 art_any_mrr=0.806688 art_any_aucpr=0.686474
[TRAIN] 2026-04-25 15:52:01 step=2500/67071 (3.73%) epoch=1/3 epoch_step=2500/22357 (11.18%) loss=0.550812 lr=0.000333244 elapsed=05:27:48 eta=141:06:26 val_mrr=0.855721
[TRAIN] 2026-04-25 15:52:39 step=2510/67071 (3.74%) epoch=1/3 epoch_step=2510/22357 (11.23%) loss=0.559719 lr=0.000335318 elapsed=05:28:25 eta=140:47:32 val_mrr=0.855721
[TRAIN] 2026-04-25 15:53:16 step=2520/67071 (3.76%) epoch=1/3 epoch_step=2520/22357 (11.27%) loss=0.540160 lr=0.000337395 elapsed=05:29:03 eta=140:28:46 val_mrr=0.855721
[TRAIN] 2026-04-25 15:53:55 step=2530/67071 (3.77%) epoch=1/3 epoch_step=2530/22357 (11.32%) loss=0.547966 lr=0.000339477 elapsed=05:29:42 eta=140:10:34 val_mrr=0.855721
[TRAIN] 2026-04-25 15:54:34 step=2540/67071 (3.79%) epoch=1/3 epoch_step=2540/22357 (11.36%) loss=0.548360 lr=0.000341562 elapsed=05:30:21 eta=139:52:43 val_mrr=0.855721
[TRAIN] 2026-04-25 15:55:14 step=2550/67071 (3.80%) epoch=1/3 epoch_step=2550/22357 (11.41%) loss=0.538207 lr=0.000343652 elapsed=05:31:01 eta=139:35:34 val_mrr=0.855721
[TRAIN] 2026-04-25 15:55:54 step=2560/67071 (3.82%) epoch=1/3 epoch_step=2560/22357 (11.45%) loss=0.547433 lr=0.000345745 elapsed=05:31:41 eta=139:18:16 val_mrr=0.855721
[TRAIN] 2026-04-25 15:56:33 step=2570/67071 (3.83%) epoch=1/3 epoch_step=2570/22357 (11.50%) loss=0.548557 lr=0.000347842 elapsed=05:32:20 eta=139:00:45 val_mrr=0.855721
[TRAIN] 2026-04-25 15:57:13 step=2580/67071 (3.85%) epoch=1/3 epoch_step=2580/22357 (11.54%) loss=0.548618 lr=0.000349943 elapsed=05:32:59 eta=138:43:32 val_mrr=0.855721
[TRAIN] 2026-04-25 15:57:51 step=2590/67071 (3.86%) epoch=1/3 epoch_step=2590/22357 (11.58%) loss=0.554574 lr=0.000352048 elapsed=05:33:38 eta=138:26:09 val_mrr=0.855721
[TRAIN] 2026-04-25 15:58:32 step=2600/67071 (3.88%) epoch=1/3 epoch_step=2600/22357 (11.63%) loss=0.555162 lr=0.000354156 elapsed=05:34:19 eta=138:09:50 val_mrr=0.855721
[TRAIN] 2026-04-25 15:59:12 step=2610/67071 (3.89%) epoch=1/3 epoch_step=2610/22357 (11.67%) loss=0.543246 lr=0.000356268 elapsed=05:34:59 eta=137:53:12 val_mrr=0.855721
[TRAIN] 2026-04-25 15:59:52 step=2620/67071 (3.91%) epoch=1/3 epoch_step=2620/22357 (11.72%) loss=0.547442 lr=0.000358384 elapsed=05:35:39 eta=137:36:49 val_mrr=0.855721
[TRAIN] 2026-04-25 16:00:32 step=2630/67071 (3.92%) epoch=1/3 epoch_step=2630/22357 (11.76%) loss=0.544272 lr=0.000360503 elapsed=05:36:19 eta=137:20:25 val_mrr=0.855721
[TRAIN] 2026-04-25 16:01:11 step=2640/67071 (3.94%) epoch=1/3 epoch_step=2640/22357 (11.81%) loss=0.543856 lr=0.000362626 elapsed=05:36:58 eta=137:03:46 val_mrr=0.855721
[TRAIN] 2026-04-25 16:01:50 step=2650/67071 (3.95%) epoch=1/3 epoch_step=2650/22357 (11.85%) loss=0.550503 lr=0.000364752 elapsed=05:37:37 eta=136:47:29 val_mrr=0.855721
[TRAIN] 2026-04-25 16:02:31 step=2660/67071 (3.97%) epoch=1/3 epoch_step=2660/22357 (11.90%) loss=0.541336 lr=0.000366881 elapsed=05:38:17 eta=136:31:35 val_mrr=0.855721
[TRAIN] 2026-04-25 16:03:11 step=2670/67071 (3.98%) epoch=1/3 epoch_step=2670/22357 (11.94%) loss=0.545032 lr=0.000369014 elapsed=05:38:57 eta=136:15:44 val_mrr=0.855721
[TRAIN] 2026-04-25 16:03:50 step=2680/67071 (4.00%) epoch=1/3 epoch_step=2680/22357 (11.99%) loss=0.553582 lr=0.00037115 elapsed=05:39:37 eta=135:59:53 val_mrr=0.855721
[TRAIN] 2026-04-25 16:04:30 step=2690/67071 (4.01%) epoch=1/3 epoch_step=2690/22357 (12.03%) loss=0.537759 lr=0.00037329 elapsed=05:40:17 eta=135:44:08 val_mrr=0.855721
[TRAIN] 2026-04-25 16:05:11 step=2700/67071 (4.03%) epoch=1/3 epoch_step=2700/22357 (12.08%) loss=0.548361 lr=0.000375432 elapsed=05:40:58 eta=135:28:54 val_mrr=0.855721
[TRAIN] 2026-04-25 16:05:50 step=2710/67071 (4.04%) epoch=1/3 epoch_step=2710/22357 (12.12%) loss=0.539232 lr=0.000377578 elapsed=05:41:37 eta=135:13:02 val_mrr=0.855721
[TRAIN] 2026-04-25 16:06:29 step=2720/67071 (4.06%) epoch=1/3 epoch_step=2720/22357 (12.17%) loss=0.546724 lr=0.000379727 elapsed=05:42:15 eta=134:57:18 val_mrr=0.855721
[TRAIN] 2026-04-25 16:07:09 step=2730/67071 (4.07%) epoch=1/3 epoch_step=2730/22357 (12.21%) loss=0.550621 lr=0.000381879 elapsed=05:42:56 eta=134:42:10 val_mrr=0.855721
[TRAIN] 2026-04-25 16:07:48 step=2740/67071 (4.09%) epoch=1/3 epoch_step=2740/22357 (12.26%) loss=0.550133 lr=0.000384034 elapsed=05:43:35 eta=134:26:42 val_mrr=0.855721
[TRAIN] 2026-04-25 16:08:27 step=2750/67071 (4.10%) epoch=1/3 epoch_step=2750/22357 (12.30%) loss=0.538239 lr=0.000386192 elapsed=05:44:14 eta=134:11:27 val_mrr=0.855721
[TRAIN] 2026-04-25 16:09:08 step=2760/67071 (4.12%) epoch=1/3 epoch_step=2760/22357 (12.35%) loss=0.541576 lr=0.000388353 elapsed=05:44:54 eta=133:56:40 val_mrr=0.855721
[TRAIN] 2026-04-25 16:09:47 step=2770/67071 (4.13%) epoch=1/3 epoch_step=2770/22357 (12.39%) loss=0.543749 lr=0.000390517 elapsed=05:45:33 eta=133:41:32 val_mrr=0.855721
[TRAIN] 2026-04-25 16:10:25 step=2780/67071 (4.14%) epoch=1/3 epoch_step=2780/22357 (12.43%) loss=0.531863 lr=0.000392684 elapsed=05:46:11 eta=133:26:04 val_mrr=0.855721
[TRAIN] 2026-04-25 16:11:05 step=2790/67071 (4.16%) epoch=1/3 epoch_step=2790/22357 (12.48%) loss=0.549227 lr=0.000394853 elapsed=05:46:52 eta=133:11:33 val_mrr=0.855721
[TRAIN] 2026-04-25 16:11:45 step=2800/67071 (4.17%) epoch=1/3 epoch_step=2800/22357 (12.52%) loss=0.535139 lr=0.000397025 elapsed=05:47:32 eta=132:57:07 val_mrr=0.855721
[TRAIN] 2026-04-25 16:12:23 step=2810/67071 (4.19%) epoch=1/3 epoch_step=2810/22357 (12.57%) loss=0.544363 lr=0.0003992 elapsed=05:48:10 eta=132:42:10 val_mrr=0.855721
[TRAIN] 2026-04-25 16:13:02 step=2820/67071 (4.20%) epoch=1/3 epoch_step=2820/22357 (12.61%) loss=0.531367 lr=0.000401378 elapsed=05:48:49 eta=132:27:27 val_mrr=0.855721
[TRAIN] 2026-04-25 16:13:41 step=2830/67071 (4.22%) epoch=1/3 epoch_step=2830/22357 (12.66%) loss=0.538545 lr=0.000403558 elapsed=05:49:27 eta=132:12:37 val_mrr=0.855721
[TRAIN] 2026-04-25 16:14:21 step=2840/67071 (4.23%) epoch=1/3 epoch_step=2840/22357 (12.70%) loss=0.547010 lr=0.000405741 elapsed=05:50:07 eta=131:58:36 val_mrr=0.855721
[TRAIN] 2026-04-25 16:15:00 step=2850/67071 (4.25%) epoch=1/3 epoch_step=2850/22357 (12.75%) loss=0.542361 lr=0.000407926 elapsed=05:50:47 eta=131:44:30 val_mrr=0.855721
[TRAIN] 2026-04-25 16:15:41 step=2860/67071 (4.26%) epoch=1/3 epoch_step=2860/22357 (12.79%) loss=0.549967 lr=0.000410114 elapsed=05:51:27 eta=131:30:40 val_mrr=0.855721
[TRAIN] 2026-04-25 16:16:21 step=2870/67071 (4.28%) epoch=1/3 epoch_step=2870/22357 (12.84%) loss=0.552629 lr=0.000412304 elapsed=05:52:07 eta=131:16:54 val_mrr=0.855721
[TRAIN] 2026-04-25 16:17:02 step=2880/67071 (4.29%) epoch=1/3 epoch_step=2880/22357 (12.88%) loss=0.534330 lr=0.000414496 elapsed=05:52:48 eta=131:03:33 val_mrr=0.855721
[TRAIN] 2026-04-25 16:17:43 step=2890/67071 (4.31%) epoch=1/3 epoch_step=2890/22357 (12.93%) loss=0.541625 lr=0.000416691 elapsed=05:53:29 eta=130:50:16 val_mrr=0.855721
[TRAIN] 2026-04-25 16:18:24 step=2900/67071 (4.32%) epoch=1/3 epoch_step=2900/22357 (12.97%) loss=0.535445 lr=0.000418888 elapsed=05:54:10 eta=130:37:04 val_mrr=0.855721
[TRAIN] 2026-04-25 16:19:03 step=2910/67071 (4.34%) epoch=1/3 epoch_step=2910/22357 (13.02%) loss=0.535821 lr=0.000421088 elapsed=05:54:50 eta=130:23:33 val_mrr=0.855721
[TRAIN] 2026-04-25 16:19:44 step=2920/67071 (4.35%) epoch=1/3 epoch_step=2920/22357 (13.06%) loss=0.539068 lr=0.000423289 elapsed=05:55:30 eta=130:10:20 val_mrr=0.855721
[TRAIN] 2026-04-25 16:20:25 step=2930/67071 (4.37%) epoch=1/3 epoch_step=2930/22357 (13.11%) loss=0.539350 lr=0.000425493 elapsed=05:56:12 eta=129:57:34 val_mrr=0.855721
[TRAIN] 2026-04-25 16:21:06 step=2940/67071 (4.38%) epoch=1/3 epoch_step=2940/22357 (13.15%) loss=0.545745 lr=0.000427698 elapsed=05:56:53 eta=129:44:49 val_mrr=0.855721
[TRAIN] 2026-04-25 16:21:46 step=2950/67071 (4.40%) epoch=1/3 epoch_step=2950/22357 (13.19%) loss=0.539844 lr=0.000429906 elapsed=05:57:33 eta=129:31:43 val_mrr=0.855721
[TRAIN] 2026-04-25 16:22:26 step=2960/67071 (4.41%) epoch=1/3 epoch_step=2960/22357 (13.24%) loss=0.541032 lr=0.000432116 elapsed=05:58:13 eta=129:18:38 val_mrr=0.855721
[TRAIN] 2026-04-25 16:23:06 step=2970/67071 (4.43%) epoch=1/3 epoch_step=2970/22357 (13.28%) loss=0.532193 lr=0.000434327 elapsed=05:58:53 eta=129:05:48 val_mrr=0.855721
[TRAIN] 2026-04-25 16:23:46 step=2980/67071 (4.44%) epoch=1/3 epoch_step=2980/22357 (13.33%) loss=0.550073 lr=0.000436541 elapsed=05:59:33 eta=128:52:41 val_mrr=0.855721
[TRAIN] 2026-04-25 16:24:25 step=2990/67071 (4.46%) epoch=1/3 epoch_step=2990/22357 (13.37%) loss=0.548672 lr=0.000438756 elapsed=06:00:11 eta=128:39:32 val_mrr=0.855721
[STAGE] 2026-04-25 16:25:04 val prep subsets global=50000 art_art=1986 art_any=50000
[STAGE] 2026-04-25 16:25:05 val prep negatives global=50000 art_art=1986 art_any=50000
[STAGE] 2026-04-25 16:25:05 val start step=3000 epoch=0 task=relation_ranking subset=global triples=50000 batches=98 eval_batch_size=512
[STAGE] 2026-04-25 16:31:51 val start step=3000 epoch=0 task=triple_scoring subset=global triples=50000 batches=98 eval_batch_size=512
[STAGE] 2026-04-25 16:40:26 val start step=3000 epoch=0 task=relation_ranking subset=art_art triples=1986 batches=4 eval_batch_size=512
[STAGE] 2026-04-25 16:40:51 val start step=3000 epoch=0 task=triple_scoring subset=art_art triples=1986 batches=4 eval_batch_size=512
[STAGE] 2026-04-25 16:41:23 val start step=3000 epoch=0 task=relation_ranking subset=art_any triples=50000 batches=98 eval_batch_size=512
[STAGE] 2026-04-25 16:47:55 val start step=3000 epoch=0 task=triple_scoring subset=art_any triples=50000 batches=98 eval_batch_size=512
[VAL] 2026-04-25 17:00:18 step=3000 epoch=0 mrr=0.802031 aucpr=0.886128 art_art_mrr=0.287216 art_art_aucpr=0.586487 art_any_mrr=0.799741 art_any_aucpr=0.690427
[TRAIN] 2026-04-25 17:00:20 step=3000/67071 (4.47%) epoch=1/3 epoch_step=3000/22357 (13.42%) loss=0.543694 lr=0.000440973 elapsed=06:36:07 eta=140:59:43 val_mrr=0.855721
[TRAIN] 2026-04-25 17:00:58 step=3010/67071 (4.49%) epoch=1/3 epoch_step=3010/22357 (13.46%) loss=0.539605 lr=0.000443192 elapsed=06:36:45 eta=140:43:48 val_mrr=0.855721
[TRAIN] 2026-04-25 17:01:36 step=3020/67071 (4.50%) epoch=1/3 epoch_step=3020/22357 (13.51%) loss=0.537835 lr=0.000445412 elapsed=06:37:23 eta=140:28:03 val_mrr=0.855721
[TRAIN] 2026-04-25 17:02:13 step=3030/67071 (4.52%) epoch=1/3 epoch_step=3030/22357 (13.55%) loss=0.539768 lr=0.000447634 elapsed=06:38:00 eta=140:12:01 val_mrr=0.855721
[TRAIN] 2026-04-25 17:02:54 step=3040/67071 (4.53%) epoch=1/3 epoch_step=3040/22357 (13.60%) loss=0.554105 lr=0.000449858 elapsed=06:38:41 eta=139:57:24 val_mrr=0.855721
[TRAIN] 2026-04-25 17:03:35 step=3050/67071 (4.55%) epoch=1/3 epoch_step=3050/22357 (13.64%) loss=0.550107 lr=0.000452083 elapsed=06:39:22 eta=139:42:47 val_mrr=0.855721
[TRAIN] 2026-04-25 17:04:15 step=3060/67071 (4.56%) epoch=1/3 epoch_step=3060/22357 (13.69%) loss=0.547657 lr=0.00045431 elapsed=06:40:02 eta=139:27:59 val_mrr=0.855721
[TRAIN] 2026-04-25 17:04:55 step=3070/67071 (4.58%) epoch=1/3 epoch_step=3070/22357 (13.73%) loss=0.543717 lr=0.000456538 elapsed=06:40:42 eta=139:13:30 val_mrr=0.855721
[TRAIN] 2026-04-25 17:05:35 step=3080/67071 (4.59%) epoch=1/3 epoch_step=3080/22357 (13.78%) loss=0.543335 lr=0.000458768 elapsed=06:41:21 eta=138:58:41 val_mrr=0.855721
[TRAIN] 2026-04-25 17:06:14 step=3090/67071 (4.61%) epoch=1/3 epoch_step=3090/22357 (13.82%) loss=0.539916 lr=0.000460999 elapsed=06:42:01 eta=138:44:05 val_mrr=0.855721
[TRAIN] 2026-04-25 17:06:54 step=3100/67071 (4.62%) epoch=1/3 epoch_step=3100/22357 (13.87%) loss=0.554537 lr=0.000463231 elapsed=06:42:41 eta=138:29:35 val_mrr=0.855721
[TRAIN] 2026-04-25 17:07:30 step=3110/67071 (4.64%) epoch=1/3 epoch_step=3110/22357 (13.91%) loss=0.540933 lr=0.000465465 elapsed=06:43:17 eta=138:14:03 val_mrr=0.855721
[TRAIN] 2026-04-25 17:08:07 step=3120/67071 (4.65%) epoch=1/3 epoch_step=3120/22357 (13.96%) loss=0.552729 lr=0.000467699 elapsed=06:43:54 eta=137:58:43 val_mrr=0.855721
[TRAIN] 2026-04-25 17:08:44 step=3130/67071 (4.67%) epoch=1/3 epoch_step=3130/22357 (14.00%) loss=0.540739 lr=0.000469935 elapsed=06:44:30 eta=137:43:24 val_mrr=0.855721
[TRAIN] 2026-04-25 17:09:21 step=3140/67071 (4.68%) epoch=1/3 epoch_step=3140/22357 (14.04%) loss=0.560693 lr=0.000472172 elapsed=06:45:07 eta=137:28:23 val_mrr=0.855721
[TRAIN] 2026-04-25 17:09:58 step=3150/67071 (4.70%) epoch=1/3 epoch_step=3150/22357 (14.09%) loss=0.532312 lr=0.00047441 elapsed=06:45:45 eta=137:13:36 val_mrr=0.855721
[TRAIN] 2026-04-25 17:10:36 step=3160/67071 (4.71%) epoch=1/3 epoch_step=3160/22357 (14.13%) loss=0.530482 lr=0.000476649 elapsed=06:46:22 eta=136:58:52 val_mrr=0.855721
[TRAIN] 2026-04-25 17:11:13 step=3170/67071 (4.73%) epoch=1/3 epoch_step=3170/22357 (14.18%) loss=0.543721 lr=0.000478889 elapsed=06:47:00 eta=136:44:14 val_mrr=0.855721
[TRAIN] 2026-04-25 17:11:50 step=3180/67071 (4.74%) epoch=1/3 epoch_step=3180/22357 (14.22%) loss=0.537033 lr=0.00048113 elapsed=06:47:37 eta=136:29:31 val_mrr=0.855721
[TRAIN] 2026-04-25 17:12:27 step=3190/67071 (4.76%) epoch=1/3 epoch_step=3190/22357 (14.27%) loss=0.523987 lr=0.000483371 elapsed=06:48:13 eta=136:14:52 val_mrr=0.855721
[TRAIN] 2026-04-25 17:13:05 step=3200/67071 (4.77%) epoch=1/3 epoch_step=3200/22357 (14.31%) loss=0.540090 lr=0.000485614 elapsed=06:48:52 eta=136:00:49 val_mrr=0.855721
[TRAIN] 2026-04-25 17:13:43 step=3210/67071 (4.79%) epoch=1/3 epoch_step=3210/22357 (14.36%) loss=0.525827 lr=0.000487857 elapsed=06:49:30 eta=135:46:43 val_mrr=0.855721
[TRAIN] 2026-04-25 17:14:21 step=3220/67071 (4.80%) epoch=1/3 epoch_step=3220/22357 (14.40%) loss=0.542293 lr=0.000490101 elapsed=06:50:08 eta=135:32:47 val_mrr=0.855721
[TRAIN] 2026-04-25 17:15:00 step=3230/67071 (4.82%) epoch=1/3 epoch_step=3230/22357 (14.45%) loss=0.539366 lr=0.000492346 elapsed=06:50:47 eta=135:19:01 val_mrr=0.855721
[TRAIN] 2026-04-25 17:15:39 step=3240/67071 (4.83%) epoch=1/3 epoch_step=3240/22357 (14.49%) loss=0.545012 lr=0.000494591 elapsed=06:51:25 eta=135:05:24 val_mrr=0.855721
[TRAIN] 2026-04-25 17:16:16 step=3250/67071 (4.85%) epoch=1/3 epoch_step=3250/22357 (14.54%) loss=0.532761 lr=0.000496837 elapsed=06:52:03 eta=134:51:25 val_mrr=0.855721
[TRAIN] 2026-04-25 17:16:54 step=3260/67071 (4.86%) epoch=1/3 epoch_step=3260/22357 (14.58%) loss=0.531736 lr=0.000499083 elapsed=06:52:41 eta=134:37:47 val_mrr=0.855721
[TRAIN] 2026-04-25 17:17:32 step=3270/67071 (4.88%) epoch=1/3 epoch_step=3270/22357 (14.63%) loss=0.534939 lr=0.00050133 elapsed=06:53:18 eta=134:24:02 val_mrr=0.855721
[TRAIN] 2026-04-25 17:18:10 step=3280/67071 (4.89%) epoch=1/3 epoch_step=3280/22357 (14.67%) loss=0.548705 lr=0.000503577 elapsed=06:53:56 eta=134:10:28 val_mrr=0.855721
[TRAIN] 2026-04-25 17:18:47 step=3290/67071 (4.91%) epoch=1/3 epoch_step=3290/22357 (14.72%) loss=0.545690 lr=0.000505824 elapsed=06:54:34 eta=133:56:52 val_mrr=0.855721
[TRAIN] 2026-04-25 17:19:26 step=3300/67071 (4.92%) epoch=1/3 epoch_step=3300/22357 (14.76%) loss=0.552404 lr=0.000508072 elapsed=06:55:13 eta=133:43:48 val_mrr=0.855721
[TRAIN] 2026-04-25 17:20:04 step=3310/67071 (4.94%) epoch=1/3 epoch_step=3310/22357 (14.81%) loss=0.530152 lr=0.00051032 elapsed=06:55:51 eta=133:30:39 val_mrr=0.855721
[TRAIN] 2026-04-25 17:20:42 step=3320/67071 (4.95%) epoch=1/3 epoch_step=3320/22357 (14.85%) loss=0.558995 lr=0.000512569 elapsed=06:56:28 eta=133:17:10 val_mrr=0.855721
[TRAIN] 2026-04-25 17:21:19 step=3330/67071 (4.96%) epoch=1/3 epoch_step=3330/22357 (14.89%) loss=0.547939 lr=0.000514817 elapsed=06:57:06 eta=133:03:57 val_mrr=0.855721
[TRAIN] 2026-04-25 17:21:57 step=3340/67071 (4.98%) epoch=1/3 epoch_step=3340/22357 (14.94%) loss=0.560271 lr=0.000517066 elapsed=06:57:44 eta=132:50:52 val_mrr=0.855721
[TRAIN] 2026-04-25 17:22:35 step=3350/67071 (4.99%) epoch=1/3 epoch_step=3350/22357 (14.98%) loss=0.536978 lr=0.000519314 elapsed=06:58:21 eta=132:37:40 val_mrr=0.855721
[TRAIN] 2026-04-25 17:23:13 step=3360/67071 (5.01%) epoch=1/3 epoch_step=3360/22357 (15.03%) loss=0.538623 lr=0.000521563 elapsed=06:59:00 eta=132:24:57 val_mrr=0.855721
[TRAIN] 2026-04-25 17:23:54 step=3370/67071 (5.02%) epoch=1/3 epoch_step=3370/22357 (15.07%) loss=0.528398 lr=0.000523811 elapsed=06:59:41 eta=132:12:53 val_mrr=0.855721
[TRAIN] 2026-04-25 17:24:33 step=3380/67071 (5.04%) epoch=1/3 epoch_step=3380/22357 (15.12%) loss=0.552967 lr=0.00052606 elapsed=07:00:19 eta=132:00:19 val_mrr=0.855721
[TRAIN] 2026-04-25 17:25:11 step=3390/67071 (5.05%) epoch=1/3 epoch_step=3390/22357 (15.16%) loss=0.536685 lr=0.000528308 elapsed=07:00:58 eta=131:47:44 val_mrr=0.855721
[TRAIN] 2026-04-25 17:25:51 step=3400/67071 (5.07%) epoch=1/3 epoch_step=3400/22357 (15.21%) loss=0.551570 lr=0.000530557 elapsed=07:01:37 eta=131:35:36 val_mrr=0.855721
[TRAIN] 2026-04-25 17:26:29 step=3410/67071 (5.08%) epoch=1/3 epoch_step=3410/22357 (15.25%) loss=0.541041 lr=0.000532805 elapsed=07:02:16 eta=131:23:12 val_mrr=0.855721
[TRAIN] 2026-04-25 17:27:07 step=3420/67071 (5.10%) epoch=1/3 epoch_step=3420/22357 (15.30%) loss=0.546560 lr=0.000535052 elapsed=07:02:54 eta=131:10:46 val_mrr=0.855721
[TRAIN] 2026-04-25 17:27:46 step=3430/67071 (5.11%) epoch=1/3 epoch_step=3430/22357 (15.34%) loss=0.537817 lr=0.0005373 elapsed=07:03:32 eta=130:58:25 val_mrr=0.855721
[TRAIN] 2026-04-25 17:28:24 step=3440/67071 (5.13%) epoch=1/3 epoch_step=3440/22357 (15.39%) loss=0.527720 lr=0.000539547 elapsed=07:04:11 eta=130:46:14 val_mrr=0.855721
[TRAIN] 2026-04-25 17:29:03 step=3450/67071 (5.14%) epoch=1/3 epoch_step=3450/22357 (15.43%) loss=0.545511 lr=0.000541793 elapsed=07:04:49 eta=130:34:05 val_mrr=0.855721
[TRAIN] 2026-04-25 17:29:42 step=3460/67071 (5.16%) epoch=1/3 epoch_step=3460/22357 (15.48%) loss=0.535485 lr=0.000544039 elapsed=07:05:29 eta=130:22:25 val_mrr=0.855721
[TRAIN] 2026-04-25 17:30:22 step=3470/67071 (5.17%) epoch=1/3 epoch_step=3470/22357 (15.52%) loss=0.533827 lr=0.000546285 elapsed=07:06:08 eta=130:10:37 val_mrr=0.855721
[TRAIN] 2026-04-25 17:31:01 step=3480/67071 (5.19%) epoch=1/3 epoch_step=3480/22357 (15.57%) loss=0.540488 lr=0.00054853 elapsed=07:06:48 eta=129:58:55 val_mrr=0.855721
[TRAIN] 2026-04-25 17:31:40 step=3490/67071 (5.20%) epoch=1/3 epoch_step=3490/22357 (15.61%) loss=0.551375 lr=0.000550774 elapsed=07:07:27 eta=129:47:13 val_mrr=0.855721
[STAGE] 2026-04-25 17:32:20 val prep subsets global=50000 art_art=1986 art_any=50000
[STAGE] 2026-04-25 17:32:21 val prep negatives global=50000 art_art=1986 art_any=50000
[STAGE] 2026-04-25 17:32:21 val start step=3500 epoch=0 task=relation_ranking subset=global triples=50000 batches=98 eval_batch_size=512
[STAGE] 2026-04-25 17:39:07 val start step=3500 epoch=0 task=triple_scoring subset=global triples=50000 batches=98 eval_batch_size=512
[STAGE] 2026-04-25 17:47:31 val start step=3500 epoch=0 task=relation_ranking subset=art_art triples=1986 batches=4 eval_batch_size=512
[STAGE] 2026-04-25 17:47:55 val start step=3500 epoch=0 task=triple_scoring subset=art_art triples=1986 batches=4 eval_batch_size=512
[STAGE] 2026-04-25 17:48:29 val start step=3500 epoch=0 task=relation_ranking subset=art_any triples=50000 batches=98 eval_batch_size=512
[STAGE] 2026-04-25 17:54:53 val start step=3500 epoch=0 task=triple_scoring subset=art_any triples=50000 batches=98 eval_batch_size=512
[VAL] 2026-04-25 18:06:16 step=3500 epoch=0 mrr=0.798265 aucpr=0.890404 art_art_mrr=0.304125 art_art_aucpr=0.602201 art_any_mrr=0.799683 art_any_aucpr=0.683280
[STAGE] 2026-04-25 18:06:16 early stopping triggered at step=3500 epoch=0 no_improve_evals=5
[TRAIN] 2026-04-25 18:06:18 step=3500/67071 (5.22%) epoch=1/3 epoch_step=3500/22357 (15.66%) loss=0.535057 lr=0.000553018 elapsed=07:42:05 eta=139:52:46 val_mrr=0.855721
[STAGE] 2026-04-25 18:06:18 epoch completed epoch=1/3
[STAGE] 2026-04-25 18:06:20 test prep subsets global=1425681 art_art=2083 art_any=357035
[STAGE] 2026-04-25 18:06:24 test prep negatives global=1425681 art_art=2083 art_any=357035
[STAGE] 2026-04-25 18:06:24 test start step=3500 epoch=1 task=relation_ranking subset=global triples=1425681 batches=2785 eval_batch_size=512
[EVAL] 2026-04-25 18:36:27 phase=test step=3500 epoch=1 task=relation_ranking subset=global triples=233472/1425681 batches=456/2785 elapsed=30:03
[EVAL] 2026-04-25 19:06:30 phase=test step=3500 epoch=1 task=relation_ranking subset=global triples=492032/1425681 batches=961/2785 elapsed=01:00:06
[EVAL] 2026-04-25 19:36:30 phase=test step=3500 epoch=1 task=relation_ranking subset=global triples=1104896/1425681 batches=2158/2785 elapsed=01:30:06
[STAGE] 2026-04-25 19:48:07 test start step=3500 epoch=1 task=triple_scoring subset=global triples=1425681 batches=2785 eval_batch_size=512
[EVAL] 2026-04-25 20:18:12 phase=test step=3500 epoch=1 task=triple_scoring subset=global triples=177152/1425681 batches=346/2785 elapsed=30:05
[EVAL] 2026-04-25 20:48:13 phase=test step=3500 epoch=1 task=triple_scoring subset=global triples=364032/1425681 batches=711/2785 elapsed=01:00:06
[EVAL] 2026-04-25 21:18:13 phase=test step=3500 epoch=1 task=triple_scoring subset=global triples=769024/1425681 batches=1502/2785 elapsed=01:30:06
[EVAL] 2026-04-25 21:48:15 phase=test step=3500 epoch=1 task=triple_scoring subset=global triples=1282048/1425681 batches=2504/2785 elapsed=02:00:08
[STAGE] 2026-04-25 21:57:01 test start step=3500 epoch=1 task=relation_ranking subset=art_art triples=2083 batches=5 eval_batch_size=512
[STAGE] 2026-04-25 21:57:25 test start step=3500 epoch=1 task=triple_scoring subset=art_art triples=2083 batches=5 eval_batch_size=512
[STAGE] 2026-04-25 21:58:01 test start step=3500 epoch=1 task=relation_ranking subset=art_any triples=357035 batches=698 eval_batch_size=512
[EVAL] 2026-04-25 22:28:06 phase=test step=3500 epoch=1 task=relation_ranking subset=art_any triples=237568/357035 batches=464/698 elapsed=30:05
[STAGE] 2026-04-25 22:43:03 test start step=3500 epoch=1 task=triple_scoring subset=art_any triples=357035 batches=698 eval_batch_size=512
[EVAL] 2026-04-25 23:13:08 phase=test step=3500 epoch=1 task=triple_scoring subset=art_any triples=130048/357035 batches=254/698 elapsed=30:04
[EVAL] 2026-04-25 23:43:13 phase=test step=3500 epoch=1 task=triple_scoring subset=art_any triples=261120/357035 batches=510/698 elapsed=01:00:10
[TEST] 2026-04-26 00:05:12 step=3500 epoch=1 mrr=0.500055 aucpr=0.886113 art_art_mrr=0.323543 art_art_aucpr=0.597131 art_any_mrr=0.803662 art_any_aucpr=0.684226
[STAGE] 2026-04-26 00:05:12 DONE train (49258.62s)
[RESULT] 2026-04-26 00:05:12 {"best_metric": 0.855720827132814, "early_stopped": true, "stopped_epoch": 1, "stopped_step": 3500, "val_mrr": 0.7982650326322241, "val_hits1": 0.72676, "val_hits3": 0.86566, "val_hits10": 0.9064, "val_top1_acc": 0.72676, "val_auc": 0.9214397938, "val_aucpr": 0.8904039785991257, "val_art_art_mrr": 0.3041253194705908, "val_art_art_hits1": 0.26535750251762336, "val_art_art_hits3": 0.3071500503524673, "val_art_art_hits10": 0.3564954682779456, "val_art_art_top1_acc": 0.26535750251762336, "val_art_art_auc": 0.610719649834846, "val_art_art_aucpr": 0.6022012874407039, "val_art_any_mrr": 0.7996832782524548, "val_art_any_hits1": 0.72944, "val_art_any_hits3": 0.86516, "val_art_any_hits10": 0.90684, "val_art_any_top1_acc": 0.72944, "val_art_any_auc": 0.7446873672000001, "val_art_any_aucpr": 0.6832801513218947, "test_mrr": 0.5000549004397739, "test_hits1": 0.4200147157744264, "test_hits3": 0.5411883864623293, "test_hits10": 0.6394971946739839, "test_top1_acc": 0.4200147157744264, "test_auc": 0.9165942165826259, "test_aucpr": 0.8861129298458329, "test_art_art_mrr": 0.3235425885355565, "test_art_art_hits1": 0.2894863178108497, "test_art_art_hits3": 0.3206913106096976, "test_art_art_hits10": 0.37205952952472393, "test_art_art_top1_acc": 0.2894863178108497, "test_art_art_auc": 0.617105669216244, "test_art_art_aucpr": 0.5971312558701785, "test_art_any_mrr": 0.803662273204932, "test_art_any_hits1": 0.7332950551066422, "test_art_any_hits3": 0.8702928284341871, "test_art_any_hits10": 0.9091377596034003, "test_art_any_top1_acc": 0.7332950551066422, "test_art_any_auc": 0.7451300173173815, "test_art_any_aucpr": 0.6842260496530557}
