nohup: ignoring input
[STAGE] 2026-04-25 09:54:55 START build experiment
[CONFIG] 2026-04-25 09:54:55 paths graph_dir=/root/autodl-tmp/个人项目2/操作数据库/full_graph_export text_dir=/root/autodl-tmp/个人项目2/操作数据库/full_graph_export/text_chunks image_dir=/root/autodl-tmp/个人项目2/图片/64 local_model_root=/root/autodl-tmp/个人项目2/链路预测实验/local_models
[CONFIG] 2026-04-25 09:54:55 models text_encoder=albert_frozen text_model=albert-base-v2 text_model_dir=/root/autodl-tmp/个人项目2/链路预测实验/local_models/text/albert-base-v2 image_encoder=inception_resnet_v2 image_model=inception_resnet_v2.tf_ens_adv_in1k image_model_dir=/root/autodl-tmp/个人项目2/链路预测实验/local_models/image/inception_resnet_v2.tf_ens_adv_in1k graph_encoder=graphsage use_graph=True kge_scorer=transe
[CONFIG] 2026-04-25 09:54:55 cache_root=/root/autodl-tmp/个人项目2/graphkge/cache/full cache_session=20260425_095455_mm_kge_transe_albert_inception_resnet_v2_frozen raw_cache_root=/root/autodl-tmp/个人项目2/graphkge/cache/full/shared_raw
[DATA] 2026-04-25 09:55:03 catalog entities=1706516 art_entities=431773 chunks=85 triples=14297782 relations=353
[DATA] 2026-04-25 09:55:03 splits train=11446322 val=1425779 test=1425681 sample_chunks=0 train_propagation_edges=19987825
[EVAL] 2026-04-25 09:55:03 validation_max_triples=50000 final_test_max_triples=FULL
[STAGE] 2026-04-25 09:55:08 image index cache loaded: /root/autodl-tmp/个人项目2/graphkge/cache/full/image_index/image_index.pkl entries=430969
[STAGE] 2026-04-25 09:55:09 DONE build experiment (13.82s)
[CONFIG] 2026-04-25 09:55:09 training run_dir=/root/autodl-tmp/个人项目2/graphkge/runs/20260425_095455_mm_kge_transe_albert_inception_resnet_v2_frozen cache_session=20260425_095455_mm_kge_transe_albert_inception_resnet_v2_frozen
[STAGE] 2026-04-25 09:55:09 START prebuild raw caches
[STAGE] 2026-04-25 09:55:18 text cache prebuild done missing=0
[STAGE] 2026-04-25 09:56:05 prebuild image raw cache: chunk=1/85 missing=18029 loaded=17977
[STAGE] 2026-04-25 09:56:59 prebuild image raw cache: chunk=2/85 missing=20077 loaded=20050
[STAGE] 2026-04-25 09:57:50 prebuild image raw cache: chunk=3/85 missing=20076 loaded=20026
[STAGE] 2026-04-25 09:58:41 prebuild image raw cache: chunk=4/85 missing=20077 loaded=20044
[STAGE] 2026-04-25 09:59:31 prebuild image raw cache: chunk=5/85 missing=20076 loaded=20044
[STAGE] 2026-04-25 10:00:23 prebuild image raw cache: chunk=6/85 missing=20076 loaded=20019
[STAGE] 2026-04-25 10:01:15 prebuild image raw cache: chunk=7/85 missing=20077 loaded=20056
[STAGE] 2026-04-25 10:02:07 prebuild image raw cache: chunk=8/85 missing=20076 loaded=20020
[STAGE] 2026-04-25 10:02:58 prebuild image raw cache: chunk=9/85 missing=20076 loaded=20025
[STAGE] 2026-04-25 10:03:50 prebuild image raw cache: chunk=10/85 missing=20077 loaded=20044
[STAGE] 2026-04-25 10:04:41 prebuild image raw cache: chunk=11/85 missing=20076 loaded=20020
[STAGE] 2026-04-25 10:05:33 prebuild image raw cache: chunk=12/85 missing=20077 loaded=20046
[STAGE] 2026-04-25 10:06:24 prebuild image raw cache: chunk=13/85 missing=20076 loaded=20034
[STAGE] 2026-04-25 10:07:15 prebuild image raw cache: chunk=14/85 missing=20077 loaded=20018
[STAGE] 2026-04-25 10:08:07 prebuild image raw cache: chunk=15/85 missing=20076 loaded=20054
[STAGE] 2026-04-25 10:08:59 prebuild image raw cache: chunk=16/85 missing=20077 loaded=20051
[STAGE] 2026-04-25 10:09:50 prebuild image raw cache: chunk=17/85 missing=20075 loaded=20019
[STAGE] 2026-04-25 10:10:42 prebuild image raw cache: chunk=18/85 missing=20077 loaded=20051
[STAGE] 2026-04-25 10:11:34 prebuild image raw cache: chunk=19/85 missing=20074 loaded=20020
[STAGE] 2026-04-25 10:12:25 prebuild image raw cache: chunk=20/85 missing=20077 loaded=20037
[STAGE] 2026-04-25 10:13:16 prebuild image raw cache: chunk=21/85 missing=20077 loaded=20034
[STAGE] 2026-04-25 10:13:46 prebuild image raw cache: chunk=27/85 missing=13622 loaded=0
[STAGE] 2026-04-25 10:14:12 image raw cache prebuild done missing=845292 loaded=428835
[STAGE] 2026-04-25 10:14:12 DONE prebuild raw caches (1143.12s)
[STAGE] 2026-04-25 10:14:12 START train
[STAGE] 2026-04-25 10:14:12 epoch start epoch=1/3 steps_per_epoch=22357 global_step=0/67071
[TRAIN] 2026-04-25 10:14:16 step=1/67071 (0.00%) epoch=1/3 epoch_step=1/22357 (0.00%) loss=0.806259 lr=4.00001e-05 elapsed=00:04 eta=71:34:17 val_mrr=NA
[TRAIN] 2026-04-25 10:14:18 step=2/67071 (0.00%) epoch=1/3 epoch_step=2/22357 (0.01%) loss=0.804427 lr=4.00002e-05 elapsed=00:06 eta=57:36:50 val_mrr=NA
[TRAIN] 2026-04-25 10:14:21 step=3/67071 (0.00%) epoch=1/3 epoch_step=3/22357 (0.01%) loss=0.801798 lr=4.00005e-05 elapsed=00:09 eta=53:32:59 val_mrr=NA
[TRAIN] 2026-04-25 10:14:24 step=4/67071 (0.01%) epoch=1/3 epoch_step=4/22357 (0.02%) loss=0.799448 lr=4.00008e-05 elapsed=00:12 eta=53:47:49 val_mrr=NA
[TRAIN] 2026-04-25 10:14:26 step=5/67071 (0.01%) epoch=1/3 epoch_step=5/22357 (0.02%) loss=0.799043 lr=4.00013e-05 elapsed=00:14 eta=51:24:53 val_mrr=NA
[TRAIN] 2026-04-25 10:14:38 step=10/67071 (0.01%) epoch=1/3 epoch_step=10/22357 (0.04%) loss=0.795158 lr=4.00053e-05 elapsed=00:26 eta=48:25:16 val_mrr=NA
[TRAIN] 2026-04-25 10:15:02 step=20/67071 (0.03%) epoch=1/3 epoch_step=20/22357 (0.09%) loss=0.791243 lr=4.00211e-05 elapsed=00:50 eta=46:38:08 val_mrr=NA
[TRAIN] 2026-04-25 10:15:27 step=30/67071 (0.04%) epoch=1/3 epoch_step=30/22357 (0.13%) loss=0.789271 lr=4.00474e-05 elapsed=01:15 eta=46:19:31 val_mrr=NA
[TRAIN] 2026-04-25 10:15:52 step=40/67071 (0.06%) epoch=1/3 epoch_step=40/22357 (0.18%) loss=0.787483 lr=4.00843e-05 elapsed=01:39 eta=46:17:01 val_mrr=NA
[TRAIN] 2026-04-25 10:16:17 step=50/67071 (0.07%) epoch=1/3 epoch_step=50/22357 (0.22%) loss=0.785205 lr=4.01317e-05 elapsed=02:05 eta=46:23:37 val_mrr=NA
[TRAIN] 2026-04-25 10:16:41 step=60/67071 (0.09%) epoch=1/3 epoch_step=60/22357 (0.27%) loss=0.783043 lr=4.01896e-05 elapsed=02:29 eta=46:10:35 val_mrr=NA
[TRAIN] 2026-04-25 10:17:06 step=70/67071 (0.10%) epoch=1/3 epoch_step=70/22357 (0.31%) loss=0.781673 lr=4.02581e-05 elapsed=02:53 eta=46:05:20 val_mrr=NA
[TRAIN] 2026-04-25 10:17:31 step=80/67071 (0.12%) epoch=1/3 epoch_step=80/22357 (0.36%) loss=0.779686 lr=4.03371e-05 elapsed=03:19 eta=46:15:12 val_mrr=NA
[TRAIN] 2026-04-25 10:17:55 step=90/67071 (0.13%) epoch=1/3 epoch_step=90/22357 (0.40%) loss=0.778490 lr=4.04266e-05 elapsed=03:43 eta=46:02:52 val_mrr=NA
[TRAIN] 2026-04-25 10:18:19 step=100/67071 (0.15%) epoch=1/3 epoch_step=100/22357 (0.45%) loss=0.775271 lr=4.05266e-05 elapsed=04:07 eta=45:55:34 val_mrr=NA
[TRAIN] 2026-04-25 10:18:43 step=110/67071 (0.16%) epoch=1/3 epoch_step=110/22357 (0.49%) loss=0.773789 lr=4.06372e-05 elapsed=04:31 eta=45:45:14 val_mrr=NA
[TRAIN] 2026-04-25 10:19:07 step=120/67071 (0.18%) epoch=1/3 epoch_step=120/22357 (0.54%) loss=0.770731 lr=4.07583e-05 elapsed=04:55 eta=45:43:33 val_mrr=NA
[TRAIN] 2026-04-25 10:19:32 step=130/67071 (0.19%) epoch=1/3 epoch_step=130/22357 (0.58%) loss=0.768090 lr=4.08899e-05 elapsed=05:20 eta=45:45:58 val_mrr=NA
[TRAIN] 2026-04-25 10:19:56 step=140/67071 (0.21%) epoch=1/3 epoch_step=140/22357 (0.63%) loss=0.765321 lr=4.1032e-05 elapsed=05:44 eta=45:40:20 val_mrr=NA
[TRAIN] 2026-04-25 10:20:20 step=150/67071 (0.22%) epoch=1/3 epoch_step=150/22357 (0.67%) loss=0.763758 lr=4.11846e-05 elapsed=06:08 eta=45:37:45 val_mrr=NA
[TRAIN] 2026-04-25 10:20:45 step=160/67071 (0.24%) epoch=1/3 epoch_step=160/22357 (0.72%) loss=0.754946 lr=4.13477e-05 elapsed=06:32 eta=45:34:12 val_mrr=NA
[TRAIN] 2026-04-25 10:21:09 step=170/67071 (0.25%) epoch=1/3 epoch_step=170/22357 (0.76%) loss=0.755250 lr=4.15214e-05 elapsed=06:56 eta=45:31:34 val_mrr=NA
[TRAIN] 2026-04-25 10:21:33 step=180/67071 (0.27%) epoch=1/3 epoch_step=180/22357 (0.81%) loss=0.753230 lr=4.17055e-05 elapsed=07:21 eta=45:29:36 val_mrr=NA
[TRAIN] 2026-04-25 10:21:57 step=190/67071 (0.28%) epoch=1/3 epoch_step=190/22357 (0.85%) loss=0.751249 lr=4.19002e-05 elapsed=07:45 eta=45:28:24 val_mrr=NA
[TRAIN] 2026-04-25 10:22:22 step=200/67071 (0.30%) epoch=1/3 epoch_step=200/22357 (0.89%) loss=0.746291 lr=4.21053e-05 elapsed=08:10 eta=45:30:45 val_mrr=NA
[TRAIN] 2026-04-25 10:22:47 step=210/67071 (0.31%) epoch=1/3 epoch_step=210/22357 (0.94%) loss=0.744936 lr=4.23209e-05 elapsed=08:34 eta=45:28:50 val_mrr=NA
[TRAIN] 2026-04-25 10:23:11 step=220/67071 (0.33%) epoch=1/3 epoch_step=220/22357 (0.98%) loss=0.741198 lr=4.2547e-05 elapsed=08:58 eta=45:25:55 val_mrr=NA
[TRAIN] 2026-04-25 10:23:35 step=230/67071 (0.34%) epoch=1/3 epoch_step=230/22357 (1.03%) loss=0.737495 lr=4.27836e-05 elapsed=09:22 eta=45:23:29 val_mrr=NA
[TRAIN] 2026-04-25 10:23:58 step=240/67071 (0.36%) epoch=1/3 epoch_step=240/22357 (1.07%) loss=0.739297 lr=4.30307e-05 elapsed=09:46 eta=45:20:03 val_mrr=NA
[TRAIN] 2026-04-25 10:24:22 step=250/67071 (0.37%) epoch=1/3 epoch_step=250/22357 (1.12%) loss=0.733634 lr=4.32882e-05 elapsed=10:10 eta=45:18:03 val_mrr=NA
[TRAIN] 2026-04-25 10:24:47 step=260/67071 (0.39%) epoch=1/3 epoch_step=260/22357 (1.16%) loss=0.734306 lr=4.35562e-05 elapsed=10:34 eta=45:16:32 val_mrr=NA
[TRAIN] 2026-04-25 10:25:12 step=270/67071 (0.40%) epoch=1/3 epoch_step=270/22357 (1.21%) loss=0.734611 lr=4.38346e-05 elapsed=10:59 eta=45:18:35 val_mrr=NA
[TRAIN] 2026-04-25 10:25:35 step=280/67071 (0.42%) epoch=1/3 epoch_step=280/22357 (1.25%) loss=0.729015 lr=4.41235e-05 elapsed=11:23 eta=45:15:21 val_mrr=NA
[TRAIN] 2026-04-25 10:26:00 step=290/67071 (0.43%) epoch=1/3 epoch_step=290/22357 (1.30%) loss=0.724940 lr=4.44228e-05 elapsed=11:47 eta=45:14:42 val_mrr=NA
[TRAIN] 2026-04-25 10:26:24 step=300/67071 (0.45%) epoch=1/3 epoch_step=300/22357 (1.34%) loss=0.725410 lr=4.47326e-05 elapsed=12:12 eta=45:15:09 val_mrr=NA
[TRAIN] 2026-04-25 10:26:49 step=310/67071 (0.46%) epoch=1/3 epoch_step=310/22357 (1.39%) loss=0.720522 lr=4.50528e-05 elapsed=12:36 eta=45:14:37 val_mrr=NA
[TRAIN] 2026-04-25 10:27:13 step=320/67071 (0.48%) epoch=1/3 epoch_step=320/22357 (1.43%) loss=0.721389 lr=4.53834e-05 elapsed=13:01 eta=45:14:30 val_mrr=NA
[TRAIN] 2026-04-25 10:27:38 step=330/67071 (0.49%) epoch=1/3 epoch_step=330/22357 (1.48%) loss=0.717328 lr=4.57244e-05 elapsed=13:25 eta=45:14:21 val_mrr=NA
[TRAIN] 2026-04-25 10:28:01 step=340/67071 (0.51%) epoch=1/3 epoch_step=340/22357 (1.52%) loss=0.718805 lr=4.60759e-05 elapsed=13:49 eta=45:11:49 val_mrr=NA
[TRAIN] 2026-04-25 10:28:26 step=350/67071 (0.52%) epoch=1/3 epoch_step=350/22357 (1.57%) loss=0.717064 lr=4.64377e-05 elapsed=14:14 eta=45:13:26 val_mrr=NA
[TRAIN] 2026-04-25 10:28:51 step=360/67071 (0.54%) epoch=1/3 epoch_step=360/22357 (1.61%) loss=0.712493 lr=4.681e-05 elapsed=14:38 eta=45:12:27 val_mrr=NA
[TRAIN] 2026-04-25 10:29:15 step=370/67071 (0.55%) epoch=1/3 epoch_step=370/22357 (1.65%) loss=0.711933 lr=4.71926e-05 elapsed=15:02 eta=45:11:36 val_mrr=NA
[TRAIN] 2026-04-25 10:29:38 step=380/67071 (0.57%) epoch=1/3 epoch_step=380/22357 (1.70%) loss=0.718313 lr=4.75856e-05 elapsed=15:26 eta=45:08:46 val_mrr=NA
[TRAIN] 2026-04-25 10:30:03 step=390/67071 (0.58%) epoch=1/3 epoch_step=390/22357 (1.74%) loss=0.705737 lr=4.7989e-05 elapsed=15:51 eta=45:08:47 val_mrr=NA
[TRAIN] 2026-04-25 10:30:28 step=400/67071 (0.60%) epoch=1/3 epoch_step=400/22357 (1.79%) loss=0.709311 lr=4.84027e-05 elapsed=16:16 eta=45:10:44 val_mrr=NA
[TRAIN] 2026-04-25 10:30:52 step=410/67071 (0.61%) epoch=1/3 epoch_step=410/22357 (1.83%) loss=0.705358 lr=4.88268e-05 elapsed=16:39 eta=45:08:13 val_mrr=NA
[TRAIN] 2026-04-25 10:31:16 step=420/67071 (0.63%) epoch=1/3 epoch_step=420/22357 (1.88%) loss=0.701627 lr=4.92612e-05 elapsed=17:04 eta=45:07:47 val_mrr=NA
[TRAIN] 2026-04-25 10:31:42 step=430/67071 (0.64%) epoch=1/3 epoch_step=430/22357 (1.92%) loss=0.704217 lr=4.9706e-05 elapsed=17:29 eta=45:10:37 val_mrr=NA
[TRAIN] 2026-04-25 10:32:06 step=440/67071 (0.66%) epoch=1/3 epoch_step=440/22357 (1.97%) loss=0.700691 lr=5.0161e-05 elapsed=17:54 eta=45:09:52 val_mrr=NA
[TRAIN] 2026-04-25 10:32:30 step=450/67071 (0.67%) epoch=1/3 epoch_step=450/22357 (2.01%) loss=0.699573 lr=5.06264e-05 elapsed=18:17 eta=45:07:32 val_mrr=NA
[TRAIN] 2026-04-25 10:32:53 step=460/67071 (0.69%) epoch=1/3 epoch_step=460/22357 (2.06%) loss=0.696297 lr=5.11021e-05 elapsed=18:41 eta=45:05:27 val_mrr=NA
[TRAIN] 2026-04-25 10:33:18 step=470/67071 (0.70%) epoch=1/3 epoch_step=470/22357 (2.10%) loss=0.701445 lr=5.15881e-05 elapsed=19:06 eta=45:05:55 val_mrr=NA
[TRAIN] 2026-04-25 10:33:42 step=480/67071 (0.72%) epoch=1/3 epoch_step=480/22357 (2.15%) loss=0.688363 lr=5.20843e-05 elapsed=19:30 eta=45:05:09 val_mrr=NA
[TRAIN] 2026-04-25 10:34:06 step=490/67071 (0.73%) epoch=1/3 epoch_step=490/22357 (2.19%) loss=0.687503 lr=5.25909e-05 elapsed=19:54 eta=45:04:29 val_mrr=NA
[STAGE] 2026-04-25 10:34:32 val prep subsets global=50000 art_art=1986 art_any=50000
[STAGE] 2026-04-25 10:34:32 val prep negatives global=50000 art_art=1986 art_any=50000
[STAGE] 2026-04-25 10:34:32 val start step=500 epoch=0 task=relation_ranking subset=global triples=50000 batches=98 eval_batch_size=512
[STAGE] 2026-04-25 10:39:45 val start step=500 epoch=0 task=triple_scoring subset=global triples=50000 batches=98 eval_batch_size=512
[STAGE] 2026-04-25 10:46:22 val start step=500 epoch=0 task=relation_ranking subset=art_art triples=1986 batches=4 eval_batch_size=512
[STAGE] 2026-04-25 10:46:41 val start step=500 epoch=0 task=triple_scoring subset=art_art triples=1986 batches=4 eval_batch_size=512
[STAGE] 2026-04-25 10:47:09 val start step=500 epoch=0 task=relation_ranking subset=art_any triples=50000 batches=98 eval_batch_size=512
[STAGE] 2026-04-25 10:52:25 val start step=500 epoch=0 task=triple_scoring subset=art_any triples=50000 batches=98 eval_batch_size=512
[VAL] 2026-04-25 11:02:18 step=500 epoch=0 mrr=0.627238 aucpr=0.863008 art_art_mrr=0.197393 art_art_aucpr=0.540082 art_any_mrr=0.627499 art_any_aucpr=0.620059
[TRAIN] 2026-04-25 11:02:20 step=500/67071 (0.75%) epoch=1/3 epoch_step=500/22357 (2.24%) loss=0.696685 lr=5.31076e-05 elapsed=48:07 eta=106:46:53 val_mrr=0.627238
[TRAIN] 2026-04-25 11:02:44 step=510/67071 (0.76%) epoch=1/3 epoch_step=510/22357 (2.28%) loss=0.685320 lr=5.36347e-05 elapsed=48:32 eta=105:34:03 val_mrr=0.627238
[TRAIN] 2026-04-25 11:03:09 step=520/67071 (0.78%) epoch=1/3 epoch_step=520/22357 (2.33%) loss=0.678074 lr=5.41719e-05 elapsed=48:57 eta=104:24:40 val_mrr=0.627238
[TRAIN] 2026-04-25 11:03:35 step=530/67071 (0.79%) epoch=1/3 epoch_step=530/22357 (2.37%) loss=0.682736 lr=5.47194e-05 elapsed=49:22 eta=103:18:34 val_mrr=0.627238
[TRAIN] 2026-04-25 11:04:01 step=540/67071 (0.81%) epoch=1/3 epoch_step=540/22357 (2.42%) loss=0.679727 lr=5.52771e-05 elapsed=49:48 eta=102:16:13 val_mrr=0.627238
[TRAIN] 2026-04-25 11:04:25 step=550/67071 (0.82%) epoch=1/3 epoch_step=550/22357 (2.46%) loss=0.687635 lr=5.5845e-05 elapsed=50:13 eta=101:13:53 val_mrr=0.627238
[TRAIN] 2026-04-25 11:04:50 step=560/67071 (0.83%) epoch=1/3 epoch_step=560/22357 (2.50%) loss=0.677017 lr=5.64231e-05 elapsed=50:37 eta=100:12:11 val_mrr=0.627238
[TRAIN] 2026-04-25 11:05:14 step=570/67071 (0.85%) epoch=1/3 epoch_step=570/22357 (2.55%) loss=0.684484 lr=5.70113e-05 elapsed=51:02 eta=99:13:52 val_mrr=0.627238
[TRAIN] 2026-04-25 11:05:39 step=580/67071 (0.86%) epoch=1/3 epoch_step=580/22357 (2.59%) loss=0.677001 lr=5.76098e-05 elapsed=51:27 eta=98:18:25 val_mrr=0.627238
[TRAIN] 2026-04-25 11:06:05 step=590/67071 (0.88%) epoch=1/3 epoch_step=590/22357 (2.64%) loss=0.676553 lr=5.82183e-05 elapsed=51:53 eta=97:26:17 val_mrr=0.627238
[TRAIN] 2026-04-25 11:06:31 step=600/67071 (0.89%) epoch=1/3 epoch_step=600/22357 (2.68%) loss=0.686561 lr=5.8837e-05 elapsed=52:19 eta=96:35:00 val_mrr=0.627238
[TRAIN] 2026-04-25 11:06:56 step=610/67071 (0.91%) epoch=1/3 epoch_step=610/22357 (2.73%) loss=0.675561 lr=5.94658e-05 elapsed=52:43 eta=95:44:25 val_mrr=0.627238
[TRAIN] 2026-04-25 11:07:21 step=620/67071 (0.92%) epoch=1/3 epoch_step=620/22357 (2.77%) loss=0.663795 lr=6.01048e-05 elapsed=53:08 eta=94:55:13 val_mrr=0.627238
[TRAIN] 2026-04-25 11:07:45 step=630/67071 (0.94%) epoch=1/3 epoch_step=630/22357 (2.82%) loss=0.674011 lr=6.07538e-05 elapsed=53:32 eta=94:06:16 val_mrr=0.627238
[TRAIN] 2026-04-25 11:08:10 step=640/67071 (0.95%) epoch=1/3 epoch_step=640/22357 (2.86%) loss=0.671122 lr=6.14129e-05 elapsed=53:57 eta=93:20:27 val_mrr=0.627238
[TRAIN] 2026-04-25 11:08:35 step=650/67071 (0.97%) epoch=1/3 epoch_step=650/22357 (2.91%) loss=0.669527 lr=6.2082e-05 elapsed=54:22 eta=92:36:10 val_mrr=0.627238
[TRAIN] 2026-04-25 11:09:01 step=660/67071 (0.98%) epoch=1/3 epoch_step=660/22357 (2.95%) loss=0.665681 lr=6.27613e-05 elapsed=54:48 eta=91:54:41 val_mrr=0.627238
[TRAIN] 2026-04-25 11:09:26 step=670/67071 (1.00%) epoch=1/3 epoch_step=670/22357 (3.00%) loss=0.667291 lr=6.34505e-05 elapsed=55:14 eta=91:13:22 val_mrr=0.627238
[TRAIN] 2026-04-25 11:09:52 step=680/67071 (1.01%) epoch=1/3 epoch_step=680/22357 (3.04%) loss=0.671384 lr=6.41498e-05 elapsed=55:39 eta=90:33:48 val_mrr=0.627238
[TRAIN] 2026-04-25 11:10:16 step=690/67071 (1.03%) epoch=1/3 epoch_step=690/22357 (3.09%) loss=0.672197 lr=6.4859e-05 elapsed=56:03 eta=89:52:50 val_mrr=0.627238
[TRAIN] 2026-04-25 11:10:41 step=700/67071 (1.04%) epoch=1/3 epoch_step=700/22357 (3.13%) loss=0.665881 lr=6.55783e-05 elapsed=56:28 eta=89:14:32 val_mrr=0.627238
[TRAIN] 2026-04-25 11:11:04 step=710/67071 (1.06%) epoch=1/3 epoch_step=710/22357 (3.18%) loss=0.658413 lr=6.63075e-05 elapsed=56:52 eta=88:34:35 val_mrr=0.627238
[TRAIN] 2026-04-25 11:11:29 step=720/67071 (1.07%) epoch=1/3 epoch_step=720/22357 (3.22%) loss=0.649115 lr=6.70467e-05 elapsed=57:17 eta=87:58:40 val_mrr=0.627238
[TRAIN] 2026-04-25 11:11:55 step=730/67071 (1.09%) epoch=1/3 epoch_step=730/22357 (3.27%) loss=0.642944 lr=6.77958e-05 elapsed=57:43 eta=87:24:40 val_mrr=0.627238
[TRAIN] 2026-04-25 11:12:20 step=740/67071 (1.10%) epoch=1/3 epoch_step=740/22357 (3.31%) loss=0.658254 lr=6.85549e-05 elapsed=58:07 eta=86:49:59 val_mrr=0.627238
[TRAIN] 2026-04-25 11:12:44 step=750/67071 (1.12%) epoch=1/3 epoch_step=750/22357 (3.35%) loss=0.658407 lr=6.93239e-05 elapsed=58:32 eta=86:15:19 val_mrr=0.627238
[TRAIN] 2026-04-25 11:13:10 step=760/67071 (1.13%) epoch=1/3 epoch_step=760/22357 (3.40%) loss=0.658561 lr=7.01027e-05 elapsed=58:57 eta=85:44:08 val_mrr=0.627238
[TRAIN] 2026-04-25 11:13:34 step=770/67071 (1.15%) epoch=1/3 epoch_step=770/22357 (3.44%) loss=0.649775 lr=7.08914e-05 elapsed=59:21 eta=85:11:03 val_mrr=0.627238
[TRAIN] 2026-04-25 11:13:58 step=780/67071 (1.16%) epoch=1/3 epoch_step=780/22357 (3.49%) loss=0.644570 lr=7.169e-05 elapsed=59:46 eta=84:39:10 val_mrr=0.627238
[TRAIN] 2026-04-25 11:14:22 step=790/67071 (1.18%) epoch=1/3 epoch_step=790/22357 (3.53%) loss=0.658295 lr=7.24984e-05 elapsed=01:00:10 eta=84:07:50 val_mrr=0.627238
[TRAIN] 2026-04-25 11:14:47 step=800/67071 (1.19%) epoch=1/3 epoch_step=800/22357 (3.58%) loss=0.643228 lr=7.33167e-05 elapsed=01:00:34 eta=83:37:40 val_mrr=0.627238
[TRAIN] 2026-04-25 11:15:10 step=810/67071 (1.21%) epoch=1/3 epoch_step=810/22357 (3.62%) loss=0.632729 lr=7.41447e-05 elapsed=01:00:58 eta=83:07:14 val_mrr=0.627238
[TRAIN] 2026-04-25 11:15:35 step=820/67071 (1.22%) epoch=1/3 epoch_step=820/22357 (3.67%) loss=0.650433 lr=7.49825e-05 elapsed=01:01:22 eta=82:38:37 val_mrr=0.627238
[TRAIN] 2026-04-25 11:15:58 step=830/67071 (1.24%) epoch=1/3 epoch_step=830/22357 (3.71%) loss=0.646961 lr=7.58301e-05 elapsed=01:01:46 eta=82:09:18 val_mrr=0.627238
[TRAIN] 2026-04-25 11:16:22 step=840/67071 (1.25%) epoch=1/3 epoch_step=840/22357 (3.76%) loss=0.644711 lr=7.66875e-05 elapsed=01:02:10 eta=81:41:03 val_mrr=0.627238
[TRAIN] 2026-04-25 11:16:45 step=850/67071 (1.27%) epoch=1/3 epoch_step=850/22357 (3.80%) loss=0.649067 lr=7.75546e-05 elapsed=01:02:33 eta=81:13:12 val_mrr=0.627238
[TRAIN] 2026-04-25 11:17:08 step=860/67071 (1.28%) epoch=1/3 epoch_step=860/22357 (3.85%) loss=0.650345 lr=7.84313e-05 elapsed=01:02:56 eta=80:45:07 val_mrr=0.627238
[TRAIN] 2026-04-25 11:17:31 step=870/67071 (1.30%) epoch=1/3 epoch_step=870/22357 (3.89%) loss=0.639678 lr=7.93178e-05 elapsed=01:03:19 eta=80:17:45 val_mrr=0.627238
[TRAIN] 2026-04-25 11:17:55 step=880/67071 (1.31%) epoch=1/3 epoch_step=880/22357 (3.94%) loss=0.639271 lr=8.0214e-05 elapsed=01:03:43 eta=79:52:01 val_mrr=0.627238
[TRAIN] 2026-04-25 11:18:17 step=890/67071 (1.33%) epoch=1/3 epoch_step=890/22357 (3.98%) loss=0.632803 lr=8.11198e-05 elapsed=01:04:05 eta=79:24:59 val_mrr=0.627238
[TRAIN] 2026-04-25 11:18:41 step=900/67071 (1.34%) epoch=1/3 epoch_step=900/22357 (4.03%) loss=0.628597 lr=8.20352e-05 elapsed=01:04:28 eta=79:00:20 val_mrr=0.627238
[TRAIN] 2026-04-25 11:19:04 step=910/67071 (1.36%) epoch=1/3 epoch_step=910/22357 (4.07%) loss=0.635610 lr=8.29602e-05 elapsed=01:04:51 eta=78:35:29 val_mrr=0.627238
[TRAIN] 2026-04-25 11:19:27 step=920/67071 (1.37%) epoch=1/3 epoch_step=920/22357 (4.12%) loss=0.635889 lr=8.38948e-05 elapsed=01:05:15 eta=78:11:35 val_mrr=0.627238
[TRAIN] 2026-04-25 11:19:51 step=930/67071 (1.39%) epoch=1/3 epoch_step=930/22357 (4.16%) loss=0.638939 lr=8.4839e-05 elapsed=01:05:39 eta=77:48:30 val_mrr=0.627238
[TRAIN] 2026-04-25 11:20:16 step=940/67071 (1.40%) epoch=1/3 epoch_step=940/22357 (4.20%) loss=0.632669 lr=8.57928e-05 elapsed=01:06:03 eta=77:27:19 val_mrr=0.627238
[TRAIN] 2026-04-25 11:20:39 step=950/67071 (1.42%) epoch=1/3 epoch_step=950/22357 (4.25%) loss=0.636676 lr=8.67561e-05 elapsed=01:06:27 eta=77:05:14 val_mrr=0.627238
[TRAIN] 2026-04-25 11:21:02 step=960/67071 (1.43%) epoch=1/3 epoch_step=960/22357 (4.29%) loss=0.632130 lr=8.77289e-05 elapsed=01:06:50 eta=76:42:20 val_mrr=0.627238
[TRAIN] 2026-04-25 11:21:26 step=970/67071 (1.45%) epoch=1/3 epoch_step=970/22357 (4.34%) loss=0.630187 lr=8.87111e-05 elapsed=01:07:13 eta=76:20:49 val_mrr=0.627238
[TRAIN] 2026-04-25 11:21:49 step=980/67071 (1.46%) epoch=1/3 epoch_step=980/22357 (4.38%) loss=0.630909 lr=8.97029e-05 elapsed=01:07:37 eta=75:59:53 val_mrr=0.627238
[TRAIN] 2026-04-25 11:22:14 step=990/67071 (1.48%) epoch=1/3 epoch_step=990/22357 (4.43%) loss=0.633772 lr=9.07041e-05 elapsed=01:08:01 eta=75:40:32 val_mrr=0.627238
[STAGE] 2026-04-25 11:22:38 val prep subsets global=50000 art_art=1986 art_any=50000
[STAGE] 2026-04-25 11:22:39 val prep negatives global=50000 art_art=1986 art_any=50000
[STAGE] 2026-04-25 11:22:39 val start step=1000 epoch=0 task=relation_ranking subset=global triples=50000 batches=98 eval_batch_size=512
[STAGE] 2026-04-25 11:28:03 val start step=1000 epoch=0 task=triple_scoring subset=global triples=50000 batches=98 eval_batch_size=512
[STAGE] 2026-04-25 11:34:53 val start step=1000 epoch=0 task=relation_ranking subset=art_art triples=1986 batches=4 eval_batch_size=512
[STAGE] 2026-04-25 11:35:14 val start step=1000 epoch=0 task=triple_scoring subset=art_art triples=1986 batches=4 eval_batch_size=512
[STAGE] 2026-04-25 11:35:43 val start step=1000 epoch=0 task=relation_ranking subset=art_any triples=50000 batches=98 eval_batch_size=512
[STAGE] 2026-04-25 11:41:16 val start step=1000 epoch=0 task=triple_scoring subset=art_any triples=50000 batches=98 eval_batch_size=512
[VAL] 2026-04-25 11:51:28 step=1000 epoch=0 mrr=0.713381 aucpr=0.890517 art_art_mrr=0.279206 art_art_aucpr=0.565600 art_any_mrr=0.713271 art_any_aucpr=0.665799
[TRAIN] 2026-04-25 11:51:30 step=1000/67071 (1.49%) epoch=1/3 epoch_step=1000/22357 (4.47%) loss=0.623899 lr=9.17147e-05 elapsed=01:37:17 eta=107:08:07 val_mrr=0.713381
[TRAIN] 2026-04-25 11:51:55 step=1010/67071 (1.51%) epoch=1/3 epoch_step=1010/22357 (4.52%) loss=0.619256 lr=9.27347e-05 elapsed=01:37:43 eta=106:31:23 val_mrr=0.713381
[TRAIN] 2026-04-25 11:52:21 step=1020/67071 (1.52%) epoch=1/3 epoch_step=1020/22357 (4.56%) loss=0.623884 lr=9.37641e-05 elapsed=01:38:09 eta=105:55:35 val_mrr=0.713381
[TRAIN] 2026-04-25 11:52:47 step=1030/67071 (1.54%) epoch=1/3 epoch_step=1030/22357 (4.61%) loss=0.621424 lr=9.48028e-05 elapsed=01:38:35 eta=105:20:45 val_mrr=0.713381
[TRAIN] 2026-04-25 11:53:13 step=1040/67071 (1.55%) epoch=1/3 epoch_step=1040/22357 (4.65%) loss=0.626548 lr=9.58509e-05 elapsed=01:39:01 eta=104:46:10 val_mrr=0.713381
[TRAIN] 2026-04-25 11:53:39 step=1050/67071 (1.57%) epoch=1/3 epoch_step=1050/22357 (4.70%) loss=0.622804 lr=9.69082e-05 elapsed=01:39:27 eta=104:12:37 val_mrr=0.713381
[TRAIN] 2026-04-25 11:54:05 step=1060/67071 (1.58%) epoch=1/3 epoch_step=1060/22357 (4.74%) loss=0.611092 lr=9.79749e-05 elapsed=01:39:53 eta=103:39:44 val_mrr=0.713381
[TRAIN] 2026-04-25 11:54:32 step=1070/67071 (1.60%) epoch=1/3 epoch_step=1070/22357 (4.79%) loss=0.625539 lr=9.90508e-05 elapsed=01:40:20 eta=103:08:45 val_mrr=0.713381
[TRAIN] 2026-04-25 11:54:59 step=1080/67071 (1.61%) epoch=1/3 epoch_step=1080/22357 (4.83%) loss=0.609555 lr=0.000100136 elapsed=01:40:47 eta=102:37:58 val_mrr=0.713381
[TRAIN] 2026-04-25 11:55:29 step=1090/67071 (1.63%) epoch=1/3 epoch_step=1090/22357 (4.88%) loss=0.613338 lr=0.00010123 elapsed=01:41:16 eta=102:10:17 val_mrr=0.713381
[TRAIN] 2026-04-25 11:55:58 step=1100/67071 (1.64%) epoch=1/3 epoch_step=1100/22357 (4.92%) loss=0.614888 lr=0.000102334 elapsed=01:41:46 eta=101:43:03 val_mrr=0.713381
[TRAIN] 2026-04-25 11:56:25 step=1110/67071 (1.65%) epoch=1/3 epoch_step=1110/22357 (4.96%) loss=0.611829 lr=0.000103447 elapsed=01:42:12 eta=101:13:34 val_mrr=0.713381
[TRAIN] 2026-04-25 11:56:51 step=1120/67071 (1.67%) epoch=1/3 epoch_step=1120/22357 (5.01%) loss=0.613093 lr=0.000104569 elapsed=01:42:39 eta=100:44:06 val_mrr=0.713381
[TRAIN] 2026-04-25 11:57:17 step=1130/67071 (1.68%) epoch=1/3 epoch_step=1130/22357 (5.05%) loss=0.610737 lr=0.0001057 elapsed=01:43:04 eta=100:14:52 val_mrr=0.713381
[TRAIN] 2026-04-25 11:57:42 step=1140/67071 (1.70%) epoch=1/3 epoch_step=1140/22357 (5.10%) loss=0.611861 lr=0.00010684 elapsed=01:43:29 eta=99:45:07 val_mrr=0.713381
[TRAIN] 2026-04-25 11:58:05 step=1150/67071 (1.71%) epoch=1/3 epoch_step=1150/22357 (5.14%) loss=0.603905 lr=0.000107989 elapsed=01:43:53 eta=99:14:43 val_mrr=0.713381
[TRAIN] 2026-04-25 11:58:29 step=1160/67071 (1.73%) epoch=1/3 epoch_step=1160/22357 (5.19%) loss=0.609116 lr=0.000109147 elapsed=01:44:17 eta=98:45:03 val_mrr=0.713381
[TRAIN] 2026-04-25 11:58:54 step=1170/67071 (1.74%) epoch=1/3 epoch_step=1170/22357 (5.23%) loss=0.604725 lr=0.000110314 elapsed=01:44:42 eta=98:17:13 val_mrr=0.713381
[TRAIN] 2026-04-25 11:59:19 step=1180/67071 (1.76%) epoch=1/3 epoch_step=1180/22357 (5.28%) loss=0.596662 lr=0.00011149 elapsed=01:45:07 eta=97:49:44 val_mrr=0.713381
[TRAIN] 2026-04-25 11:59:44 step=1190/67071 (1.77%) epoch=1/3 epoch_step=1190/22357 (5.32%) loss=0.613759 lr=0.000112676 elapsed=01:45:32 eta=97:22:18 val_mrr=0.713381
[TRAIN] 2026-04-25 12:00:10 step=1200/67071 (1.79%) epoch=1/3 epoch_step=1200/22357 (5.37%) loss=0.603975 lr=0.00011387 elapsed=01:45:57 eta=96:56:10 val_mrr=0.713381
[TRAIN] 2026-04-25 12:00:34 step=1210/67071 (1.80%) epoch=1/3 epoch_step=1210/22357 (5.41%) loss=0.607014 lr=0.000115073 elapsed=01:46:22 eta=96:29:37 val_mrr=0.713381
[TRAIN] 2026-04-25 12:00:59 step=1220/67071 (1.82%) epoch=1/3 epoch_step=1220/22357 (5.46%) loss=0.599695 lr=0.000116285 elapsed=01:46:46 eta=96:03:10 val_mrr=0.713381
[TRAIN] 2026-04-25 12:01:25 step=1230/67071 (1.83%) epoch=1/3 epoch_step=1230/22357 (5.50%) loss=0.599828 lr=0.000117505 elapsed=01:47:13 eta=95:39:09 val_mrr=0.713381
[TRAIN] 2026-04-25 12:01:50 step=1240/67071 (1.85%) epoch=1/3 epoch_step=1240/22357 (5.55%) loss=0.596406 lr=0.000118735 elapsed=01:47:38 eta=95:14:10 val_mrr=0.713381
[TRAIN] 2026-04-25 12:02:16 step=1250/67071 (1.86%) epoch=1/3 epoch_step=1250/22357 (5.59%) loss=0.597910 lr=0.000119973 elapsed=01:48:03 eta=94:49:47 val_mrr=0.713381
[TRAIN] 2026-04-25 12:02:40 step=1260/67071 (1.88%) epoch=1/3 epoch_step=1260/22357 (5.64%) loss=0.601542 lr=0.00012122 elapsed=01:48:28 eta=94:25:15 val_mrr=0.713381
[TRAIN] 2026-04-25 12:03:04 step=1270/67071 (1.89%) epoch=1/3 epoch_step=1270/22357 (5.68%) loss=0.597396 lr=0.000122476 elapsed=01:48:52 eta=94:00:34 val_mrr=0.713381
[TRAIN] 2026-04-25 12:03:29 step=1280/67071 (1.91%) epoch=1/3 epoch_step=1280/22357 (5.73%) loss=0.599950 lr=0.000123741 elapsed=01:49:17 eta=93:37:03 val_mrr=0.713381
[TRAIN] 2026-04-25 12:03:54 step=1290/67071 (1.92%) epoch=1/3 epoch_step=1290/22357 (5.77%) loss=0.592804 lr=0.000125014 elapsed=01:49:42 eta=93:13:35 val_mrr=0.713381
[TRAIN] 2026-04-25 12:04:19 step=1300/67071 (1.94%) epoch=1/3 epoch_step=1300/22357 (5.81%) loss=0.585597 lr=0.000126296 elapsed=01:50:07 eta=92:51:05 val_mrr=0.713381
[TRAIN] 2026-04-25 12:04:43 step=1310/67071 (1.95%) epoch=1/3 epoch_step=1310/22357 (5.86%) loss=0.598297 lr=0.000127587 elapsed=01:50:31 eta=92:27:48 val_mrr=0.713381
[TRAIN] 2026-04-25 12:05:10 step=1320/67071 (1.97%) epoch=1/3 epoch_step=1320/22357 (5.90%) loss=0.591722 lr=0.000128886 elapsed=01:50:57 eta=92:06:47 val_mrr=0.713381
[TRAIN] 2026-04-25 12:05:35 step=1330/67071 (1.98%) epoch=1/3 epoch_step=1330/22357 (5.95%) loss=0.595060 lr=0.000130194 elapsed=01:51:23 eta=91:45:30 val_mrr=0.713381
[TRAIN] 2026-04-25 12:06:00 step=1340/67071 (2.00%) epoch=1/3 epoch_step=1340/22357 (5.99%) loss=0.591725 lr=0.000131511 elapsed=01:51:48 eta=91:24:15 val_mrr=0.713381
[TRAIN] 2026-04-25 12:06:25 step=1350/67071 (2.01%) epoch=1/3 epoch_step=1350/22357 (6.04%) loss=0.592743 lr=0.000132836 elapsed=01:52:13 eta=91:02:49 val_mrr=0.713381
[TRAIN] 2026-04-25 12:06:50 step=1360/67071 (2.03%) epoch=1/3 epoch_step=1360/22357 (6.08%) loss=0.595164 lr=0.000134169 elapsed=01:52:37 eta=90:41:29 val_mrr=0.713381
[TRAIN] 2026-04-25 12:07:14 step=1370/67071 (2.04%) epoch=1/3 epoch_step=1370/22357 (6.13%) loss=0.589126 lr=0.000135511 elapsed=01:53:02 eta=90:20:42 val_mrr=0.713381
[TRAIN] 2026-04-25 12:07:38 step=1380/67071 (2.06%) epoch=1/3 epoch_step=1380/22357 (6.17%) loss=0.593297 lr=0.000136861 elapsed=01:53:25 eta=89:59:10 val_mrr=0.713381
[TRAIN] 2026-04-25 12:08:01 step=1390/67071 (2.07%) epoch=1/3 epoch_step=1390/22357 (6.22%) loss=0.592440 lr=0.00013822 elapsed=01:53:49 eta=89:38:13 val_mrr=0.713381
[TRAIN] 2026-04-25 12:08:26 step=1400/67071 (2.09%) epoch=1/3 epoch_step=1400/22357 (6.26%) loss=0.584069 lr=0.000139587 elapsed=01:54:14 eta=89:18:18 val_mrr=0.713381
[TRAIN] 2026-04-25 12:08:52 step=1410/67071 (2.10%) epoch=1/3 epoch_step=1410/22357 (6.31%) loss=0.577067 lr=0.000140963 elapsed=01:54:39 eta=88:59:15 val_mrr=0.713381
[TRAIN] 2026-04-25 12:09:16 step=1420/67071 (2.12%) epoch=1/3 epoch_step=1420/22357 (6.35%) loss=0.591136 lr=0.000142346 elapsed=01:55:04 eta=88:39:51 val_mrr=0.713381
[TRAIN] 2026-04-25 12:09:40 step=1430/67071 (2.13%) epoch=1/3 epoch_step=1430/22357 (6.40%) loss=0.577999 lr=0.000143739 elapsed=01:55:28 eta=88:20:21 val_mrr=0.713381
[TRAIN] 2026-04-25 12:10:04 step=1440/67071 (2.15%) epoch=1/3 epoch_step=1440/22357 (6.44%) loss=0.585635 lr=0.000145139 elapsed=01:55:52 eta=88:00:56 val_mrr=0.713381
[TRAIN] 2026-04-25 12:10:29 step=1450/67071 (2.16%) epoch=1/3 epoch_step=1450/22357 (6.49%) loss=0.593116 lr=0.000146547 elapsed=01:56:17 eta=87:42:16 val_mrr=0.713381
[TRAIN] 2026-04-25 12:10:54 step=1460/67071 (2.18%) epoch=1/3 epoch_step=1460/22357 (6.53%) loss=0.588776 lr=0.000147964 elapsed=01:56:41 eta=87:23:59 val_mrr=0.713381
[TRAIN] 2026-04-25 12:11:18 step=1470/67071 (2.19%) epoch=1/3 epoch_step=1470/22357 (6.58%) loss=0.583683 lr=0.000149389 elapsed=01:57:06 eta=87:05:47 val_mrr=0.713381
[TRAIN] 2026-04-25 12:11:43 step=1480/67071 (2.21%) epoch=1/3 epoch_step=1480/22357 (6.62%) loss=0.583308 lr=0.000150822 elapsed=01:57:31 eta=86:47:52 val_mrr=0.713381
[TRAIN] 2026-04-25 12:12:07 step=1490/67071 (2.22%) epoch=1/3 epoch_step=1490/22357 (6.66%) loss=0.582187 lr=0.000152263 elapsed=01:57:55 eta=86:30:09 val_mrr=0.713381
[STAGE] 2026-04-25 12:12:31 val prep subsets global=50000 art_art=1986 art_any=50000
[STAGE] 2026-04-25 12:12:32 val prep negatives global=50000 art_art=1986 art_any=50000
[STAGE] 2026-04-25 12:12:32 val start step=1500 epoch=0 task=relation_ranking subset=global triples=50000 batches=98 eval_batch_size=512
[STAGE] 2026-04-25 12:17:45 val start step=1500 epoch=0 task=triple_scoring subset=global triples=50000 batches=98 eval_batch_size=512
[STAGE] 2026-04-25 12:24:21 val start step=1500 epoch=0 task=relation_ranking subset=art_art triples=1986 batches=4 eval_batch_size=512
[STAGE] 2026-04-25 12:24:40 val start step=1500 epoch=0 task=triple_scoring subset=art_art triples=1986 batches=4 eval_batch_size=512
[STAGE] 2026-04-25 12:25:07 val start step=1500 epoch=0 task=relation_ranking subset=art_any triples=50000 batches=98 eval_batch_size=512
[STAGE] 2026-04-25 12:30:15 val start step=1500 epoch=0 task=triple_scoring subset=art_any triples=50000 batches=98 eval_batch_size=512
[VAL] 2026-04-25 12:39:33 step=1500 epoch=0 mrr=0.726379 aucpr=0.896798 art_art_mrr=0.353661 art_art_aucpr=0.623353 art_any_mrr=0.725533 art_any_aucpr=0.701278
[TRAIN] 2026-04-25 12:39:34 step=1500/67071 (2.24%) epoch=1/3 epoch_step=1500/22357 (6.71%) loss=0.596855 lr=0.000153713 elapsed=02:25:22 eta=105:54:43 val_mrr=0.726379
[TRAIN] 2026-04-25 12:39:58 step=1510/67071 (2.25%) epoch=1/3 epoch_step=1510/22357 (6.75%) loss=0.591819 lr=0.00015517 elapsed=02:25:46 eta=105:28:33 val_mrr=0.726379
[TRAIN] 2026-04-25 12:40:22 step=1520/67071 (2.27%) epoch=1/3 epoch_step=1520/22357 (6.80%) loss=0.585204 lr=0.000156635 elapsed=02:26:09 eta=105:03:04 val_mrr=0.726379
[TRAIN] 2026-04-25 12:40:45 step=1530/67071 (2.28%) epoch=1/3 epoch_step=1530/22357 (6.84%) loss=0.583016 lr=0.000158108 elapsed=02:26:33 eta=104:37:32 val_mrr=0.726379
[TRAIN] 2026-04-25 12:41:09 step=1540/67071 (2.30%) epoch=1/3 epoch_step=1540/22357 (6.89%) loss=0.583609 lr=0.00015959 elapsed=02:26:57 eta=104:12:49 val_mrr=0.726379
[TRAIN] 2026-04-25 12:41:34 step=1550/67071 (2.31%) epoch=1/3 epoch_step=1550/22357 (6.93%) loss=0.580564 lr=0.000161079 elapsed=02:27:22 eta=103:49:07 val_mrr=0.726379
[TRAIN] 2026-04-25 12:41:57 step=1560/67071 (2.33%) epoch=1/3 epoch_step=1560/22357 (6.98%) loss=0.589795 lr=0.000162576 elapsed=02:27:45 eta=103:24:29 val_mrr=0.726379
[TRAIN] 2026-04-25 12:42:21 step=1570/67071 (2.34%) epoch=1/3 epoch_step=1570/22357 (7.02%) loss=0.583136 lr=0.00016408 elapsed=02:28:09 eta=103:00:32 val_mrr=0.726379
[TRAIN] 2026-04-25 12:42:45 step=1580/67071 (2.36%) epoch=1/3 epoch_step=1580/22357 (7.07%) loss=0.574679 lr=0.000165593 elapsed=02:28:33 eta=102:37:06 val_mrr=0.726379
[TRAIN] 2026-04-25 12:43:08 step=1590/67071 (2.37%) epoch=1/3 epoch_step=1590/22357 (7.11%) loss=0.574562 lr=0.000167114 elapsed=02:28:55 eta=102:13:03 val_mrr=0.726379
[TRAIN] 2026-04-25 12:43:31 step=1600/67071 (2.39%) epoch=1/3 epoch_step=1600/22357 (7.16%) loss=0.576647 lr=0.000168642 elapsed=02:29:19 eta=101:49:58 val_mrr=0.726379
[TRAIN] 2026-04-25 12:43:55 step=1610/67071 (2.40%) epoch=1/3 epoch_step=1610/22357 (7.20%) loss=0.579062 lr=0.000170178 elapsed=02:29:43 eta=101:27:25 val_mrr=0.726379
[TRAIN] 2026-04-25 12:44:20 step=1620/67071 (2.42%) epoch=1/3 epoch_step=1620/22357 (7.25%) loss=0.575018 lr=0.000171721 elapsed=02:30:08 eta=101:05:31 val_mrr=0.726379
[TRAIN] 2026-04-25 12:44:44 step=1630/67071 (2.43%) epoch=1/3 epoch_step=1630/22357 (7.29%) loss=0.579031 lr=0.000173272 elapsed=02:30:31 eta=100:43:06 val_mrr=0.726379
[TRAIN] 2026-04-25 12:45:07 step=1640/67071 (2.45%) epoch=1/3 epoch_step=1640/22357 (7.34%) loss=0.577657 lr=0.000174831 elapsed=02:30:54 eta=100:20:38 val_mrr=0.726379
[TRAIN] 2026-04-25 12:45:30 step=1650/67071 (2.46%) epoch=1/3 epoch_step=1650/22357 (7.38%) loss=0.565413 lr=0.000176397 elapsed=02:31:17 eta=99:58:31 val_mrr=0.726379
[TRAIN] 2026-04-25 12:45:54 step=1660/67071 (2.47%) epoch=1/3 epoch_step=1660/22357 (7.42%) loss=0.575721 lr=0.000177971 elapsed=02:31:41 eta=99:37:17 val_mrr=0.726379
[TRAIN] 2026-04-25 12:46:18 step=1670/67071 (2.49%) epoch=1/3 epoch_step=1670/22357 (7.47%) loss=0.580592 lr=0.000179553 elapsed=02:32:06 eta=99:16:34 val_mrr=0.726379
[TRAIN] 2026-04-25 12:46:42 step=1680/67071 (2.50%) epoch=1/3 epoch_step=1680/22357 (7.51%) loss=0.569136 lr=0.000181142 elapsed=02:32:30 eta=98:55:43 val_mrr=0.726379
[TRAIN] 2026-04-25 12:47:06 step=1690/67071 (2.52%) epoch=1/3 epoch_step=1690/22357 (7.56%) loss=0.584490 lr=0.000182738 elapsed=02:32:54 eta=98:35:20 val_mrr=0.726379
[TRAIN] 2026-04-25 12:47:32 step=1700/67071 (2.53%) epoch=1/3 epoch_step=1700/22357 (7.60%) loss=0.584674 lr=0.000184342 elapsed=02:33:19 eta=98:15:47 val_mrr=0.726379
[TRAIN] 2026-04-25 12:47:55 step=1710/67071 (2.55%) epoch=1/3 epoch_step=1710/22357 (7.65%) loss=0.563481 lr=0.000185953 elapsed=02:33:43 eta=97:55:37 val_mrr=0.726379
[TRAIN] 2026-04-25 12:48:20 step=1720/67071 (2.56%) epoch=1/3 epoch_step=1720/22357 (7.69%) loss=0.579592 lr=0.000187571 elapsed=02:34:07 eta=97:35:47 val_mrr=0.726379
[TRAIN] 2026-04-25 12:48:44 step=1730/67071 (2.58%) epoch=1/3 epoch_step=1730/22357 (7.74%) loss=0.581845 lr=0.000189197 elapsed=02:34:32 eta=97:16:19 val_mrr=0.726379
[TRAIN] 2026-04-25 12:49:09 step=1740/67071 (2.59%) epoch=1/3 epoch_step=1740/22357 (7.78%) loss=0.570810 lr=0.00019083 elapsed=02:34:57 eta=96:57:46 val_mrr=0.726379
[TRAIN] 2026-04-25 12:49:33 step=1750/67071 (2.61%) epoch=1/3 epoch_step=1750/22357 (7.83%) loss=0.576425 lr=0.00019247 elapsed=02:35:21 eta=96:38:30 val_mrr=0.726379
[TRAIN] 2026-04-25 12:49:58 step=1760/67071 (2.62%) epoch=1/3 epoch_step=1760/22357 (7.87%) loss=0.573277 lr=0.000194118 elapsed=02:35:46 eta=96:20:19 val_mrr=0.726379
[TRAIN] 2026-04-25 12:50:23 step=1770/67071 (2.64%) epoch=1/3 epoch_step=1770/22357 (7.92%) loss=0.583010 lr=0.000195772 elapsed=02:36:10 eta=96:01:47 val_mrr=0.726379
[TRAIN] 2026-04-25 12:50:48 step=1780/67071 (2.65%) epoch=1/3 epoch_step=1780/22357 (7.96%) loss=0.574194 lr=0.000197434 elapsed=02:36:35 eta=95:43:40 val_mrr=0.726379
[TRAIN] 2026-04-25 12:51:12 step=1790/67071 (2.67%) epoch=1/3 epoch_step=1790/22357 (8.01%) loss=0.568461 lr=0.000199103 elapsed=02:37:00 eta=95:25:31 val_mrr=0.726379
[TRAIN] 2026-04-25 12:51:37 step=1800/67071 (2.68%) epoch=1/3 epoch_step=1800/22357 (8.05%) loss=0.570612 lr=0.000200778 elapsed=02:37:25 eta=95:08:03 val_mrr=0.726379
[TRAIN] 2026-04-25 12:52:01 step=1810/67071 (2.70%) epoch=1/3 epoch_step=1810/22357 (8.10%) loss=0.576485 lr=0.000202461 elapsed=02:37:49 eta=94:50:01 val_mrr=0.726379
[TRAIN] 2026-04-25 12:52:25 step=1820/67071 (2.71%) epoch=1/3 epoch_step=1820/22357 (8.14%) loss=0.567106 lr=0.000204151 elapsed=02:38:13 eta=94:32:31 val_mrr=0.726379
[TRAIN] 2026-04-25 12:52:50 step=1830/67071 (2.73%) epoch=1/3 epoch_step=1830/22357 (8.19%) loss=0.578737 lr=0.000205848 elapsed=02:38:38 eta=94:15:11 val_mrr=0.726379
[TRAIN] 2026-04-25 12:53:15 step=1840/67071 (2.74%) epoch=1/3 epoch_step=1840/22357 (8.23%) loss=0.569196 lr=0.000207551 elapsed=02:39:03 eta=93:58:28 val_mrr=0.726379
[TRAIN] 2026-04-25 12:53:39 step=1850/67071 (2.76%) epoch=1/3 epoch_step=1850/22357 (8.27%) loss=0.570331 lr=0.000209262 elapsed=02:39:27 eta=93:41:28 val_mrr=0.726379
[TRAIN] 2026-04-25 12:54:03 step=1860/67071 (2.77%) epoch=1/3 epoch_step=1860/22357 (8.32%) loss=0.570057 lr=0.000210979 elapsed=02:39:51 eta=93:24:06 val_mrr=0.726379
[TRAIN] 2026-04-25 12:54:27 step=1870/67071 (2.79%) epoch=1/3 epoch_step=1870/22357 (8.36%) loss=0.566380 lr=0.000212703 elapsed=02:40:15 eta=93:07:17 val_mrr=0.726379
[TRAIN] 2026-04-25 12:54:51 step=1880/67071 (2.80%) epoch=1/3 epoch_step=1880/22357 (8.41%) loss=0.561261 lr=0.000214434 elapsed=02:40:39 eta=92:50:44 val_mrr=0.726379
[TRAIN] 2026-04-25 12:55:16 step=1890/67071 (2.82%) epoch=1/3 epoch_step=1890/22357 (8.45%) loss=0.573437 lr=0.000216171 elapsed=02:41:04 eta=92:34:31 val_mrr=0.726379
[TRAIN] 2026-04-25 12:55:41 step=1900/67071 (2.83%) epoch=1/3 epoch_step=1900/22357 (8.50%) loss=0.574598 lr=0.000217915 elapsed=02:41:29 eta=92:18:52 val_mrr=0.726379
[TRAIN] 2026-04-25 12:56:06 step=1910/67071 (2.85%) epoch=1/3 epoch_step=1910/22357 (8.54%) loss=0.574688 lr=0.000219666 elapsed=02:41:54 eta=92:03:20 val_mrr=0.726379
[TRAIN] 2026-04-25 12:56:31 step=1920/67071 (2.86%) epoch=1/3 epoch_step=1920/22357 (8.59%) loss=0.567480 lr=0.000221424 elapsed=02:42:19 eta=91:47:47 val_mrr=0.726379
[TRAIN] 2026-04-25 12:56:56 step=1930/67071 (2.88%) epoch=1/3 epoch_step=1930/22357 (8.63%) loss=0.573868 lr=0.000223188 elapsed=02:42:43 eta=91:32:07 val_mrr=0.726379
[TRAIN] 2026-04-25 12:57:19 step=1940/67071 (2.89%) epoch=1/3 epoch_step=1940/22357 (8.68%) loss=0.558888 lr=0.000224958 elapsed=02:43:07 eta=91:16:22 val_mrr=0.726379
[TRAIN] 2026-04-25 12:57:45 step=1950/67071 (2.91%) epoch=1/3 epoch_step=1950/22357 (8.72%) loss=0.562162 lr=0.000226735 elapsed=02:43:33 eta=91:01:51 val_mrr=0.726379
[TRAIN] 2026-04-25 12:58:10 step=1960/67071 (2.92%) epoch=1/3 epoch_step=1960/22357 (8.77%) loss=0.572425 lr=0.000228518 elapsed=02:43:58 eta=90:46:46 val_mrr=0.726379
[TRAIN] 2026-04-25 12:58:33 step=1970/67071 (2.94%) epoch=1/3 epoch_step=1970/22357 (8.81%) loss=0.562831 lr=0.000230308 elapsed=02:44:21 eta=90:31:08 val_mrr=0.726379
[TRAIN] 2026-04-25 12:58:57 step=1980/67071 (2.95%) epoch=1/3 epoch_step=1980/22357 (8.86%) loss=0.577079 lr=0.000232104 elapsed=02:44:44 eta=90:15:40 val_mrr=0.726379
[TRAIN] 2026-04-25 12:59:22 step=1990/67071 (2.97%) epoch=1/3 epoch_step=1990/22357 (8.90%) loss=0.566953 lr=0.000233907 elapsed=02:45:09 eta=90:01:14 val_mrr=0.726379
[STAGE] 2026-04-25 12:59:46 val prep subsets global=50000 art_art=1986 art_any=50000
[STAGE] 2026-04-25 12:59:47 val prep negatives global=50000 art_art=1986 art_any=50000
[STAGE] 2026-04-25 12:59:47 val start step=2000 epoch=0 task=relation_ranking subset=global triples=50000 batches=98 eval_batch_size=512
[STAGE] 2026-04-25 13:04:52 val start step=2000 epoch=0 task=triple_scoring subset=global triples=50000 batches=98 eval_batch_size=512
[STAGE] 2026-04-25 13:11:15 val start step=2000 epoch=0 task=relation_ranking subset=art_art triples=1986 batches=4 eval_batch_size=512
[STAGE] 2026-04-25 13:11:35 val start step=2000 epoch=0 task=triple_scoring subset=art_art triples=1986 batches=4 eval_batch_size=512
[STAGE] 2026-04-25 13:12:01 val start step=2000 epoch=0 task=relation_ranking subset=art_any triples=50000 batches=98 eval_batch_size=512
[STAGE] 2026-04-25 13:17:08 val start step=2000 epoch=0 task=triple_scoring subset=art_any triples=50000 batches=98 eval_batch_size=512
[VAL] 2026-04-25 13:26:33 step=2000 epoch=0 mrr=0.685456 aucpr=0.898771 art_art_mrr=0.332154 art_art_aucpr=0.622029 art_any_mrr=0.685017 art_any_aucpr=0.708844
[TRAIN] 2026-04-25 13:26:34 step=2000/67071 (2.98%) epoch=1/3 epoch_step=2000/22357 (8.95%) loss=0.556845 lr=0.000235715 elapsed=03:12:22 eta=104:18:36 val_mrr=0.726379
[TRAIN] 2026-04-25 13:26:58 step=2010/67071 (3.00%) epoch=1/3 epoch_step=2010/22357 (8.99%) loss=0.574112 lr=0.00023753 elapsed=03:12:45 eta=103:59:17 val_mrr=0.726379
[TRAIN] 2026-04-25 13:27:20 step=2020/67071 (3.01%) epoch=1/3 epoch_step=2020/22357 (9.04%) loss=0.560779 lr=0.000239351 elapsed=03:13:08 eta=103:39:20 val_mrr=0.726379
[TRAIN] 2026-04-25 13:27:44 step=2030/67071 (3.03%) epoch=1/3 epoch_step=2030/22357 (9.08%) loss=0.567289 lr=0.000241179 elapsed=03:13:32 eta=103:20:53 val_mrr=0.726379
[TRAIN] 2026-04-25 13:28:08 step=2040/67071 (3.04%) epoch=1/3 epoch_step=2040/22357 (9.12%) loss=0.569278 lr=0.000243012 elapsed=03:13:56 eta=103:02:09 val_mrr=0.726379
[TRAIN] 2026-04-25 13:28:32 step=2050/67071 (3.06%) epoch=1/3 epoch_step=2050/22357 (9.17%) loss=0.567823 lr=0.000244852 elapsed=03:14:20 eta=102:43:44 val_mrr=0.726379
[TRAIN] 2026-04-25 13:28:56 step=2060/67071 (3.07%) epoch=1/3 epoch_step=2060/22357 (9.21%) loss=0.564497 lr=0.000246697 elapsed=03:14:44 eta=102:25:19 val_mrr=0.726379
[TRAIN] 2026-04-25 13:29:20 step=2070/67071 (3.09%) epoch=1/3 epoch_step=2070/22357 (9.26%) loss=0.571150 lr=0.000248549 elapsed=03:15:07 eta=102:07:06 val_mrr=0.726379
[TRAIN] 2026-04-25 13:29:43 step=2080/67071 (3.10%) epoch=1/3 epoch_step=2080/22357 (9.30%) loss=0.559623 lr=0.000250406 elapsed=03:15:31 eta=101:49:10 val_mrr=0.726379
[TRAIN] 2026-04-25 13:30:07 step=2090/67071 (3.12%) epoch=1/3 epoch_step=2090/22357 (9.35%) loss=0.564397 lr=0.00025227 elapsed=03:15:55 eta=101:31:07 val_mrr=0.726379
[TRAIN] 2026-04-25 13:30:32 step=2100/67071 (3.13%) epoch=1/3 epoch_step=2100/22357 (9.39%) loss=0.564862 lr=0.000254139 elapsed=03:16:19 eta=101:13:59 val_mrr=0.726379
[TRAIN] 2026-04-25 13:30:55 step=2110/67071 (3.15%) epoch=1/3 epoch_step=2110/22357 (9.44%) loss=0.565119 lr=0.000256014 elapsed=03:16:43 eta=100:56:21 val_mrr=0.726379
[TRAIN] 2026-04-25 13:31:19 step=2120/67071 (3.16%) epoch=1/3 epoch_step=2120/22357 (9.48%) loss=0.571172 lr=0.000257895 elapsed=03:17:07 eta=100:38:57 val_mrr=0.726379
[TRAIN] 2026-04-25 13:31:42 step=2130/67071 (3.18%) epoch=1/3 epoch_step=2130/22357 (9.53%) loss=0.566726 lr=0.000259782 elapsed=03:17:30 eta=100:21:20 val_mrr=0.726379
[TRAIN] 2026-04-25 13:32:06 step=2140/67071 (3.19%) epoch=1/3 epoch_step=2140/22357 (9.57%) loss=0.567769 lr=0.000261674 elapsed=03:17:54 eta=100:04:31 val_mrr=0.726379
[TRAIN] 2026-04-25 13:32:30 step=2150/67071 (3.21%) epoch=1/3 epoch_step=2150/22357 (9.62%) loss=0.566683 lr=0.000263572 elapsed=03:18:17 eta=99:47:33 val_mrr=0.726379
[TRAIN] 2026-04-25 13:32:55 step=2160/67071 (3.22%) epoch=1/3 epoch_step=2160/22357 (9.66%) loss=0.567307 lr=0.000265476 elapsed=03:18:43 eta=99:31:30 val_mrr=0.726379
[TRAIN] 2026-04-25 13:33:19 step=2170/67071 (3.24%) epoch=1/3 epoch_step=2170/22357 (9.71%) loss=0.557927 lr=0.000267385 elapsed=03:19:07 eta=99:15:06 val_mrr=0.726379
[TRAIN] 2026-04-25 13:33:43 step=2180/67071 (3.25%) epoch=1/3 epoch_step=2180/22357 (9.75%) loss=0.565441 lr=0.0002693 elapsed=03:19:31 eta=98:58:44 val_mrr=0.726379
[TRAIN] 2026-04-25 13:34:07 step=2190/67071 (3.27%) epoch=1/3 epoch_step=2190/22357 (9.80%) loss=0.555897 lr=0.00027122 elapsed=03:19:55 eta=98:42:39 val_mrr=0.726379
[TRAIN] 2026-04-25 13:34:32 step=2200/67071 (3.28%) epoch=1/3 epoch_step=2200/22357 (9.84%) loss=0.566694 lr=0.000273146 elapsed=03:20:19 eta=98:26:52 val_mrr=0.726379
[TRAIN] 2026-04-25 13:34:57 step=2210/67071 (3.30%) epoch=1/3 epoch_step=2210/22357 (9.89%) loss=0.559012 lr=0.000275077 elapsed=03:20:44 eta=98:11:31 val_mrr=0.726379
[TRAIN] 2026-04-25 13:35:22 step=2220/67071 (3.31%) epoch=1/3 epoch_step=2220/22357 (9.93%) loss=0.567253 lr=0.000277014 elapsed=03:21:09 eta=97:56:14 val_mrr=0.726379
[TRAIN] 2026-04-25 13:35:45 step=2230/67071 (3.32%) epoch=1/3 epoch_step=2230/22357 (9.97%) loss=0.557707 lr=0.000278956 elapsed=03:21:33 eta=97:40:20 val_mrr=0.726379
[TRAIN] 2026-04-25 13:36:09 step=2240/67071 (3.34%) epoch=1/3 epoch_step=2240/22357 (10.02%) loss=0.561405 lr=0.000280903 elapsed=03:21:56 eta=97:24:40 val_mrr=0.726379
[TRAIN] 2026-04-25 13:36:32 step=2250/67071 (3.35%) epoch=1/3 epoch_step=2250/22357 (10.06%) loss=0.563412 lr=0.000282855 elapsed=03:22:20 eta=97:09:03 val_mrr=0.726379
[TRAIN] 2026-04-25 13:36:57 step=2260/67071 (3.37%) epoch=1/3 epoch_step=2260/22357 (10.11%) loss=0.562592 lr=0.000284813 elapsed=03:22:45 eta=96:54:22 val_mrr=0.726379
[TRAIN] 2026-04-25 13:37:22 step=2270/67071 (3.38%) epoch=1/3 epoch_step=2270/22357 (10.15%) loss=0.557846 lr=0.000286776 elapsed=03:23:10 eta=96:39:31 val_mrr=0.726379
[TRAIN] 2026-04-25 13:37:45 step=2280/67071 (3.40%) epoch=1/3 epoch_step=2280/22357 (10.20%) loss=0.562871 lr=0.000288744 elapsed=03:23:33 eta=96:24:12 val_mrr=0.726379
[TRAIN] 2026-04-25 13:38:09 step=2290/67071 (3.41%) epoch=1/3 epoch_step=2290/22357 (10.24%) loss=0.549069 lr=0.000290717 elapsed=03:23:56 eta=96:09:13 val_mrr=0.726379
[TRAIN] 2026-04-25 13:38:34 step=2300/67071 (3.43%) epoch=1/3 epoch_step=2300/22357 (10.29%) loss=0.555852 lr=0.000292695 elapsed=03:24:22 eta=95:55:08 val_mrr=0.726379
[TRAIN] 2026-04-25 13:38:58 step=2310/67071 (3.44%) epoch=1/3 epoch_step=2310/22357 (10.33%) loss=0.567619 lr=0.000294678 elapsed=03:24:46 eta=95:40:37 val_mrr=0.726379
[TRAIN] 2026-04-25 13:39:23 step=2320/67071 (3.46%) epoch=1/3 epoch_step=2320/22357 (10.38%) loss=0.548257 lr=0.000296666 elapsed=03:25:10 eta=95:26:24 val_mrr=0.726379
[TRAIN] 2026-04-25 13:39:46 step=2330/67071 (3.47%) epoch=1/3 epoch_step=2330/22357 (10.42%) loss=0.562652 lr=0.000298659 elapsed=03:25:34 eta=95:11:40 val_mrr=0.726379
[TRAIN] 2026-04-25 13:40:10 step=2340/67071 (3.49%) epoch=1/3 epoch_step=2340/22357 (10.47%) loss=0.553714 lr=0.000300656 elapsed=03:25:58 eta=94:57:35 val_mrr=0.726379
[TRAIN] 2026-04-25 13:40:35 step=2350/67071 (3.50%) epoch=1/3 epoch_step=2350/22357 (10.51%) loss=0.560054 lr=0.000302659 elapsed=03:26:23 eta=94:43:59 val_mrr=0.726379
[TRAIN] 2026-04-25 13:40:59 step=2360/67071 (3.52%) epoch=1/3 epoch_step=2360/22357 (10.56%) loss=0.561136 lr=0.000304666 elapsed=03:26:46 eta=94:29:45 val_mrr=0.726379
[TRAIN] 2026-04-25 13:41:23 step=2370/67071 (3.53%) epoch=1/3 epoch_step=2370/22357 (10.60%) loss=0.557273 lr=0.000306678 elapsed=03:27:11 eta=94:16:02 val_mrr=0.726379
[TRAIN] 2026-04-25 13:41:47 step=2380/67071 (3.55%) epoch=1/3 epoch_step=2380/22357 (10.65%) loss=0.558219 lr=0.000308695 elapsed=03:27:35 eta=94:02:24 val_mrr=0.726379
[TRAIN] 2026-04-25 13:42:12 step=2390/67071 (3.56%) epoch=1/3 epoch_step=2390/22357 (10.69%) loss=0.558155 lr=0.000310716 elapsed=03:28:00 eta=93:49:09 val_mrr=0.726379
[TRAIN] 2026-04-25 13:42:36 step=2400/67071 (3.58%) epoch=1/3 epoch_step=2400/22357 (10.73%) loss=0.577126 lr=0.000312742 elapsed=03:28:24 eta=93:35:33 val_mrr=0.726379
[TRAIN] 2026-04-25 13:43:00 step=2410/67071 (3.59%) epoch=1/3 epoch_step=2410/22357 (10.78%) loss=0.565577 lr=0.000314773 elapsed=03:28:48 eta=93:22:06 val_mrr=0.726379
[TRAIN] 2026-04-25 13:43:25 step=2420/67071 (3.61%) epoch=1/3 epoch_step=2420/22357 (10.82%) loss=0.569730 lr=0.000316808 elapsed=03:29:13 eta=93:09:12 val_mrr=0.726379
[TRAIN] 2026-04-25 13:43:51 step=2430/67071 (3.62%) epoch=1/3 epoch_step=2430/22357 (10.87%) loss=0.561630 lr=0.000318847 elapsed=03:29:38 eta=92:56:41 val_mrr=0.726379
[TRAIN] 2026-04-25 13:44:14 step=2440/67071 (3.64%) epoch=1/3 epoch_step=2440/22357 (10.91%) loss=0.554008 lr=0.000320891 elapsed=03:30:02 eta=92:43:27 val_mrr=0.726379
[TRAIN] 2026-04-25 13:44:39 step=2450/67071 (3.65%) epoch=1/3 epoch_step=2450/22357 (10.96%) loss=0.560021 lr=0.000322939 elapsed=03:30:27 eta=92:30:49 val_mrr=0.726379
[TRAIN] 2026-04-25 13:45:03 step=2460/67071 (3.67%) epoch=1/3 epoch_step=2460/22357 (11.00%) loss=0.567793 lr=0.000324992 elapsed=03:30:51 eta=92:17:47 val_mrr=0.726379
[TRAIN] 2026-04-25 13:45:27 step=2470/67071 (3.68%) epoch=1/3 epoch_step=2470/22357 (11.05%) loss=0.556225 lr=0.000327049 elapsed=03:31:15 eta=92:05:02 val_mrr=0.726379
[TRAIN] 2026-04-25 13:45:51 step=2480/67071 (3.70%) epoch=1/3 epoch_step=2480/22357 (11.09%) loss=0.562234 lr=0.00032911 elapsed=03:31:39 eta=91:52:21 val_mrr=0.726379
[TRAIN] 2026-04-25 13:46:16 step=2490/67071 (3.71%) epoch=1/3 epoch_step=2490/22357 (11.14%) loss=0.555361 lr=0.000331175 elapsed=03:32:04 eta=91:40:07 val_mrr=0.726379
[STAGE] 2026-04-25 13:46:41 val prep subsets global=50000 art_art=1986 art_any=50000
[STAGE] 2026-04-25 13:46:41 val prep negatives global=50000 art_art=1986 art_any=50000
[STAGE] 2026-04-25 13:46:41 val start step=2500 epoch=0 task=relation_ranking subset=global triples=50000 batches=98 eval_batch_size=512
[STAGE] 2026-04-25 13:51:59 val start step=2500 epoch=0 task=triple_scoring subset=global triples=50000 batches=98 eval_batch_size=512
[STAGE] 2026-04-25 13:59:02 val start step=2500 epoch=0 task=relation_ranking subset=art_art triples=1986 batches=4 eval_batch_size=512
[STAGE] 2026-04-25 13:59:24 val start step=2500 epoch=0 task=triple_scoring subset=art_art triples=1986 batches=4 eval_batch_size=512
[STAGE] 2026-04-25 13:59:54 val start step=2500 epoch=0 task=relation_ranking subset=art_any triples=50000 batches=98 eval_batch_size=512
[STAGE] 2026-04-25 14:05:29 val start step=2500 epoch=0 task=triple_scoring subset=art_any triples=50000 batches=98 eval_batch_size=512
[VAL] 2026-04-25 14:15:43 step=2500 epoch=0 mrr=0.544020 aucpr=0.865270 art_art_mrr=0.296059 art_art_aucpr=0.605196 art_any_mrr=0.544398 art_any_aucpr=0.630795
[TRAIN] 2026-04-25 14:15:44 step=2500/67071 (3.73%) epoch=1/3 epoch_step=2500/22357 (11.18%) loss=0.548746 lr=0.000333244 elapsed=04:01:31 eta=103:58:10 val_mrr=0.726379
[TRAIN] 2026-04-25 14:16:10 step=2510/67071 (3.74%) epoch=1/3 epoch_step=2510/22357 (11.23%) loss=0.565440 lr=0.000335318 elapsed=04:01:57 eta=103:43:30 val_mrr=0.726379
[TRAIN] 2026-04-25 14:16:35 step=2520/67071 (3.76%) epoch=1/3 epoch_step=2520/22357 (11.27%) loss=0.553072 lr=0.000337395 elapsed=04:02:23 eta=103:28:50 val_mrr=0.726379
[TRAIN] 2026-04-25 14:17:02 step=2530/67071 (3.77%) epoch=1/3 epoch_step=2530/22357 (11.32%) loss=0.551987 lr=0.000339477 elapsed=04:02:49 eta=103:14:28 val_mrr=0.726379
[TRAIN] 2026-04-25 14:17:27 step=2540/67071 (3.79%) epoch=1/3 epoch_step=2540/22357 (11.36%) loss=0.562773 lr=0.000341562 elapsed=04:03:14 eta=102:59:45 val_mrr=0.726379
[TRAIN] 2026-04-25 14:17:53 step=2550/67071 (3.80%) epoch=1/3 epoch_step=2550/22357 (11.41%) loss=0.553457 lr=0.000343652 elapsed=04:03:40 eta=102:45:28 val_mrr=0.726379
[TRAIN] 2026-04-25 14:18:19 step=2560/67071 (3.82%) epoch=1/3 epoch_step=2560/22357 (11.45%) loss=0.549203 lr=0.000345745 elapsed=04:04:07 eta=102:31:26 val_mrr=0.726379
[TRAIN] 2026-04-25 14:18:46 step=2570/67071 (3.83%) epoch=1/3 epoch_step=2570/22357 (11.50%) loss=0.556170 lr=0.000347842 elapsed=04:04:33 eta=102:17:45 val_mrr=0.726379
[TRAIN] 2026-04-25 14:19:11 step=2580/67071 (3.85%) epoch=1/3 epoch_step=2580/22357 (11.54%) loss=0.559465 lr=0.000349943 elapsed=04:04:59 eta=102:03:46 val_mrr=0.726379
[TRAIN] 2026-04-25 14:19:37 step=2590/67071 (3.86%) epoch=1/3 epoch_step=2590/22357 (11.58%) loss=0.557892 lr=0.000352048 elapsed=04:05:25 eta=101:49:55 val_mrr=0.726379
[TRAIN] 2026-04-25 14:20:04 step=2600/67071 (3.88%) epoch=1/3 epoch_step=2600/22357 (11.63%) loss=0.554918 lr=0.000354156 elapsed=04:05:51 eta=101:36:21 val_mrr=0.726379
[TRAIN] 2026-04-25 14:20:30 step=2610/67071 (3.89%) epoch=1/3 epoch_step=2610/22357 (11.67%) loss=0.554555 lr=0.000356268 elapsed=04:06:18 eta=101:23:01 val_mrr=0.726379
[TRAIN] 2026-04-25 14:20:56 step=2620/67071 (3.91%) epoch=1/3 epoch_step=2620/22357 (11.72%) loss=0.556122 lr=0.000358384 elapsed=04:06:44 eta=101:09:32 val_mrr=0.726379
[TRAIN] 2026-04-25 14:21:22 step=2630/67071 (3.92%) epoch=1/3 epoch_step=2630/22357 (11.76%) loss=0.546953 lr=0.000360503 elapsed=04:07:10 eta=100:56:04 val_mrr=0.726379
[TRAIN] 2026-04-25 14:21:48 step=2640/67071 (3.94%) epoch=1/3 epoch_step=2640/22357 (11.81%) loss=0.551854 lr=0.000362626 elapsed=04:07:35 eta=100:42:37 val_mrr=0.726379
[TRAIN] 2026-04-25 14:22:14 step=2650/67071 (3.95%) epoch=1/3 epoch_step=2650/22357 (11.85%) loss=0.553923 lr=0.000364752 elapsed=04:08:02 eta=100:29:41 val_mrr=0.726379
[TRAIN] 2026-04-25 14:22:41 step=2660/67071 (3.97%) epoch=1/3 epoch_step=2660/22357 (11.90%) loss=0.553060 lr=0.000366881 elapsed=04:08:28 eta=100:16:42 val_mrr=0.726379
[TRAIN] 2026-04-25 14:23:07 step=2670/67071 (3.98%) epoch=1/3 epoch_step=2670/22357 (11.94%) loss=0.558917 lr=0.000369014 elapsed=04:08:55 eta=100:03:59 val_mrr=0.726379
[TRAIN] 2026-04-25 14:23:34 step=2680/67071 (4.00%) epoch=1/3 epoch_step=2680/22357 (11.99%) loss=0.562203 lr=0.00037115 elapsed=04:09:22 eta=99:51:20 val_mrr=0.726379
[TRAIN] 2026-04-25 14:24:01 step=2690/67071 (4.01%) epoch=1/3 epoch_step=2690/22357 (12.03%) loss=0.543033 lr=0.00037329 elapsed=04:09:49 eta=99:38:49 val_mrr=0.726379
[TRAIN] 2026-04-25 14:24:27 step=2700/67071 (4.03%) epoch=1/3 epoch_step=2700/22357 (12.08%) loss=0.552200 lr=0.000375432 elapsed=04:10:15 eta=99:26:04 val_mrr=0.726379
[TRAIN] 2026-04-25 14:24:53 step=2710/67071 (4.04%) epoch=1/3 epoch_step=2710/22357 (12.12%) loss=0.550873 lr=0.000377578 elapsed=04:10:41 eta=99:13:29 val_mrr=0.726379
[TRAIN] 2026-04-25 14:25:19 step=2720/67071 (4.06%) epoch=1/3 epoch_step=2720/22357 (12.17%) loss=0.551023 lr=0.000379727 elapsed=04:11:07 eta=99:00:58 val_mrr=0.726379
[TRAIN] 2026-04-25 14:25:45 step=2730/67071 (4.07%) epoch=1/3 epoch_step=2730/22357 (12.21%) loss=0.556367 lr=0.000381879 elapsed=04:11:33 eta=98:48:32 val_mrr=0.726379
[TRAIN] 2026-04-25 14:26:10 step=2740/67071 (4.09%) epoch=1/3 epoch_step=2740/22357 (12.26%) loss=0.555224 lr=0.000384034 elapsed=04:11:58 eta=98:35:52 val_mrr=0.726379
[TRAIN] 2026-04-25 14:26:36 step=2750/67071 (4.10%) epoch=1/3 epoch_step=2750/22357 (12.30%) loss=0.553193 lr=0.000386192 elapsed=04:12:24 eta=98:23:23 val_mrr=0.726379
[TRAIN] 2026-04-25 14:27:02 step=2760/67071 (4.12%) epoch=1/3 epoch_step=2760/22357 (12.35%) loss=0.545957 lr=0.000388353 elapsed=04:12:49 eta=98:11:02 val_mrr=0.726379
[TRAIN] 2026-04-25 14:27:28 step=2770/67071 (4.13%) epoch=1/3 epoch_step=2770/22357 (12.39%) loss=0.549573 lr=0.000390517 elapsed=04:13:16 eta=97:59:02 val_mrr=0.726379
[TRAIN] 2026-04-25 14:27:53 step=2780/67071 (4.14%) epoch=1/3 epoch_step=2780/22357 (12.43%) loss=0.551126 lr=0.000392684 elapsed=04:13:41 eta=97:46:43 val_mrr=0.726379
[TRAIN] 2026-04-25 14:28:19 step=2790/67071 (4.16%) epoch=1/3 epoch_step=2790/22357 (12.48%) loss=0.558385 lr=0.000394853 elapsed=04:14:07 eta=97:34:47 val_mrr=0.726379
[TRAIN] 2026-04-25 14:28:46 step=2800/67071 (4.17%) epoch=1/3 epoch_step=2800/22357 (12.52%) loss=0.551321 lr=0.000397025 elapsed=04:14:34 eta=97:23:08 val_mrr=0.726379
[TRAIN] 2026-04-25 14:29:12 step=2810/67071 (4.19%) epoch=1/3 epoch_step=2810/22357 (12.57%) loss=0.552377 lr=0.0003992 elapsed=04:15:00 eta=97:11:23 val_mrr=0.726379
[TRAIN] 2026-04-25 14:29:37 step=2820/67071 (4.20%) epoch=1/3 epoch_step=2820/22357 (12.61%) loss=0.543622 lr=0.000401378 elapsed=04:15:25 eta=96:59:27 val_mrr=0.726379
[TRAIN] 2026-04-25 14:30:03 step=2830/67071 (4.22%) epoch=1/3 epoch_step=2830/22357 (12.66%) loss=0.551517 lr=0.000403558 elapsed=04:15:50 eta=96:47:36 val_mrr=0.726379
[TRAIN] 2026-04-25 14:30:28 step=2840/67071 (4.23%) epoch=1/3 epoch_step=2840/22357 (12.70%) loss=0.553327 lr=0.000405741 elapsed=04:16:16 eta=96:35:56 val_mrr=0.726379
[TRAIN] 2026-04-25 14:30:54 step=2850/67071 (4.25%) epoch=1/3 epoch_step=2850/22357 (12.75%) loss=0.553667 lr=0.000407926 elapsed=04:16:42 eta=96:24:24 val_mrr=0.726379
[TRAIN] 2026-04-25 14:31:20 step=2860/67071 (4.26%) epoch=1/3 epoch_step=2860/22357 (12.79%) loss=0.561393 lr=0.000410114 elapsed=04:17:08 eta=96:12:57 val_mrr=0.726379
[TRAIN] 2026-04-25 14:31:45 step=2870/67071 (4.28%) epoch=1/3 epoch_step=2870/22357 (12.84%) loss=0.556807 lr=0.000412304 elapsed=04:17:33 eta=96:01:20 val_mrr=0.726379
[TRAIN] 2026-04-25 14:32:10 step=2880/67071 (4.29%) epoch=1/3 epoch_step=2880/22357 (12.88%) loss=0.550399 lr=0.000414496 elapsed=04:17:58 eta=95:49:40 val_mrr=0.726379
[TRAIN] 2026-04-25 14:32:35 step=2890/67071 (4.31%) epoch=1/3 epoch_step=2890/22357 (12.93%) loss=0.545766 lr=0.000416691 elapsed=04:18:22 eta=95:37:55 val_mrr=0.726379
[TRAIN] 2026-04-25 14:33:00 step=2900/67071 (4.32%) epoch=1/3 epoch_step=2900/22357 (12.97%) loss=0.542119 lr=0.000418888 elapsed=04:18:48 eta=95:26:46 val_mrr=0.726379
[TRAIN] 2026-04-25 14:33:26 step=2910/67071 (4.34%) epoch=1/3 epoch_step=2910/22357 (13.02%) loss=0.561363 lr=0.000421088 elapsed=04:19:13 eta=95:15:28 val_mrr=0.726379
[TRAIN] 2026-04-25 14:33:50 step=2920/67071 (4.35%) epoch=1/3 epoch_step=2920/22357 (13.06%) loss=0.541759 lr=0.000423289 elapsed=04:19:38 eta=95:04:04 val_mrr=0.726379
[TRAIN] 2026-04-25 14:34:16 step=2930/67071 (4.37%) epoch=1/3 epoch_step=2930/22357 (13.11%) loss=0.551894 lr=0.000425493 elapsed=04:20:03 eta=94:52:56 val_mrr=0.726379
[TRAIN] 2026-04-25 14:34:41 step=2940/67071 (4.38%) epoch=1/3 epoch_step=2940/22357 (13.15%) loss=0.561180 lr=0.000427698 elapsed=04:20:28 eta=94:41:44 val_mrr=0.726379
[TRAIN] 2026-04-25 14:35:05 step=2950/67071 (4.40%) epoch=1/3 epoch_step=2950/22357 (13.19%) loss=0.549270 lr=0.000429906 elapsed=04:20:53 eta=94:30:34 val_mrr=0.726379
[TRAIN] 2026-04-25 14:35:30 step=2960/67071 (4.41%) epoch=1/3 epoch_step=2960/22357 (13.24%) loss=0.550940 lr=0.000432116 elapsed=04:21:17 eta=94:19:16 val_mrr=0.726379
[TRAIN] 2026-04-25 14:35:53 step=2970/67071 (4.43%) epoch=1/3 epoch_step=2970/22357 (13.28%) loss=0.543241 lr=0.000434327 elapsed=04:21:41 eta=94:07:48 val_mrr=0.726379
[TRAIN] 2026-04-25 14:36:18 step=2980/67071 (4.44%) epoch=1/3 epoch_step=2980/22357 (13.33%) loss=0.561286 lr=0.000436541 elapsed=04:22:05 eta=93:56:45 val_mrr=0.726379
[TRAIN] 2026-04-25 14:36:43 step=2990/67071 (4.46%) epoch=1/3 epoch_step=2990/22357 (13.37%) loss=0.563865 lr=0.000438756 elapsed=04:22:30 eta=93:45:56 val_mrr=0.726379
[STAGE] 2026-04-25 14:37:07 val prep subsets global=50000 art_art=1986 art_any=50000
[STAGE] 2026-04-25 14:37:07 val prep negatives global=50000 art_art=1986 art_any=50000
[STAGE] 2026-04-25 14:37:07 val start step=3000 epoch=0 task=relation_ranking subset=global triples=50000 batches=98 eval_batch_size=512
[STAGE] 2026-04-25 14:42:20 val start step=3000 epoch=0 task=triple_scoring subset=global triples=50000 batches=98 eval_batch_size=512
[STAGE] 2026-04-25 14:48:56 val start step=3000 epoch=0 task=relation_ranking subset=art_art triples=1986 batches=4 eval_batch_size=512
[STAGE] 2026-04-25 14:49:16 val start step=3000 epoch=0 task=triple_scoring subset=art_art triples=1986 batches=4 eval_batch_size=512
[STAGE] 2026-04-25 14:49:42 val start step=3000 epoch=0 task=relation_ranking subset=art_any triples=50000 batches=98 eval_batch_size=512
[STAGE] 2026-04-25 14:54:55 val start step=3000 epoch=0 task=triple_scoring subset=art_any triples=50000 batches=98 eval_batch_size=512
[VAL] 2026-04-25 15:04:24 step=3000 epoch=0 mrr=0.613477 aucpr=0.893222 art_art_mrr=0.129223 art_art_aucpr=0.576559 art_any_mrr=0.611471 art_any_aucpr=0.685391
[TRAIN] 2026-04-25 15:04:24 step=3000/67071 (4.47%) epoch=1/3 epoch_step=3000/22357 (13.42%) loss=0.559065 lr=0.000440973 elapsed=04:50:12 eta=103:17:53 val_mrr=0.726379
[TRAIN] 2026-04-25 15:04:49 step=3010/67071 (4.49%) epoch=1/3 epoch_step=3010/22357 (13.46%) loss=0.543914 lr=0.000443192 elapsed=04:50:37 eta=103:05:02 val_mrr=0.726379
[TRAIN] 2026-04-25 15:05:14 step=3020/67071 (4.50%) epoch=1/3 epoch_step=3020/22357 (13.51%) loss=0.548794 lr=0.000445412 elapsed=04:51:01 eta=102:52:16 val_mrr=0.726379
[TRAIN] 2026-04-25 15:05:39 step=3030/67071 (4.52%) epoch=1/3 epoch_step=3030/22357 (13.55%) loss=0.551547 lr=0.000447634 elapsed=04:51:27 eta=102:39:51 val_mrr=0.726379
[TRAIN] 2026-04-25 15:06:04 step=3040/67071 (4.53%) epoch=1/3 epoch_step=3040/22357 (13.60%) loss=0.552906 lr=0.000449858 elapsed=04:51:52 eta=102:27:36 val_mrr=0.726379
[TRAIN] 2026-04-25 15:06:30 step=3050/67071 (4.55%) epoch=1/3 epoch_step=3050/22357 (13.64%) loss=0.554463 lr=0.000452083 elapsed=04:52:17 eta=102:15:21 val_mrr=0.726379
[TRAIN] 2026-04-25 15:06:54 step=3060/67071 (4.56%) epoch=1/3 epoch_step=3060/22357 (13.69%) loss=0.552521 lr=0.00045431 elapsed=04:52:42 eta=102:02:47 val_mrr=0.726379
[TRAIN] 2026-04-25 15:07:19 step=3070/67071 (4.58%) epoch=1/3 epoch_step=3070/22357 (13.73%) loss=0.556611 lr=0.000456538 elapsed=04:53:07 eta=101:50:33 val_mrr=0.726379
[TRAIN] 2026-04-25 15:07:44 step=3080/67071 (4.59%) epoch=1/3 epoch_step=3080/22357 (13.78%) loss=0.549548 lr=0.000458768 elapsed=04:53:32 eta=101:38:24 val_mrr=0.726379
[TRAIN] 2026-04-25 15:08:10 step=3090/67071 (4.61%) epoch=1/3 epoch_step=3090/22357 (13.82%) loss=0.552033 lr=0.000460999 elapsed=04:53:58 eta=101:26:52 val_mrr=0.726379
[TRAIN] 2026-04-25 15:08:36 step=3100/67071 (4.62%) epoch=1/3 epoch_step=3100/22357 (13.87%) loss=0.569028 lr=0.000463231 elapsed=04:54:24 eta=101:15:09 val_mrr=0.726379
[TRAIN] 2026-04-25 15:09:01 step=3110/67071 (4.64%) epoch=1/3 epoch_step=3110/22357 (13.91%) loss=0.553330 lr=0.000465465 elapsed=04:54:49 eta=101:03:20 val_mrr=0.726379
[TRAIN] 2026-04-25 15:09:27 step=3120/67071 (4.65%) epoch=1/3 epoch_step=3120/22357 (13.96%) loss=0.565836 lr=0.000467699 elapsed=04:55:15 eta=100:51:37 val_mrr=0.726379
[TRAIN] 2026-04-25 15:09:52 step=3130/67071 (4.67%) epoch=1/3 epoch_step=3130/22357 (14.00%) loss=0.550593 lr=0.000469935 elapsed=04:55:40 eta=100:39:59 val_mrr=0.726379
[TRAIN] 2026-04-25 15:10:17 step=3140/67071 (4.68%) epoch=1/3 epoch_step=3140/22357 (14.04%) loss=0.565493 lr=0.000472172 elapsed=04:56:05 eta=100:28:18 val_mrr=0.726379
[TRAIN] 2026-04-25 15:10:43 step=3150/67071 (4.70%) epoch=1/3 epoch_step=3150/22357 (14.09%) loss=0.546329 lr=0.00047441 elapsed=04:56:31 eta=100:16:54 val_mrr=0.726379
[TRAIN] 2026-04-25 15:11:09 step=3160/67071 (4.71%) epoch=1/3 epoch_step=3160/22357 (14.13%) loss=0.548741 lr=0.000476649 elapsed=04:56:56 eta=100:05:37 val_mrr=0.726379
[TRAIN] 2026-04-25 15:11:35 step=3170/67071 (4.73%) epoch=1/3 epoch_step=3170/22357 (14.18%) loss=0.546842 lr=0.000478889 elapsed=04:57:22 eta=99:54:25 val_mrr=0.726379
[TRAIN] 2026-04-25 15:11:59 step=3180/67071 (4.74%) epoch=1/3 epoch_step=3180/22357 (14.22%) loss=0.540733 lr=0.00048113 elapsed=04:57:47 eta=99:42:59 val_mrr=0.726379
[TRAIN] 2026-04-25 15:12:24 step=3190/67071 (4.76%) epoch=1/3 epoch_step=3190/22357 (14.27%) loss=0.534453 lr=0.000483371 elapsed=04:58:12 eta=99:31:30 val_mrr=0.726379
[TRAIN] 2026-04-25 15:12:51 step=3200/67071 (4.77%) epoch=1/3 epoch_step=3200/22357 (14.31%) loss=0.547871 lr=0.000485614 elapsed=04:58:38 eta=99:20:46 val_mrr=0.726379
[TRAIN] 2026-04-25 15:13:16 step=3210/67071 (4.79%) epoch=1/3 epoch_step=3210/22357 (14.36%) loss=0.545386 lr=0.000487857 elapsed=04:59:04 eta=99:09:41 val_mrr=0.726379
[TRAIN] 2026-04-25 15:13:43 step=3220/67071 (4.80%) epoch=1/3 epoch_step=3220/22357 (14.40%) loss=0.547455 lr=0.000490101 elapsed=04:59:30 eta=98:59:03 val_mrr=0.726379
[TRAIN] 2026-04-25 15:14:08 step=3230/67071 (4.82%) epoch=1/3 epoch_step=3230/22357 (14.45%) loss=0.547424 lr=0.000492346 elapsed=04:59:56 eta=98:48:04 val_mrr=0.726379
[TRAIN] 2026-04-25 15:14:33 step=3240/67071 (4.83%) epoch=1/3 epoch_step=3240/22357 (14.49%) loss=0.559050 lr=0.000494591 elapsed=05:00:21 eta=98:37:02 val_mrr=0.726379
[TRAIN] 2026-04-25 15:14:59 step=3250/67071 (4.85%) epoch=1/3 epoch_step=3250/22357 (14.54%) loss=0.546819 lr=0.000496837 elapsed=05:00:46 eta=98:26:22 val_mrr=0.726379
[TRAIN] 2026-04-25 15:15:25 step=3260/67071 (4.86%) epoch=1/3 epoch_step=3260/22357 (14.58%) loss=0.544259 lr=0.000499083 elapsed=05:01:13 eta=98:16:03 val_mrr=0.726379
[TRAIN] 2026-04-25 15:15:51 step=3270/67071 (4.88%) epoch=1/3 epoch_step=3270/22357 (14.63%) loss=0.546530 lr=0.00050133 elapsed=05:01:39 eta=98:05:27 val_mrr=0.726379
[TRAIN] 2026-04-25 15:16:17 step=3280/67071 (4.89%) epoch=1/3 epoch_step=3280/22357 (14.67%) loss=0.554095 lr=0.000503577 elapsed=05:02:04 eta=97:54:52 val_mrr=0.726379
[TRAIN] 2026-04-25 15:16:42 step=3290/67071 (4.91%) epoch=1/3 epoch_step=3290/22357 (14.72%) loss=0.556874 lr=0.000505824 elapsed=05:02:30 eta=97:44:18 val_mrr=0.726379
[TRAIN] 2026-04-25 15:17:10 step=3300/67071 (4.92%) epoch=1/3 epoch_step=3300/22357 (14.76%) loss=0.560344 lr=0.000508072 elapsed=05:02:57 eta=97:34:31 val_mrr=0.726379
[TRAIN] 2026-04-25 15:17:35 step=3310/67071 (4.94%) epoch=1/3 epoch_step=3310/22357 (14.81%) loss=0.544659 lr=0.00051032 elapsed=05:03:23 eta=97:23:57 val_mrr=0.726379
[TRAIN] 2026-04-25 15:17:59 step=3320/67071 (4.95%) epoch=1/3 epoch_step=3320/22357 (14.85%) loss=0.562564 lr=0.000512569 elapsed=05:03:47 eta=97:13:19 val_mrr=0.726379
[TRAIN] 2026-04-25 15:18:25 step=3330/67071 (4.96%) epoch=1/3 epoch_step=3330/22357 (14.89%) loss=0.555641 lr=0.000514817 elapsed=05:04:13 eta=97:03:01 val_mrr=0.726379
[TRAIN] 2026-04-25 15:18:51 step=3340/67071 (4.98%) epoch=1/3 epoch_step=3340/22357 (14.94%) loss=0.570156 lr=0.000517066 elapsed=05:04:38 eta=96:52:51 val_mrr=0.726379
[TRAIN] 2026-04-25 15:19:16 step=3350/67071 (4.99%) epoch=1/3 epoch_step=3350/22357 (14.98%) loss=0.549155 lr=0.000519314 elapsed=05:05:04 eta=96:42:45 val_mrr=0.726379
[TRAIN] 2026-04-25 15:19:42 step=3360/67071 (5.01%) epoch=1/3 epoch_step=3360/22357 (15.03%) loss=0.546704 lr=0.000521563 elapsed=05:05:29 eta=96:32:35 val_mrr=0.726379
[TRAIN] 2026-04-25 15:20:07 step=3370/67071 (5.02%) epoch=1/3 epoch_step=3370/22357 (15.07%) loss=0.536914 lr=0.000523811 elapsed=05:05:55 eta=96:22:31 val_mrr=0.726379
[TRAIN] 2026-04-25 15:20:33 step=3380/67071 (5.04%) epoch=1/3 epoch_step=3380/22357 (15.12%) loss=0.562254 lr=0.00052606 elapsed=05:06:21 eta=96:12:39 val_mrr=0.726379
[TRAIN] 2026-04-25 15:20:59 step=3390/67071 (5.05%) epoch=1/3 epoch_step=3390/22357 (15.16%) loss=0.547423 lr=0.000528308 elapsed=05:06:47 eta=96:02:53 val_mrr=0.726379
[TRAIN] 2026-04-25 15:21:25 step=3400/67071 (5.07%) epoch=1/3 epoch_step=3400/22357 (15.21%) loss=0.557667 lr=0.000530557 elapsed=05:07:13 eta=95:53:06 val_mrr=0.726379
[TRAIN] 2026-04-25 15:21:50 step=3410/67071 (5.08%) epoch=1/3 epoch_step=3410/22357 (15.25%) loss=0.545681 lr=0.000532805 elapsed=05:07:38 eta=95:43:05 val_mrr=0.726379
[TRAIN] 2026-04-25 15:22:17 step=3420/67071 (5.10%) epoch=1/3 epoch_step=3420/22357 (15.30%) loss=0.556671 lr=0.000535052 elapsed=05:08:05 eta=95:33:44 val_mrr=0.726379
[TRAIN] 2026-04-25 15:22:44 step=3430/67071 (5.11%) epoch=1/3 epoch_step=3430/22357 (15.34%) loss=0.551606 lr=0.0005373 elapsed=05:08:32 eta=95:24:27 val_mrr=0.726379
[TRAIN] 2026-04-25 15:23:10 step=3440/67071 (5.13%) epoch=1/3 epoch_step=3440/22357 (15.39%) loss=0.538949 lr=0.000539547 elapsed=05:08:57 eta=95:14:54 val_mrr=0.726379
[TRAIN] 2026-04-25 15:23:35 step=3450/67071 (5.14%) epoch=1/3 epoch_step=3450/22357 (15.43%) loss=0.552229 lr=0.000541793 elapsed=05:09:23 eta=95:05:20 val_mrr=0.726379
[TRAIN] 2026-04-25 15:24:01 step=3460/67071 (5.16%) epoch=1/3 epoch_step=3460/22357 (15.48%) loss=0.541477 lr=0.000544039 elapsed=05:09:49 eta=94:55:50 val_mrr=0.726379
[TRAIN] 2026-04-25 15:24:27 step=3470/67071 (5.17%) epoch=1/3 epoch_step=3470/22357 (15.52%) loss=0.540184 lr=0.000546285 elapsed=05:10:15 eta=94:46:33 val_mrr=0.726379
[TRAIN] 2026-04-25 15:24:53 step=3480/67071 (5.19%) epoch=1/3 epoch_step=3480/22357 (15.57%) loss=0.552044 lr=0.00054853 elapsed=05:10:41 eta=94:37:12 val_mrr=0.726379
[TRAIN] 2026-04-25 15:25:20 step=3490/67071 (5.20%) epoch=1/3 epoch_step=3490/22357 (15.61%) loss=0.557029 lr=0.000550774 elapsed=05:11:07 eta=94:28:01 val_mrr=0.726379
[STAGE] 2026-04-25 15:25:46 val prep subsets global=50000 art_art=1986 art_any=50000
[STAGE] 2026-04-25 15:25:47 val prep negatives global=50000 art_art=1986 art_any=50000
[STAGE] 2026-04-25 15:25:47 val start step=3500 epoch=0 task=relation_ranking subset=global triples=50000 batches=98 eval_batch_size=512
[STAGE] 2026-04-25 15:31:24 val start step=3500 epoch=0 task=triple_scoring subset=global triples=50000 batches=98 eval_batch_size=512
[STAGE] 2026-04-25 15:38:30 val start step=3500 epoch=0 task=relation_ranking subset=art_art triples=1986 batches=4 eval_batch_size=512
[STAGE] 2026-04-25 15:38:51 val start step=3500 epoch=0 task=triple_scoring subset=art_art triples=1986 batches=4 eval_batch_size=512
[STAGE] 2026-04-25 15:39:21 val start step=3500 epoch=0 task=relation_ranking subset=art_any triples=50000 batches=98 eval_batch_size=512
[STAGE] 2026-04-25 15:44:49 val start step=3500 epoch=0 task=triple_scoring subset=art_any triples=50000 batches=98 eval_batch_size=512
[VAL] 2026-04-25 15:54:48 step=3500 epoch=0 mrr=0.559103 aucpr=0.898066 art_art_mrr=0.262532 art_art_aucpr=0.601064 art_any_mrr=0.558291 art_any_aucpr=0.693749
[TRAIN] 2026-04-25 15:54:48 step=3500/67071 (5.22%) epoch=1/3 epoch_step=3500/22357 (15.66%) loss=0.552967 lr=0.000553018 elapsed=05:40:36 eta=103:06:25 val_mrr=0.726379
[TRAIN] 2026-04-25 15:55:13 step=3510/67071 (5.23%) epoch=1/3 epoch_step=3510/22357 (15.70%) loss=0.549054 lr=0.000555261 elapsed=05:41:01 eta=102:55:17 val_mrr=0.726379
[TRAIN] 2026-04-25 15:55:40 step=3520/67071 (5.25%) epoch=1/3 epoch_step=3520/22357 (15.74%) loss=0.554767 lr=0.000557503 elapsed=05:41:28 eta=102:44:47 val_mrr=0.726379
[TRAIN] 2026-04-25 15:56:06 step=3530/67071 (5.26%) epoch=1/3 epoch_step=3530/22357 (15.79%) loss=0.553893 lr=0.000559744 elapsed=05:41:54 eta=102:34:16 val_mrr=0.726379
[TRAIN] 2026-04-25 15:56:32 step=3540/67071 (5.28%) epoch=1/3 epoch_step=3540/22357 (15.83%) loss=0.543182 lr=0.000561985 elapsed=05:42:20 eta=102:23:39 val_mrr=0.726379
[TRAIN] 2026-04-25 15:56:57 step=3550/67071 (5.29%) epoch=1/3 epoch_step=3550/22357 (15.88%) loss=0.539807 lr=0.000564224 elapsed=05:42:45 eta=102:12:57 val_mrr=0.726379
[TRAIN] 2026-04-25 15:57:23 step=3560/67071 (5.31%) epoch=1/3 epoch_step=3560/22357 (15.92%) loss=0.550650 lr=0.000566463 elapsed=05:43:11 eta=102:02:28 val_mrr=0.726379
[TRAIN] 2026-04-25 15:57:49 step=3570/67071 (5.32%) epoch=1/3 epoch_step=3570/22357 (15.97%) loss=0.555025 lr=0.0005687 elapsed=05:43:37 eta=101:51:58 val_mrr=0.726379
[TRAIN] 2026-04-25 15:58:15 step=3580/67071 (5.34%) epoch=1/3 epoch_step=3580/22357 (16.01%) loss=0.559926 lr=0.000570937 elapsed=05:44:02 eta=101:41:29 val_mrr=0.726379
[TRAIN] 2026-04-25 15:58:39 step=3590/67071 (5.35%) epoch=1/3 epoch_step=3590/22357 (16.06%) loss=0.551803 lr=0.000573172 elapsed=05:44:27 eta=101:30:48 val_mrr=0.726379
[TRAIN] 2026-04-25 15:59:04 step=3600/67071 (5.37%) epoch=1/3 epoch_step=3600/22357 (16.10%) loss=0.553183 lr=0.000575407 elapsed=05:44:52 eta=101:20:13 val_mrr=0.726379
[TRAIN] 2026-04-25 15:59:29 step=3610/67071 (5.38%) epoch=1/3 epoch_step=3610/22357 (16.15%) loss=0.554626 lr=0.00057764 elapsed=05:45:17 eta=101:09:42 val_mrr=0.726379
[TRAIN] 2026-04-25 15:59:54 step=3620/67071 (5.40%) epoch=1/3 epoch_step=3620/22357 (16.19%) loss=0.553553 lr=0.000579871 elapsed=05:45:42 eta=100:59:17 val_mrr=0.726379
[TRAIN] 2026-04-25 16:00:19 step=3630/67071 (5.41%) epoch=1/3 epoch_step=3630/22357 (16.24%) loss=0.538616 lr=0.000582102 elapsed=05:46:07 eta=100:49:03 val_mrr=0.726379
[TRAIN] 2026-04-25 16:00:44 step=3640/67071 (5.43%) epoch=1/3 epoch_step=3640/22357 (16.28%) loss=0.546821 lr=0.000584331 elapsed=05:46:32 eta=100:38:40 val_mrr=0.726379
[TRAIN] 2026-04-25 16:01:10 step=3650/67071 (5.44%) epoch=1/3 epoch_step=3650/22357 (16.33%) loss=0.553757 lr=0.000586558 elapsed=05:46:57 eta=100:28:35 val_mrr=0.726379
[TRAIN] 2026-04-25 16:01:35 step=3660/67071 (5.46%) epoch=1/3 epoch_step=3660/22357 (16.37%) loss=0.563928 lr=0.000588785 elapsed=05:47:22 eta=100:18:23 val_mrr=0.726379
[TRAIN] 2026-04-25 16:02:01 step=3670/67071 (5.47%) epoch=1/3 epoch_step=3670/22357 (16.42%) loss=0.556503 lr=0.000591009 elapsed=05:47:49 eta=100:08:33 val_mrr=0.726379
[TRAIN] 2026-04-25 16:02:26 step=3680/67071 (5.49%) epoch=1/3 epoch_step=3680/22357 (16.46%) loss=0.544508 lr=0.000593232 elapsed=05:48:14 eta=99:58:31 val_mrr=0.726379
[TRAIN] 2026-04-25 16:02:51 step=3690/67071 (5.50%) epoch=1/3 epoch_step=3690/22357 (16.50%) loss=0.550877 lr=0.000595454 elapsed=05:48:39 eta=99:48:32 val_mrr=0.726379
[TRAIN] 2026-04-25 16:03:17 step=3700/67071 (5.52%) epoch=1/3 epoch_step=3700/22357 (16.55%) loss=0.548960 lr=0.000597674 elapsed=05:49:05 eta=99:38:44 val_mrr=0.726379
[TRAIN] 2026-04-25 16:03:43 step=3710/67071 (5.53%) epoch=1/3 epoch_step=3710/22357 (16.59%) loss=0.551348 lr=0.000599892 elapsed=05:49:30 eta=99:29:03 val_mrr=0.726379
[TRAIN] 2026-04-25 16:04:09 step=3720/67071 (5.55%) epoch=1/3 epoch_step=3720/22357 (16.64%) loss=0.555958 lr=0.000602108 elapsed=05:49:57 eta=99:19:28 val_mrr=0.726379
[TRAIN] 2026-04-25 16:04:35 step=3730/67071 (5.56%) epoch=1/3 epoch_step=3730/22357 (16.68%) loss=0.543406 lr=0.000604323 elapsed=05:50:22 eta=99:09:52 val_mrr=0.726379
[TRAIN] 2026-04-25 16:05:01 step=3740/67071 (5.58%) epoch=1/3 epoch_step=3740/22357 (16.73%) loss=0.564761 lr=0.000606536 elapsed=05:50:48 eta=99:00:19 val_mrr=0.726379
[TRAIN] 2026-04-25 16:05:27 step=3750/67071 (5.59%) epoch=1/3 epoch_step=3750/22357 (16.77%) loss=0.541910 lr=0.000608746 elapsed=05:51:14 eta=98:50:51 val_mrr=0.726379
[TRAIN] 2026-04-25 16:05:52 step=3760/67071 (5.61%) epoch=1/3 epoch_step=3760/22357 (16.82%) loss=0.545115 lr=0.000610955 elapsed=05:51:39 eta=98:41:13 val_mrr=0.726379
[TRAIN] 2026-04-25 16:06:17 step=3770/67071 (5.62%) epoch=1/3 epoch_step=3770/22357 (16.86%) loss=0.552082 lr=0.000613162 elapsed=05:52:05 eta=98:31:41 val_mrr=0.726379
[TRAIN] 2026-04-25 16:06:42 step=3780/67071 (5.64%) epoch=1/3 epoch_step=3780/22357 (16.91%) loss=0.547144 lr=0.000615367 elapsed=05:52:30 eta=98:22:09 val_mrr=0.726379
[TRAIN] 2026-04-25 16:07:08 step=3790/67071 (5.65%) epoch=1/3 epoch_step=3790/22357 (16.95%) loss=0.546483 lr=0.00061757 elapsed=05:52:56 eta=98:12:50 val_mrr=0.726379
[TRAIN] 2026-04-25 16:07:35 step=3800/67071 (5.67%) epoch=1/3 epoch_step=3800/22357 (17.00%) loss=0.551340 lr=0.00061977 elapsed=05:53:23 eta=98:03:49 val_mrr=0.726379
[TRAIN] 2026-04-25 16:08:00 step=3810/67071 (5.68%) epoch=1/3 epoch_step=3810/22357 (17.04%) loss=0.547205 lr=0.000621969 elapsed=05:53:47 eta=97:54:19 val_mrr=0.726379
[TRAIN] 2026-04-25 16:08:24 step=3820/67071 (5.70%) epoch=1/3 epoch_step=3820/22357 (17.09%) loss=0.554348 lr=0.000624165 elapsed=05:54:12 eta=97:44:49 val_mrr=0.726379
[TRAIN] 2026-04-25 16:08:49 step=3830/67071 (5.71%) epoch=1/3 epoch_step=3830/22357 (17.13%) loss=0.543406 lr=0.000626359 elapsed=05:54:37 eta=97:35:27 val_mrr=0.726379
[TRAIN] 2026-04-25 16:09:14 step=3840/67071 (5.73%) epoch=1/3 epoch_step=3840/22357 (17.18%) loss=0.543666 lr=0.000628551 elapsed=05:55:02 eta=97:26:11 val_mrr=0.726379
[TRAIN] 2026-04-25 16:09:40 step=3850/67071 (5.74%) epoch=1/3 epoch_step=3850/22357 (17.22%) loss=0.547821 lr=0.00063074 elapsed=05:55:28 eta=97:17:04 val_mrr=0.726379
[TRAIN] 2026-04-25 16:10:05 step=3860/67071 (5.76%) epoch=1/3 epoch_step=3860/22357 (17.27%) loss=0.560001 lr=0.000632927 elapsed=05:55:53 eta=97:07:58 val_mrr=0.726379
[TRAIN] 2026-04-25 16:10:32 step=3870/67071 (5.77%) epoch=1/3 epoch_step=3870/22357 (17.31%) loss=0.560576 lr=0.000635111 elapsed=05:56:20 eta=96:59:11 val_mrr=0.726379
[TRAIN] 2026-04-25 16:10:58 step=3880/67071 (5.78%) epoch=1/3 epoch_step=3880/22357 (17.35%) loss=0.553205 lr=0.000637293 elapsed=05:56:46 eta=96:50:23 val_mrr=0.726379
[TRAIN] 2026-04-25 16:11:24 step=3890/67071 (5.80%) epoch=1/3 epoch_step=3890/22357 (17.40%) loss=0.536975 lr=0.000639472 elapsed=05:57:12 eta=96:41:29 val_mrr=0.726379
[TRAIN] 2026-04-25 16:11:50 step=3900/67071 (5.81%) epoch=1/3 epoch_step=3900/22357 (17.44%) loss=0.551838 lr=0.000641648 elapsed=05:57:38 eta=96:32:47 val_mrr=0.726379
[TRAIN] 2026-04-25 16:12:16 step=3910/67071 (5.83%) epoch=1/3 epoch_step=3910/22357 (17.49%) loss=0.546013 lr=0.000643822 elapsed=05:58:03 eta=96:23:57 val_mrr=0.726379
[TRAIN] 2026-04-25 16:12:40 step=3920/67071 (5.84%) epoch=1/3 epoch_step=3920/22357 (17.53%) loss=0.547166 lr=0.000645993 elapsed=05:58:28 eta=96:14:54 val_mrr=0.726379
[TRAIN] 2026-04-25 16:13:05 step=3930/67071 (5.86%) epoch=1/3 epoch_step=3930/22357 (17.58%) loss=0.546754 lr=0.000648162 elapsed=05:58:53 eta=96:06:01 val_mrr=0.726379
[TRAIN] 2026-04-25 16:13:30 step=3940/67071 (5.87%) epoch=1/3 epoch_step=3940/22357 (17.62%) loss=0.558729 lr=0.000650327 elapsed=05:59:18 eta=95:57:09 val_mrr=0.726379
[TRAIN] 2026-04-25 16:13:56 step=3950/67071 (5.89%) epoch=1/3 epoch_step=3950/22357 (17.67%) loss=0.547876 lr=0.00065249 elapsed=05:59:44 eta=95:48:30 val_mrr=0.726379
[TRAIN] 2026-04-25 16:14:21 step=3960/67071 (5.90%) epoch=1/3 epoch_step=3960/22357 (17.71%) loss=0.557509 lr=0.00065465 elapsed=06:00:09 eta=95:39:44 val_mrr=0.726379
[TRAIN] 2026-04-25 16:14:46 step=3970/67071 (5.92%) epoch=1/3 epoch_step=3970/22357 (17.76%) loss=0.554881 lr=0.000656807 elapsed=06:00:34 eta=95:31:01 val_mrr=0.726379
[TRAIN] 2026-04-25 16:15:11 step=3980/67071 (5.93%) epoch=1/3 epoch_step=3980/22357 (17.80%) loss=0.559661 lr=0.000658961 elapsed=06:00:59 eta=95:22:20 val_mrr=0.726379
[TRAIN] 2026-04-25 16:15:37 step=3990/67071 (5.95%) epoch=1/3 epoch_step=3990/22357 (17.85%) loss=0.554601 lr=0.000661112 elapsed=06:01:24 eta=95:13:45 val_mrr=0.726379
[STAGE] 2026-04-25 16:16:01 val prep subsets global=50000 art_art=1986 art_any=50000
[STAGE] 2026-04-25 16:16:01 val prep negatives global=50000 art_art=1986 art_any=50000
[STAGE] 2026-04-25 16:16:01 val start step=4000 epoch=0 task=relation_ranking subset=global triples=50000 batches=98 eval_batch_size=512
[STAGE] 2026-04-25 16:21:36 val start step=4000 epoch=0 task=triple_scoring subset=global triples=50000 batches=98 eval_batch_size=512
[STAGE] 2026-04-25 16:29:16 val start step=4000 epoch=0 task=relation_ranking subset=art_art triples=1986 batches=4 eval_batch_size=512
[STAGE] 2026-04-25 16:29:38 val start step=4000 epoch=0 task=triple_scoring subset=art_art triples=1986 batches=4 eval_batch_size=512
[STAGE] 2026-04-25 16:30:09 val start step=4000 epoch=0 task=relation_ranking subset=art_any triples=50000 batches=98 eval_batch_size=512
[STAGE] 2026-04-25 16:36:03 val start step=4000 epoch=0 task=triple_scoring subset=art_any triples=50000 batches=98 eval_batch_size=512
[VAL] 2026-04-25 16:46:35 step=4000 epoch=0 mrr=0.557584 aucpr=0.888530 art_art_mrr=0.285407 art_art_aucpr=0.575476 art_any_mrr=0.555005 art_any_aucpr=0.687728
[STAGE] 2026-04-25 16:46:35 early stopping triggered at step=4000 epoch=0 no_improve_evals=5
[TRAIN] 2026-04-25 16:46:36 step=4000/67071 (5.96%) epoch=1/3 epoch_step=4000/22357 (17.89%) loss=0.550942 lr=0.000663259 elapsed=06:32:24 eta=103:07:16 val_mrr=0.726379
[STAGE] 2026-04-25 16:46:36 epoch completed epoch=1/3
[STAGE] 2026-04-25 16:46:38 test prep subsets global=1425681 art_art=2083 art_any=357035
[STAGE] 2026-04-25 16:46:42 test prep negatives global=1425681 art_art=2083 art_any=357035
[STAGE] 2026-04-25 16:46:42 test start step=4000 epoch=1 task=relation_ranking subset=global triples=1425681 batches=2785 eval_batch_size=512
[EVAL] 2026-04-25 17:16:44 phase=test step=4000 epoch=1 task=relation_ranking subset=global triples=260608/1425681 batches=509/2785 elapsed=30:01
[EVAL] 2026-04-25 17:46:44 phase=test step=4000 epoch=1 task=relation_ranking subset=global triples=577536/1425681 batches=1128/2785 elapsed=01:00:02
[STAGE] 2026-04-25 18:11:56 test start step=4000 epoch=1 task=triple_scoring subset=global triples=1425681 batches=2785 eval_batch_size=512
[EVAL] 2026-04-25 18:41:58 phase=test step=4000 epoch=1 task=triple_scoring subset=global triples=206336/1425681 batches=403/2785 elapsed=30:02
[EVAL] 2026-04-25 19:12:01 phase=test step=4000 epoch=1 task=triple_scoring subset=global triples=459264/1425681 batches=897/2785 elapsed=01:00:05
[EVAL] 2026-04-25 19:42:01 phase=test step=4000 epoch=1 task=triple_scoring subset=global triples=1112576/1425681 batches=2173/2785 elapsed=01:30:05
[STAGE] 2026-04-25 19:56:01 test start step=4000 epoch=1 task=relation_ranking subset=art_art triples=2083 batches=5 eval_batch_size=512
[STAGE] 2026-04-25 19:56:26 test start step=4000 epoch=1 task=triple_scoring subset=art_art triples=2083 batches=5 eval_batch_size=512
[STAGE] 2026-04-25 19:57:00 test start step=4000 epoch=1 task=relation_ranking subset=art_any triples=357035 batches=698 eval_batch_size=512
[EVAL] 2026-04-25 20:27:02 phase=test step=4000 epoch=1 task=relation_ranking subset=art_any triples=270336/357035 batches=528/698 elapsed=30:02
[STAGE] 2026-04-25 20:36:24 test start step=4000 epoch=1 task=triple_scoring subset=art_any triples=357035 batches=698 eval_batch_size=512
[EVAL] 2026-04-25 21:06:29 phase=test step=4000 epoch=1 task=triple_scoring subset=art_any triples=148480/357035 batches=290/698 elapsed=30:05
[EVAL] 2026-04-25 21:36:33 phase=test step=4000 epoch=1 task=triple_scoring subset=art_any triples=294912/357035 batches=576/698 elapsed=01:00:09
[TEST] 2026-04-25 21:49:10 step=4000 epoch=1 mrr=0.319165 aucpr=0.887935 art_art_mrr=0.250307 art_art_aucpr=0.575686 art_any_mrr=0.559133 art_any_aucpr=0.689085
[STAGE] 2026-04-25 21:49:10 DONE train (41697.35s)
[RESULT] 2026-04-25 21:49:10 {"best_metric": 0.726378780412323, "early_stopped": true, "stopped_epoch": 1, "stopped_step": 4000, "val_mrr": 0.557583682534229, "val_hits1": 0.40264, "val_hits3": 0.68262, "val_hits10": 0.82148, "val_top1_acc": 0.40264, "val_auc": 0.9223910148, "val_aucpr": 0.8885297376831844, "val_art_art_mrr": 0.2854067771019706, "val_art_art_hits1": 0.17220543806646527, "val_art_art_hits3": 0.3564954682779456, "val_art_art_hits10": 0.4415911379657603, "val_art_art_top1_acc": 0.17220543806646527, "val_art_art_auc": 0.6232375368769707, "val_art_art_aucpr": 0.5754761839435429, "val_art_any_mrr": 0.555004907904748, "val_art_any_hits1": 0.3986, "val_art_any_hits3": 0.68144, "val_art_any_hits10": 0.82058, "val_art_any_top1_acc": 0.3986, "val_art_any_auc": 0.7477482, "val_art_any_aucpr": 0.6877278620501037, "test_mrr": 0.3191645191074579, "test_hits1": 0.20620321095672875, "test_hits3": 0.3661162630349987, "test_hits10": 0.5396796338030737, "test_top1_acc": 0.20620321095672875, "test_auc": 0.9199657132713711, "test_aucpr": 0.887935351658853, "test_art_art_mrr": 0.25030680826703855, "test_art_art_hits1": 0.12674027844455113, "test_art_art_hits3": 0.35381661065770525, "test_art_art_hits10": 0.45175228036485837, "test_art_art_top1_acc": 0.12674027844455113, "test_art_art_auc": 0.6273451567901368, "test_art_art_aucpr": 0.5756859602509874, "test_art_any_mrr": 0.5591331687955865, "test_art_any_hits1": 0.40077863514781464, "test_art_any_hits3": 0.6898539358886384, "test_art_any_hits10": 0.8222891313176579, "test_art_any_top1_acc": 0.40077863514781464, "test_art_any_auc": 0.7486944313647774, "test_art_any_aucpr": 0.6890848340263476}
