nohup: ignoring input
[STAGE] 2026-04-22 11:56:24 START build experiment
[CONFIG] 2026-04-22 11:56:24 paths graph_dir=/root/autodl-tmp/个人项目2/操作数据库/full_graph_export text_dir=/root/autodl-tmp/个人项目2/操作数据库/full_graph_export/text_chunks image_dir=/root/autodl-tmp/个人项目2/图片/64 local_model_root=/root/autodl-tmp/个人项目2/链路预测实验/local_models
[CONFIG] 2026-04-22 11:56:24 models text_encoder=albert_frozen text_model=albert-base-v2 text_model_dir=/root/autodl-tmp/个人项目2/链路预测实验/local_models/text/albert-base-v2 image_encoder=inception_resnet_v2 image_model=inception_resnet_v2.tf_ens_adv_in1k image_model_dir=/root/autodl-tmp/个人项目2/链路预测实验/local_models/image/inception_resnet_v2.tf_ens_adv_in1k kge_scorer=transe
[CONFIG] 2026-04-22 11:56:24 cache_root=/root/autodl-tmp/个人项目2/边类型纯KGE/cache/full cache_session=20260422_115624_mm_kge_transe_albert_inception_resnet_v2_frozen raw_cache_root=/root/autodl-tmp/个人项目2/边类型纯KGE/cache/full/shared_raw
[DATA] 2026-04-22 11:56:26 catalog entities=1706516 art_entities=431773 chunks=85 triples=14297782 relations=353
[DATA] 2026-04-22 11:56:26 splits train=11446322 val=1425779 test=1425681 sample_chunks=0
[EVAL] 2026-04-22 11:56:26 validation_max_triples=50000 final_test_max_triples=FULL
[STAGE] 2026-04-22 11:56:31 image index cache loaded: /root/autodl-tmp/个人项目2/边类型纯KGE/cache/full/image_index/image_index.pkl entries=430969
[STAGE] 2026-04-22 11:56:32 DONE build experiment (7.98s)
[CONFIG] 2026-04-22 11:56:32 training run_dir=/root/autodl-tmp/个人项目2/边类型纯KGE/runs/20260422_115624_mm_kge_transe_albert_inception_resnet_v2_frozen cache_session=20260422_115624_mm_kge_transe_albert_inception_resnet_v2_frozen
[STAGE] 2026-04-22 11:56:32 START prebuild raw caches
[STAGE] 2026-04-22 11:59:08 prebuild text cache: chunk=1/85 missing=20077
[STAGE] 2026-04-22 12:00:54 prebuild text cache: chunk=2/85 missing=20077
[STAGE] 2026-04-22 12:03:10 prebuild text cache: chunk=3/85 missing=20077
[STAGE] 2026-04-22 12:05:26 prebuild text cache: chunk=4/85 missing=20077
[STAGE] 2026-04-22 12:07:01 prebuild text cache: chunk=5/85 missing=20077
[STAGE] 2026-04-22 12:09:16 prebuild text cache: chunk=6/85 missing=20077
[STAGE] 2026-04-22 12:11:00 prebuild text cache: chunk=7/85 missing=20077
[STAGE] 2026-04-22 12:12:59 prebuild text cache: chunk=8/85 missing=20077
[STAGE] 2026-04-22 12:15:36 prebuild text cache: chunk=9/85 missing=20077
[STAGE] 2026-04-22 12:17:10 prebuild text cache: chunk=10/85 missing=20077
[STAGE] 2026-04-22 12:19:22 prebuild text cache: chunk=11/85 missing=20077
[STAGE] 2026-04-22 12:21:42 prebuild text cache: chunk=12/85 missing=20077
[STAGE] 2026-04-22 12:23:20 prebuild text cache: chunk=13/85 missing=20077
[STAGE] 2026-04-22 12:25:35 prebuild text cache: chunk=14/85 missing=20077
[STAGE] 2026-04-22 12:27:23 prebuild text cache: chunk=15/85 missing=20077
[STAGE] 2026-04-22 12:29:16 prebuild text cache: chunk=16/85 missing=20077
[STAGE] 2026-04-22 12:31:50 prebuild text cache: chunk=17/85 missing=20077
[STAGE] 2026-04-22 12:33:31 prebuild text cache: chunk=18/85 missing=20077
[STAGE] 2026-04-22 12:35:37 prebuild text cache: chunk=19/85 missing=20077
[STAGE] 2026-04-22 12:37:53 prebuild text cache: chunk=20/85 missing=20077
[STAGE] 2026-04-22 12:39:39 prebuild text cache: chunk=21/85 missing=20077
[STAGE] 2026-04-22 12:42:15 prebuild text cache: chunk=22/85 missing=20077
[STAGE] 2026-04-22 12:45:28 prebuild text cache: chunk=23/85 missing=20077
[STAGE] 2026-04-22 12:48:47 prebuild text cache: chunk=24/85 missing=20077
[STAGE] 2026-04-22 12:51:58 prebuild text cache: chunk=25/85 missing=20077
[STAGE] 2026-04-22 12:55:25 prebuild text cache: chunk=26/85 missing=20077
[STAGE] 2026-04-22 12:58:38 prebuild text cache: chunk=27/85 missing=20077
[STAGE] 2026-04-22 13:01:34 prebuild text cache: chunk=28/85 missing=20077
[STAGE] 2026-04-22 13:04:18 prebuild text cache: chunk=29/85 missing=20077
[STAGE] 2026-04-22 13:07:15 prebuild text cache: chunk=30/85 missing=20077
[STAGE] 2026-04-22 13:10:16 prebuild text cache: chunk=31/85 missing=20077
[STAGE] 2026-04-22 13:12:58 prebuild text cache: chunk=32/85 missing=20077
[STAGE] 2026-04-22 13:16:14 prebuild text cache: chunk=33/85 missing=20077
[STAGE] 2026-04-22 13:18:54 prebuild text cache: chunk=34/85 missing=20077
[STAGE] 2026-04-22 13:21:59 prebuild text cache: chunk=35/85 missing=20077
[STAGE] 2026-04-22 13:24:49 prebuild text cache: chunk=36/85 missing=20077
[STAGE] 2026-04-22 13:27:36 prebuild text cache: chunk=37/85 missing=20077
[STAGE] 2026-04-22 13:30:55 prebuild text cache: chunk=38/85 missing=20077
[STAGE] 2026-04-22 13:33:31 prebuild text cache: chunk=39/85 missing=20077
[STAGE] 2026-04-22 13:36:43 prebuild text cache: chunk=40/85 missing=20077
[STAGE] 2026-04-22 13:39:27 prebuild text cache: chunk=41/85 missing=20077
[STAGE] 2026-04-22 13:42:28 prebuild text cache: chunk=42/85 missing=20077
[STAGE] 2026-04-22 13:45:25 prebuild text cache: chunk=43/85 missing=20077
[STAGE] 2026-04-22 13:48:07 prebuild text cache: chunk=44/85 missing=20077
[STAGE] 2026-04-22 13:51:23 prebuild text cache: chunk=45/85 missing=20077
[STAGE] 2026-04-22 13:54:01 prebuild text cache: chunk=46/85 missing=20077
[STAGE] 2026-04-22 13:56:52 prebuild text cache: chunk=47/85 missing=20077
[STAGE] 2026-04-22 13:59:54 prebuild text cache: chunk=48/85 missing=20077
[STAGE] 2026-04-22 14:02:10 prebuild text cache: chunk=49/85 missing=20077
[STAGE] 2026-04-22 14:04:49 prebuild text cache: chunk=50/85 missing=20077
[STAGE] 2026-04-22 14:07:30 prebuild text cache: chunk=51/85 missing=20077
[STAGE] 2026-04-22 14:10:32 prebuild text cache: chunk=52/85 missing=20077
[STAGE] 2026-04-22 14:13:34 prebuild text cache: chunk=53/85 missing=20077
[STAGE] 2026-04-22 14:15:45 prebuild text cache: chunk=54/85 missing=20077
[STAGE] 2026-04-22 14:18:23 prebuild text cache: chunk=55/85 missing=20077
[STAGE] 2026-04-22 14:21:05 prebuild text cache: chunk=56/85 missing=20077
[STAGE] 2026-04-22 14:24:13 prebuild text cache: chunk=57/85 missing=20076
[STAGE] 2026-04-22 14:27:09 prebuild text cache: chunk=58/85 missing=20076
[STAGE] 2026-04-22 14:29:21 prebuild text cache: chunk=59/85 missing=20076
[STAGE] 2026-04-22 14:32:00 prebuild text cache: chunk=60/85 missing=20076
[STAGE] 2026-04-22 14:34:42 prebuild text cache: chunk=61/85 missing=20076
[STAGE] 2026-04-22 14:37:54 prebuild text cache: chunk=62/85 missing=20076
[STAGE] 2026-04-22 14:40:41 prebuild text cache: chunk=63/85 missing=20076
[STAGE] 2026-04-22 14:42:56 prebuild text cache: chunk=64/85 missing=20076
[STAGE] 2026-04-22 14:45:37 prebuild text cache: chunk=65/85 missing=20076
[STAGE] 2026-04-22 14:48:27 prebuild text cache: chunk=66/85 missing=20076
[STAGE] 2026-04-22 14:51:32 prebuild text cache: chunk=67/85 missing=20076
[STAGE] 2026-04-22 14:53:58 prebuild text cache: chunk=68/85 missing=20076
[STAGE] 2026-04-22 14:56:30 prebuild text cache: chunk=69/85 missing=20076
[STAGE] 2026-04-22 14:59:10 prebuild text cache: chunk=70/85 missing=20076
[STAGE] 2026-04-22 15:02:12 prebuild text cache: chunk=71/85 missing=20076
[STAGE] 2026-04-22 15:05:18 prebuild text cache: chunk=72/85 missing=20076
[STAGE] 2026-04-22 15:07:33 prebuild text cache: chunk=73/85 missing=20076
[STAGE] 2026-04-22 15:10:12 prebuild text cache: chunk=74/85 missing=20076
[STAGE] 2026-04-22 15:12:51 prebuild text cache: chunk=75/85 missing=20076
[STAGE] 2026-04-22 15:16:00 prebuild text cache: chunk=76/85 missing=20076
[STAGE] 2026-04-22 15:19:03 prebuild text cache: chunk=77/85 missing=20076
[STAGE] 2026-04-22 15:21:17 prebuild text cache: chunk=78/85 missing=20076
[STAGE] 2026-04-22 15:23:56 prebuild text cache: chunk=79/85 missing=20076
[STAGE] 2026-04-22 15:26:36 prebuild text cache: chunk=80/85 missing=20076
[STAGE] 2026-04-22 15:29:50 prebuild text cache: chunk=81/85 missing=20076
[STAGE] 2026-04-22 15:32:48 prebuild text cache: chunk=82/85 missing=20076
[STAGE] 2026-04-22 15:35:00 prebuild text cache: chunk=83/85 missing=20076
[STAGE] 2026-04-22 15:37:39 prebuild text cache: chunk=84/85 missing=20076
[STAGE] 2026-04-22 15:40:15 prebuild text cache: chunk=85/85 missing=20076
[STAGE] 2026-04-22 15:40:15 text cache prebuild done missing=1706516
[STAGE] 2026-04-22 15:41:35 prebuild image raw cache: chunk=1/85 missing=20077
[STAGE] 2026-04-22 15:42:52 prebuild image raw cache: chunk=2/85 missing=20077
[STAGE] 2026-04-22 15:44:07 prebuild image raw cache: chunk=3/85 missing=20076
[STAGE] 2026-04-22 15:45:22 prebuild image raw cache: chunk=4/85 missing=20077
[STAGE] 2026-04-22 15:46:34 prebuild image raw cache: chunk=5/85 missing=20076
[STAGE] 2026-04-22 15:47:46 prebuild image raw cache: chunk=6/85 missing=20076
[STAGE] 2026-04-22 15:49:00 prebuild image raw cache: chunk=7/85 missing=20077
[STAGE] 2026-04-22 15:50:13 prebuild image raw cache: chunk=8/85 missing=20076
[STAGE] 2026-04-22 15:51:24 prebuild image raw cache: chunk=9/85 missing=20076
[STAGE] 2026-04-22 15:52:35 prebuild image raw cache: chunk=10/85 missing=20077
[STAGE] 2026-04-22 15:53:49 prebuild image raw cache: chunk=11/85 missing=20076
[STAGE] 2026-04-22 15:55:02 prebuild image raw cache: chunk=12/85 missing=20077
[STAGE] 2026-04-22 15:56:16 prebuild image raw cache: chunk=13/85 missing=20076
[STAGE] 2026-04-22 15:57:28 prebuild image raw cache: chunk=14/85 missing=20077
[STAGE] 2026-04-22 15:58:39 prebuild image raw cache: chunk=15/85 missing=20076
[STAGE] 2026-04-22 15:59:49 prebuild image raw cache: chunk=16/85 missing=20077
[STAGE] 2026-04-22 16:01:02 prebuild image raw cache: chunk=17/85 missing=20075
[STAGE] 2026-04-22 16:02:13 prebuild image raw cache: chunk=18/85 missing=20077
[STAGE] 2026-04-22 16:03:25 prebuild image raw cache: chunk=19/85 missing=20074
[STAGE] 2026-04-22 16:04:37 prebuild image raw cache: chunk=20/85 missing=20077
[STAGE] 2026-04-22 16:05:49 prebuild image raw cache: chunk=21/85 missing=20077
[STAGE] 2026-04-22 16:06:27 prebuild image raw cache: chunk=22/85 missing=18029
[STAGE] 2026-04-22 16:06:56 image raw cache prebuild done missing=847340 loaded=430883
[STAGE] 2026-04-22 16:06:56 DONE prebuild raw caches (15023.70s)
[STAGE] 2026-04-22 16:06:56 START train
[STAGE] 2026-04-22 16:06:56 epoch start epoch=1/3 steps_per_epoch=22357 global_step=0/67071
[TRAIN] 2026-04-22 16:06:58 step=1/67071 (0.00%) epoch=1/3 epoch_step=1/22357 (0.00%) loss=0.844398 lr=4.00001e-05 elapsed=00:03 eta=53:00:19 val_mrr=NA
[TRAIN] 2026-04-22 16:06:59 step=2/67071 (0.00%) epoch=1/3 epoch_step=2/22357 (0.01%) loss=0.839577 lr=4.00002e-05 elapsed=00:04 eta=32:39:39 val_mrr=NA
[TRAIN] 2026-04-22 16:06:59 step=3/67071 (0.00%) epoch=1/3 epoch_step=3/22357 (0.01%) loss=0.832669 lr=4.00005e-05 elapsed=00:04 eta=24:13:11 val_mrr=NA
[TRAIN] 2026-04-22 16:07:00 step=4/67071 (0.01%) epoch=1/3 epoch_step=4/22357 (0.02%) loss=0.827766 lr=4.00008e-05 elapsed=00:04 eta=19:36:18 val_mrr=NA
[TRAIN] 2026-04-22 16:07:00 step=5/67071 (0.01%) epoch=1/3 epoch_step=5/22357 (0.02%) loss=0.823737 lr=4.00013e-05 elapsed=00:04 eta=16:32:54 val_mrr=NA
[TRAIN] 2026-04-22 16:07:01 step=10/67071 (0.01%) epoch=1/3 epoch_step=10/22357 (0.04%) loss=0.812383 lr=4.00053e-05 elapsed=00:05 eta=09:59:09 val_mrr=NA
[TRAIN] 2026-04-22 16:07:03 step=20/67071 (0.03%) epoch=1/3 epoch_step=20/22357 (0.09%) loss=0.801814 lr=4.00211e-05 elapsed=00:07 eta=06:36:23 val_mrr=NA
[TRAIN] 2026-04-22 16:07:04 step=30/67071 (0.04%) epoch=1/3 epoch_step=30/22357 (0.13%) loss=0.797855 lr=4.00474e-05 elapsed=00:09 eta=05:18:36 val_mrr=NA
[TRAIN] 2026-04-22 16:07:06 step=40/67071 (0.06%) epoch=1/3 epoch_step=40/22357 (0.18%) loss=0.793888 lr=4.00843e-05 elapsed=00:10 eta=04:41:10 val_mrr=NA
[TRAIN] 2026-04-22 16:07:08 step=50/67071 (0.07%) epoch=1/3 epoch_step=50/22357 (0.22%) loss=0.791111 lr=4.01317e-05 elapsed=00:12 eta=04:32:51 val_mrr=NA
[TRAIN] 2026-04-22 16:07:09 step=60/67071 (0.09%) epoch=1/3 epoch_step=60/22357 (0.27%) loss=0.788529 lr=4.01896e-05 elapsed=00:14 eta=04:15:27 val_mrr=NA
[TRAIN] 2026-04-22 16:07:11 step=70/67071 (0.10%) epoch=1/3 epoch_step=70/22357 (0.31%) loss=0.786561 lr=4.02581e-05 elapsed=00:15 eta=04:03:19 val_mrr=NA
[TRAIN] 2026-04-22 16:07:12 step=80/67071 (0.12%) epoch=1/3 epoch_step=80/22357 (0.36%) loss=0.784868 lr=4.03371e-05 elapsed=00:17 eta=03:55:33 val_mrr=NA
[TRAIN] 2026-04-22 16:07:14 step=90/67071 (0.13%) epoch=1/3 epoch_step=90/22357 (0.40%) loss=0.782690 lr=4.04266e-05 elapsed=00:18 eta=03:48:11 val_mrr=NA
[TRAIN] 2026-04-22 16:07:16 step=100/67071 (0.15%) epoch=1/3 epoch_step=100/22357 (0.45%) loss=0.781493 lr=4.05266e-05 elapsed=00:20 eta=03:47:29 val_mrr=NA
[TRAIN] 2026-04-22 16:07:17 step=110/67071 (0.16%) epoch=1/3 epoch_step=110/22357 (0.49%) loss=0.780442 lr=4.06372e-05 elapsed=00:22 eta=03:41:48 val_mrr=NA
[TRAIN] 2026-04-22 16:07:19 step=120/67071 (0.18%) epoch=1/3 epoch_step=120/22357 (0.54%) loss=0.779049 lr=4.07583e-05 elapsed=00:23 eta=03:37:30 val_mrr=NA
[TRAIN] 2026-04-22 16:07:20 step=130/67071 (0.19%) epoch=1/3 epoch_step=130/22357 (0.58%) loss=0.777402 lr=4.08899e-05 elapsed=00:25 eta=03:33:48 val_mrr=NA
[TRAIN] 2026-04-22 16:07:22 step=140/67071 (0.21%) epoch=1/3 epoch_step=140/22357 (0.63%) loss=0.775994 lr=4.1032e-05 elapsed=00:26 eta=03:30:34 val_mrr=NA
[TRAIN] 2026-04-22 16:07:24 step=150/67071 (0.22%) epoch=1/3 epoch_step=150/22357 (0.67%) loss=0.774042 lr=4.11846e-05 elapsed=00:29 eta=03:32:04 val_mrr=NA
[TRAIN] 2026-04-22 16:07:26 step=160/67071 (0.24%) epoch=1/3 epoch_step=160/22357 (0.72%) loss=0.771766 lr=4.13477e-05 elapsed=00:30 eta=03:29:03 val_mrr=NA
[TRAIN] 2026-04-22 16:07:27 step=170/67071 (0.25%) epoch=1/3 epoch_step=170/22357 (0.76%) loss=0.769734 lr=4.15214e-05 elapsed=00:31 eta=03:26:26 val_mrr=NA
[TRAIN] 2026-04-22 16:07:29 step=180/67071 (0.27%) epoch=1/3 epoch_step=180/22357 (0.81%) loss=0.769581 lr=4.17055e-05 elapsed=00:33 eta=03:24:30 val_mrr=NA
[TRAIN] 2026-04-22 16:07:30 step=190/67071 (0.28%) epoch=1/3 epoch_step=190/22357 (0.85%) loss=0.768723 lr=4.19002e-05 elapsed=00:35 eta=03:22:45 val_mrr=NA
[TRAIN] 2026-04-22 16:07:33 step=200/67071 (0.30%) epoch=1/3 epoch_step=200/22357 (0.89%) loss=0.766020 lr=4.21053e-05 elapsed=00:37 eta=03:25:57 val_mrr=NA
[TRAIN] 2026-04-22 16:07:34 step=210/67071 (0.31%) epoch=1/3 epoch_step=210/22357 (0.94%) loss=0.765735 lr=4.23209e-05 elapsed=00:38 eta=03:24:04 val_mrr=NA
[TRAIN] 2026-04-22 16:07:36 step=220/67071 (0.33%) epoch=1/3 epoch_step=220/22357 (0.98%) loss=0.762289 lr=4.2547e-05 elapsed=00:40 eta=03:22:46 val_mrr=NA
[TRAIN] 2026-04-22 16:07:37 step=230/67071 (0.34%) epoch=1/3 epoch_step=230/22357 (1.03%) loss=0.760002 lr=4.27836e-05 elapsed=00:42 eta=03:21:33 val_mrr=NA
[TRAIN] 2026-04-22 16:07:39 step=240/67071 (0.36%) epoch=1/3 epoch_step=240/22357 (1.07%) loss=0.758676 lr=4.30307e-05 elapsed=00:43 eta=03:20:02 val_mrr=NA
[TRAIN] 2026-04-22 16:07:40 step=250/67071 (0.37%) epoch=1/3 epoch_step=250/22357 (1.12%) loss=0.757559 lr=4.32882e-05 elapsed=00:45 eta=03:18:36 val_mrr=NA
[TRAIN] 2026-04-22 16:07:42 step=260/67071 (0.39%) epoch=1/3 epoch_step=260/22357 (1.16%) loss=0.755115 lr=4.35562e-05 elapsed=00:47 eta=03:19:49 val_mrr=NA
[TRAIN] 2026-04-22 16:07:44 step=270/67071 (0.40%) epoch=1/3 epoch_step=270/22357 (1.21%) loss=0.755217 lr=4.38346e-05 elapsed=00:48 eta=03:18:35 val_mrr=NA
[TRAIN] 2026-04-22 16:07:45 step=280/67071 (0.42%) epoch=1/3 epoch_step=280/22357 (1.25%) loss=0.751076 lr=4.41235e-05 elapsed=00:50 eta=03:17:24 val_mrr=NA
[TRAIN] 2026-04-22 16:07:47 step=290/67071 (0.43%) epoch=1/3 epoch_step=290/22357 (1.30%) loss=0.750486 lr=4.44228e-05 elapsed=00:51 eta=03:16:46 val_mrr=NA
[TRAIN] 2026-04-22 16:07:49 step=300/67071 (0.45%) epoch=1/3 epoch_step=300/22357 (1.34%) loss=0.748676 lr=4.47326e-05 elapsed=00:53 eta=03:18:26 val_mrr=NA
[TRAIN] 2026-04-22 16:07:51 step=310/67071 (0.46%) epoch=1/3 epoch_step=310/22357 (1.39%) loss=0.747811 lr=4.50528e-05 elapsed=00:55 eta=03:17:32 val_mrr=NA
[TRAIN] 2026-04-22 16:07:52 step=320/67071 (0.48%) epoch=1/3 epoch_step=320/22357 (1.43%) loss=0.748053 lr=4.53834e-05 elapsed=00:56 eta=03:16:26 val_mrr=NA
[TRAIN] 2026-04-22 16:07:54 step=330/67071 (0.49%) epoch=1/3 epoch_step=330/22357 (1.48%) loss=0.745362 lr=4.57244e-05 elapsed=00:58 eta=03:15:35 val_mrr=NA
[TRAIN] 2026-04-22 16:07:55 step=340/67071 (0.51%) epoch=1/3 epoch_step=340/22357 (1.52%) loss=0.743000 lr=4.60759e-05 elapsed=01:00 eta=03:14:41 val_mrr=NA
[TRAIN] 2026-04-22 16:07:57 step=350/67071 (0.52%) epoch=1/3 epoch_step=350/22357 (1.57%) loss=0.744145 lr=4.64377e-05 elapsed=01:01 eta=03:13:49 val_mrr=NA
[TRAIN] 2026-04-22 16:07:58 step=360/67071 (0.54%) epoch=1/3 epoch_step=360/22357 (1.61%) loss=0.740668 lr=4.681e-05 elapsed=01:03 eta=03:13:21 val_mrr=NA
[TRAIN] 2026-04-22 16:08:00 step=370/67071 (0.55%) epoch=1/3 epoch_step=370/22357 (1.65%) loss=0.738344 lr=4.71926e-05 elapsed=01:05 eta=03:14:33 val_mrr=NA
[TRAIN] 2026-04-22 16:08:02 step=380/67071 (0.57%) epoch=1/3 epoch_step=380/22357 (1.70%) loss=0.740151 lr=4.75856e-05 elapsed=01:06 eta=03:13:58 val_mrr=NA
[TRAIN] 2026-04-22 16:08:03 step=390/67071 (0.58%) epoch=1/3 epoch_step=390/22357 (1.74%) loss=0.736889 lr=4.7989e-05 elapsed=01:08 eta=03:13:34 val_mrr=NA
[TRAIN] 2026-04-22 16:08:06 step=400/67071 (0.60%) epoch=1/3 epoch_step=400/22357 (1.79%) loss=0.735259 lr=4.84027e-05 elapsed=01:10 eta=03:14:58 val_mrr=NA
[TRAIN] 2026-04-22 16:08:07 step=410/67071 (0.61%) epoch=1/3 epoch_step=410/22357 (1.83%) loss=0.728938 lr=4.88268e-05 elapsed=01:12 eta=03:14:34 val_mrr=NA
[TRAIN] 2026-04-22 16:08:09 step=420/67071 (0.63%) epoch=1/3 epoch_step=420/22357 (1.88%) loss=0.729618 lr=4.92612e-05 elapsed=01:13 eta=03:13:54 val_mrr=NA
[TRAIN] 2026-04-22 16:08:10 step=430/67071 (0.64%) epoch=1/3 epoch_step=430/22357 (1.92%) loss=0.729550 lr=4.9706e-05 elapsed=01:15 eta=03:13:16 val_mrr=NA
[TRAIN] 2026-04-22 16:08:12 step=440/67071 (0.66%) epoch=1/3 epoch_step=440/22357 (1.97%) loss=0.727092 lr=5.0161e-05 elapsed=01:16 eta=03:12:43 val_mrr=NA
[TRAIN] 2026-04-22 16:08:13 step=450/67071 (0.67%) epoch=1/3 epoch_step=450/22357 (2.01%) loss=0.724067 lr=5.06264e-05 elapsed=01:18 eta=03:12:05 val_mrr=NA
[TRAIN] 2026-04-22 16:08:15 step=460/67071 (0.69%) epoch=1/3 epoch_step=460/22357 (2.06%) loss=0.724101 lr=5.11021e-05 elapsed=01:19 eta=03:11:38 val_mrr=NA
[TRAIN] 2026-04-22 16:08:16 step=470/67071 (0.70%) epoch=1/3 epoch_step=470/22357 (2.10%) loss=0.724960 lr=5.15881e-05 elapsed=01:21 eta=03:11:09 val_mrr=NA
[TRAIN] 2026-04-22 16:08:19 step=480/67071 (0.72%) epoch=1/3 epoch_step=480/22357 (2.15%) loss=0.717523 lr=5.20843e-05 elapsed=01:23 eta=03:12:05 val_mrr=NA
[TRAIN] 2026-04-22 16:08:20 step=490/67071 (0.73%) epoch=1/3 epoch_step=490/22357 (2.19%) loss=0.719066 lr=5.25909e-05 elapsed=01:25 eta=03:11:30 val_mrr=NA
[STAGE] 2026-04-22 16:08:22 val prep subsets global=50000 art_art=1986 art_any=50000
[STAGE] 2026-04-22 16:08:22 val prep negatives global=50000 art_art=1986 art_any=50000
[STAGE] 2026-04-22 16:08:22 val prep unique_entities=136259
[STAGE] 2026-04-22 16:08:26 val prep entity_bank_ready unique_entities=136259 emb_dim=256
[STAGE] 2026-04-22 16:08:26 val start step=500 epoch=0 task=relation_ranking subset=global triples=50000 batches=98 eval_batch_size=512
[STAGE] 2026-04-22 16:08:27 val start step=500 epoch=0 task=triple_scoring subset=global triples=50000 batches=98 eval_batch_size=512
[STAGE] 2026-04-22 16:08:28 val start step=500 epoch=0 task=relation_ranking subset=art_art triples=1986 batches=4 eval_batch_size=512
[STAGE] 2026-04-22 16:08:28 val start step=500 epoch=0 task=triple_scoring subset=art_art triples=1986 batches=4 eval_batch_size=512
[STAGE] 2026-04-22 16:08:28 val start step=500 epoch=0 task=relation_ranking subset=art_any triples=50000 batches=98 eval_batch_size=512
[STAGE] 2026-04-22 16:08:29 val start step=500 epoch=0 task=triple_scoring subset=art_any triples=50000 batches=98 eval_batch_size=512
[VAL] 2026-04-22 16:08:29 step=500 epoch=0 mrr=0.628846 aucpr=0.804161 art_art_mrr=0.321543 art_art_aucpr=0.564358 art_any_mrr=0.628846 art_any_aucpr=0.614226
[TRAIN] 2026-04-22 16:08:30 step=500/67071 (0.75%) epoch=1/3 epoch_step=500/22357 (2.24%) loss=0.718314 lr=5.31076e-05 elapsed=01:34 eta=03:29:34 val_mrr=0.628846
[TRAIN] 2026-04-22 16:08:31 step=510/67071 (0.76%) epoch=1/3 epoch_step=510/22357 (2.28%) loss=0.710232 lr=5.36347e-05 elapsed=01:36 eta=03:28:41 val_mrr=0.628846
[TRAIN] 2026-04-22 16:08:33 step=520/67071 (0.78%) epoch=1/3 epoch_step=520/22357 (2.33%) loss=0.706305 lr=5.41719e-05 elapsed=01:37 eta=03:27:53 val_mrr=0.628846
[TRAIN] 2026-04-22 16:08:35 step=530/67071 (0.79%) epoch=1/3 epoch_step=530/22357 (2.37%) loss=0.708913 lr=5.47194e-05 elapsed=01:39 eta=03:27:11 val_mrr=0.628846
[TRAIN] 2026-04-22 16:08:36 step=540/67071 (0.81%) epoch=1/3 epoch_step=540/22357 (2.42%) loss=0.704454 lr=5.52771e-05 elapsed=01:41 eta=03:26:28 val_mrr=0.628846
[TRAIN] 2026-04-22 16:08:38 step=550/67071 (0.82%) epoch=1/3 epoch_step=550/22357 (2.46%) loss=0.708104 lr=5.5845e-05 elapsed=01:42 eta=03:25:44 val_mrr=0.628846
[TRAIN] 2026-04-22 16:08:40 step=560/67071 (0.83%) epoch=1/3 epoch_step=560/22357 (2.50%) loss=0.698198 lr=5.64231e-05 elapsed=01:44 eta=03:26:13 val_mrr=0.628846
[TRAIN] 2026-04-22 16:08:41 step=570/67071 (0.85%) epoch=1/3 epoch_step=570/22357 (2.55%) loss=0.704351 lr=5.70113e-05 elapsed=01:46 eta=03:25:29 val_mrr=0.628846
[TRAIN] 2026-04-22 16:08:43 step=580/67071 (0.86%) epoch=1/3 epoch_step=580/22357 (2.59%) loss=0.702527 lr=5.76098e-05 elapsed=01:47 eta=03:24:42 val_mrr=0.628846
[TRAIN] 2026-04-22 16:08:44 step=590/67071 (0.88%) epoch=1/3 epoch_step=590/22357 (2.64%) loss=0.702960 lr=5.82183e-05 elapsed=01:49 eta=03:23:57 val_mrr=0.628846
[TRAIN] 2026-04-22 16:08:46 step=600/67071 (0.89%) epoch=1/3 epoch_step=600/22357 (2.68%) loss=0.707007 lr=5.8837e-05 elapsed=01:51 eta=03:24:34 val_mrr=0.628846
[TRAIN] 2026-04-22 16:08:48 step=610/67071 (0.91%) epoch=1/3 epoch_step=610/22357 (2.73%) loss=0.697065 lr=5.94658e-05 elapsed=01:52 eta=03:23:49 val_mrr=0.628846
[TRAIN] 2026-04-22 16:08:49 step=620/67071 (0.92%) epoch=1/3 epoch_step=620/22357 (2.77%) loss=0.686568 lr=6.01048e-05 elapsed=01:54 eta=03:23:05 val_mrr=0.628846
[TRAIN] 2026-04-22 16:08:51 step=630/67071 (0.94%) epoch=1/3 epoch_step=630/22357 (2.82%) loss=0.696064 lr=6.07538e-05 elapsed=01:55 eta=03:22:34 val_mrr=0.628846
[TRAIN] 2026-04-22 16:08:52 step=640/67071 (0.95%) epoch=1/3 epoch_step=640/22357 (2.86%) loss=0.692684 lr=6.14129e-05 elapsed=01:57 eta=03:21:54 val_mrr=0.628846
[TRAIN] 2026-04-22 16:08:54 step=650/67071 (0.97%) epoch=1/3 epoch_step=650/22357 (2.91%) loss=0.690529 lr=6.2082e-05 elapsed=01:58 eta=03:21:10 val_mrr=0.628846
[TRAIN] 2026-04-22 16:08:55 step=660/67071 (0.98%) epoch=1/3 epoch_step=660/22357 (2.95%) loss=0.691667 lr=6.27613e-05 elapsed=02:00 eta=03:20:28 val_mrr=0.628846
[TRAIN] 2026-04-22 16:08:57 step=670/67071 (1.00%) epoch=1/3 epoch_step=670/22357 (3.00%) loss=0.685070 lr=6.34505e-05 elapsed=02:02 eta=03:20:43 val_mrr=0.628846
[TRAIN] 2026-04-22 16:08:58 step=680/67071 (1.01%) epoch=1/3 epoch_step=680/22357 (3.04%) loss=0.691214 lr=6.41498e-05 elapsed=02:03 eta=03:20:02 val_mrr=0.628846
[TRAIN] 2026-04-22 16:09:00 step=690/67071 (1.03%) epoch=1/3 epoch_step=690/22357 (3.09%) loss=0.687594 lr=6.4859e-05 elapsed=02:04 eta=03:19:29 val_mrr=0.628846
[TRAIN] 2026-04-22 16:09:02 step=700/67071 (1.04%) epoch=1/3 epoch_step=700/22357 (3.13%) loss=0.682693 lr=6.55783e-05 elapsed=02:06 eta=03:19:40 val_mrr=0.628846
[TRAIN] 2026-04-22 16:09:03 step=710/67071 (1.06%) epoch=1/3 epoch_step=710/22357 (3.18%) loss=0.681380 lr=6.63075e-05 elapsed=02:08 eta=03:19:09 val_mrr=0.628846
[TRAIN] 2026-04-22 16:09:05 step=720/67071 (1.07%) epoch=1/3 epoch_step=720/22357 (3.22%) loss=0.678326 lr=6.70467e-05 elapsed=02:09 eta=03:18:39 val_mrr=0.628846
[TRAIN] 2026-04-22 16:09:06 step=730/67071 (1.09%) epoch=1/3 epoch_step=730/22357 (3.27%) loss=0.667949 lr=6.77958e-05 elapsed=02:11 eta=03:18:04 val_mrr=0.628846
[TRAIN] 2026-04-22 16:09:08 step=740/67071 (1.10%) epoch=1/3 epoch_step=740/22357 (3.31%) loss=0.674140 lr=6.85549e-05 elapsed=02:12 eta=03:17:29 val_mrr=0.628846
[TRAIN] 2026-04-22 16:09:09 step=750/67071 (1.12%) epoch=1/3 epoch_step=750/22357 (3.35%) loss=0.678307 lr=6.93239e-05 elapsed=02:14 eta=03:16:57 val_mrr=0.628846
[TRAIN] 2026-04-22 16:09:11 step=760/67071 (1.13%) epoch=1/3 epoch_step=760/22357 (3.40%) loss=0.681952 lr=7.01027e-05 elapsed=02:15 eta=03:16:28 val_mrr=0.628846
[TRAIN] 2026-04-22 16:09:13 step=770/67071 (1.15%) epoch=1/3 epoch_step=770/22357 (3.44%) loss=0.669897 lr=7.08914e-05 elapsed=02:17 eta=03:16:45 val_mrr=0.628846
[TRAIN] 2026-04-22 16:09:14 step=780/67071 (1.16%) epoch=1/3 epoch_step=780/22357 (3.49%) loss=0.667520 lr=7.169e-05 elapsed=02:19 eta=03:16:15 val_mrr=0.628846
[TRAIN] 2026-04-22 16:09:16 step=790/67071 (1.18%) epoch=1/3 epoch_step=790/22357 (3.53%) loss=0.673234 lr=7.24984e-05 elapsed=02:20 eta=03:15:48 val_mrr=0.628846
[TRAIN] 2026-04-22 16:09:18 step=800/67071 (1.19%) epoch=1/3 epoch_step=800/22357 (3.58%) loss=0.666646 lr=7.33167e-05 elapsed=02:22 eta=03:16:01 val_mrr=0.628846
[TRAIN] 2026-04-22 16:09:19 step=810/67071 (1.21%) epoch=1/3 epoch_step=810/22357 (3.62%) loss=0.659999 lr=7.41447e-05 elapsed=02:23 eta=03:15:31 val_mrr=0.628846
[TRAIN] 2026-04-22 16:09:20 step=820/67071 (1.22%) epoch=1/3 epoch_step=820/22357 (3.67%) loss=0.671300 lr=7.49825e-05 elapsed=02:25 eta=03:15:08 val_mrr=0.628846
[TRAIN] 2026-04-22 16:09:22 step=830/67071 (1.24%) epoch=1/3 epoch_step=830/22357 (3.71%) loss=0.658609 lr=7.58301e-05 elapsed=02:26 eta=03:14:46 val_mrr=0.628846
[TRAIN] 2026-04-22 16:09:23 step=840/67071 (1.25%) epoch=1/3 epoch_step=840/22357 (3.76%) loss=0.667220 lr=7.66875e-05 elapsed=02:28 eta=03:14:17 val_mrr=0.628846
[TRAIN] 2026-04-22 16:09:25 step=850/67071 (1.27%) epoch=1/3 epoch_step=850/22357 (3.80%) loss=0.666617 lr=7.75546e-05 elapsed=02:29 eta=03:13:53 val_mrr=0.628846
[TRAIN] 2026-04-22 16:09:26 step=860/67071 (1.28%) epoch=1/3 epoch_step=860/22357 (3.85%) loss=0.667823 lr=7.84313e-05 elapsed=02:31 eta=03:13:30 val_mrr=0.628846
[TRAIN] 2026-04-22 16:09:28 step=870/67071 (1.30%) epoch=1/3 epoch_step=870/22357 (3.89%) loss=0.668369 lr=7.93178e-05 elapsed=02:32 eta=03:13:12 val_mrr=0.628846
[TRAIN] 2026-04-22 16:09:30 step=880/67071 (1.31%) epoch=1/3 epoch_step=880/22357 (3.94%) loss=0.660877 lr=8.0214e-05 elapsed=02:34 eta=03:13:33 val_mrr=0.628846
[TRAIN] 2026-04-22 16:09:31 step=890/67071 (1.33%) epoch=1/3 epoch_step=890/22357 (3.98%) loss=0.656699 lr=8.11198e-05 elapsed=02:36 eta=03:13:09 val_mrr=0.628846
[TRAIN] 2026-04-22 16:09:34 step=900/67071 (1.34%) epoch=1/3 epoch_step=900/22357 (4.03%) loss=0.656728 lr=8.20352e-05 elapsed=02:38 eta=03:14:03 val_mrr=0.628846
[TRAIN] 2026-04-22 16:09:35 step=910/67071 (1.36%) epoch=1/3 epoch_step=910/22357 (4.07%) loss=0.656348 lr=8.29602e-05 elapsed=02:40 eta=03:13:39 val_mrr=0.628846
[TRAIN] 2026-04-22 16:09:37 step=920/67071 (1.37%) epoch=1/3 epoch_step=920/22357 (4.12%) loss=0.657559 lr=8.38948e-05 elapsed=02:41 eta=03:13:15 val_mrr=0.628846
[TRAIN] 2026-04-22 16:09:38 step=930/67071 (1.39%) epoch=1/3 epoch_step=930/22357 (4.16%) loss=0.662684 lr=8.4839e-05 elapsed=02:43 eta=03:12:56 val_mrr=0.628846
[TRAIN] 2026-04-22 16:09:40 step=940/67071 (1.40%) epoch=1/3 epoch_step=940/22357 (4.20%) loss=0.652771 lr=8.57928e-05 elapsed=02:44 eta=03:12:30 val_mrr=0.628846
[TRAIN] 2026-04-22 16:09:41 step=950/67071 (1.42%) epoch=1/3 epoch_step=950/22357 (4.25%) loss=0.652098 lr=8.67561e-05 elapsed=02:46 eta=03:12:05 val_mrr=0.628846
[TRAIN] 2026-04-22 16:09:43 step=960/67071 (1.43%) epoch=1/3 epoch_step=960/22357 (4.29%) loss=0.650931 lr=8.77289e-05 elapsed=02:47 eta=03:11:44 val_mrr=0.628846
[TRAIN] 2026-04-22 16:09:44 step=970/67071 (1.45%) epoch=1/3 epoch_step=970/22357 (4.34%) loss=0.650855 lr=8.87111e-05 elapsed=02:49 eta=03:11:23 val_mrr=0.628846
[TRAIN] 2026-04-22 16:09:46 step=980/67071 (1.46%) epoch=1/3 epoch_step=980/22357 (4.38%) loss=0.650672 lr=8.97029e-05 elapsed=02:50 eta=03:11:04 val_mrr=0.628846
[TRAIN] 2026-04-22 16:09:48 step=990/67071 (1.48%) epoch=1/3 epoch_step=990/22357 (4.43%) loss=0.647538 lr=9.07041e-05 elapsed=02:52 eta=03:11:21 val_mrr=0.628846
[STAGE] 2026-04-22 16:09:49 val prep subsets global=50000 art_art=1986 art_any=50000
[STAGE] 2026-04-22 16:09:50 val prep negatives global=50000 art_art=1986 art_any=50000
[STAGE] 2026-04-22 16:09:50 val prep unique_entities=136196
[STAGE] 2026-04-22 16:09:53 val prep entity_bank_ready unique_entities=136196 emb_dim=256
[STAGE] 2026-04-22 16:09:53 val start step=1000 epoch=0 task=relation_ranking subset=global triples=50000 batches=98 eval_batch_size=512
[STAGE] 2026-04-22 16:09:54 val start step=1000 epoch=0 task=triple_scoring subset=global triples=50000 batches=98 eval_batch_size=512
[STAGE] 2026-04-22 16:09:55 val start step=1000 epoch=0 task=relation_ranking subset=art_art triples=1986 batches=4 eval_batch_size=512
[STAGE] 2026-04-22 16:09:55 val start step=1000 epoch=0 task=triple_scoring subset=art_art triples=1986 batches=4 eval_batch_size=512
[STAGE] 2026-04-22 16:09:55 val start step=1000 epoch=0 task=relation_ranking subset=art_any triples=50000 batches=98 eval_batch_size=512
[STAGE] 2026-04-22 16:09:56 val start step=1000 epoch=0 task=triple_scoring subset=art_any triples=50000 batches=98 eval_batch_size=512
[VAL] 2026-04-22 16:09:56 step=1000 epoch=0 mrr=0.719494 aucpr=0.857256 art_art_mrr=0.306833 art_art_aucpr=0.589483 art_any_mrr=0.719495 art_any_aucpr=0.651061
[TRAIN] 2026-04-22 16:09:58 step=1000/67071 (1.49%) epoch=1/3 epoch_step=1000/22357 (4.47%) loss=0.643660 lr=9.17147e-05 elapsed=03:02 eta=03:20:58 val_mrr=0.719494
[TRAIN] 2026-04-22 16:10:00 step=1010/67071 (1.51%) epoch=1/3 epoch_step=1010/22357 (4.52%) loss=0.640135 lr=9.27347e-05 elapsed=03:04 eta=03:20:37 val_mrr=0.719494
[TRAIN] 2026-04-22 16:10:01 step=1020/67071 (1.52%) epoch=1/3 epoch_step=1020/22357 (4.56%) loss=0.643960 lr=9.37641e-05 elapsed=03:05 eta=03:20:12 val_mrr=0.719494
[TRAIN] 2026-04-22 16:10:03 step=1030/67071 (1.54%) epoch=1/3 epoch_step=1030/22357 (4.61%) loss=0.645245 lr=9.48028e-05 elapsed=03:07 eta=03:19:53 val_mrr=0.719494
[TRAIN] 2026-04-22 16:10:04 step=1040/67071 (1.55%) epoch=1/3 epoch_step=1040/22357 (4.65%) loss=0.644970 lr=9.58509e-05 elapsed=03:09 eta=03:19:30 val_mrr=0.719494
[TRAIN] 2026-04-22 16:10:06 step=1050/67071 (1.57%) epoch=1/3 epoch_step=1050/22357 (4.70%) loss=0.638148 lr=9.69082e-05 elapsed=03:10 eta=03:19:06 val_mrr=0.719494
[TRAIN] 2026-04-22 16:10:07 step=1060/67071 (1.58%) epoch=1/3 epoch_step=1060/22357 (4.74%) loss=0.637602 lr=9.79749e-05 elapsed=03:11 eta=03:18:42 val_mrr=0.719494
[TRAIN] 2026-04-22 16:10:09 step=1070/67071 (1.60%) epoch=1/3 epoch_step=1070/22357 (4.79%) loss=0.644885 lr=9.90508e-05 elapsed=03:14 eta=03:19:02 val_mrr=0.719494
[TRAIN] 2026-04-22 16:10:11 step=1080/67071 (1.61%) epoch=1/3 epoch_step=1080/22357 (4.83%) loss=0.637307 lr=0.000100136 elapsed=03:15 eta=03:18:47 val_mrr=0.719494
[TRAIN] 2026-04-22 16:10:12 step=1090/67071 (1.63%) epoch=1/3 epoch_step=1090/22357 (4.88%) loss=0.636000 lr=0.00010123 elapsed=03:17 eta=03:18:28 val_mrr=0.719494
[TRAIN] 2026-04-22 16:10:14 step=1100/67071 (1.64%) epoch=1/3 epoch_step=1100/22357 (4.92%) loss=0.633726 lr=0.000102334 elapsed=03:19 eta=03:18:39 val_mrr=0.719494
[TRAIN] 2026-04-22 16:10:16 step=1110/67071 (1.65%) epoch=1/3 epoch_step=1110/22357 (4.96%) loss=0.633465 lr=0.000103447 elapsed=03:20 eta=03:18:19 val_mrr=0.719494
[TRAIN] 2026-04-22 16:10:17 step=1120/67071 (1.67%) epoch=1/3 epoch_step=1120/22357 (5.01%) loss=0.628739 lr=0.000104569 elapsed=03:22 eta=03:17:57 val_mrr=0.719494
[TRAIN] 2026-04-22 16:10:19 step=1130/67071 (1.68%) epoch=1/3 epoch_step=1130/22357 (5.05%) loss=0.633628 lr=0.0001057 elapsed=03:23 eta=03:17:39 val_mrr=0.719494
[TRAIN] 2026-04-22 16:10:20 step=1140/67071 (1.70%) epoch=1/3 epoch_step=1140/22357 (5.10%) loss=0.631118 lr=0.00010684 elapsed=03:25 eta=03:17:20 val_mrr=0.719494
[TRAIN] 2026-04-22 16:10:22 step=1150/67071 (1.71%) epoch=1/3 epoch_step=1150/22357 (5.14%) loss=0.626776 lr=0.000107989 elapsed=03:26 eta=03:16:58 val_mrr=0.719494
[TRAIN] 2026-04-22 16:10:23 step=1160/67071 (1.73%) epoch=1/3 epoch_step=1160/22357 (5.19%) loss=0.628597 lr=0.000109147 elapsed=03:28 eta=03:16:38 val_mrr=0.719494
[TRAIN] 2026-04-22 16:10:25 step=1170/67071 (1.74%) epoch=1/3 epoch_step=1170/22357 (5.23%) loss=0.623848 lr=0.000110314 elapsed=03:30 eta=03:16:49 val_mrr=0.719494
[TRAIN] 2026-04-22 16:10:27 step=1180/67071 (1.76%) epoch=1/3 epoch_step=1180/22357 (5.28%) loss=0.618983 lr=0.00011149 elapsed=03:31 eta=03:16:31 val_mrr=0.719494
[TRAIN] 2026-04-22 16:10:28 step=1190/67071 (1.77%) epoch=1/3 epoch_step=1190/22357 (5.32%) loss=0.629479 lr=0.000112676 elapsed=03:33 eta=03:16:12 val_mrr=0.719494
[TRAIN] 2026-04-22 16:10:30 step=1200/67071 (1.79%) epoch=1/3 epoch_step=1200/22357 (5.37%) loss=0.621984 lr=0.00011387 elapsed=03:35 eta=03:16:35 val_mrr=0.719494
[TRAIN] 2026-04-22 16:10:32 step=1210/67071 (1.80%) epoch=1/3 epoch_step=1210/22357 (5.41%) loss=0.626994 lr=0.000115073 elapsed=03:36 eta=03:16:16 val_mrr=0.719494
[TRAIN] 2026-04-22 16:10:33 step=1220/67071 (1.82%) epoch=1/3 epoch_step=1220/22357 (5.46%) loss=0.621772 lr=0.000116285 elapsed=03:38 eta=03:15:57 val_mrr=0.719494
[TRAIN] 2026-04-22 16:10:35 step=1230/67071 (1.83%) epoch=1/3 epoch_step=1230/22357 (5.50%) loss=0.617279 lr=0.000117505 elapsed=03:39 eta=03:15:41 val_mrr=0.719494
[TRAIN] 2026-04-22 16:10:36 step=1240/67071 (1.85%) epoch=1/3 epoch_step=1240/22357 (5.55%) loss=0.617409 lr=0.000118735 elapsed=03:41 eta=03:15:24 val_mrr=0.719494
[TRAIN] 2026-04-22 16:10:38 step=1250/67071 (1.86%) epoch=1/3 epoch_step=1250/22357 (5.59%) loss=0.616205 lr=0.000119973 elapsed=03:42 eta=03:15:03 val_mrr=0.719494
[TRAIN] 2026-04-22 16:10:39 step=1260/67071 (1.88%) epoch=1/3 epoch_step=1260/22357 (5.64%) loss=0.621343 lr=0.00012122 elapsed=03:44 eta=03:14:44 val_mrr=0.719494
[TRAIN] 2026-04-22 16:10:41 step=1270/67071 (1.89%) epoch=1/3 epoch_step=1270/22357 (5.68%) loss=0.619403 lr=0.000122476 elapsed=03:45 eta=03:14:27 val_mrr=0.719494
[TRAIN] 2026-04-22 16:10:43 step=1280/67071 (1.91%) epoch=1/3 epoch_step=1280/22357 (5.73%) loss=0.613593 lr=0.000123741 elapsed=03:47 eta=03:14:38 val_mrr=0.719494
[TRAIN] 2026-04-22 16:10:44 step=1290/67071 (1.92%) epoch=1/3 epoch_step=1290/22357 (5.77%) loss=0.620865 lr=0.000125014 elapsed=03:49 eta=03:14:20 val_mrr=0.719494
[TRAIN] 2026-04-22 16:10:46 step=1300/67071 (1.94%) epoch=1/3 epoch_step=1300/22357 (5.81%) loss=0.611018 lr=0.000126296 elapsed=03:51 eta=03:14:43 val_mrr=0.719494
[TRAIN] 2026-04-22 16:10:48 step=1310/67071 (1.95%) epoch=1/3 epoch_step=1310/22357 (5.86%) loss=0.623925 lr=0.000127587 elapsed=03:52 eta=03:14:27 val_mrr=0.719494
[TRAIN] 2026-04-22 16:10:50 step=1320/67071 (1.97%) epoch=1/3 epoch_step=1320/22357 (5.90%) loss=0.615163 lr=0.000128886 elapsed=03:54 eta=03:14:16 val_mrr=0.719494
[TRAIN] 2026-04-22 16:10:51 step=1330/67071 (1.98%) epoch=1/3 epoch_step=1330/22357 (5.95%) loss=0.613336 lr=0.000130194 elapsed=03:55 eta=03:14:00 val_mrr=0.719494
[TRAIN] 2026-04-22 16:10:52 step=1340/67071 (2.00%) epoch=1/3 epoch_step=1340/22357 (5.99%) loss=0.607235 lr=0.000131511 elapsed=03:57 eta=03:13:42 val_mrr=0.719494
[TRAIN] 2026-04-22 16:10:54 step=1350/67071 (2.01%) epoch=1/3 epoch_step=1350/22357 (6.04%) loss=0.611045 lr=0.000132836 elapsed=03:58 eta=03:13:26 val_mrr=0.719494
[TRAIN] 2026-04-22 16:10:55 step=1360/67071 (2.03%) epoch=1/3 epoch_step=1360/22357 (6.08%) loss=0.616536 lr=0.000134169 elapsed=04:00 eta=03:13:12 val_mrr=0.719494
[TRAIN] 2026-04-22 16:10:57 step=1370/67071 (2.04%) epoch=1/3 epoch_step=1370/22357 (6.13%) loss=0.604789 lr=0.000135511 elapsed=04:01 eta=03:12:57 val_mrr=0.719494
[TRAIN] 2026-04-22 16:10:59 step=1380/67071 (2.06%) epoch=1/3 epoch_step=1380/22357 (6.17%) loss=0.611727 lr=0.000136861 elapsed=04:03 eta=03:13:05 val_mrr=0.719494
[TRAIN] 2026-04-22 16:11:00 step=1390/67071 (2.07%) epoch=1/3 epoch_step=1390/22357 (6.22%) loss=0.606344 lr=0.00013822 elapsed=04:05 eta=03:12:50 val_mrr=0.719494
[TRAIN] 2026-04-22 16:11:03 step=1400/67071 (2.09%) epoch=1/3 epoch_step=1400/22357 (6.26%) loss=0.606483 lr=0.000139587 elapsed=04:07 eta=03:13:13 val_mrr=0.719494
[TRAIN] 2026-04-22 16:11:04 step=1410/67071 (2.10%) epoch=1/3 epoch_step=1410/22357 (6.31%) loss=0.603099 lr=0.000140963 elapsed=04:09 eta=03:12:59 val_mrr=0.719494
[TRAIN] 2026-04-22 16:11:06 step=1420/67071 (2.12%) epoch=1/3 epoch_step=1420/22357 (6.35%) loss=0.615459 lr=0.000142346 elapsed=04:10 eta=03:12:45 val_mrr=0.719494
[TRAIN] 2026-04-22 16:11:07 step=1430/67071 (2.13%) epoch=1/3 epoch_step=1430/22357 (6.40%) loss=0.596911 lr=0.000143739 elapsed=04:12 eta=03:12:30 val_mrr=0.719494
[TRAIN] 2026-04-22 16:11:09 step=1440/67071 (2.15%) epoch=1/3 epoch_step=1440/22357 (6.44%) loss=0.603052 lr=0.000145139 elapsed=04:13 eta=03:12:13 val_mrr=0.719494
[TRAIN] 2026-04-22 16:11:10 step=1450/67071 (2.16%) epoch=1/3 epoch_step=1450/22357 (6.49%) loss=0.611617 lr=0.000146547 elapsed=04:15 eta=03:11:59 val_mrr=0.719494
[TRAIN] 2026-04-22 16:11:12 step=1460/67071 (2.18%) epoch=1/3 epoch_step=1460/22357 (6.53%) loss=0.608830 lr=0.000147964 elapsed=04:16 eta=03:11:46 val_mrr=0.719494
[TRAIN] 2026-04-22 16:11:13 step=1470/67071 (2.19%) epoch=1/3 epoch_step=1470/22357 (6.58%) loss=0.599704 lr=0.000149389 elapsed=04:17 eta=03:11:29 val_mrr=0.719494
[TRAIN] 2026-04-22 16:11:14 step=1480/67071 (2.21%) epoch=1/3 epoch_step=1480/22357 (6.62%) loss=0.607476 lr=0.000150822 elapsed=04:19 eta=03:11:14 val_mrr=0.719494
[TRAIN] 2026-04-22 16:11:16 step=1490/67071 (2.22%) epoch=1/3 epoch_step=1490/22357 (6.66%) loss=0.600375 lr=0.000152263 elapsed=04:21 eta=03:11:23 val_mrr=0.719494
[STAGE] 2026-04-22 16:11:18 val prep subsets global=50000 art_art=1986 art_any=50000
[STAGE] 2026-04-22 16:11:19 val prep negatives global=50000 art_art=1986 art_any=50000
[STAGE] 2026-04-22 16:11:19 val prep unique_entities=136219
[STAGE] 2026-04-22 16:11:22 val prep entity_bank_ready unique_entities=136219 emb_dim=256
[STAGE] 2026-04-22 16:11:22 val start step=1500 epoch=0 task=relation_ranking subset=global triples=50000 batches=98 eval_batch_size=512
[STAGE] 2026-04-22 16:11:23 val start step=1500 epoch=0 task=triple_scoring subset=global triples=50000 batches=98 eval_batch_size=512
[STAGE] 2026-04-22 16:11:24 val start step=1500 epoch=0 task=relation_ranking subset=art_art triples=1986 batches=4 eval_batch_size=512
[STAGE] 2026-04-22 16:11:24 val start step=1500 epoch=0 task=triple_scoring subset=art_art triples=1986 batches=4 eval_batch_size=512
[STAGE] 2026-04-22 16:11:24 val start step=1500 epoch=0 task=relation_ranking subset=art_any triples=50000 batches=98 eval_batch_size=512
[STAGE] 2026-04-22 16:11:25 val start step=1500 epoch=0 task=triple_scoring subset=art_any triples=50000 batches=98 eval_batch_size=512
[VAL] 2026-04-22 16:11:25 step=1500 epoch=0 mrr=0.771055 aucpr=0.868676 art_art_mrr=0.256900 art_art_aucpr=0.588133 art_any_mrr=0.771057 art_any_aucpr=0.679654
[TRAIN] 2026-04-22 16:11:26 step=1500/67071 (2.24%) epoch=1/3 epoch_step=1500/22357 (6.71%) loss=0.612439 lr=0.000153713 elapsed=04:31 eta=03:17:20 val_mrr=0.771055
[TRAIN] 2026-04-22 16:11:28 step=1510/67071 (2.25%) epoch=1/3 epoch_step=1510/22357 (6.75%) loss=0.608855 lr=0.00015517 elapsed=04:32 eta=03:17:03 val_mrr=0.771055
[TRAIN] 2026-04-22 16:11:29 step=1520/67071 (2.27%) epoch=1/3 epoch_step=1520/22357 (6.80%) loss=0.600248 lr=0.000156635 elapsed=04:34 eta=03:16:48 val_mrr=0.771055
[TRAIN] 2026-04-22 16:11:31 step=1530/67071 (2.28%) epoch=1/3 epoch_step=1530/22357 (6.84%) loss=0.603800 lr=0.000158108 elapsed=04:35 eta=03:16:37 val_mrr=0.771055
[TRAIN] 2026-04-22 16:11:32 step=1540/67071 (2.30%) epoch=1/3 epoch_step=1540/22357 (6.89%) loss=0.601080 lr=0.00015959 elapsed=04:37 eta=03:16:21 val_mrr=0.771055
[TRAIN] 2026-04-22 16:11:34 step=1550/67071 (2.31%) epoch=1/3 epoch_step=1550/22357 (6.93%) loss=0.597058 lr=0.000161079 elapsed=04:38 eta=03:16:04 val_mrr=0.771055
[TRAIN] 2026-04-22 16:11:35 step=1560/67071 (2.33%) epoch=1/3 epoch_step=1560/22357 (6.98%) loss=0.604334 lr=0.000162576 elapsed=04:40 eta=03:15:47 val_mrr=0.771055
[TRAIN] 2026-04-22 16:11:37 step=1570/67071 (2.34%) epoch=1/3 epoch_step=1570/22357 (7.02%) loss=0.601114 lr=0.00016408 elapsed=04:42 eta=03:15:58 val_mrr=0.771055
[TRAIN] 2026-04-22 16:11:39 step=1580/67071 (2.36%) epoch=1/3 epoch_step=1580/22357 (7.07%) loss=0.597507 lr=0.000165593 elapsed=04:43 eta=03:15:42 val_mrr=0.771055
[TRAIN] 2026-04-22 16:11:40 step=1590/67071 (2.37%) epoch=1/3 epoch_step=1590/22357 (7.11%) loss=0.594937 lr=0.000167114 elapsed=04:45 eta=03:15:26 val_mrr=0.771055
[TRAIN] 2026-04-22 16:11:42 step=1600/67071 (2.39%) epoch=1/3 epoch_step=1600/22357 (7.16%) loss=0.602097 lr=0.000168642 elapsed=04:47 eta=03:15:40 val_mrr=0.771055
[TRAIN] 2026-04-22 16:11:44 step=1610/67071 (2.40%) epoch=1/3 epoch_step=1610/22357 (7.20%) loss=0.603167 lr=0.000170178 elapsed=04:48 eta=03:15:25 val_mrr=0.771055
[TRAIN] 2026-04-22 16:11:45 step=1620/67071 (2.42%) epoch=1/3 epoch_step=1620/22357 (7.25%) loss=0.598165 lr=0.000171721 elapsed=04:50 eta=03:15:12 val_mrr=0.771055
[TRAIN] 2026-04-22 16:11:47 step=1630/67071 (2.43%) epoch=1/3 epoch_step=1630/22357 (7.29%) loss=0.589853 lr=0.000173272 elapsed=04:51 eta=03:14:56 val_mrr=0.771055
[TRAIN] 2026-04-22 16:11:48 step=1640/67071 (2.45%) epoch=1/3 epoch_step=1640/22357 (7.34%) loss=0.591559 lr=0.000174831 elapsed=04:53 eta=03:14:40 val_mrr=0.771055
[TRAIN] 2026-04-22 16:11:50 step=1650/67071 (2.46%) epoch=1/3 epoch_step=1650/22357 (7.38%) loss=0.585652 lr=0.000176397 elapsed=04:54 eta=03:14:23 val_mrr=0.771055
[TRAIN] 2026-04-22 16:11:51 step=1660/67071 (2.47%) epoch=1/3 epoch_step=1660/22357 (7.42%) loss=0.592474 lr=0.000177971 elapsed=04:56 eta=03:14:08 val_mrr=0.771055
[TRAIN] 2026-04-22 16:11:53 step=1670/67071 (2.49%) epoch=1/3 epoch_step=1670/22357 (7.47%) loss=0.601004 lr=0.000179553 elapsed=04:57 eta=03:13:56 val_mrr=0.771055
[TRAIN] 2026-04-22 16:11:55 step=1680/67071 (2.50%) epoch=1/3 epoch_step=1680/22357 (7.51%) loss=0.594259 lr=0.000181142 elapsed=04:59 eta=03:14:02 val_mrr=0.771055
[TRAIN] 2026-04-22 16:11:56 step=1690/67071 (2.52%) epoch=1/3 epoch_step=1690/22357 (7.56%) loss=0.603936 lr=0.000182738 elapsed=05:01 eta=03:13:49 val_mrr=0.771055
[TRAIN] 2026-04-22 16:11:59 step=1700/67071 (2.53%) epoch=1/3 epoch_step=1700/22357 (7.60%) loss=0.602421 lr=0.000184342 elapsed=05:03 eta=03:14:09 val_mrr=0.771055
[TRAIN] 2026-04-22 16:12:00 step=1710/67071 (2.55%) epoch=1/3 epoch_step=1710/22357 (7.65%) loss=0.579730 lr=0.000185953 elapsed=05:04 eta=03:13:57 val_mrr=0.771055
[TRAIN] 2026-04-22 16:12:01 step=1720/67071 (2.56%) epoch=1/3 epoch_step=1720/22357 (7.69%) loss=0.596440 lr=0.000187571 elapsed=05:06 eta=03:13:43 val_mrr=0.771055
[TRAIN] 2026-04-22 16:12:03 step=1730/67071 (2.58%) epoch=1/3 epoch_step=1730/22357 (7.74%) loss=0.596166 lr=0.000189197 elapsed=05:07 eta=03:13:34 val_mrr=0.771055
[TRAIN] 2026-04-22 16:12:05 step=1740/67071 (2.59%) epoch=1/3 epoch_step=1740/22357 (7.78%) loss=0.591818 lr=0.00019083 elapsed=05:09 eta=03:13:20 val_mrr=0.771055
[TRAIN] 2026-04-22 16:12:06 step=1750/67071 (2.61%) epoch=1/3 epoch_step=1750/22357 (7.83%) loss=0.591667 lr=0.00019247 elapsed=05:10 eta=03:13:07 val_mrr=0.771055
[TRAIN] 2026-04-22 16:12:07 step=1760/67071 (2.62%) epoch=1/3 epoch_step=1760/22357 (7.87%) loss=0.593151 lr=0.000194118 elapsed=05:12 eta=03:12:54 val_mrr=0.771055
[TRAIN] 2026-04-22 16:12:09 step=1770/67071 (2.64%) epoch=1/3 epoch_step=1770/22357 (7.92%) loss=0.592702 lr=0.000195772 elapsed=05:13 eta=03:12:43 val_mrr=0.771055
[TRAIN] 2026-04-22 16:12:11 step=1780/67071 (2.65%) epoch=1/3 epoch_step=1780/22357 (7.96%) loss=0.588337 lr=0.000197434 elapsed=05:15 eta=03:12:34 val_mrr=0.771055
[TRAIN] 2026-04-22 16:12:13 step=1790/67071 (2.67%) epoch=1/3 epoch_step=1790/22357 (8.01%) loss=0.593724 lr=0.000199103 elapsed=05:17 eta=03:12:45 val_mrr=0.771055
[TRAIN] 2026-04-22 16:12:15 step=1800/67071 (2.68%) epoch=1/3 epoch_step=1800/22357 (8.05%) loss=0.592237 lr=0.000200778 elapsed=05:19 eta=03:13:05 val_mrr=0.771055
[TRAIN] 2026-04-22 16:12:17 step=1810/67071 (2.70%) epoch=1/3 epoch_step=1810/22357 (8.10%) loss=0.592508 lr=0.000202461 elapsed=05:21 eta=03:12:57 val_mrr=0.771055
[TRAIN] 2026-04-22 16:12:18 step=1820/67071 (2.71%) epoch=1/3 epoch_step=1820/22357 (8.14%) loss=0.581550 lr=0.000204151 elapsed=05:23 eta=03:12:44 val_mrr=0.771055
[TRAIN] 2026-04-22 16:12:20 step=1830/67071 (2.73%) epoch=1/3 epoch_step=1830/22357 (8.19%) loss=0.590196 lr=0.000205848 elapsed=05:24 eta=03:12:33 val_mrr=0.771055
[TRAIN] 2026-04-22 16:12:21 step=1840/67071 (2.74%) epoch=1/3 epoch_step=1840/22357 (8.23%) loss=0.586706 lr=0.000207551 elapsed=05:26 eta=03:12:20 val_mrr=0.771055
[TRAIN] 2026-04-22 16:12:23 step=1850/67071 (2.76%) epoch=1/3 epoch_step=1850/22357 (8.27%) loss=0.583357 lr=0.000209262 elapsed=05:27 eta=03:12:09 val_mrr=0.771055
[TRAIN] 2026-04-22 16:12:24 step=1860/67071 (2.77%) epoch=1/3 epoch_step=1860/22357 (8.32%) loss=0.585121 lr=0.000210979 elapsed=05:29 eta=03:11:58 val_mrr=0.771055
[TRAIN] 2026-04-22 16:12:26 step=1870/67071 (2.79%) epoch=1/3 epoch_step=1870/22357 (8.36%) loss=0.584190 lr=0.000212703 elapsed=05:30 eta=03:11:44 val_mrr=0.771055
[TRAIN] 2026-04-22 16:12:27 step=1880/67071 (2.80%) epoch=1/3 epoch_step=1880/22357 (8.41%) loss=0.579165 lr=0.000214434 elapsed=05:31 eta=03:11:33 val_mrr=0.771055
[TRAIN] 2026-04-22 16:12:29 step=1890/67071 (2.82%) epoch=1/3 epoch_step=1890/22357 (8.45%) loss=0.590229 lr=0.000216171 elapsed=05:33 eta=03:11:23 val_mrr=0.771055
[TRAIN] 2026-04-22 16:12:31 step=1900/67071 (2.83%) epoch=1/3 epoch_step=1900/22357 (8.50%) loss=0.583746 lr=0.000217915 elapsed=05:36 eta=03:12:03 val_mrr=0.771055
[TRAIN] 2026-04-22 16:12:33 step=1910/67071 (2.85%) epoch=1/3 epoch_step=1910/22357 (8.54%) loss=0.594143 lr=0.000219666 elapsed=05:38 eta=03:11:54 val_mrr=0.771055
[TRAIN] 2026-04-22 16:12:35 step=1920/67071 (2.86%) epoch=1/3 epoch_step=1920/22357 (8.59%) loss=0.583768 lr=0.000221424 elapsed=05:39 eta=03:11:43 val_mrr=0.771055
[TRAIN] 2026-04-22 16:12:36 step=1930/67071 (2.88%) epoch=1/3 epoch_step=1930/22357 (8.63%) loss=0.592427 lr=0.000223188 elapsed=05:41 eta=03:11:34 val_mrr=0.771055
[TRAIN] 2026-04-22 16:12:38 step=1940/67071 (2.89%) epoch=1/3 epoch_step=1940/22357 (8.68%) loss=0.581742 lr=0.000224958 elapsed=05:42 eta=03:11:22 val_mrr=0.771055
[TRAIN] 2026-04-22 16:12:39 step=1950/67071 (2.91%) epoch=1/3 epoch_step=1950/22357 (8.72%) loss=0.583257 lr=0.000226735 elapsed=05:43 eta=03:11:10 val_mrr=0.771055
[TRAIN] 2026-04-22 16:12:40 step=1960/67071 (2.92%) epoch=1/3 epoch_step=1960/22357 (8.77%) loss=0.587633 lr=0.000228518 elapsed=05:45 eta=03:10:58 val_mrr=0.771055
[TRAIN] 2026-04-22 16:12:42 step=1970/67071 (2.94%) epoch=1/3 epoch_step=1970/22357 (8.81%) loss=0.579698 lr=0.000230308 elapsed=05:46 eta=03:10:48 val_mrr=0.771055
[TRAIN] 2026-04-22 16:12:44 step=1980/67071 (2.95%) epoch=1/3 epoch_step=1980/22357 (8.86%) loss=0.598270 lr=0.000232104 elapsed=05:48 eta=03:10:41 val_mrr=0.771055
[TRAIN] 2026-04-22 16:12:45 step=1990/67071 (2.97%) epoch=1/3 epoch_step=1990/22357 (8.90%) loss=0.579610 lr=0.000233907 elapsed=05:50 eta=03:10:30 val_mrr=0.771055
[STAGE] 2026-04-22 16:12:47 val prep subsets global=50000 art_art=1986 art_any=50000
[STAGE] 2026-04-22 16:12:47 val prep negatives global=50000 art_art=1986 art_any=50000
[STAGE] 2026-04-22 16:12:47 val prep unique_entities=136107
[STAGE] 2026-04-22 16:12:52 val prep entity_bank_ready unique_entities=136107 emb_dim=256
[STAGE] 2026-04-22 16:12:52 val start step=2000 epoch=0 task=relation_ranking subset=global triples=50000 batches=98 eval_batch_size=512
[STAGE] 2026-04-22 16:12:53 val start step=2000 epoch=0 task=triple_scoring subset=global triples=50000 batches=98 eval_batch_size=512
[STAGE] 2026-04-22 16:12:53 val start step=2000 epoch=0 task=relation_ranking subset=art_art triples=1986 batches=4 eval_batch_size=512
[STAGE] 2026-04-22 16:12:53 val start step=2000 epoch=0 task=triple_scoring subset=art_art triples=1986 batches=4 eval_batch_size=512
[STAGE] 2026-04-22 16:12:53 val start step=2000 epoch=0 task=relation_ranking subset=art_any triples=50000 batches=98 eval_batch_size=512
[STAGE] 2026-04-22 16:12:54 val start step=2000 epoch=0 task=triple_scoring subset=art_any triples=50000 batches=98 eval_batch_size=512
[VAL] 2026-04-22 16:12:54 step=2000 epoch=0 mrr=0.619069 aucpr=0.857176 art_art_mrr=0.090471 art_art_aucpr=0.552183 art_any_mrr=0.619073 art_any_aucpr=0.665527
[TRAIN] 2026-04-22 16:12:55 step=2000/67071 (2.98%) epoch=1/3 epoch_step=2000/22357 (8.95%) loss=0.579566 lr=0.000235715 elapsed=05:59 eta=03:14:52 val_mrr=0.771055
[TRAIN] 2026-04-22 16:12:56 step=2010/67071 (3.00%) epoch=1/3 epoch_step=2010/22357 (8.99%) loss=0.592227 lr=0.00023753 elapsed=06:01 eta=03:14:40 val_mrr=0.771055
[TRAIN] 2026-04-22 16:12:58 step=2020/67071 (3.01%) epoch=1/3 epoch_step=2020/22357 (9.04%) loss=0.586846 lr=0.000239351 elapsed=06:02 eta=03:14:30 val_mrr=0.771055
[TRAIN] 2026-04-22 16:12:59 step=2030/67071 (3.03%) epoch=1/3 epoch_step=2030/22357 (9.08%) loss=0.579289 lr=0.000241179 elapsed=06:04 eta=03:14:16 val_mrr=0.771055
[TRAIN] 2026-04-22 16:13:01 step=2040/67071 (3.04%) epoch=1/3 epoch_step=2040/22357 (9.12%) loss=0.589104 lr=0.000243012 elapsed=06:05 eta=03:14:06 val_mrr=0.771055
[TRAIN] 2026-04-22 16:13:02 step=2050/67071 (3.06%) epoch=1/3 epoch_step=2050/22357 (9.17%) loss=0.586964 lr=0.000244852 elapsed=06:07 eta=03:13:54 val_mrr=0.771055
[TRAIN] 2026-04-22 16:13:04 step=2060/67071 (3.07%) epoch=1/3 epoch_step=2060/22357 (9.21%) loss=0.582863 lr=0.000246697 elapsed=06:08 eta=03:13:41 val_mrr=0.771055
[TRAIN] 2026-04-22 16:13:05 step=2070/67071 (3.09%) epoch=1/3 epoch_step=2070/22357 (9.26%) loss=0.588748 lr=0.000248549 elapsed=06:10 eta=03:13:30 val_mrr=0.771055
[TRAIN] 2026-04-22 16:13:07 step=2080/67071 (3.10%) epoch=1/3 epoch_step=2080/22357 (9.30%) loss=0.583226 lr=0.000250406 elapsed=06:11 eta=03:13:20 val_mrr=0.771055
[TRAIN] 2026-04-22 16:13:09 step=2090/67071 (3.12%) epoch=1/3 epoch_step=2090/22357 (9.35%) loss=0.586488 lr=0.00025227 elapsed=06:13 eta=03:13:22 val_mrr=0.771055
[TRAIN] 2026-04-22 16:13:11 step=2100/67071 (3.13%) epoch=1/3 epoch_step=2100/22357 (9.39%) loss=0.585292 lr=0.000254139 elapsed=06:15 eta=03:13:36 val_mrr=0.771055
[TRAIN] 2026-04-22 16:13:12 step=2110/67071 (3.15%) epoch=1/3 epoch_step=2110/22357 (9.44%) loss=0.585985 lr=0.000256014 elapsed=06:17 eta=03:13:24 val_mrr=0.771055
[TRAIN] 2026-04-22 16:13:14 step=2120/67071 (3.16%) epoch=1/3 epoch_step=2120/22357 (9.48%) loss=0.587422 lr=0.000257895 elapsed=06:18 eta=03:13:14 val_mrr=0.771055
[TRAIN] 2026-04-22 16:13:15 step=2130/67071 (3.18%) epoch=1/3 epoch_step=2130/22357 (9.53%) loss=0.588800 lr=0.000259782 elapsed=06:20 eta=03:13:01 val_mrr=0.771055
[TRAIN] 2026-04-22 16:13:17 step=2140/67071 (3.19%) epoch=1/3 epoch_step=2140/22357 (9.57%) loss=0.587292 lr=0.000261674 elapsed=06:21 eta=03:12:50 val_mrr=0.771055
[TRAIN] 2026-04-22 16:13:18 step=2150/67071 (3.21%) epoch=1/3 epoch_step=2150/22357 (9.62%) loss=0.589966 lr=0.000263572 elapsed=06:23 eta=03:12:39 val_mrr=0.771055
[TRAIN] 2026-04-22 16:13:20 step=2160/67071 (3.22%) epoch=1/3 epoch_step=2160/22357 (9.66%) loss=0.587414 lr=0.000265476 elapsed=06:24 eta=03:12:27 val_mrr=0.771055
[TRAIN] 2026-04-22 16:13:21 step=2170/67071 (3.24%) epoch=1/3 epoch_step=2170/22357 (9.71%) loss=0.583282 lr=0.000267385 elapsed=06:26 eta=03:12:16 val_mrr=0.771055
[TRAIN] 2026-04-22 16:13:23 step=2180/67071 (3.25%) epoch=1/3 epoch_step=2180/22357 (9.75%) loss=0.588308 lr=0.0002693 elapsed=06:27 eta=03:12:06 val_mrr=0.771055
[TRAIN] 2026-04-22 16:13:24 step=2190/67071 (3.27%) epoch=1/3 epoch_step=2190/22357 (9.80%) loss=0.576687 lr=0.00027122 elapsed=06:29 eta=03:11:54 val_mrr=0.771055
[TRAIN] 2026-04-22 16:13:26 step=2200/67071 (3.28%) epoch=1/3 epoch_step=2200/22357 (9.84%) loss=0.591335 lr=0.000273146 elapsed=06:31 eta=03:12:04 val_mrr=0.771055
[TRAIN] 2026-04-22 16:13:28 step=2210/67071 (3.30%) epoch=1/3 epoch_step=2210/22357 (9.89%) loss=0.582054 lr=0.000275077 elapsed=06:33 eta=03:12:06 val_mrr=0.771055
[TRAIN] 2026-04-22 16:13:30 step=2220/67071 (3.31%) epoch=1/3 epoch_step=2220/22357 (9.93%) loss=0.587804 lr=0.000277014 elapsed=06:34 eta=03:11:54 val_mrr=0.771055
[TRAIN] 2026-04-22 16:13:31 step=2230/67071 (3.32%) epoch=1/3 epoch_step=2230/22357 (9.97%) loss=0.578360 lr=0.000278956 elapsed=06:36 eta=03:11:41 val_mrr=0.771055
[TRAIN] 2026-04-22 16:13:33 step=2240/67071 (3.34%) epoch=1/3 epoch_step=2240/22357 (10.02%) loss=0.577383 lr=0.000280903 elapsed=06:37 eta=03:11:30 val_mrr=0.771055
[TRAIN] 2026-04-22 16:13:34 step=2250/67071 (3.35%) epoch=1/3 epoch_step=2250/22357 (10.06%) loss=0.581249 lr=0.000282855 elapsed=06:38 eta=03:11:18 val_mrr=0.771055
[TRAIN] 2026-04-22 16:13:35 step=2260/67071 (3.37%) epoch=1/3 epoch_step=2260/22357 (10.11%) loss=0.581185 lr=0.000284813 elapsed=06:40 eta=03:11:06 val_mrr=0.771055
[TRAIN] 2026-04-22 16:13:37 step=2270/67071 (3.38%) epoch=1/3 epoch_step=2270/22357 (10.15%) loss=0.576002 lr=0.000286776 elapsed=06:41 eta=03:10:54 val_mrr=0.771055
[TRAIN] 2026-04-22 16:13:38 step=2280/67071 (3.40%) epoch=1/3 epoch_step=2280/22357 (10.20%) loss=0.580124 lr=0.000288744 elapsed=06:43 eta=03:10:43 val_mrr=0.771055
[TRAIN] 2026-04-22 16:13:40 step=2290/67071 (3.41%) epoch=1/3 epoch_step=2290/22357 (10.24%) loss=0.569656 lr=0.000290717 elapsed=06:44 eta=03:10:32 val_mrr=0.771055
[TRAIN] 2026-04-22 16:13:42 step=2300/67071 (3.43%) epoch=1/3 epoch_step=2300/22357 (10.29%) loss=0.582362 lr=0.000292695 elapsed=06:46 eta=03:10:44 val_mrr=0.771055
[TRAIN] 2026-04-22 16:13:44 step=2310/67071 (3.44%) epoch=1/3 epoch_step=2310/22357 (10.33%) loss=0.583238 lr=0.000294678 elapsed=06:48 eta=03:10:44 val_mrr=0.771055
[TRAIN] 2026-04-22 16:13:45 step=2320/67071 (3.46%) epoch=1/3 epoch_step=2320/22357 (10.38%) loss=0.571798 lr=0.000296666 elapsed=06:50 eta=03:10:33 val_mrr=0.771055
[TRAIN] 2026-04-22 16:13:47 step=2330/67071 (3.47%) epoch=1/3 epoch_step=2330/22357 (10.42%) loss=0.579227 lr=0.000298659 elapsed=06:51 eta=03:10:26 val_mrr=0.771055
[TRAIN] 2026-04-22 16:13:48 step=2340/67071 (3.49%) epoch=1/3 epoch_step=2340/22357 (10.47%) loss=0.573526 lr=0.000300656 elapsed=06:53 eta=03:10:20 val_mrr=0.771055
[TRAIN] 2026-04-22 16:13:50 step=2350/67071 (3.50%) epoch=1/3 epoch_step=2350/22357 (10.51%) loss=0.576115 lr=0.000302659 elapsed=06:54 eta=03:10:14 val_mrr=0.771055
[TRAIN] 2026-04-22 16:13:52 step=2360/67071 (3.52%) epoch=1/3 epoch_step=2360/22357 (10.56%) loss=0.585941 lr=0.000304666 elapsed=06:56 eta=03:10:09 val_mrr=0.771055
[TRAIN] 2026-04-22 16:13:53 step=2370/67071 (3.53%) epoch=1/3 epoch_step=2370/22357 (10.60%) loss=0.582852 lr=0.000306678 elapsed=06:58 eta=03:10:05 val_mrr=0.771055
[TRAIN] 2026-04-22 16:13:55 step=2380/67071 (3.55%) epoch=1/3 epoch_step=2380/22357 (10.65%) loss=0.575695 lr=0.000308695 elapsed=06:59 eta=03:09:57 val_mrr=0.771055
[TRAIN] 2026-04-22 16:13:56 step=2390/67071 (3.56%) epoch=1/3 epoch_step=2390/22357 (10.69%) loss=0.567947 lr=0.000310716 elapsed=07:01 eta=03:09:51 val_mrr=0.771055
[TRAIN] 2026-04-22 16:13:59 step=2400/67071 (3.58%) epoch=1/3 epoch_step=2400/22357 (10.73%) loss=0.587091 lr=0.000312742 elapsed=07:03 eta=03:10:04 val_mrr=0.771055
[TRAIN] 2026-04-22 16:14:00 step=2410/67071 (3.59%) epoch=1/3 epoch_step=2410/22357 (10.78%) loss=0.583435 lr=0.000314773 elapsed=07:05 eta=03:09:58 val_mrr=0.771055
[TRAIN] 2026-04-22 16:14:03 step=2420/67071 (3.61%) epoch=1/3 epoch_step=2420/22357 (10.82%) loss=0.585031 lr=0.000316808 elapsed=07:07 eta=03:10:09 val_mrr=0.771055
[TRAIN] 2026-04-22 16:14:04 step=2430/67071 (3.62%) epoch=1/3 epoch_step=2430/22357 (10.87%) loss=0.581167 lr=0.000318847 elapsed=07:09 eta=03:10:05 val_mrr=0.771055
[TRAIN] 2026-04-22 16:14:06 step=2440/67071 (3.64%) epoch=1/3 epoch_step=2440/22357 (10.91%) loss=0.570113 lr=0.000320891 elapsed=07:10 eta=03:09:58 val_mrr=0.771055
[TRAIN] 2026-04-22 16:14:07 step=2450/67071 (3.65%) epoch=1/3 epoch_step=2450/22357 (10.96%) loss=0.581558 lr=0.000322939 elapsed=07:12 eta=03:09:52 val_mrr=0.771055
[TRAIN] 2026-04-22 16:14:09 step=2460/67071 (3.67%) epoch=1/3 epoch_step=2460/22357 (11.00%) loss=0.578569 lr=0.000324992 elapsed=07:13 eta=03:09:45 val_mrr=0.771055
[TRAIN] 2026-04-22 16:14:11 step=2470/67071 (3.68%) epoch=1/3 epoch_step=2470/22357 (11.05%) loss=0.580634 lr=0.000327049 elapsed=07:15 eta=03:09:38 val_mrr=0.771055
[TRAIN] 2026-04-22 16:14:12 step=2480/67071 (3.70%) epoch=1/3 epoch_step=2480/22357 (11.09%) loss=0.589186 lr=0.00032911 elapsed=07:17 eta=03:09:32 val_mrr=0.771055
[TRAIN] 2026-04-22 16:14:14 step=2490/67071 (3.71%) epoch=1/3 epoch_step=2490/22357 (11.14%) loss=0.573819 lr=0.000331175 elapsed=07:18 eta=03:09:23 val_mrr=0.771055
[STAGE] 2026-04-22 16:14:16 val prep subsets global=50000 art_art=1986 art_any=50000
[STAGE] 2026-04-22 16:14:16 val prep negatives global=50000 art_art=1986 art_any=50000
[STAGE] 2026-04-22 16:14:16 val prep unique_entities=136236
[STAGE] 2026-04-22 16:14:20 val prep entity_bank_ready unique_entities=136236 emb_dim=256
[STAGE] 2026-04-22 16:14:20 val start step=2500 epoch=0 task=relation_ranking subset=global triples=50000 batches=98 eval_batch_size=512
[STAGE] 2026-04-22 16:14:21 val start step=2500 epoch=0 task=triple_scoring subset=global triples=50000 batches=98 eval_batch_size=512
[STAGE] 2026-04-22 16:14:22 val start step=2500 epoch=0 task=relation_ranking subset=art_art triples=1986 batches=4 eval_batch_size=512
[STAGE] 2026-04-22 16:14:22 val start step=2500 epoch=0 task=triple_scoring subset=art_art triples=1986 batches=4 eval_batch_size=512
[STAGE] 2026-04-22 16:14:22 val start step=2500 epoch=0 task=relation_ranking subset=art_any triples=50000 batches=98 eval_batch_size=512
[STAGE] 2026-04-22 16:14:23 val start step=2500 epoch=0 task=triple_scoring subset=art_any triples=50000 batches=98 eval_batch_size=512
[VAL] 2026-04-22 16:14:23 step=2500 epoch=0 mrr=0.616054 aucpr=0.868850 art_art_mrr=0.179163 art_art_aucpr=0.566712 art_any_mrr=0.616064 art_any_aucpr=0.669865
[TRAIN] 2026-04-22 16:14:24 step=2500/67071 (3.73%) epoch=1/3 epoch_step=2500/22357 (11.18%) loss=0.579611 lr=0.000333244 elapsed=07:28 eta=03:13:03 val_mrr=0.771055
[TRAIN] 2026-04-22 16:14:26 step=2510/67071 (3.74%) epoch=1/3 epoch_step=2510/22357 (11.23%) loss=0.573663 lr=0.000335318 elapsed=07:31 eta=03:13:09 val_mrr=0.771055
[TRAIN] 2026-04-22 16:14:28 step=2520/67071 (3.76%) epoch=1/3 epoch_step=2520/22357 (11.27%) loss=0.574207 lr=0.000337395 elapsed=07:32 eta=03:13:01 val_mrr=0.771055
[TRAIN] 2026-04-22 16:14:29 step=2530/67071 (3.77%) epoch=1/3 epoch_step=2530/22357 (11.32%) loss=0.569936 lr=0.000339477 elapsed=07:34 eta=03:12:52 val_mrr=0.771055
[TRAIN] 2026-04-22 16:14:31 step=2540/67071 (3.79%) epoch=1/3 epoch_step=2540/22357 (11.36%) loss=0.583272 lr=0.000341562 elapsed=07:35 eta=03:12:48 val_mrr=0.771055
[TRAIN] 2026-04-22 16:14:32 step=2550/67071 (3.80%) epoch=1/3 epoch_step=2550/22357 (11.41%) loss=0.573489 lr=0.000343652 elapsed=07:37 eta=03:12:40 val_mrr=0.771055
[TRAIN] 2026-04-22 16:14:34 step=2560/67071 (3.82%) epoch=1/3 epoch_step=2560/22357 (11.45%) loss=0.567058 lr=0.000345745 elapsed=07:38 eta=03:12:33 val_mrr=0.771055
[TRAIN] 2026-04-22 16:14:36 step=2570/67071 (3.83%) epoch=1/3 epoch_step=2570/22357 (11.50%) loss=0.575617 lr=0.000347842 elapsed=07:40 eta=03:12:26 val_mrr=0.771055
[TRAIN] 2026-04-22 16:14:37 step=2580/67071 (3.85%) epoch=1/3 epoch_step=2580/22357 (11.54%) loss=0.582581 lr=0.000349943 elapsed=07:42 eta=03:12:19 val_mrr=0.771055
[TRAIN] 2026-04-22 16:14:39 step=2590/67071 (3.86%) epoch=1/3 epoch_step=2590/22357 (11.58%) loss=0.582982 lr=0.000352048 elapsed=07:43 eta=03:12:12 val_mrr=0.771055
[TRAIN] 2026-04-22 16:14:41 step=2600/67071 (3.88%) epoch=1/3 epoch_step=2600/22357 (11.63%) loss=0.580747 lr=0.000354156 elapsed=07:46 eta=03:12:25 val_mrr=0.771055
[TRAIN] 2026-04-22 16:14:43 step=2610/67071 (3.89%) epoch=1/3 epoch_step=2610/22357 (11.67%) loss=0.569660 lr=0.000356268 elapsed=07:47 eta=03:12:16 val_mrr=0.771055
[TRAIN] 2026-04-22 16:14:45 step=2620/67071 (3.91%) epoch=1/3 epoch_step=2620/22357 (11.72%) loss=0.573140 lr=0.000358384 elapsed=07:49 eta=03:12:19 val_mrr=0.771055
[TRAIN] 2026-04-22 16:14:46 step=2630/67071 (3.92%) epoch=1/3 epoch_step=2630/22357 (11.76%) loss=0.570206 lr=0.000360503 elapsed=07:51 eta=03:12:11 val_mrr=0.771055
[TRAIN] 2026-04-22 16:14:48 step=2640/67071 (3.94%) epoch=1/3 epoch_step=2640/22357 (11.81%) loss=0.563503 lr=0.000362626 elapsed=07:52 eta=03:12:04 val_mrr=0.771055
[TRAIN] 2026-04-22 16:14:49 step=2650/67071 (3.95%) epoch=1/3 epoch_step=2650/22357 (11.85%) loss=0.575095 lr=0.000364752 elapsed=07:54 eta=03:11:56 val_mrr=0.771055
[TRAIN] 2026-04-22 16:14:51 step=2660/67071 (3.97%) epoch=1/3 epoch_step=2660/22357 (11.90%) loss=0.570272 lr=0.000366881 elapsed=07:55 eta=03:11:48 val_mrr=0.771055
[TRAIN] 2026-04-22 16:14:52 step=2670/67071 (3.98%) epoch=1/3 epoch_step=2670/22357 (11.94%) loss=0.578547 lr=0.000369014 elapsed=07:57 eta=03:11:41 val_mrr=0.771055
[TRAIN] 2026-04-22 16:14:54 step=2680/67071 (4.00%) epoch=1/3 epoch_step=2680/22357 (11.99%) loss=0.577801 lr=0.00037115 elapsed=07:58 eta=03:11:32 val_mrr=0.771055
[TRAIN] 2026-04-22 16:14:55 step=2690/67071 (4.01%) epoch=1/3 epoch_step=2690/22357 (12.03%) loss=0.565887 lr=0.00037329 elapsed=08:00 eta=03:11:24 val_mrr=0.771055
[TRAIN] 2026-04-22 16:14:58 step=2700/67071 (4.03%) epoch=1/3 epoch_step=2700/22357 (12.08%) loss=0.569377 lr=0.000375432 elapsed=08:02 eta=03:11:38 val_mrr=0.771055
[TRAIN] 2026-04-22 16:14:59 step=2710/67071 (4.04%) epoch=1/3 epoch_step=2710/22357 (12.12%) loss=0.574288 lr=0.000377578 elapsed=08:04 eta=03:11:30 val_mrr=0.771055
[TRAIN] 2026-04-22 16:15:01 step=2720/67071 (4.06%) epoch=1/3 epoch_step=2720/22357 (12.17%) loss=0.580685 lr=0.000379727 elapsed=08:05 eta=03:11:24 val_mrr=0.771055
[TRAIN] 2026-04-22 16:15:03 step=2730/67071 (4.07%) epoch=1/3 epoch_step=2730/22357 (12.21%) loss=0.579145 lr=0.000381879 elapsed=08:07 eta=03:11:28 val_mrr=0.771055
[TRAIN] 2026-04-22 16:15:05 step=2740/67071 (4.09%) epoch=1/3 epoch_step=2740/22357 (12.26%) loss=0.576213 lr=0.000384034 elapsed=08:09 eta=03:11:23 val_mrr=0.771055
[TRAIN] 2026-04-22 16:15:06 step=2750/67071 (4.10%) epoch=1/3 epoch_step=2750/22357 (12.30%) loss=0.574336 lr=0.000386192 elapsed=08:11 eta=03:11:18 val_mrr=0.771055
[TRAIN] 2026-04-22 16:15:08 step=2760/67071 (4.12%) epoch=1/3 epoch_step=2760/22357 (12.35%) loss=0.565067 lr=0.000388353 elapsed=08:12 eta=03:11:10 val_mrr=0.771055
[TRAIN] 2026-04-22 16:15:09 step=2770/67071 (4.13%) epoch=1/3 epoch_step=2770/22357 (12.39%) loss=0.567284 lr=0.000390517 elapsed=08:14 eta=03:11:02 val_mrr=0.771055
[TRAIN] 2026-04-22 16:15:11 step=2780/67071 (4.14%) epoch=1/3 epoch_step=2780/22357 (12.43%) loss=0.572268 lr=0.000392684 elapsed=08:15 eta=03:10:56 val_mrr=0.771055
[TRAIN] 2026-04-22 16:15:12 step=2790/67071 (4.16%) epoch=1/3 epoch_step=2790/22357 (12.48%) loss=0.577282 lr=0.000394853 elapsed=08:17 eta=03:10:49 val_mrr=0.771055
[TRAIN] 2026-04-22 16:15:15 step=2800/67071 (4.17%) epoch=1/3 epoch_step=2800/22357 (12.52%) loss=0.576172 lr=0.000397025 elapsed=08:19 eta=03:10:58 val_mrr=0.771055
[TRAIN] 2026-04-22 16:15:16 step=2810/67071 (4.19%) epoch=1/3 epoch_step=2810/22357 (12.57%) loss=0.570410 lr=0.0003992 elapsed=08:21 eta=03:10:51 val_mrr=0.771055
[TRAIN] 2026-04-22 16:15:18 step=2820/67071 (4.20%) epoch=1/3 epoch_step=2820/22357 (12.61%) loss=0.564395 lr=0.000401378 elapsed=08:22 eta=03:10:44 val_mrr=0.771055
[TRAIN] 2026-04-22 16:15:20 step=2830/67071 (4.22%) epoch=1/3 epoch_step=2830/22357 (12.66%) loss=0.564080 lr=0.000403558 elapsed=08:24 eta=03:10:46 val_mrr=0.771055
[TRAIN] 2026-04-22 16:15:21 step=2840/67071 (4.23%) epoch=1/3 epoch_step=2840/22357 (12.70%) loss=0.574448 lr=0.000405741 elapsed=08:26 eta=03:10:38 val_mrr=0.771055
[TRAIN] 2026-04-22 16:15:23 step=2850/67071 (4.25%) epoch=1/3 epoch_step=2850/22357 (12.75%) loss=0.571112 lr=0.000407926 elapsed=08:27 eta=03:10:32 val_mrr=0.771055
[TRAIN] 2026-04-22 16:15:24 step=2860/67071 (4.26%) epoch=1/3 epoch_step=2860/22357 (12.79%) loss=0.583400 lr=0.000410114 elapsed=08:29 eta=03:10:24 val_mrr=0.771055
[TRAIN] 2026-04-22 16:15:26 step=2870/67071 (4.28%) epoch=1/3 epoch_step=2870/22357 (12.84%) loss=0.575947 lr=0.000412304 elapsed=08:31 eta=03:10:21 val_mrr=0.771055
[TRAIN] 2026-04-22 16:15:28 step=2880/67071 (4.29%) epoch=1/3 epoch_step=2880/22357 (12.88%) loss=0.567665 lr=0.000414496 elapsed=08:32 eta=03:10:13 val_mrr=0.771055
[TRAIN] 2026-04-22 16:15:29 step=2890/67071 (4.31%) epoch=1/3 epoch_step=2890/22357 (12.93%) loss=0.570762 lr=0.000416691 elapsed=08:34 eta=03:10:06 val_mrr=0.771055
[TRAIN] 2026-04-22 16:15:31 step=2900/67071 (4.32%) epoch=1/3 epoch_step=2900/22357 (12.97%) loss=0.572187 lr=0.000418888 elapsed=08:36 eta=03:10:16 val_mrr=0.771055
[TRAIN] 2026-04-22 16:15:33 step=2910/67071 (4.34%) epoch=1/3 epoch_step=2910/22357 (13.02%) loss=0.583148 lr=0.000421088 elapsed=08:37 eta=03:10:08 val_mrr=0.771055
[TRAIN] 2026-04-22 16:15:35 step=2920/67071 (4.35%) epoch=1/3 epoch_step=2920/22357 (13.06%) loss=0.565285 lr=0.000423289 elapsed=08:39 eta=03:10:01 val_mrr=0.771055
[TRAIN] 2026-04-22 16:15:36 step=2930/67071 (4.37%) epoch=1/3 epoch_step=2930/22357 (13.11%) loss=0.576175 lr=0.000425493 elapsed=08:40 eta=03:09:53 val_mrr=0.771055
[TRAIN] 2026-04-22 16:15:38 step=2940/67071 (4.38%) epoch=1/3 epoch_step=2940/22357 (13.15%) loss=0.574830 lr=0.000427698 elapsed=08:42 eta=03:09:55 val_mrr=0.771055
[TRAIN] 2026-04-22 16:15:39 step=2950/67071 (4.40%) epoch=1/3 epoch_step=2950/22357 (13.19%) loss=0.561504 lr=0.000429906 elapsed=08:44 eta=03:09:46 val_mrr=0.771055
[TRAIN] 2026-04-22 16:15:41 step=2960/67071 (4.41%) epoch=1/3 epoch_step=2960/22357 (13.24%) loss=0.565466 lr=0.000432116 elapsed=08:45 eta=03:09:40 val_mrr=0.771055
[TRAIN] 2026-04-22 16:15:43 step=2970/67071 (4.43%) epoch=1/3 epoch_step=2970/22357 (13.28%) loss=0.567146 lr=0.000434327 elapsed=08:47 eta=03:09:33 val_mrr=0.771055
[TRAIN] 2026-04-22 16:15:44 step=2980/67071 (4.44%) epoch=1/3 epoch_step=2980/22357 (13.33%) loss=0.582360 lr=0.000436541 elapsed=08:48 eta=03:09:26 val_mrr=0.771055
[TRAIN] 2026-04-22 16:15:46 step=2990/67071 (4.46%) epoch=1/3 epoch_step=2990/22357 (13.37%) loss=0.583161 lr=0.000438756 elapsed=08:50 eta=03:09:21 val_mrr=0.771055
[STAGE] 2026-04-22 16:15:47 val prep subsets global=50000 art_art=1986 art_any=50000
[STAGE] 2026-04-22 16:15:48 val prep negatives global=50000 art_art=1986 art_any=50000
[STAGE] 2026-04-22 16:15:48 val prep unique_entities=136072
[STAGE] 2026-04-22 16:15:52 val prep entity_bank_ready unique_entities=136072 emb_dim=256
[STAGE] 2026-04-22 16:15:52 val start step=3000 epoch=0 task=relation_ranking subset=global triples=50000 batches=98 eval_batch_size=512
[STAGE] 2026-04-22 16:15:53 val start step=3000 epoch=0 task=triple_scoring subset=global triples=50000 batches=98 eval_batch_size=512
[STAGE] 2026-04-22 16:15:53 val start step=3000 epoch=0 task=relation_ranking subset=art_art triples=1986 batches=4 eval_batch_size=512
[STAGE] 2026-04-22 16:15:53 val start step=3000 epoch=0 task=triple_scoring subset=art_art triples=1986 batches=4 eval_batch_size=512
[STAGE] 2026-04-22 16:15:53 val start step=3000 epoch=0 task=relation_ranking subset=art_any triples=50000 batches=98 eval_batch_size=512
[STAGE] 2026-04-22 16:15:54 val start step=3000 epoch=0 task=triple_scoring subset=art_any triples=50000 batches=98 eval_batch_size=512
[VAL] 2026-04-22 16:15:55 step=3000 epoch=0 mrr=0.589990 aucpr=0.853612 art_art_mrr=0.169307 art_art_aucpr=0.557886 art_any_mrr=0.589995 art_any_aucpr=0.655242
[TRAIN] 2026-04-22 16:15:55 step=3000/67071 (4.47%) epoch=1/3 epoch_step=3000/22357 (13.42%) loss=0.589570 lr=0.000440973 elapsed=09:00 eta=03:12:10 val_mrr=0.771055
[TRAIN] 2026-04-22 16:15:57 step=3010/67071 (4.49%) epoch=1/3 epoch_step=3010/22357 (13.46%) loss=0.570128 lr=0.000443192 elapsed=09:01 eta=03:12:03 val_mrr=0.771055
[TRAIN] 2026-04-22 16:15:59 step=3020/67071 (4.50%) epoch=1/3 epoch_step=3020/22357 (13.51%) loss=0.571716 lr=0.000445412 elapsed=09:03 eta=03:12:04 val_mrr=0.771055
[TRAIN] 2026-04-22 16:16:00 step=3030/67071 (4.52%) epoch=1/3 epoch_step=3030/22357 (13.55%) loss=0.561414 lr=0.000447634 elapsed=09:05 eta=03:11:56 val_mrr=0.771055
[TRAIN] 2026-04-22 16:16:02 step=3040/67071 (4.53%) epoch=1/3 epoch_step=3040/22357 (13.60%) loss=0.576217 lr=0.000449858 elapsed=09:06 eta=03:11:48 val_mrr=0.771055
[TRAIN] 2026-04-22 16:16:03 step=3050/67071 (4.55%) epoch=1/3 epoch_step=3050/22357 (13.64%) loss=0.577285 lr=0.000452083 elapsed=09:08 eta=03:11:39 val_mrr=0.771055
[TRAIN] 2026-04-22 16:16:05 step=3060/67071 (4.56%) epoch=1/3 epoch_step=3060/22357 (13.69%) loss=0.569088 lr=0.00045431 elapsed=09:09 eta=03:11:32 val_mrr=0.771055
[TRAIN] 2026-04-22 16:16:06 step=3070/67071 (4.58%) epoch=1/3 epoch_step=3070/22357 (13.73%) loss=0.575785 lr=0.000456538 elapsed=09:11 eta=03:11:24 val_mrr=0.771055
[TRAIN] 2026-04-22 16:16:08 step=3080/67071 (4.59%) epoch=1/3 epoch_step=3080/22357 (13.78%) loss=0.569305 lr=0.000458768 elapsed=09:12 eta=03:11:17 val_mrr=0.771055
[TRAIN] 2026-04-22 16:16:10 step=3090/67071 (4.61%) epoch=1/3 epoch_step=3090/22357 (13.82%) loss=0.564343 lr=0.000460999 elapsed=09:14 eta=03:11:11 val_mrr=0.771055
[TRAIN] 2026-04-22 16:16:12 step=3100/67071 (4.62%) epoch=1/3 epoch_step=3100/22357 (13.87%) loss=0.576657 lr=0.000463231 elapsed=09:16 eta=03:11:22 val_mrr=0.771055
[TRAIN] 2026-04-22 16:16:14 step=3110/67071 (4.64%) epoch=1/3 epoch_step=3110/22357 (13.91%) loss=0.565526 lr=0.000465465 elapsed=09:18 eta=03:11:16 val_mrr=0.771055
[TRAIN] 2026-04-22 16:16:16 step=3120/67071 (4.65%) epoch=1/3 epoch_step=3120/22357 (13.96%) loss=0.582131 lr=0.000467699 elapsed=09:20 eta=03:11:18 val_mrr=0.771055
[TRAIN] 2026-04-22 16:16:17 step=3130/67071 (4.67%) epoch=1/3 epoch_step=3130/22357 (14.00%) loss=0.571679 lr=0.000469935 elapsed=09:21 eta=03:11:10 val_mrr=0.771055
[TRAIN] 2026-04-22 16:16:19 step=3140/67071 (4.68%) epoch=1/3 epoch_step=3140/22357 (14.04%) loss=0.581995 lr=0.000472172 elapsed=09:23 eta=03:11:03 val_mrr=0.771055
[TRAIN] 2026-04-22 16:16:20 step=3150/67071 (4.70%) epoch=1/3 epoch_step=3150/22357 (14.09%) loss=0.560296 lr=0.00047441 elapsed=09:25 eta=03:10:57 val_mrr=0.771055
[TRAIN] 2026-04-22 16:16:22 step=3160/67071 (4.71%) epoch=1/3 epoch_step=3160/22357 (14.13%) loss=0.570337 lr=0.000476649 elapsed=09:26 eta=03:10:50 val_mrr=0.771055
[TRAIN] 2026-04-22 16:16:23 step=3170/67071 (4.73%) epoch=1/3 epoch_step=3170/22357 (14.18%) loss=0.581371 lr=0.000478889 elapsed=09:28 eta=03:10:44 val_mrr=0.771055
[TRAIN] 2026-04-22 16:16:25 step=3180/67071 (4.74%) epoch=1/3 epoch_step=3180/22357 (14.22%) loss=0.564238 lr=0.00048113 elapsed=09:29 eta=03:10:37 val_mrr=0.771055
[TRAIN] 2026-04-22 16:16:26 step=3190/67071 (4.76%) epoch=1/3 epoch_step=3190/22357 (14.27%) loss=0.555397 lr=0.000483371 elapsed=09:31 eta=03:10:29 val_mrr=0.771055
[TRAIN] 2026-04-22 16:16:29 step=3200/67071 (4.77%) epoch=1/3 epoch_step=3200/22357 (14.31%) loss=0.578287 lr=0.000485614 elapsed=09:33 eta=03:10:41 val_mrr=0.771055
[TRAIN] 2026-04-22 16:16:30 step=3210/67071 (4.79%) epoch=1/3 epoch_step=3210/22357 (14.36%) loss=0.563989 lr=0.000487857 elapsed=09:35 eta=03:10:36 val_mrr=0.771055
[TRAIN] 2026-04-22 16:16:32 step=3220/67071 (4.80%) epoch=1/3 epoch_step=3220/22357 (14.40%) loss=0.579276 lr=0.000490101 elapsed=09:36 eta=03:10:30 val_mrr=0.771055
[TRAIN] 2026-04-22 16:16:34 step=3230/67071 (4.82%) epoch=1/3 epoch_step=3230/22357 (14.45%) loss=0.566691 lr=0.000492346 elapsed=09:38 eta=03:10:32 val_mrr=0.771055
[TRAIN] 2026-04-22 16:16:36 step=3240/67071 (4.83%) epoch=1/3 epoch_step=3240/22357 (14.49%) loss=0.575907 lr=0.000494591 elapsed=09:40 eta=03:10:25 val_mrr=0.771055
[TRAIN] 2026-04-22 16:16:37 step=3250/67071 (4.85%) epoch=1/3 epoch_step=3250/22357 (14.54%) loss=0.565009 lr=0.000496837 elapsed=09:41 eta=03:10:18 val_mrr=0.771055
[TRAIN] 2026-04-22 16:16:39 step=3260/67071 (4.86%) epoch=1/3 epoch_step=3260/22357 (14.58%) loss=0.561389 lr=0.000499083 elapsed=09:43 eta=03:10:11 val_mrr=0.771055
[TRAIN] 2026-04-22 16:16:40 step=3270/67071 (4.88%) epoch=1/3 epoch_step=3270/22357 (14.63%) loss=0.573946 lr=0.00050133 elapsed=09:44 eta=03:10:03 val_mrr=0.771055
[TRAIN] 2026-04-22 16:16:42 step=3280/67071 (4.89%) epoch=1/3 epoch_step=3280/22357 (14.67%) loss=0.572189 lr=0.000503577 elapsed=09:46 eta=03:09:56 val_mrr=0.771055
[TRAIN] 2026-04-22 16:16:43 step=3290/67071 (4.91%) epoch=1/3 epoch_step=3290/22357 (14.72%) loss=0.571312 lr=0.000505824 elapsed=09:48 eta=03:09:50 val_mrr=0.771055
[TRAIN] 2026-04-22 16:16:45 step=3300/67071 (4.92%) epoch=1/3 epoch_step=3300/22357 (14.76%) loss=0.573555 lr=0.000508072 elapsed=09:50 eta=03:09:58 val_mrr=0.771055
[TRAIN] 2026-04-22 16:16:47 step=3310/67071 (4.94%) epoch=1/3 epoch_step=3310/22357 (14.81%) loss=0.566852 lr=0.00051032 elapsed=09:51 eta=03:09:52 val_mrr=0.771055
[TRAIN] 2026-04-22 16:16:49 step=3320/67071 (4.95%) epoch=1/3 epoch_step=3320/22357 (14.85%) loss=0.575256 lr=0.000512569 elapsed=09:53 eta=03:09:47 val_mrr=0.771055
[TRAIN] 2026-04-22 16:16:50 step=3330/67071 (4.96%) epoch=1/3 epoch_step=3330/22357 (14.89%) loss=0.568904 lr=0.000514817 elapsed=09:54 eta=03:09:40 val_mrr=0.771055
[TRAIN] 2026-04-22 16:16:52 step=3340/67071 (4.98%) epoch=1/3 epoch_step=3340/22357 (14.94%) loss=0.583224 lr=0.000517066 elapsed=09:57 eta=03:09:43 val_mrr=0.771055
[TRAIN] 2026-04-22 16:16:54 step=3350/67071 (4.99%) epoch=1/3 epoch_step=3350/22357 (14.98%) loss=0.568848 lr=0.000519314 elapsed=09:58 eta=03:09:36 val_mrr=0.771055
[TRAIN] 2026-04-22 16:16:55 step=3360/67071 (5.01%) epoch=1/3 epoch_step=3360/22357 (15.03%) loss=0.560462 lr=0.000521563 elapsed=10:00 eta=03:09:28 val_mrr=0.771055
[TRAIN] 2026-04-22 16:16:57 step=3370/67071 (5.02%) epoch=1/3 epoch_step=3370/22357 (15.07%) loss=0.557360 lr=0.000523811 elapsed=10:01 eta=03:09:22 val_mrr=0.771055
[TRAIN] 2026-04-22 16:16:58 step=3380/67071 (5.04%) epoch=1/3 epoch_step=3380/22357 (15.12%) loss=0.587139 lr=0.00052606 elapsed=10:02 eta=03:09:13 val_mrr=0.771055
[TRAIN] 2026-04-22 16:17:00 step=3390/67071 (5.05%) epoch=1/3 epoch_step=3390/22357 (15.16%) loss=0.574039 lr=0.000528308 elapsed=10:04 eta=03:09:05 val_mrr=0.771055
[TRAIN] 2026-04-22 16:17:02 step=3400/67071 (5.07%) epoch=1/3 epoch_step=3400/22357 (15.21%) loss=0.584279 lr=0.000530557 elapsed=10:06 eta=03:09:13 val_mrr=0.771055
[TRAIN] 2026-04-22 16:17:03 step=3410/67071 (5.08%) epoch=1/3 epoch_step=3410/22357 (15.25%) loss=0.565274 lr=0.000532805 elapsed=10:08 eta=03:09:05 val_mrr=0.771055
[TRAIN] 2026-04-22 16:17:05 step=3420/67071 (5.10%) epoch=1/3 epoch_step=3420/22357 (15.30%) loss=0.579059 lr=0.000535052 elapsed=10:09 eta=03:08:58 val_mrr=0.771055
[TRAIN] 2026-04-22 16:17:06 step=3430/67071 (5.11%) epoch=1/3 epoch_step=3430/22357 (15.34%) loss=0.564492 lr=0.0005373 elapsed=10:11 eta=03:08:50 val_mrr=0.771055
[TRAIN] 2026-04-22 16:17:08 step=3440/67071 (5.13%) epoch=1/3 epoch_step=3440/22357 (15.39%) loss=0.559801 lr=0.000539547 elapsed=10:12 eta=03:08:43 val_mrr=0.771055
[TRAIN] 2026-04-22 16:17:10 step=3450/67071 (5.14%) epoch=1/3 epoch_step=3450/22357 (15.43%) loss=0.577577 lr=0.000541793 elapsed=10:14 eta=03:08:43 val_mrr=0.771055
[TRAIN] 2026-04-22 16:17:11 step=3460/67071 (5.16%) epoch=1/3 epoch_step=3460/22357 (15.48%) loss=0.566816 lr=0.000544039 elapsed=10:15 eta=03:08:36 val_mrr=0.771055
[TRAIN] 2026-04-22 16:17:13 step=3470/67071 (5.17%) epoch=1/3 epoch_step=3470/22357 (15.52%) loss=0.562082 lr=0.000546285 elapsed=10:17 eta=03:08:28 val_mrr=0.771055
[TRAIN] 2026-04-22 16:17:14 step=3480/67071 (5.19%) epoch=1/3 epoch_step=3480/22357 (15.57%) loss=0.566141 lr=0.00054853 elapsed=10:18 eta=03:08:21 val_mrr=0.771055
[TRAIN] 2026-04-22 16:17:15 step=3490/67071 (5.20%) epoch=1/3 epoch_step=3490/22357 (15.61%) loss=0.585473 lr=0.000550774 elapsed=10:20 eta=03:08:13 val_mrr=0.771055
[STAGE] 2026-04-22 16:17:17 val prep subsets global=50000 art_art=1986 art_any=50000
[STAGE] 2026-04-22 16:17:18 val prep negatives global=50000 art_art=1986 art_any=50000
[STAGE] 2026-04-22 16:17:18 val prep unique_entities=136083
[STAGE] 2026-04-22 16:17:21 val prep entity_bank_ready unique_entities=136083 emb_dim=256
[STAGE] 2026-04-22 16:17:21 val start step=3500 epoch=0 task=relation_ranking subset=global triples=50000 batches=98 eval_batch_size=512
[STAGE] 2026-04-22 16:17:22 val start step=3500 epoch=0 task=triple_scoring subset=global triples=50000 batches=98 eval_batch_size=512
[STAGE] 2026-04-22 16:17:23 val start step=3500 epoch=0 task=relation_ranking subset=art_art triples=1986 batches=4 eval_batch_size=512
[STAGE] 2026-04-22 16:17:23 val start step=3500 epoch=0 task=triple_scoring subset=art_art triples=1986 batches=4 eval_batch_size=512
[STAGE] 2026-04-22 16:17:23 val start step=3500 epoch=0 task=relation_ranking subset=art_any triples=50000 batches=98 eval_batch_size=512
[STAGE] 2026-04-22 16:17:24 val start step=3500 epoch=0 task=triple_scoring subset=art_any triples=50000 batches=98 eval_batch_size=512
[VAL] 2026-04-22 16:17:24 step=3500 epoch=0 mrr=0.590953 aucpr=0.867466 art_art_mrr=0.187441 art_art_aucpr=0.575618 art_any_mrr=0.590957 art_any_aucpr=0.671832
[TRAIN] 2026-04-22 16:17:25 step=3500/67071 (5.22%) epoch=1/3 epoch_step=3500/22357 (15.66%) loss=0.573071 lr=0.000553018 elapsed=10:29 eta=03:10:28 val_mrr=0.771055
[TRAIN] 2026-04-22 16:17:26 step=3510/67071 (5.23%) epoch=1/3 epoch_step=3510/22357 (15.70%) loss=0.574151 lr=0.000555261 elapsed=10:31 eta=03:10:21 val_mrr=0.771055
[TRAIN] 2026-04-22 16:17:28 step=3520/67071 (5.25%) epoch=1/3 epoch_step=3520/22357 (15.74%) loss=0.580060 lr=0.000557503 elapsed=10:32 eta=03:10:13 val_mrr=0.771055
[TRAIN] 2026-04-22 16:17:30 step=3530/67071 (5.26%) epoch=1/3 epoch_step=3530/22357 (15.79%) loss=0.580777 lr=0.000559744 elapsed=10:34 eta=03:10:13 val_mrr=0.771055
[TRAIN] 2026-04-22 16:17:31 step=3540/67071 (5.28%) epoch=1/3 epoch_step=3540/22357 (15.83%) loss=0.559301 lr=0.000561985 elapsed=10:36 eta=03:10:05 val_mrr=0.771055
[TRAIN] 2026-04-22 16:17:33 step=3550/67071 (5.29%) epoch=1/3 epoch_step=3550/22357 (15.88%) loss=0.558337 lr=0.000564224 elapsed=10:37 eta=03:09:59 val_mrr=0.771055
[TRAIN] 2026-04-22 16:17:34 step=3560/67071 (5.31%) epoch=1/3 epoch_step=3560/22357 (15.92%) loss=0.570634 lr=0.000566463 elapsed=10:39 eta=03:09:53 val_mrr=0.771055
[TRAIN] 2026-04-22 16:17:36 step=3570/67071 (5.32%) epoch=1/3 epoch_step=3570/22357 (15.97%) loss=0.569929 lr=0.0005687 elapsed=10:40 eta=03:09:45 val_mrr=0.771055
[TRAIN] 2026-04-22 16:17:37 step=3580/67071 (5.34%) epoch=1/3 epoch_step=3580/22357 (16.01%) loss=0.578549 lr=0.000570937 elapsed=10:42 eta=03:09:39 val_mrr=0.771055
[TRAIN] 2026-04-22 16:17:39 step=3590/67071 (5.35%) epoch=1/3 epoch_step=3590/22357 (16.06%) loss=0.568410 lr=0.000573172 elapsed=10:43 eta=03:09:32 val_mrr=0.771055
[TRAIN] 2026-04-22 16:17:41 step=3600/67071 (5.37%) epoch=1/3 epoch_step=3600/22357 (16.10%) loss=0.571503 lr=0.000575407 elapsed=10:45 eta=03:09:34 val_mrr=0.771055
[TRAIN] 2026-04-22 16:17:42 step=3610/67071 (5.38%) epoch=1/3 epoch_step=3610/22357 (16.15%) loss=0.576147 lr=0.00057764 elapsed=10:47 eta=03:09:27 val_mrr=0.771055
[TRAIN] 2026-04-22 16:17:44 step=3620/67071 (5.40%) epoch=1/3 epoch_step=3620/22357 (16.19%) loss=0.570879 lr=0.000579871 elapsed=10:48 eta=03:09:20 val_mrr=0.771055
[TRAIN] 2026-04-22 16:17:45 step=3630/67071 (5.41%) epoch=1/3 epoch_step=3630/22357 (16.24%) loss=0.563566 lr=0.000582102 elapsed=10:50 eta=03:09:15 val_mrr=0.771055
[TRAIN] 2026-04-22 16:17:47 step=3640/67071 (5.43%) epoch=1/3 epoch_step=3640/22357 (16.28%) loss=0.563602 lr=0.000584331 elapsed=10:52 eta=03:09:14 val_mrr=0.771055
[TRAIN] 2026-04-22 16:17:49 step=3650/67071 (5.44%) epoch=1/3 epoch_step=3650/22357 (16.33%) loss=0.568445 lr=0.000586558 elapsed=10:53 eta=03:09:07 val_mrr=0.771055
[TRAIN] 2026-04-22 16:17:50 step=3660/67071 (5.46%) epoch=1/3 epoch_step=3660/22357 (16.37%) loss=0.579333 lr=0.000588785 elapsed=10:55 eta=03:09:00 val_mrr=0.771055
[TRAIN] 2026-04-22 16:17:52 step=3670/67071 (5.47%) epoch=1/3 epoch_step=3670/22357 (16.42%) loss=0.577971 lr=0.000591009 elapsed=10:56 eta=03:08:53 val_mrr=0.771055
[TRAIN] 2026-04-22 16:17:53 step=3680/67071 (5.49%) epoch=1/3 epoch_step=3680/22357 (16.46%) loss=0.571153 lr=0.000593232 elapsed=10:58 eta=03:08:46 val_mrr=0.771055
[TRAIN] 2026-04-22 16:17:55 step=3690/67071 (5.50%) epoch=1/3 epoch_step=3690/22357 (16.50%) loss=0.566427 lr=0.000595454 elapsed=10:59 eta=03:08:39 val_mrr=0.771055
[TRAIN] 2026-04-22 16:17:56 step=3700/67071 (5.52%) epoch=1/3 epoch_step=3700/22357 (16.55%) loss=0.567596 lr=0.000597674 elapsed=11:01 eta=03:08:40 val_mrr=0.771055
[TRAIN] 2026-04-22 16:17:58 step=3710/67071 (5.53%) epoch=1/3 epoch_step=3710/22357 (16.59%) loss=0.573760 lr=0.000599892 elapsed=11:02 eta=03:08:33 val_mrr=0.771055
[TRAIN] 2026-04-22 16:17:59 step=3720/67071 (5.55%) epoch=1/3 epoch_step=3720/22357 (16.64%) loss=0.572513 lr=0.000602108 elapsed=11:04 eta=03:08:26 val_mrr=0.771055
[TRAIN] 2026-04-22 16:18:01 step=3730/67071 (5.56%) epoch=1/3 epoch_step=3730/22357 (16.68%) loss=0.557518 lr=0.000604323 elapsed=11:05 eta=03:08:20 val_mrr=0.771055
[TRAIN] 2026-04-22 16:18:03 step=3740/67071 (5.58%) epoch=1/3 epoch_step=3740/22357 (16.73%) loss=0.580248 lr=0.000606536 elapsed=11:07 eta=03:08:21 val_mrr=0.771055
[TRAIN] 2026-04-22 16:18:04 step=3750/67071 (5.59%) epoch=1/3 epoch_step=3750/22357 (16.77%) loss=0.568720 lr=0.000608746 elapsed=11:09 eta=03:08:14 val_mrr=0.771055
[TRAIN] 2026-04-22 16:18:06 step=3760/67071 (5.61%) epoch=1/3 epoch_step=3760/22357 (16.82%) loss=0.564841 lr=0.000610955 elapsed=11:10 eta=03:08:07 val_mrr=0.771055
[TRAIN] 2026-04-22 16:18:07 step=3770/67071 (5.62%) epoch=1/3 epoch_step=3770/22357 (16.86%) loss=0.575970 lr=0.000613162 elapsed=11:12 eta=03:08:00 val_mrr=0.771055
[TRAIN] 2026-04-22 16:18:09 step=3780/67071 (5.64%) epoch=1/3 epoch_step=3780/22357 (16.91%) loss=0.575728 lr=0.000615367 elapsed=11:13 eta=03:07:54 val_mrr=0.771055
[TRAIN] 2026-04-22 16:18:10 step=3790/67071 (5.65%) epoch=1/3 epoch_step=3790/22357 (16.95%) loss=0.562606 lr=0.00061757 elapsed=11:15 eta=03:07:48 val_mrr=0.771055
[TRAIN] 2026-04-22 16:18:13 step=3800/67071 (5.67%) epoch=1/3 epoch_step=3800/22357 (17.00%) loss=0.574742 lr=0.00061977 elapsed=11:17 eta=03:07:55 val_mrr=0.771055
[TRAIN] 2026-04-22 16:18:14 step=3810/67071 (5.68%) epoch=1/3 epoch_step=3810/22357 (17.04%) loss=0.569204 lr=0.000621969 elapsed=11:19 eta=03:07:49 val_mrr=0.771055
[TRAIN] 2026-04-22 16:18:16 step=3820/67071 (5.70%) epoch=1/3 epoch_step=3820/22357 (17.09%) loss=0.574962 lr=0.000624165 elapsed=11:20 eta=03:07:42 val_mrr=0.771055
[TRAIN] 2026-04-22 16:18:17 step=3830/67071 (5.71%) epoch=1/3 epoch_step=3830/22357 (17.13%) loss=0.554296 lr=0.000626359 elapsed=11:22 eta=03:07:36 val_mrr=0.771055
[TRAIN] 2026-04-22 16:18:19 step=3840/67071 (5.73%) epoch=1/3 epoch_step=3840/22357 (17.18%) loss=0.566842 lr=0.000628551 elapsed=11:23 eta=03:07:27 val_mrr=0.771055
[TRAIN] 2026-04-22 16:18:20 step=3850/67071 (5.74%) epoch=1/3 epoch_step=3850/22357 (17.22%) loss=0.576252 lr=0.00063074 elapsed=11:25 eta=03:07:26 val_mrr=0.771055
[TRAIN] 2026-04-22 16:18:22 step=3860/67071 (5.76%) epoch=1/3 epoch_step=3860/22357 (17.27%) loss=0.571535 lr=0.000632927 elapsed=11:26 eta=03:07:18 val_mrr=0.771055
[TRAIN] 2026-04-22 16:18:23 step=3870/67071 (5.77%) epoch=1/3 epoch_step=3870/22357 (17.31%) loss=0.578303 lr=0.000635111 elapsed=11:28 eta=03:07:09 val_mrr=0.771055
[TRAIN] 2026-04-22 16:18:25 step=3880/67071 (5.78%) epoch=1/3 epoch_step=3880/22357 (17.35%) loss=0.570724 lr=0.000637293 elapsed=11:29 eta=03:07:01 val_mrr=0.771055
[TRAIN] 2026-04-22 16:18:26 step=3890/67071 (5.80%) epoch=1/3 epoch_step=3890/22357 (17.40%) loss=0.564919 lr=0.000639472 elapsed=11:30 eta=03:06:53 val_mrr=0.771055
[TRAIN] 2026-04-22 16:18:28 step=3900/67071 (5.81%) epoch=1/3 epoch_step=3900/22357 (17.44%) loss=0.562239 lr=0.000641648 elapsed=11:33 eta=03:06:57 val_mrr=0.771055
[TRAIN] 2026-04-22 16:18:29 step=3910/67071 (5.83%) epoch=1/3 epoch_step=3910/22357 (17.49%) loss=0.568650 lr=0.000643822 elapsed=11:34 eta=03:06:49 val_mrr=0.771055
[TRAIN] 2026-04-22 16:18:31 step=3920/67071 (5.84%) epoch=1/3 epoch_step=3920/22357 (17.53%) loss=0.562511 lr=0.000645993 elapsed=11:35 eta=03:06:42 val_mrr=0.771055
[TRAIN] 2026-04-22 16:18:32 step=3930/67071 (5.86%) epoch=1/3 epoch_step=3930/22357 (17.58%) loss=0.563438 lr=0.000648162 elapsed=11:37 eta=03:06:34 val_mrr=0.771055
[TRAIN] 2026-04-22 16:18:34 step=3940/67071 (5.87%) epoch=1/3 epoch_step=3940/22357 (17.62%) loss=0.571379 lr=0.000650327 elapsed=11:38 eta=03:06:27 val_mrr=0.771055
[TRAIN] 2026-04-22 16:18:36 step=3950/67071 (5.89%) epoch=1/3 epoch_step=3950/22357 (17.67%) loss=0.576620 lr=0.00065249 elapsed=11:40 eta=03:06:26 val_mrr=0.771055
[TRAIN] 2026-04-22 16:18:37 step=3960/67071 (5.90%) epoch=1/3 epoch_step=3960/22357 (17.71%) loss=0.580297 lr=0.00065465 elapsed=11:41 eta=03:06:18 val_mrr=0.771055
[TRAIN] 2026-04-22 16:18:38 step=3970/67071 (5.92%) epoch=1/3 epoch_step=3970/22357 (17.76%) loss=0.576912 lr=0.000656807 elapsed=11:43 eta=03:06:10 val_mrr=0.771055
[TRAIN] 2026-04-22 16:18:40 step=3980/67071 (5.93%) epoch=1/3 epoch_step=3980/22357 (17.80%) loss=0.571779 lr=0.000658961 elapsed=11:44 eta=03:06:03 val_mrr=0.771055
[TRAIN] 2026-04-22 16:18:41 step=3990/67071 (5.95%) epoch=1/3 epoch_step=3990/22357 (17.85%) loss=0.572166 lr=0.000661112 elapsed=11:46 eta=03:05:55 val_mrr=0.771055
[STAGE] 2026-04-22 16:18:43 val prep subsets global=50000 art_art=1986 art_any=50000
[STAGE] 2026-04-22 16:18:43 val prep negatives global=50000 art_art=1986 art_any=50000
[STAGE] 2026-04-22 16:18:43 val prep unique_entities=136030
[STAGE] 2026-04-22 16:18:47 val prep entity_bank_ready unique_entities=136030 emb_dim=256
[STAGE] 2026-04-22 16:18:47 val start step=4000 epoch=0 task=relation_ranking subset=global triples=50000 batches=98 eval_batch_size=512
[STAGE] 2026-04-22 16:18:48 val start step=4000 epoch=0 task=triple_scoring subset=global triples=50000 batches=98 eval_batch_size=512
[STAGE] 2026-04-22 16:18:48 val start step=4000 epoch=0 task=relation_ranking subset=art_art triples=1986 batches=4 eval_batch_size=512
[STAGE] 2026-04-22 16:18:48 val start step=4000 epoch=0 task=triple_scoring subset=art_art triples=1986 batches=4 eval_batch_size=512
[STAGE] 2026-04-22 16:18:48 val start step=4000 epoch=0 task=relation_ranking subset=art_any triples=50000 batches=98 eval_batch_size=512
[STAGE] 2026-04-22 16:18:49 val start step=4000 epoch=0 task=triple_scoring subset=art_any triples=50000 batches=98 eval_batch_size=512
[VAL] 2026-04-22 16:18:49 step=4000 epoch=0 mrr=0.592485 aucpr=0.862134 art_art_mrr=0.121342 art_art_aucpr=0.550489 art_any_mrr=0.592489 art_any_aucpr=0.670980
[STAGE] 2026-04-22 16:18:49 early stopping triggered at step=4000 epoch=0 no_improve_evals=5
[TRAIN] 2026-04-22 16:18:50 step=4000/67071 (5.96%) epoch=1/3 epoch_step=4000/22357 (17.89%) loss=0.569013 lr=0.000663259 elapsed=11:54 eta=03:07:44 val_mrr=0.771055
[STAGE] 2026-04-22 16:18:50 epoch completed epoch=1/3
[STAGE] 2026-04-22 16:18:51 test prep subsets global=1425681 art_art=2083 art_any=357035
[STAGE] 2026-04-22 16:18:56 test prep negatives global=1425681 art_art=2083 art_any=357035
[STAGE] 2026-04-22 16:18:56 test prep unique_entities=1442330
[STAGE] 2026-04-22 16:19:30 test prep entity_bank_ready unique_entities=1442330 emb_dim=256
[STAGE] 2026-04-22 16:19:30 test start step=4000 epoch=1 task=relation_ranking subset=global triples=1425681 batches=2785 eval_batch_size=512
[STAGE] 2026-04-22 16:19:58 test start step=4000 epoch=1 task=triple_scoring subset=global triples=1425681 batches=2785 eval_batch_size=512
[STAGE] 2026-04-22 16:20:05 test start step=4000 epoch=1 task=relation_ranking subset=art_art triples=2083 batches=5 eval_batch_size=512
[STAGE] 2026-04-22 16:20:05 test start step=4000 epoch=1 task=triple_scoring subset=art_art triples=2083 batches=5 eval_batch_size=512
[STAGE] 2026-04-22 16:20:05 test start step=4000 epoch=1 task=relation_ranking subset=art_any triples=357035 batches=698 eval_batch_size=512
[STAGE] 2026-04-22 16:20:12 test start step=4000 epoch=1 task=triple_scoring subset=art_any triples=357035 batches=698 eval_batch_size=512
[TEST] 2026-04-22 16:20:14 step=4000 epoch=1 mrr=0.341252 aucpr=0.873680 art_art_mrr=0.115062 art_art_aucpr=0.545400 art_any_mrr=0.593866 art_any_aucpr=0.667132
[STAGE] 2026-04-22 16:20:14 DONE train (798.48s)
[RESULT] 2026-04-22 16:20:14 {"best_metric": 0.77105487126422, "early_stopped": true, "stopped_epoch": 1, "stopped_step": 4000, "val_mrr": 0.5924848499063429, "val_hits1": 0.42044, "val_hits3": 0.73618, "val_hits10": 0.8985, "val_top1_acc": 0.42044, "val_auc": 0.8988079412000001, "val_aucpr": 0.8621341276334247, "val_art_art_mrr": 0.12134244751044956, "val_art_art_hits1": 0.03625377643504532, "val_art_art_hits3": 0.1203423967774421, "val_art_art_hits10": 0.26837865055387716, "val_art_art_top1_acc": 0.03625377643504532, "val_art_art_auc": 0.5764538577697458, "val_art_art_aucpr": 0.5504887906010629, "val_art_any_mrr": 0.592488781879132, "val_art_any_hits1": 0.42044, "val_art_any_hits3": 0.73618, "val_art_any_hits10": 0.89852, "val_art_any_top1_acc": 0.42044, "val_art_any_auc": 0.7376321054, "val_art_any_aucpr": 0.6709799397709169, "test_mrr": 0.34125223679854116, "test_hits1": 0.2190027081794595, "test_hits3": 0.40727133208621, "test_hits10": 0.5633335928584304, "test_top1_acc": 0.2190027081794595, "test_auc": 0.9054981167728405, "test_aucpr": 0.873679745941578, "test_art_art_mrr": 0.11506178626945707, "test_art_art_hits1": 0.027364378300528083, "test_art_art_hits3": 0.11233797407585214, "test_art_art_hits10": 0.2650024003840615, "test_art_art_top1_acc": 0.027364378300528083, "test_art_art_auc": 0.5799643641494401, "test_art_art_aucpr": 0.5453997034679117, "test_art_any_mrr": 0.5938660910455391, "test_art_any_hits1": 0.4196059209881384, "test_art_any_hits3": 0.7431036172924224, "test_art_any_hits10": 0.9001582477908329, "test_art_any_top1_acc": 0.4196059209881384, "test_art_any_auc": 0.7331605020826474, "test_art_any_aucpr": 0.667132231990017}
