nohup: ignoring input
[STAGE] 2026-04-23 12:16:40 START build experiment
[CONFIG] 2026-04-23 12:16:40 paths graph_dir=/root/autodl-tmp/个人项目2/操作数据库/full_graph_export text_dir=/root/autodl-tmp/个人项目2/操作数据库/full_graph_export/text_chunks image_dir=/root/autodl-tmp/个人项目2/图片/64 local_model_root=/root/autodl-tmp/个人项目2/链路预测实验/local_models
[CONFIG] 2026-04-23 12:16:40 models text_encoder=bert_frozen text_model=bert-base-uncased text_model_dir=/root/autodl-tmp/个人项目2/链路预测实验/local_models/text/bert-base-uncased image_encoder=dinov2_base image_model=facebook/dinov2-base image_model_dir=/root/autodl-tmp/个人项目2/链路预测实验/local_models/image/facebook__dinov2-base kge_scorer=transe
[CONFIG] 2026-04-23 12:16:40 cache_root=/root/autodl-tmp/个人项目2/边类型纯KGE/cache/full cache_session=20260423_121640_mm_kge_transe_bert_dinov2_base_frozen raw_cache_root=/root/autodl-tmp/个人项目2/边类型纯KGE/cache/full/shared_raw
[DATA] 2026-04-23 12:16:42 catalog entities=1706516 art_entities=431773 chunks=85 triples=14297782 relations=353
[DATA] 2026-04-23 12:16:42 splits train=11446322 val=1425779 test=1425681 sample_chunks=0
[EVAL] 2026-04-23 12:16:42 validation_max_triples=50000 final_test_max_triples=FULL
[STAGE] 2026-04-23 12:16:47 image index cache loaded: /root/autodl-tmp/个人项目2/边类型纯KGE/cache/full/image_index/image_index.pkl entries=430969
[STAGE] 2026-04-23 12:16:47 DONE build experiment (7.61s)
[CONFIG] 2026-04-23 12:16:47 training run_dir=/root/autodl-tmp/个人项目2/边类型纯KGE/runs/20260423_121640_mm_kge_transe_bert_dinov2_base_frozen cache_session=20260423_121640_mm_kge_transe_bert_dinov2_base_frozen
[STAGE] 2026-04-23 12:16:47 START prebuild raw caches
[STAGE] 2026-04-23 12:16:57 text cache prebuild done missing=0
[STAGE] 2026-04-23 12:18:12 prebuild image raw cache: chunk=1/85 missing=20077
[STAGE] 2026-04-23 12:19:26 prebuild image raw cache: chunk=2/85 missing=20077
[STAGE] 2026-04-23 12:20:38 prebuild image raw cache: chunk=3/85 missing=20076
[STAGE] 2026-04-23 12:21:49 prebuild image raw cache: chunk=4/85 missing=20077
[STAGE] 2026-04-23 12:23:01 prebuild image raw cache: chunk=5/85 missing=20076
[STAGE] 2026-04-23 12:24:12 prebuild image raw cache: chunk=6/85 missing=20076
[STAGE] 2026-04-23 12:25:24 prebuild image raw cache: chunk=7/85 missing=20077
[STAGE] 2026-04-23 12:26:37 prebuild image raw cache: chunk=8/85 missing=20076
[STAGE] 2026-04-23 12:27:49 prebuild image raw cache: chunk=9/85 missing=20076
[STAGE] 2026-04-23 12:29:00 prebuild image raw cache: chunk=10/85 missing=20077
[STAGE] 2026-04-23 12:30:12 prebuild image raw cache: chunk=11/85 missing=20076
[STAGE] 2026-04-23 12:31:25 prebuild image raw cache: chunk=12/85 missing=20077
[STAGE] 2026-04-23 12:32:37 prebuild image raw cache: chunk=13/85 missing=20076
[STAGE] 2026-04-23 12:33:49 prebuild image raw cache: chunk=14/85 missing=20077
[STAGE] 2026-04-23 12:35:02 prebuild image raw cache: chunk=15/85 missing=20076
[STAGE] 2026-04-23 12:36:13 prebuild image raw cache: chunk=16/85 missing=20077
[STAGE] 2026-04-23 12:37:26 prebuild image raw cache: chunk=17/85 missing=20075
[STAGE] 2026-04-23 12:38:38 prebuild image raw cache: chunk=18/85 missing=20077
[STAGE] 2026-04-23 12:39:49 prebuild image raw cache: chunk=19/85 missing=20074
[STAGE] 2026-04-23 12:41:00 prebuild image raw cache: chunk=20/85 missing=20077
[STAGE] 2026-04-23 12:42:11 prebuild image raw cache: chunk=21/85 missing=20077
[STAGE] 2026-04-23 12:42:47 prebuild image raw cache: chunk=22/85 missing=18029
[STAGE] 2026-04-23 12:43:07 image raw cache prebuild done missing=847340 loaded=430883
[STAGE] 2026-04-23 12:43:07 DONE prebuild raw caches (1580.24s)
[STAGE] 2026-04-23 12:43:07 START train
[STAGE] 2026-04-23 12:43:07 epoch start epoch=1/3 steps_per_epoch=22357 global_step=0/67071
[TRAIN] 2026-04-23 12:43:09 step=1/67071 (0.00%) epoch=1/3 epoch_step=1/22357 (0.00%) loss=0.866588 lr=4.00001e-05 elapsed=00:02 eta=30:05:50 val_mrr=NA
[TRAIN] 2026-04-23 12:43:09 step=2/67071 (0.00%) epoch=1/3 epoch_step=2/22357 (0.01%) loss=0.861335 lr=4.00002e-05 elapsed=00:02 eta=16:24:15 val_mrr=NA
[TRAIN] 2026-04-23 12:43:09 step=3/67071 (0.00%) epoch=1/3 epoch_step=3/22357 (0.01%) loss=0.861818 lr=4.00005e-05 elapsed=00:02 eta=11:42:59 val_mrr=NA
[TRAIN] 2026-04-23 12:43:10 step=4/67071 (0.01%) epoch=1/3 epoch_step=4/22357 (0.02%) loss=0.844924 lr=4.00008e-05 elapsed=00:02 eta=09:23:45 val_mrr=NA
[TRAIN] 2026-04-23 12:43:10 step=5/67071 (0.01%) epoch=1/3 epoch_step=5/22357 (0.02%) loss=0.846707 lr=4.00013e-05 elapsed=00:02 eta=07:58:54 val_mrr=NA
[TRAIN] 2026-04-23 12:43:11 step=10/67071 (0.01%) epoch=1/3 epoch_step=10/22357 (0.04%) loss=0.829172 lr=4.00053e-05 elapsed=00:03 eta=05:39:56 val_mrr=NA
[TRAIN] 2026-04-23 12:43:12 step=20/67071 (0.03%) epoch=1/3 epoch_step=20/22357 (0.09%) loss=0.812795 lr=4.00211e-05 elapsed=00:04 eta=03:59:33 val_mrr=NA
[TRAIN] 2026-04-23 12:43:13 step=30/67071 (0.04%) epoch=1/3 epoch_step=30/22357 (0.13%) loss=0.807227 lr=4.00474e-05 elapsed=00:06 eta=03:30:07 val_mrr=NA
[TRAIN] 2026-04-23 12:43:14 step=40/67071 (0.06%) epoch=1/3 epoch_step=40/22357 (0.18%) loss=0.802180 lr=4.00843e-05 elapsed=00:07 eta=03:13:21 val_mrr=NA
[TRAIN] 2026-04-23 12:43:16 step=50/67071 (0.07%) epoch=1/3 epoch_step=50/22357 (0.22%) loss=0.798785 lr=4.01317e-05 elapsed=00:08 eta=03:01:41 val_mrr=NA
[TRAIN] 2026-04-23 12:43:17 step=60/67071 (0.09%) epoch=1/3 epoch_step=60/22357 (0.27%) loss=0.794533 lr=4.01896e-05 elapsed=00:09 eta=02:54:22 val_mrr=NA
[TRAIN] 2026-04-23 12:43:18 step=70/67071 (0.10%) epoch=1/3 epoch_step=70/22357 (0.31%) loss=0.791940 lr=4.02581e-05 elapsed=00:11 eta=02:49:45 val_mrr=NA
[TRAIN] 2026-04-23 12:43:19 step=80/67071 (0.12%) epoch=1/3 epoch_step=80/22357 (0.36%) loss=0.789401 lr=4.03371e-05 elapsed=00:12 eta=02:47:32 val_mrr=NA
[TRAIN] 2026-04-23 12:43:21 step=90/67071 (0.13%) epoch=1/3 epoch_step=90/22357 (0.40%) loss=0.787676 lr=4.04266e-05 elapsed=00:13 eta=02:44:55 val_mrr=NA
[TRAIN] 2026-04-23 12:43:23 step=100/67071 (0.15%) epoch=1/3 epoch_step=100/22357 (0.45%) loss=0.785813 lr=4.05266e-05 elapsed=00:16 eta=02:55:23 val_mrr=NA
[TRAIN] 2026-04-23 12:43:24 step=110/67071 (0.16%) epoch=1/3 epoch_step=110/22357 (0.49%) loss=0.784127 lr=4.06372e-05 elapsed=00:17 eta=02:52:09 val_mrr=NA
[TRAIN] 2026-04-23 12:43:26 step=120/67071 (0.18%) epoch=1/3 epoch_step=120/22357 (0.54%) loss=0.782749 lr=4.07583e-05 elapsed=00:18 eta=02:50:21 val_mrr=NA
[TRAIN] 2026-04-23 12:43:27 step=130/67071 (0.19%) epoch=1/3 epoch_step=130/22357 (0.58%) loss=0.780253 lr=4.08899e-05 elapsed=00:20 eta=02:48:54 val_mrr=NA
[TRAIN] 2026-04-23 12:43:29 step=140/67071 (0.21%) epoch=1/3 epoch_step=140/22357 (0.63%) loss=0.780047 lr=4.1032e-05 elapsed=00:21 eta=02:48:18 val_mrr=NA
[TRAIN] 2026-04-23 12:43:30 step=150/67071 (0.22%) epoch=1/3 epoch_step=150/22357 (0.67%) loss=0.778621 lr=4.11846e-05 elapsed=00:22 eta=02:46:39 val_mrr=NA
[TRAIN] 2026-04-23 12:43:31 step=160/67071 (0.24%) epoch=1/3 epoch_step=160/22357 (0.72%) loss=0.775776 lr=4.13477e-05 elapsed=00:24 eta=02:44:32 val_mrr=NA
[TRAIN] 2026-04-23 12:43:32 step=170/67071 (0.25%) epoch=1/3 epoch_step=170/22357 (0.76%) loss=0.774858 lr=4.15214e-05 elapsed=00:25 eta=02:42:41 val_mrr=NA
[TRAIN] 2026-04-23 12:43:34 step=180/67071 (0.27%) epoch=1/3 epoch_step=180/22357 (0.81%) loss=0.774363 lr=4.17055e-05 elapsed=00:26 eta=02:41:24 val_mrr=NA
[TRAIN] 2026-04-23 12:43:35 step=190/67071 (0.28%) epoch=1/3 epoch_step=190/22357 (0.85%) loss=0.773485 lr=4.19002e-05 elapsed=00:28 eta=02:42:28 val_mrr=NA
[TRAIN] 2026-04-23 12:43:38 step=200/67071 (0.30%) epoch=1/3 epoch_step=200/22357 (0.89%) loss=0.770660 lr=4.21053e-05 elapsed=00:30 eta=02:47:22 val_mrr=NA
[TRAIN] 2026-04-23 12:43:39 step=210/67071 (0.31%) epoch=1/3 epoch_step=210/22357 (0.94%) loss=0.770472 lr=4.23209e-05 elapsed=00:31 eta=02:46:37 val_mrr=NA
[TRAIN] 2026-04-23 12:43:40 step=220/67071 (0.33%) epoch=1/3 epoch_step=220/22357 (0.98%) loss=0.767986 lr=4.2547e-05 elapsed=00:33 eta=02:45:15 val_mrr=NA
[TRAIN] 2026-04-23 12:43:41 step=230/67071 (0.34%) epoch=1/3 epoch_step=230/22357 (1.03%) loss=0.765089 lr=4.27836e-05 elapsed=00:34 eta=02:44:00 val_mrr=NA
[TRAIN] 2026-04-23 12:43:43 step=240/67071 (0.36%) epoch=1/3 epoch_step=240/22357 (1.07%) loss=0.765503 lr=4.30307e-05 elapsed=00:35 eta=02:42:52 val_mrr=NA
[TRAIN] 2026-04-23 12:43:44 step=250/67071 (0.37%) epoch=1/3 epoch_step=250/22357 (1.12%) loss=0.763640 lr=4.32882e-05 elapsed=00:36 eta=02:42:30 val_mrr=NA
[TRAIN] 2026-04-23 12:43:45 step=260/67071 (0.39%) epoch=1/3 epoch_step=260/22357 (1.16%) loss=0.761261 lr=4.35562e-05 elapsed=00:38 eta=02:41:26 val_mrr=NA
[TRAIN] 2026-04-23 12:43:46 step=270/67071 (0.40%) epoch=1/3 epoch_step=270/22357 (1.21%) loss=0.760122 lr=4.38346e-05 elapsed=00:39 eta=02:40:32 val_mrr=NA
[TRAIN] 2026-04-23 12:43:48 step=280/67071 (0.42%) epoch=1/3 epoch_step=280/22357 (1.25%) loss=0.758941 lr=4.41235e-05 elapsed=00:40 eta=02:40:57 val_mrr=NA
[TRAIN] 2026-04-23 12:43:49 step=290/67071 (0.43%) epoch=1/3 epoch_step=290/22357 (1.30%) loss=0.757836 lr=4.44228e-05 elapsed=00:42 eta=02:40:19 val_mrr=NA
[TRAIN] 2026-04-23 12:43:52 step=300/67071 (0.45%) epoch=1/3 epoch_step=300/22357 (1.34%) loss=0.756725 lr=4.47326e-05 elapsed=00:45 eta=02:46:22 val_mrr=NA
[TRAIN] 2026-04-23 12:43:54 step=310/67071 (0.46%) epoch=1/3 epoch_step=310/22357 (1.39%) loss=0.756656 lr=4.50528e-05 elapsed=00:46 eta=02:45:51 val_mrr=NA
[TRAIN] 2026-04-23 12:43:55 step=320/67071 (0.48%) epoch=1/3 epoch_step=320/22357 (1.43%) loss=0.754127 lr=4.53834e-05 elapsed=00:48 eta=02:45:14 val_mrr=NA
[TRAIN] 2026-04-23 12:43:56 step=330/67071 (0.49%) epoch=1/3 epoch_step=330/22357 (1.48%) loss=0.754470 lr=4.57244e-05 elapsed=00:49 eta=02:44:21 val_mrr=NA
[TRAIN] 2026-04-23 12:43:57 step=340/67071 (0.51%) epoch=1/3 epoch_step=340/22357 (1.52%) loss=0.749468 lr=4.60759e-05 elapsed=00:50 eta=02:43:27 val_mrr=NA
[TRAIN] 2026-04-23 12:43:59 step=350/67071 (0.52%) epoch=1/3 epoch_step=350/22357 (1.57%) loss=0.751610 lr=4.64377e-05 elapsed=00:51 eta=02:42:43 val_mrr=NA
[TRAIN] 2026-04-23 12:44:00 step=360/67071 (0.54%) epoch=1/3 epoch_step=360/22357 (1.61%) loss=0.749135 lr=4.681e-05 elapsed=00:52 eta=02:42:03 val_mrr=NA
[TRAIN] 2026-04-23 12:44:02 step=370/67071 (0.55%) epoch=1/3 epoch_step=370/22357 (1.65%) loss=0.748232 lr=4.71926e-05 elapsed=00:54 eta=02:42:18 val_mrr=NA
[TRAIN] 2026-04-23 12:44:03 step=380/67071 (0.57%) epoch=1/3 epoch_step=380/22357 (1.70%) loss=0.747691 lr=4.75856e-05 elapsed=00:55 eta=02:41:32 val_mrr=NA
[TRAIN] 2026-04-23 12:44:04 step=390/67071 (0.58%) epoch=1/3 epoch_step=390/22357 (1.74%) loss=0.746424 lr=4.7989e-05 elapsed=00:57 eta=02:41:06 val_mrr=NA
[TRAIN] 2026-04-23 12:44:07 step=400/67071 (0.60%) epoch=1/3 epoch_step=400/22357 (1.79%) loss=0.743677 lr=4.84027e-05 elapsed=01:00 eta=02:45:32 val_mrr=NA
[TRAIN] 2026-04-23 12:44:08 step=410/67071 (0.61%) epoch=1/3 epoch_step=410/22357 (1.83%) loss=0.742611 lr=4.88268e-05 elapsed=01:01 eta=02:44:38 val_mrr=NA
[TRAIN] 2026-04-23 12:44:09 step=420/67071 (0.63%) epoch=1/3 epoch_step=420/22357 (1.88%) loss=0.740179 lr=4.92612e-05 elapsed=01:02 eta=02:43:59 val_mrr=NA
[TRAIN] 2026-04-23 12:44:11 step=430/67071 (0.64%) epoch=1/3 epoch_step=430/22357 (1.92%) loss=0.739320 lr=4.9706e-05 elapsed=01:03 eta=02:43:19 val_mrr=NA
[TRAIN] 2026-04-23 12:44:12 step=440/67071 (0.66%) epoch=1/3 epoch_step=440/22357 (1.97%) loss=0.738778 lr=5.0161e-05 elapsed=01:04 eta=02:42:46 val_mrr=NA
[TRAIN] 2026-04-23 12:44:13 step=450/67071 (0.67%) epoch=1/3 epoch_step=450/22357 (2.01%) loss=0.735079 lr=5.06264e-05 elapsed=01:06 eta=02:42:16 val_mrr=NA
[TRAIN] 2026-04-23 12:44:15 step=460/67071 (0.69%) epoch=1/3 epoch_step=460/22357 (2.06%) loss=0.732274 lr=5.11021e-05 elapsed=01:07 eta=02:42:40 val_mrr=NA
[TRAIN] 2026-04-23 12:44:16 step=470/67071 (0.70%) epoch=1/3 epoch_step=470/22357 (2.10%) loss=0.734824 lr=5.15881e-05 elapsed=01:09 eta=02:42:05 val_mrr=NA
[TRAIN] 2026-04-23 12:44:17 step=480/67071 (0.72%) epoch=1/3 epoch_step=480/22357 (2.15%) loss=0.729443 lr=5.20843e-05 elapsed=01:10 eta=02:41:51 val_mrr=NA
[TRAIN] 2026-04-23 12:44:19 step=490/67071 (0.73%) epoch=1/3 epoch_step=490/22357 (2.19%) loss=0.729313 lr=5.25909e-05 elapsed=01:11 eta=02:41:16 val_mrr=NA
[STAGE] 2026-04-23 12:44:20 val prep subsets global=50000 art_art=1986 art_any=50000
[STAGE] 2026-04-23 12:44:20 val prep negatives global=50000 art_art=1986 art_any=50000
[STAGE] 2026-04-23 12:44:20 val prep unique_entities=136259
[STAGE] 2026-04-23 12:44:23 val prep entity_bank_ready unique_entities=136259 emb_dim=256
[STAGE] 2026-04-23 12:44:23 val start step=500 epoch=0 task=relation_ranking subset=global triples=50000 batches=98 eval_batch_size=512
[STAGE] 2026-04-23 12:44:24 val start step=500 epoch=0 task=triple_scoring subset=global triples=50000 batches=98 eval_batch_size=512
[STAGE] 2026-04-23 12:44:24 val start step=500 epoch=0 task=relation_ranking subset=art_art triples=1986 batches=4 eval_batch_size=512
[STAGE] 2026-04-23 12:44:24 val start step=500 epoch=0 task=triple_scoring subset=art_art triples=1986 batches=4 eval_batch_size=512
[STAGE] 2026-04-23 12:44:24 val start step=500 epoch=0 task=relation_ranking subset=art_any triples=50000 batches=98 eval_batch_size=512
[STAGE] 2026-04-23 12:44:25 val start step=500 epoch=0 task=triple_scoring subset=art_any triples=50000 batches=98 eval_batch_size=512
[VAL] 2026-04-23 12:44:25 step=500 epoch=0 mrr=0.576827 aucpr=0.799087 art_art_mrr=0.193083 art_art_aucpr=0.549146 art_any_mrr=0.576827 art_any_aucpr=0.632224
[TRAIN] 2026-04-23 12:44:28 step=500/67071 (0.75%) epoch=1/3 epoch_step=500/22357 (2.24%) loss=0.729666 lr=5.31076e-05 elapsed=01:20 eta=02:58:35 val_mrr=0.576827
[TRAIN] 2026-04-23 12:44:29 step=510/67071 (0.76%) epoch=1/3 epoch_step=510/22357 (2.28%) loss=0.720465 lr=5.36347e-05 elapsed=01:22 eta=02:57:51 val_mrr=0.576827
[TRAIN] 2026-04-23 12:44:31 step=520/67071 (0.78%) epoch=1/3 epoch_step=520/22357 (2.33%) loss=0.720596 lr=5.41719e-05 elapsed=01:23 eta=02:57:06 val_mrr=0.576827
[TRAIN] 2026-04-23 12:44:32 step=530/67071 (0.79%) epoch=1/3 epoch_step=530/22357 (2.37%) loss=0.722166 lr=5.47194e-05 elapsed=01:24 eta=02:56:14 val_mrr=0.576827
[TRAIN] 2026-04-23 12:44:33 step=540/67071 (0.81%) epoch=1/3 epoch_step=540/22357 (2.42%) loss=0.716040 lr=5.52771e-05 elapsed=01:26 eta=02:56:17 val_mrr=0.576827
[TRAIN] 2026-04-23 12:44:35 step=550/67071 (0.82%) epoch=1/3 epoch_step=550/22357 (2.46%) loss=0.721838 lr=5.5845e-05 elapsed=01:27 eta=02:55:45 val_mrr=0.576827
[TRAIN] 2026-04-23 12:44:36 step=560/67071 (0.83%) epoch=1/3 epoch_step=560/22357 (2.50%) loss=0.712248 lr=5.64231e-05 elapsed=01:29 eta=02:55:17 val_mrr=0.576827
[TRAIN] 2026-04-23 12:44:37 step=570/67071 (0.85%) epoch=1/3 epoch_step=570/22357 (2.55%) loss=0.712945 lr=5.70113e-05 elapsed=01:30 eta=02:54:50 val_mrr=0.576827
[TRAIN] 2026-04-23 12:44:39 step=580/67071 (0.86%) epoch=1/3 epoch_step=580/22357 (2.59%) loss=0.710145 lr=5.76098e-05 elapsed=01:31 eta=02:54:17 val_mrr=0.576827
[TRAIN] 2026-04-23 12:44:40 step=590/67071 (0.88%) epoch=1/3 epoch_step=590/22357 (2.64%) loss=0.715578 lr=5.82183e-05 elapsed=01:33 eta=02:53:59 val_mrr=0.576827
[TRAIN] 2026-04-23 12:44:43 step=600/67071 (0.89%) epoch=1/3 epoch_step=600/22357 (2.68%) loss=0.714435 lr=5.8837e-05 elapsed=01:36 eta=02:56:53 val_mrr=0.576827
[TRAIN] 2026-04-23 12:44:45 step=610/67071 (0.91%) epoch=1/3 epoch_step=610/22357 (2.73%) loss=0.710462 lr=5.94658e-05 elapsed=01:37 eta=02:56:15 val_mrr=0.576827
[TRAIN] 2026-04-23 12:44:46 step=620/67071 (0.92%) epoch=1/3 epoch_step=620/22357 (2.77%) loss=0.705879 lr=6.01048e-05 elapsed=01:39 eta=02:56:29 val_mrr=0.576827
[TRAIN] 2026-04-23 12:44:48 step=630/67071 (0.94%) epoch=1/3 epoch_step=630/22357 (2.82%) loss=0.704069 lr=6.07538e-05 elapsed=01:40 eta=02:56:01 val_mrr=0.576827
[TRAIN] 2026-04-23 12:44:49 step=640/67071 (0.95%) epoch=1/3 epoch_step=640/22357 (2.86%) loss=0.706592 lr=6.14129e-05 elapsed=01:41 eta=02:55:27 val_mrr=0.576827
[TRAIN] 2026-04-23 12:44:50 step=650/67071 (0.97%) epoch=1/3 epoch_step=650/22357 (2.91%) loss=0.705020 lr=6.2082e-05 elapsed=01:43 eta=02:54:57 val_mrr=0.576827
[TRAIN] 2026-04-23 12:44:51 step=660/67071 (0.98%) epoch=1/3 epoch_step=660/22357 (2.95%) loss=0.702928 lr=6.27613e-05 elapsed=01:44 eta=02:54:24 val_mrr=0.576827
[TRAIN] 2026-04-23 12:44:53 step=670/67071 (1.00%) epoch=1/3 epoch_step=670/22357 (3.00%) loss=0.699057 lr=6.34505e-05 elapsed=01:45 eta=02:53:56 val_mrr=0.576827
[TRAIN] 2026-04-23 12:44:54 step=680/67071 (1.01%) epoch=1/3 epoch_step=680/22357 (3.04%) loss=0.700366 lr=6.41498e-05 elapsed=01:47 eta=02:53:18 val_mrr=0.576827
[TRAIN] 2026-04-23 12:44:55 step=690/67071 (1.03%) epoch=1/3 epoch_step=690/22357 (3.09%) loss=0.699151 lr=6.4859e-05 elapsed=01:48 eta=02:52:49 val_mrr=0.576827
[TRAIN] 2026-04-23 12:44:58 step=700/67071 (1.04%) epoch=1/3 epoch_step=700/22357 (3.13%) loss=0.694268 lr=6.55783e-05 elapsed=01:51 eta=02:55:05 val_mrr=0.576827
[TRAIN] 2026-04-23 12:45:00 step=710/67071 (1.06%) epoch=1/3 epoch_step=710/22357 (3.18%) loss=0.690299 lr=6.63075e-05 elapsed=01:53 eta=02:55:26 val_mrr=0.576827
[TRAIN] 2026-04-23 12:45:01 step=720/67071 (1.07%) epoch=1/3 epoch_step=720/22357 (3.22%) loss=0.684739 lr=6.70467e-05 elapsed=01:54 eta=02:55:04 val_mrr=0.576827
[TRAIN] 2026-04-23 12:45:03 step=730/67071 (1.09%) epoch=1/3 epoch_step=730/22357 (3.27%) loss=0.682824 lr=6.77958e-05 elapsed=01:55 eta=02:54:34 val_mrr=0.576827
[TRAIN] 2026-04-23 12:45:04 step=740/67071 (1.10%) epoch=1/3 epoch_step=740/22357 (3.31%) loss=0.694093 lr=6.85549e-05 elapsed=01:57 eta=02:54:12 val_mrr=0.576827
[TRAIN] 2026-04-23 12:45:05 step=750/67071 (1.12%) epoch=1/3 epoch_step=750/22357 (3.35%) loss=0.687467 lr=6.93239e-05 elapsed=01:58 eta=02:53:36 val_mrr=0.576827
[TRAIN] 2026-04-23 12:45:07 step=760/67071 (1.13%) epoch=1/3 epoch_step=760/22357 (3.40%) loss=0.693148 lr=7.01027e-05 elapsed=01:59 eta=02:53:14 val_mrr=0.576827
[TRAIN] 2026-04-23 12:45:08 step=770/67071 (1.15%) epoch=1/3 epoch_step=770/22357 (3.44%) loss=0.683119 lr=7.08914e-05 elapsed=02:00 eta=02:52:43 val_mrr=0.576827
[TRAIN] 2026-04-23 12:45:09 step=780/67071 (1.16%) epoch=1/3 epoch_step=780/22357 (3.49%) loss=0.674246 lr=7.169e-05 elapsed=02:02 eta=02:52:14 val_mrr=0.576827
[TRAIN] 2026-04-23 12:45:10 step=790/67071 (1.18%) epoch=1/3 epoch_step=790/22357 (3.53%) loss=0.684049 lr=7.24984e-05 elapsed=02:03 eta=02:51:55 val_mrr=0.576827
[TRAIN] 2026-04-23 12:45:14 step=800/67071 (1.19%) epoch=1/3 epoch_step=800/22357 (3.58%) loss=0.672450 lr=7.33167e-05 elapsed=02:06 eta=02:54:21 val_mrr=0.576827
[TRAIN] 2026-04-23 12:45:16 step=810/67071 (1.21%) epoch=1/3 epoch_step=810/22357 (3.62%) loss=0.669351 lr=7.41447e-05 elapsed=02:08 eta=02:54:52 val_mrr=0.576827
[TRAIN] 2026-04-23 12:45:17 step=820/67071 (1.22%) epoch=1/3 epoch_step=820/22357 (3.67%) loss=0.679845 lr=7.49825e-05 elapsed=02:10 eta=02:54:29 val_mrr=0.576827
[TRAIN] 2026-04-23 12:45:18 step=830/67071 (1.24%) epoch=1/3 epoch_step=830/22357 (3.71%) loss=0.673366 lr=7.58301e-05 elapsed=02:11 eta=02:54:12 val_mrr=0.576827
[TRAIN] 2026-04-23 12:45:20 step=840/67071 (1.25%) epoch=1/3 epoch_step=840/22357 (3.76%) loss=0.676949 lr=7.66875e-05 elapsed=02:12 eta=02:54:00 val_mrr=0.576827
[TRAIN] 2026-04-23 12:45:22 step=850/67071 (1.27%) epoch=1/3 epoch_step=850/22357 (3.80%) loss=0.675393 lr=7.75546e-05 elapsed=02:14 eta=02:54:01 val_mrr=0.576827
[TRAIN] 2026-04-23 12:45:23 step=860/67071 (1.28%) epoch=1/3 epoch_step=860/22357 (3.85%) loss=0.680420 lr=7.84313e-05 elapsed=02:16 eta=02:53:56 val_mrr=0.576827
[TRAIN] 2026-04-23 12:45:24 step=870/67071 (1.30%) epoch=1/3 epoch_step=870/22357 (3.89%) loss=0.671284 lr=7.93178e-05 elapsed=02:17 eta=02:53:39 val_mrr=0.576827
[TRAIN] 2026-04-23 12:45:26 step=880/67071 (1.31%) epoch=1/3 epoch_step=880/22357 (3.94%) loss=0.665753 lr=8.0214e-05 elapsed=02:18 eta=02:53:32 val_mrr=0.576827
[TRAIN] 2026-04-23 12:45:27 step=890/67071 (1.33%) epoch=1/3 epoch_step=890/22357 (3.98%) loss=0.662113 lr=8.11198e-05 elapsed=02:20 eta=02:53:10 val_mrr=0.576827
[TRAIN] 2026-04-23 12:45:30 step=900/67071 (1.34%) epoch=1/3 epoch_step=900/22357 (4.03%) loss=0.667913 lr=8.20352e-05 elapsed=02:22 eta=02:54:33 val_mrr=0.576827
[TRAIN] 2026-04-23 12:45:31 step=910/67071 (1.36%) epoch=1/3 epoch_step=910/22357 (4.07%) loss=0.666458 lr=8.29602e-05 elapsed=02:24 eta=02:54:13 val_mrr=0.576827
[TRAIN] 2026-04-23 12:45:33 step=920/67071 (1.37%) epoch=1/3 epoch_step=920/22357 (4.12%) loss=0.667084 lr=8.38948e-05 elapsed=02:25 eta=02:53:50 val_mrr=0.576827
[TRAIN] 2026-04-23 12:45:34 step=930/67071 (1.39%) epoch=1/3 epoch_step=930/22357 (4.16%) loss=0.663013 lr=8.4839e-05 elapsed=02:26 eta=02:53:36 val_mrr=0.576827
[TRAIN] 2026-04-23 12:45:35 step=940/67071 (1.40%) epoch=1/3 epoch_step=940/22357 (4.20%) loss=0.662039 lr=8.57928e-05 elapsed=02:28 eta=02:53:19 val_mrr=0.576827
[TRAIN] 2026-04-23 12:45:37 step=950/67071 (1.42%) epoch=1/3 epoch_step=950/22357 (4.25%) loss=0.660555 lr=8.67561e-05 elapsed=02:29 eta=02:53:05 val_mrr=0.576827
[TRAIN] 2026-04-23 12:45:40 step=960/67071 (1.43%) epoch=1/3 epoch_step=960/22357 (4.29%) loss=0.661262 lr=8.77289e-05 elapsed=02:32 eta=02:55:01 val_mrr=0.576827
[TRAIN] 2026-04-23 12:45:42 step=970/67071 (1.45%) epoch=1/3 epoch_step=970/22357 (4.34%) loss=0.656576 lr=8.87111e-05 elapsed=02:34 eta=02:54:56 val_mrr=0.576827
[TRAIN] 2026-04-23 12:45:43 step=980/67071 (1.46%) epoch=1/3 epoch_step=980/22357 (4.38%) loss=0.655659 lr=8.97029e-05 elapsed=02:35 eta=02:54:45 val_mrr=0.576827
[TRAIN] 2026-04-23 12:45:44 step=990/67071 (1.48%) epoch=1/3 epoch_step=990/22357 (4.43%) loss=0.661778 lr=9.07041e-05 elapsed=02:37 eta=02:54:30 val_mrr=0.576827
[STAGE] 2026-04-23 12:45:46 val prep subsets global=50000 art_art=1986 art_any=50000
[STAGE] 2026-04-23 12:45:47 val prep negatives global=50000 art_art=1986 art_any=50000
[STAGE] 2026-04-23 12:45:47 val prep unique_entities=136196
[STAGE] 2026-04-23 12:45:49 val prep entity_bank_ready unique_entities=136196 emb_dim=256
[STAGE] 2026-04-23 12:45:49 val start step=1000 epoch=0 task=relation_ranking subset=global triples=50000 batches=98 eval_batch_size=512
[STAGE] 2026-04-23 12:45:50 val start step=1000 epoch=0 task=triple_scoring subset=global triples=50000 batches=98 eval_batch_size=512
[STAGE] 2026-04-23 12:45:50 val start step=1000 epoch=0 task=relation_ranking subset=art_art triples=1986 batches=4 eval_batch_size=512
[STAGE] 2026-04-23 12:45:50 val start step=1000 epoch=0 task=triple_scoring subset=art_art triples=1986 batches=4 eval_batch_size=512
[STAGE] 2026-04-23 12:45:50 val start step=1000 epoch=0 task=relation_ranking subset=art_any triples=50000 batches=98 eval_batch_size=512
[STAGE] 2026-04-23 12:45:51 val start step=1000 epoch=0 task=triple_scoring subset=art_any triples=50000 batches=98 eval_batch_size=512
[VAL] 2026-04-23 12:45:51 step=1000 epoch=0 mrr=0.750517 aucpr=0.872415 art_art_mrr=0.177217 art_art_aucpr=0.584686 art_any_mrr=0.750517 art_any_aucpr=0.662826
[TRAIN] 2026-04-23 12:45:54 step=1000/67071 (1.49%) epoch=1/3 epoch_step=1000/22357 (4.47%) loss=0.658530 lr=9.17147e-05 elapsed=02:47 eta=03:03:31 val_mrr=0.750517
[TRAIN] 2026-04-23 12:45:55 step=1010/67071 (1.51%) epoch=1/3 epoch_step=1010/22357 (4.52%) loss=0.653239 lr=9.27347e-05 elapsed=02:48 eta=03:03:05 val_mrr=0.750517
[TRAIN] 2026-04-23 12:45:57 step=1020/67071 (1.52%) epoch=1/3 epoch_step=1020/22357 (4.56%) loss=0.654147 lr=9.37641e-05 elapsed=02:49 eta=03:02:42 val_mrr=0.750517
[TRAIN] 2026-04-23 12:45:58 step=1030/67071 (1.54%) epoch=1/3 epoch_step=1030/22357 (4.61%) loss=0.656560 lr=9.48028e-05 elapsed=02:51 eta=03:02:19 val_mrr=0.750517
[TRAIN] 2026-04-23 12:45:59 step=1040/67071 (1.55%) epoch=1/3 epoch_step=1040/22357 (4.65%) loss=0.651816 lr=9.58509e-05 elapsed=02:52 eta=03:02:00 val_mrr=0.750517
[TRAIN] 2026-04-23 12:46:01 step=1050/67071 (1.57%) epoch=1/3 epoch_step=1050/22357 (4.70%) loss=0.649030 lr=9.69082e-05 elapsed=02:53 eta=03:01:36 val_mrr=0.750517
[TRAIN] 2026-04-23 12:46:02 step=1060/67071 (1.58%) epoch=1/3 epoch_step=1060/22357 (4.74%) loss=0.646861 lr=9.79749e-05 elapsed=02:55 eta=03:01:10 val_mrr=0.750517
[TRAIN] 2026-04-23 12:46:04 step=1070/67071 (1.60%) epoch=1/3 epoch_step=1070/22357 (4.79%) loss=0.650833 lr=9.90508e-05 elapsed=02:56 eta=03:01:05 val_mrr=0.750517
[TRAIN] 2026-04-23 12:46:05 step=1080/67071 (1.61%) epoch=1/3 epoch_step=1080/22357 (4.83%) loss=0.644185 lr=0.000100136 elapsed=02:57 eta=03:00:42 val_mrr=0.750517
[TRAIN] 2026-04-23 12:46:06 step=1090/67071 (1.63%) epoch=1/3 epoch_step=1090/22357 (4.88%) loss=0.643185 lr=0.00010123 elapsed=02:59 eta=03:00:21 val_mrr=0.750517
[TRAIN] 2026-04-23 12:46:09 step=1100/67071 (1.64%) epoch=1/3 epoch_step=1100/22357 (4.92%) loss=0.640384 lr=0.000102334 elapsed=03:01 eta=03:01:04 val_mrr=0.750517
[TRAIN] 2026-04-23 12:46:10 step=1110/67071 (1.65%) epoch=1/3 epoch_step=1110/22357 (4.96%) loss=0.641405 lr=0.000103447 elapsed=03:03 eta=03:00:45 val_mrr=0.750517
[TRAIN] 2026-04-23 12:46:11 step=1120/67071 (1.67%) epoch=1/3 epoch_step=1120/22357 (5.01%) loss=0.642128 lr=0.000104569 elapsed=03:04 eta=03:00:26 val_mrr=0.750517
[TRAIN] 2026-04-23 12:46:13 step=1130/67071 (1.68%) epoch=1/3 epoch_step=1130/22357 (5.05%) loss=0.648126 lr=0.0001057 elapsed=03:05 eta=03:00:09 val_mrr=0.750517
[TRAIN] 2026-04-23 12:46:14 step=1140/67071 (1.70%) epoch=1/3 epoch_step=1140/22357 (5.10%) loss=0.639384 lr=0.00010684 elapsed=03:06 eta=02:59:45 val_mrr=0.750517
[TRAIN] 2026-04-23 12:46:15 step=1150/67071 (1.71%) epoch=1/3 epoch_step=1150/22357 (5.14%) loss=0.630871 lr=0.000107989 elapsed=03:08 eta=02:59:20 val_mrr=0.750517
[TRAIN] 2026-04-23 12:46:17 step=1160/67071 (1.73%) epoch=1/3 epoch_step=1160/22357 (5.19%) loss=0.635614 lr=0.000109147 elapsed=03:09 eta=02:59:02 val_mrr=0.750517
[TRAIN] 2026-04-23 12:46:18 step=1170/67071 (1.74%) epoch=1/3 epoch_step=1170/22357 (5.23%) loss=0.632211 lr=0.000110314 elapsed=03:11 eta=02:59:01 val_mrr=0.750517
[TRAIN] 2026-04-23 12:46:20 step=1180/67071 (1.76%) epoch=1/3 epoch_step=1180/22357 (5.28%) loss=0.631386 lr=0.00011149 elapsed=03:12 eta=02:58:42 val_mrr=0.750517
[TRAIN] 2026-04-23 12:46:21 step=1190/67071 (1.77%) epoch=1/3 epoch_step=1190/22357 (5.32%) loss=0.639689 lr=0.000112676 elapsed=03:13 eta=02:58:22 val_mrr=0.750517
[TRAIN] 2026-04-23 12:46:24 step=1200/67071 (1.79%) epoch=1/3 epoch_step=1200/22357 (5.37%) loss=0.625831 lr=0.00011387 elapsed=03:17 eta=02:59:59 val_mrr=0.750517
[TRAIN] 2026-04-23 12:46:25 step=1210/67071 (1.80%) epoch=1/3 epoch_step=1210/22357 (5.41%) loss=0.634614 lr=0.000115073 elapsed=03:18 eta=02:59:38 val_mrr=0.750517
[TRAIN] 2026-04-23 12:46:27 step=1220/67071 (1.82%) epoch=1/3 epoch_step=1220/22357 (5.46%) loss=0.632159 lr=0.000116285 elapsed=03:19 eta=02:59:17 val_mrr=0.750517
[TRAIN] 2026-04-23 12:46:28 step=1230/67071 (1.83%) epoch=1/3 epoch_step=1230/22357 (5.50%) loss=0.633090 lr=0.000117505 elapsed=03:20 eta=02:58:52 val_mrr=0.750517
[TRAIN] 2026-04-23 12:46:29 step=1240/67071 (1.85%) epoch=1/3 epoch_step=1240/22357 (5.55%) loss=0.630738 lr=0.000118735 elapsed=03:22 eta=02:58:32 val_mrr=0.750517
[TRAIN] 2026-04-23 12:46:31 step=1250/67071 (1.86%) epoch=1/3 epoch_step=1250/22357 (5.59%) loss=0.630372 lr=0.000119973 elapsed=03:23 eta=02:58:13 val_mrr=0.750517
[TRAIN] 2026-04-23 12:46:32 step=1260/67071 (1.88%) epoch=1/3 epoch_step=1260/22357 (5.64%) loss=0.629656 lr=0.00012122 elapsed=03:25 eta=02:58:08 val_mrr=0.750517
[TRAIN] 2026-04-23 12:46:33 step=1270/67071 (1.89%) epoch=1/3 epoch_step=1270/22357 (5.68%) loss=0.632438 lr=0.000122476 elapsed=03:26 eta=02:57:48 val_mrr=0.750517
[TRAIN] 2026-04-23 12:46:35 step=1280/67071 (1.91%) epoch=1/3 epoch_step=1280/22357 (5.73%) loss=0.630136 lr=0.000123741 elapsed=03:27 eta=02:57:35 val_mrr=0.750517
[TRAIN] 2026-04-23 12:46:36 step=1290/67071 (1.92%) epoch=1/3 epoch_step=1290/22357 (5.77%) loss=0.628589 lr=0.000125014 elapsed=03:29 eta=02:57:26 val_mrr=0.750517
[TRAIN] 2026-04-23 12:46:39 step=1300/67071 (1.94%) epoch=1/3 epoch_step=1300/22357 (5.81%) loss=0.616063 lr=0.000126296 elapsed=03:32 eta=02:58:46 val_mrr=0.750517
[TRAIN] 2026-04-23 12:46:41 step=1310/67071 (1.95%) epoch=1/3 epoch_step=1310/22357 (5.86%) loss=0.630847 lr=0.000127587 elapsed=03:33 eta=02:58:26 val_mrr=0.750517
[TRAIN] 2026-04-23 12:46:42 step=1320/67071 (1.97%) epoch=1/3 epoch_step=1320/22357 (5.90%) loss=0.622733 lr=0.000128886 elapsed=03:35 eta=02:58:06 val_mrr=0.750517
[TRAIN] 2026-04-23 12:46:43 step=1330/67071 (1.98%) epoch=1/3 epoch_step=1330/22357 (5.95%) loss=0.623822 lr=0.000130194 elapsed=03:36 eta=02:57:50 val_mrr=0.750517
[TRAIN] 2026-04-23 12:46:45 step=1340/67071 (2.00%) epoch=1/3 epoch_step=1340/22357 (5.99%) loss=0.620034 lr=0.000131511 elapsed=03:37 eta=02:57:29 val_mrr=0.750517
[TRAIN] 2026-04-23 12:46:46 step=1350/67071 (2.01%) epoch=1/3 epoch_step=1350/22357 (6.04%) loss=0.618155 lr=0.000132836 elapsed=03:39 eta=02:57:31 val_mrr=0.750517
[TRAIN] 2026-04-23 12:46:48 step=1360/67071 (2.03%) epoch=1/3 epoch_step=1360/22357 (6.08%) loss=0.627975 lr=0.000134169 elapsed=03:40 eta=02:57:16 val_mrr=0.750517
[TRAIN] 2026-04-23 12:46:49 step=1370/67071 (2.04%) epoch=1/3 epoch_step=1370/22357 (6.13%) loss=0.615012 lr=0.000135511 elapsed=03:41 eta=02:57:00 val_mrr=0.750517
[TRAIN] 2026-04-23 12:46:50 step=1380/67071 (2.06%) epoch=1/3 epoch_step=1380/22357 (6.17%) loss=0.631840 lr=0.000136861 elapsed=03:43 eta=02:56:45 val_mrr=0.750517
[TRAIN] 2026-04-23 12:46:52 step=1390/67071 (2.07%) epoch=1/3 epoch_step=1390/22357 (6.22%) loss=0.621465 lr=0.00013822 elapsed=03:44 eta=02:56:28 val_mrr=0.750517
[TRAIN] 2026-04-23 12:46:55 step=1400/67071 (2.09%) epoch=1/3 epoch_step=1400/22357 (6.26%) loss=0.619091 lr=0.000139587 elapsed=03:47 eta=02:57:49 val_mrr=0.750517
[TRAIN] 2026-04-23 12:46:56 step=1410/67071 (2.10%) epoch=1/3 epoch_step=1410/22357 (6.31%) loss=0.615399 lr=0.000140963 elapsed=03:49 eta=02:57:31 val_mrr=0.750517
[TRAIN] 2026-04-23 12:46:57 step=1420/67071 (2.12%) epoch=1/3 epoch_step=1420/22357 (6.35%) loss=0.627069 lr=0.000142346 elapsed=03:50 eta=02:57:12 val_mrr=0.750517
[TRAIN] 2026-04-23 12:46:59 step=1430/67071 (2.13%) epoch=1/3 epoch_step=1430/22357 (6.40%) loss=0.606596 lr=0.000143739 elapsed=03:51 eta=02:56:58 val_mrr=0.750517
[TRAIN] 2026-04-23 12:47:00 step=1440/67071 (2.15%) epoch=1/3 epoch_step=1440/22357 (6.44%) loss=0.616804 lr=0.000145139 elapsed=03:53 eta=02:56:57 val_mrr=0.750517
[TRAIN] 2026-04-23 12:47:02 step=1450/67071 (2.16%) epoch=1/3 epoch_step=1450/22357 (6.49%) loss=0.618135 lr=0.000146547 elapsed=03:54 eta=02:56:40 val_mrr=0.750517
[TRAIN] 2026-04-23 12:47:03 step=1460/67071 (2.18%) epoch=1/3 epoch_step=1460/22357 (6.53%) loss=0.615332 lr=0.000147964 elapsed=03:55 eta=02:56:21 val_mrr=0.750517
[TRAIN] 2026-04-23 12:47:04 step=1470/67071 (2.19%) epoch=1/3 epoch_step=1470/22357 (6.58%) loss=0.617022 lr=0.000149389 elapsed=03:57 eta=02:56:03 val_mrr=0.750517
[TRAIN] 2026-04-23 12:47:05 step=1480/67071 (2.21%) epoch=1/3 epoch_step=1480/22357 (6.62%) loss=0.619775 lr=0.000150822 elapsed=03:58 eta=02:55:47 val_mrr=0.750517
[TRAIN] 2026-04-23 12:47:07 step=1490/67071 (2.22%) epoch=1/3 epoch_step=1490/22357 (6.66%) loss=0.612511 lr=0.000152263 elapsed=03:59 eta=02:55:32 val_mrr=0.750517
[STAGE] 2026-04-23 12:47:08 val prep subsets global=50000 art_art=1986 art_any=50000
[STAGE] 2026-04-23 12:47:09 val prep negatives global=50000 art_art=1986 art_any=50000
[STAGE] 2026-04-23 12:47:09 val prep unique_entities=136219
[STAGE] 2026-04-23 12:47:11 val prep entity_bank_ready unique_entities=136219 emb_dim=256
[STAGE] 2026-04-23 12:47:11 val start step=1500 epoch=0 task=relation_ranking subset=global triples=50000 batches=98 eval_batch_size=512
[STAGE] 2026-04-23 12:47:12 val start step=1500 epoch=0 task=triple_scoring subset=global triples=50000 batches=98 eval_batch_size=512
[STAGE] 2026-04-23 12:47:12 val start step=1500 epoch=0 task=relation_ranking subset=art_art triples=1986 batches=4 eval_batch_size=512
[STAGE] 2026-04-23 12:47:12 val start step=1500 epoch=0 task=triple_scoring subset=art_art triples=1986 batches=4 eval_batch_size=512
[STAGE] 2026-04-23 12:47:12 val start step=1500 epoch=0 task=relation_ranking subset=art_any triples=50000 batches=98 eval_batch_size=512
[STAGE] 2026-04-23 12:47:13 val start step=1500 epoch=0 task=triple_scoring subset=art_any triples=50000 batches=98 eval_batch_size=512
[VAL] 2026-04-23 12:47:13 step=1500 epoch=0 mrr=0.680058 aucpr=0.868096 art_art_mrr=0.141070 art_art_aucpr=0.551674 art_any_mrr=0.680060 art_any_aucpr=0.666908
[TRAIN] 2026-04-23 12:47:15 step=1500/67071 (2.24%) epoch=1/3 epoch_step=1500/22357 (6.71%) loss=0.620103 lr=0.000153713 elapsed=04:07 eta=03:00:18 val_mrr=0.750517
[TRAIN] 2026-04-23 12:47:16 step=1510/67071 (2.25%) epoch=1/3 epoch_step=1510/22357 (6.75%) loss=0.612508 lr=0.00015517 elapsed=04:09 eta=03:00:02 val_mrr=0.750517
[TRAIN] 2026-04-23 12:47:18 step=1520/67071 (2.27%) epoch=1/3 epoch_step=1520/22357 (6.80%) loss=0.606987 lr=0.000156635 elapsed=04:11 eta=03:00:06 val_mrr=0.750517
[TRAIN] 2026-04-23 12:47:19 step=1530/67071 (2.28%) epoch=1/3 epoch_step=1530/22357 (6.84%) loss=0.613079 lr=0.000158108 elapsed=04:12 eta=02:59:52 val_mrr=0.750517
[TRAIN] 2026-04-23 12:47:21 step=1540/67071 (2.30%) epoch=1/3 epoch_step=1540/22357 (6.89%) loss=0.610909 lr=0.00015959 elapsed=04:13 eta=02:59:42 val_mrr=0.750517
[TRAIN] 2026-04-23 12:47:22 step=1550/67071 (2.31%) epoch=1/3 epoch_step=1550/22357 (6.93%) loss=0.604215 lr=0.000161079 elapsed=04:15 eta=02:59:28 val_mrr=0.750517
[TRAIN] 2026-04-23 12:47:24 step=1560/67071 (2.33%) epoch=1/3 epoch_step=1560/22357 (6.98%) loss=0.616643 lr=0.000162576 elapsed=04:16 eta=02:59:11 val_mrr=0.750517
[TRAIN] 2026-04-23 12:47:25 step=1570/67071 (2.34%) epoch=1/3 epoch_step=1570/22357 (7.02%) loss=0.609186 lr=0.00016408 elapsed=04:17 eta=02:58:57 val_mrr=0.750517
[TRAIN] 2026-04-23 12:47:26 step=1580/67071 (2.36%) epoch=1/3 epoch_step=1580/22357 (7.07%) loss=0.606300 lr=0.000165593 elapsed=04:19 eta=02:58:39 val_mrr=0.750517
[TRAIN] 2026-04-23 12:47:27 step=1590/67071 (2.37%) epoch=1/3 epoch_step=1590/22357 (7.11%) loss=0.600929 lr=0.000167114 elapsed=04:20 eta=02:58:20 val_mrr=0.750517
[TRAIN] 2026-04-23 12:47:31 step=1600/67071 (2.39%) epoch=1/3 epoch_step=1600/22357 (7.16%) loss=0.610874 lr=0.000168642 elapsed=04:23 eta=02:59:40 val_mrr=0.750517
[TRAIN] 2026-04-23 12:47:32 step=1610/67071 (2.40%) epoch=1/3 epoch_step=1610/22357 (7.20%) loss=0.612686 lr=0.000170178 elapsed=04:25 eta=02:59:25 val_mrr=0.750517
[TRAIN] 2026-04-23 12:47:34 step=1620/67071 (2.42%) epoch=1/3 epoch_step=1620/22357 (7.25%) loss=0.611611 lr=0.000171721 elapsed=04:26 eta=02:59:10 val_mrr=0.750517
[TRAIN] 2026-04-23 12:47:35 step=1630/67071 (2.43%) epoch=1/3 epoch_step=1630/22357 (7.29%) loss=0.599937 lr=0.000173272 elapsed=04:27 eta=02:58:55 val_mrr=0.750517
[TRAIN] 2026-04-23 12:47:36 step=1640/67071 (2.45%) epoch=1/3 epoch_step=1640/22357 (7.34%) loss=0.604722 lr=0.000174831 elapsed=04:29 eta=02:58:37 val_mrr=0.750517
[TRAIN] 2026-04-23 12:47:37 step=1650/67071 (2.46%) epoch=1/3 epoch_step=1650/22357 (7.38%) loss=0.595780 lr=0.000176397 elapsed=04:30 eta=02:58:19 val_mrr=0.750517
[TRAIN] 2026-04-23 12:47:39 step=1660/67071 (2.47%) epoch=1/3 epoch_step=1660/22357 (7.42%) loss=0.606452 lr=0.000177971 elapsed=04:31 eta=02:58:01 val_mrr=0.750517
[TRAIN] 2026-04-23 12:47:40 step=1670/67071 (2.49%) epoch=1/3 epoch_step=1670/22357 (7.47%) loss=0.605420 lr=0.000179553 elapsed=04:32 eta=02:57:44 val_mrr=0.750517
[TRAIN] 2026-04-23 12:47:41 step=1680/67071 (2.50%) epoch=1/3 epoch_step=1680/22357 (7.51%) loss=0.610692 lr=0.000181142 elapsed=04:34 eta=02:57:27 val_mrr=0.750517
[TRAIN] 2026-04-23 12:47:43 step=1690/67071 (2.52%) epoch=1/3 epoch_step=1690/22357 (7.56%) loss=0.612886 lr=0.000182738 elapsed=04:35 eta=02:57:24 val_mrr=0.750517
[TRAIN] 2026-04-23 12:47:46 step=1700/67071 (2.53%) epoch=1/3 epoch_step=1700/22357 (7.60%) loss=0.612844 lr=0.000184342 elapsed=04:38 eta=02:58:26 val_mrr=0.750517
[TRAIN] 2026-04-23 12:47:47 step=1710/67071 (2.55%) epoch=1/3 epoch_step=1710/22357 (7.65%) loss=0.599482 lr=0.000185953 elapsed=04:40 eta=02:58:08 val_mrr=0.750517
[TRAIN] 2026-04-23 12:47:48 step=1720/67071 (2.56%) epoch=1/3 epoch_step=1720/22357 (7.69%) loss=0.609303 lr=0.000187571 elapsed=04:41 eta=02:57:52 val_mrr=0.750517
[TRAIN] 2026-04-23 12:47:50 step=1730/67071 (2.58%) epoch=1/3 epoch_step=1730/22357 (7.74%) loss=0.616143 lr=0.000189197 elapsed=04:42 eta=02:57:38 val_mrr=0.750517
[TRAIN] 2026-04-23 12:47:51 step=1740/67071 (2.59%) epoch=1/3 epoch_step=1740/22357 (7.78%) loss=0.601626 lr=0.00019083 elapsed=04:43 eta=02:57:23 val_mrr=0.750517
[TRAIN] 2026-04-23 12:47:52 step=1750/67071 (2.61%) epoch=1/3 epoch_step=1750/22357 (7.83%) loss=0.614872 lr=0.00019247 elapsed=04:45 eta=02:57:09 val_mrr=0.750517
[TRAIN] 2026-04-23 12:47:54 step=1760/67071 (2.62%) epoch=1/3 epoch_step=1760/22357 (7.87%) loss=0.610392 lr=0.000194118 elapsed=04:46 eta=02:56:55 val_mrr=0.750517
[TRAIN] 2026-04-23 12:47:55 step=1770/67071 (2.64%) epoch=1/3 epoch_step=1770/22357 (7.92%) loss=0.606628 lr=0.000195772 elapsed=04:47 eta=02:56:40 val_mrr=0.750517
[TRAIN] 2026-04-23 12:47:56 step=1780/67071 (2.65%) epoch=1/3 epoch_step=1780/22357 (7.96%) loss=0.600061 lr=0.000197434 elapsed=04:49 eta=02:56:37 val_mrr=0.750517
[TRAIN] 2026-04-23 12:47:58 step=1790/67071 (2.67%) epoch=1/3 epoch_step=1790/22357 (8.01%) loss=0.603074 lr=0.000199103 elapsed=04:50 eta=02:56:23 val_mrr=0.750517
[TRAIN] 2026-04-23 12:48:01 step=1800/67071 (2.68%) epoch=1/3 epoch_step=1800/22357 (8.05%) loss=0.596938 lr=0.000200778 elapsed=04:53 eta=02:57:14 val_mrr=0.750517
[TRAIN] 2026-04-23 12:48:02 step=1810/67071 (2.70%) epoch=1/3 epoch_step=1810/22357 (8.10%) loss=0.606037 lr=0.000202461 elapsed=04:54 eta=02:56:58 val_mrr=0.750517
[TRAIN] 2026-04-23 12:48:03 step=1820/67071 (2.71%) epoch=1/3 epoch_step=1820/22357 (8.14%) loss=0.597925 lr=0.000204151 elapsed=04:56 eta=02:56:42 val_mrr=0.750517
[TRAIN] 2026-04-23 12:48:04 step=1830/67071 (2.73%) epoch=1/3 epoch_step=1830/22357 (8.19%) loss=0.599162 lr=0.000205848 elapsed=04:57 eta=02:56:28 val_mrr=0.750517
[TRAIN] 2026-04-23 12:48:06 step=1840/67071 (2.74%) epoch=1/3 epoch_step=1840/22357 (8.23%) loss=0.597538 lr=0.000207551 elapsed=04:58 eta=02:56:14 val_mrr=0.750517
[TRAIN] 2026-04-23 12:48:07 step=1850/67071 (2.76%) epoch=1/3 epoch_step=1850/22357 (8.27%) loss=0.600316 lr=0.000209262 elapsed=05:00 eta=02:56:00 val_mrr=0.750517
[TRAIN] 2026-04-23 12:48:08 step=1860/67071 (2.77%) epoch=1/3 epoch_step=1860/22357 (8.32%) loss=0.599126 lr=0.000210979 elapsed=05:01 eta=02:55:44 val_mrr=0.750517
[TRAIN] 2026-04-23 12:48:09 step=1870/67071 (2.79%) epoch=1/3 epoch_step=1870/22357 (8.36%) loss=0.592663 lr=0.000212703 elapsed=05:02 eta=02:55:27 val_mrr=0.750517
[TRAIN] 2026-04-23 12:48:11 step=1880/67071 (2.80%) epoch=1/3 epoch_step=1880/22357 (8.41%) loss=0.591468 lr=0.000214434 elapsed=05:04 eta=02:55:26 val_mrr=0.750517
[TRAIN] 2026-04-23 12:48:12 step=1890/67071 (2.82%) epoch=1/3 epoch_step=1890/22357 (8.45%) loss=0.597914 lr=0.000216171 elapsed=05:05 eta=02:55:11 val_mrr=0.750517
[TRAIN] 2026-04-23 12:48:15 step=1900/67071 (2.83%) epoch=1/3 epoch_step=1900/22357 (8.50%) loss=0.596714 lr=0.000217915 elapsed=05:08 eta=02:56:04 val_mrr=0.750517
[TRAIN] 2026-04-23 12:48:17 step=1910/67071 (2.85%) epoch=1/3 epoch_step=1910/22357 (8.54%) loss=0.615052 lr=0.000219666 elapsed=05:09 eta=02:55:52 val_mrr=0.750517
[TRAIN] 2026-04-23 12:48:18 step=1920/67071 (2.86%) epoch=1/3 epoch_step=1920/22357 (8.59%) loss=0.604336 lr=0.000221424 elapsed=05:11 eta=02:55:38 val_mrr=0.750517
[TRAIN] 2026-04-23 12:48:19 step=1930/67071 (2.88%) epoch=1/3 epoch_step=1930/22357 (8.63%) loss=0.600329 lr=0.000223188 elapsed=05:12 eta=02:55:26 val_mrr=0.750517
[TRAIN] 2026-04-23 12:48:21 step=1940/67071 (2.89%) epoch=1/3 epoch_step=1940/22357 (8.68%) loss=0.592847 lr=0.000224958 elapsed=05:13 eta=02:55:16 val_mrr=0.750517
[TRAIN] 2026-04-23 12:48:22 step=1950/67071 (2.91%) epoch=1/3 epoch_step=1950/22357 (8.72%) loss=0.593330 lr=0.000226735 elapsed=05:14 eta=02:55:02 val_mrr=0.750517
[TRAIN] 2026-04-23 12:48:23 step=1960/67071 (2.92%) epoch=1/3 epoch_step=1960/22357 (8.77%) loss=0.595563 lr=0.000228518 elapsed=05:16 eta=02:54:48 val_mrr=0.750517
[TRAIN] 2026-04-23 12:48:25 step=1970/67071 (2.94%) epoch=1/3 epoch_step=1970/22357 (8.81%) loss=0.585591 lr=0.000230308 elapsed=05:17 eta=02:54:45 val_mrr=0.750517
[TRAIN] 2026-04-23 12:48:26 step=1980/67071 (2.95%) epoch=1/3 epoch_step=1980/22357 (8.86%) loss=0.610180 lr=0.000232104 elapsed=05:19 eta=02:54:33 val_mrr=0.750517
[TRAIN] 2026-04-23 12:48:27 step=1990/67071 (2.97%) epoch=1/3 epoch_step=1990/22357 (8.90%) loss=0.593265 lr=0.000233907 elapsed=05:20 eta=02:54:19 val_mrr=0.750517
[STAGE] 2026-04-23 12:48:29 val prep subsets global=50000 art_art=1986 art_any=50000
[STAGE] 2026-04-23 12:48:29 val prep negatives global=50000 art_art=1986 art_any=50000
[STAGE] 2026-04-23 12:48:29 val prep unique_entities=136107
[STAGE] 2026-04-23 12:48:31 val prep entity_bank_ready unique_entities=136107 emb_dim=256
[STAGE] 2026-04-23 12:48:31 val start step=2000 epoch=0 task=relation_ranking subset=global triples=50000 batches=98 eval_batch_size=512
[STAGE] 2026-04-23 12:48:32 val start step=2000 epoch=0 task=triple_scoring subset=global triples=50000 batches=98 eval_batch_size=512
[STAGE] 2026-04-23 12:48:32 val start step=2000 epoch=0 task=relation_ranking subset=art_art triples=1986 batches=4 eval_batch_size=512
[STAGE] 2026-04-23 12:48:32 val start step=2000 epoch=0 task=triple_scoring subset=art_art triples=1986 batches=4 eval_batch_size=512
[STAGE] 2026-04-23 12:48:32 val start step=2000 epoch=0 task=relation_ranking subset=art_any triples=50000 batches=98 eval_batch_size=512
[STAGE] 2026-04-23 12:48:33 val start step=2000 epoch=0 task=triple_scoring subset=art_any triples=50000 batches=98 eval_batch_size=512
[VAL] 2026-04-23 12:48:33 step=2000 epoch=0 mrr=0.570295 aucpr=0.855758 art_art_mrr=0.147906 art_art_aucpr=0.582814 art_any_mrr=0.570300 art_any_aucpr=0.660745
[TRAIN] 2026-04-23 12:48:35 step=2000/67071 (2.98%) epoch=1/3 epoch_step=2000/22357 (8.95%) loss=0.591367 lr=0.000235715 elapsed=05:28 eta=02:57:42 val_mrr=0.750517
[TRAIN] 2026-04-23 12:48:36 step=2010/67071 (3.00%) epoch=1/3 epoch_step=2010/22357 (8.99%) loss=0.602576 lr=0.00023753 elapsed=05:29 eta=02:57:29 val_mrr=0.750517
[TRAIN] 2026-04-23 12:48:38 step=2020/67071 (3.01%) epoch=1/3 epoch_step=2020/22357 (9.04%) loss=0.599155 lr=0.000239351 elapsed=05:30 eta=02:57:17 val_mrr=0.750517
[TRAIN] 2026-04-23 12:48:39 step=2030/67071 (3.03%) epoch=1/3 epoch_step=2030/22357 (9.08%) loss=0.589343 lr=0.000241179 elapsed=05:32 eta=02:57:03 val_mrr=0.750517
[TRAIN] 2026-04-23 12:48:40 step=2040/67071 (3.04%) epoch=1/3 epoch_step=2040/22357 (9.12%) loss=0.597551 lr=0.000243012 elapsed=05:33 eta=02:56:51 val_mrr=0.750517
[TRAIN] 2026-04-23 12:48:42 step=2050/67071 (3.06%) epoch=1/3 epoch_step=2050/22357 (9.17%) loss=0.602624 lr=0.000244852 elapsed=05:35 eta=02:56:52 val_mrr=0.750517
[TRAIN] 2026-04-23 12:48:43 step=2060/67071 (3.07%) epoch=1/3 epoch_step=2060/22357 (9.21%) loss=0.589580 lr=0.000246697 elapsed=05:36 eta=02:56:40 val_mrr=0.750517
[TRAIN] 2026-04-23 12:48:45 step=2070/67071 (3.09%) epoch=1/3 epoch_step=2070/22357 (9.26%) loss=0.604909 lr=0.000248549 elapsed=05:37 eta=02:56:25 val_mrr=0.750517
[TRAIN] 2026-04-23 12:48:46 step=2080/67071 (3.10%) epoch=1/3 epoch_step=2080/22357 (9.30%) loss=0.600356 lr=0.000250406 elapsed=05:38 eta=02:56:14 val_mrr=0.750517
[TRAIN] 2026-04-23 12:48:47 step=2090/67071 (3.12%) epoch=1/3 epoch_step=2090/22357 (9.35%) loss=0.604609 lr=0.00025227 elapsed=05:40 eta=02:56:08 val_mrr=0.750517
[TRAIN] 2026-04-23 12:48:51 step=2100/67071 (3.13%) epoch=1/3 epoch_step=2100/22357 (9.39%) loss=0.602081 lr=0.000254139 elapsed=05:43 eta=02:56:59 val_mrr=0.750517
[TRAIN] 2026-04-23 12:48:52 step=2110/67071 (3.15%) epoch=1/3 epoch_step=2110/22357 (9.44%) loss=0.597102 lr=0.000256014 elapsed=05:45 eta=02:56:49 val_mrr=0.750517
[TRAIN] 2026-04-23 12:48:53 step=2120/67071 (3.16%) epoch=1/3 epoch_step=2120/22357 (9.48%) loss=0.603536 lr=0.000257895 elapsed=05:46 eta=02:56:39 val_mrr=0.750517
[TRAIN] 2026-04-23 12:48:55 step=2130/67071 (3.18%) epoch=1/3 epoch_step=2130/22357 (9.53%) loss=0.597292 lr=0.000259782 elapsed=05:47 eta=02:56:29 val_mrr=0.750517
[TRAIN] 2026-04-23 12:48:56 step=2140/67071 (3.19%) epoch=1/3 epoch_step=2140/22357 (9.57%) loss=0.609758 lr=0.000261674 elapsed=05:49 eta=02:56:29 val_mrr=0.750517
[TRAIN] 2026-04-23 12:48:58 step=2150/67071 (3.21%) epoch=1/3 epoch_step=2150/22357 (9.62%) loss=0.598348 lr=0.000263572 elapsed=05:50 eta=02:56:17 val_mrr=0.750517
[TRAIN] 2026-04-23 12:48:59 step=2160/67071 (3.22%) epoch=1/3 epoch_step=2160/22357 (9.66%) loss=0.609163 lr=0.000265476 elapsed=05:52 eta=02:56:05 val_mrr=0.750517
[TRAIN] 2026-04-23 12:49:00 step=2170/67071 (3.24%) epoch=1/3 epoch_step=2170/22357 (9.71%) loss=0.590086 lr=0.000267385 elapsed=05:53 eta=02:55:57 val_mrr=0.750517
[TRAIN] 2026-04-23 12:49:02 step=2180/67071 (3.25%) epoch=1/3 epoch_step=2180/22357 (9.75%) loss=0.599156 lr=0.0002693 elapsed=05:54 eta=02:55:46 val_mrr=0.750517
[TRAIN] 2026-04-23 12:49:03 step=2190/67071 (3.27%) epoch=1/3 epoch_step=2190/22357 (9.80%) loss=0.590277 lr=0.00027122 elapsed=05:56 eta=02:55:34 val_mrr=0.750517
[TRAIN] 2026-04-23 12:49:06 step=2200/67071 (3.28%) epoch=1/3 epoch_step=2200/22357 (9.84%) loss=0.594864 lr=0.000273146 elapsed=05:59 eta=02:56:15 val_mrr=0.750517
[TRAIN] 2026-04-23 12:49:07 step=2210/67071 (3.30%) epoch=1/3 epoch_step=2210/22357 (9.89%) loss=0.600333 lr=0.000275077 elapsed=06:00 eta=02:56:04 val_mrr=0.750517
[TRAIN] 2026-04-23 12:49:09 step=2220/67071 (3.31%) epoch=1/3 epoch_step=2220/22357 (9.93%) loss=0.603615 lr=0.000277014 elapsed=06:01 eta=02:55:51 val_mrr=0.750517
[TRAIN] 2026-04-23 12:49:10 step=2230/67071 (3.32%) epoch=1/3 epoch_step=2230/22357 (9.97%) loss=0.592473 lr=0.000278956 elapsed=06:03 eta=02:55:48 val_mrr=0.750517
[TRAIN] 2026-04-23 12:49:11 step=2240/67071 (3.34%) epoch=1/3 epoch_step=2240/22357 (10.02%) loss=0.594629 lr=0.000280903 elapsed=06:04 eta=02:55:35 val_mrr=0.750517
[TRAIN] 2026-04-23 12:49:13 step=2250/67071 (3.35%) epoch=1/3 epoch_step=2250/22357 (10.06%) loss=0.598951 lr=0.000282855 elapsed=06:05 eta=02:55:21 val_mrr=0.750517
[TRAIN] 2026-04-23 12:49:14 step=2260/67071 (3.37%) epoch=1/3 epoch_step=2260/22357 (10.11%) loss=0.588240 lr=0.000284813 elapsed=06:06 eta=02:55:08 val_mrr=0.750517
[TRAIN] 2026-04-23 12:49:15 step=2270/67071 (3.38%) epoch=1/3 epoch_step=2270/22357 (10.15%) loss=0.586191 lr=0.000286776 elapsed=06:08 eta=02:54:54 val_mrr=0.750517
[TRAIN] 2026-04-23 12:49:16 step=2280/67071 (3.40%) epoch=1/3 epoch_step=2280/22357 (10.20%) loss=0.592854 lr=0.000288744 elapsed=06:09 eta=02:54:41 val_mrr=0.750517
[TRAIN] 2026-04-23 12:49:18 step=2290/67071 (3.41%) epoch=1/3 epoch_step=2290/22357 (10.24%) loss=0.582420 lr=0.000290717 elapsed=06:10 eta=02:54:28 val_mrr=0.750517
[TRAIN] 2026-04-23 12:49:21 step=2300/67071 (3.43%) epoch=1/3 epoch_step=2300/22357 (10.29%) loss=0.588536 lr=0.000292695 elapsed=06:13 eta=02:55:12 val_mrr=0.750517
[TRAIN] 2026-04-23 12:49:22 step=2310/67071 (3.44%) epoch=1/3 epoch_step=2310/22357 (10.33%) loss=0.593833 lr=0.000294678 elapsed=06:15 eta=02:55:00 val_mrr=0.750517
[TRAIN] 2026-04-23 12:49:24 step=2320/67071 (3.46%) epoch=1/3 epoch_step=2320/22357 (10.38%) loss=0.581656 lr=0.000296666 elapsed=06:16 eta=02:54:57 val_mrr=0.750517
[TRAIN] 2026-04-23 12:49:25 step=2330/67071 (3.47%) epoch=1/3 epoch_step=2330/22357 (10.42%) loss=0.598400 lr=0.000298659 elapsed=06:17 eta=02:54:48 val_mrr=0.750517
[TRAIN] 2026-04-23 12:49:26 step=2340/67071 (3.49%) epoch=1/3 epoch_step=2340/22357 (10.47%) loss=0.578310 lr=0.000300656 elapsed=06:19 eta=02:54:39 val_mrr=0.750517
[TRAIN] 2026-04-23 12:49:28 step=2350/67071 (3.50%) epoch=1/3 epoch_step=2350/22357 (10.51%) loss=0.586771 lr=0.000302659 elapsed=06:20 eta=02:54:30 val_mrr=0.750517
[TRAIN] 2026-04-23 12:49:29 step=2360/67071 (3.52%) epoch=1/3 epoch_step=2360/22357 (10.56%) loss=0.594168 lr=0.000304666 elapsed=06:21 eta=02:54:17 val_mrr=0.750517
[TRAIN] 2026-04-23 12:49:30 step=2370/67071 (3.53%) epoch=1/3 epoch_step=2370/22357 (10.60%) loss=0.596064 lr=0.000306678 elapsed=06:23 eta=02:54:06 val_mrr=0.750517
[TRAIN] 2026-04-23 12:49:31 step=2380/67071 (3.55%) epoch=1/3 epoch_step=2380/22357 (10.65%) loss=0.597559 lr=0.000308695 elapsed=06:24 eta=02:53:55 val_mrr=0.750517
[TRAIN] 2026-04-23 12:49:33 step=2390/67071 (3.56%) epoch=1/3 epoch_step=2390/22357 (10.69%) loss=0.583029 lr=0.000310716 elapsed=06:25 eta=02:53:43 val_mrr=0.750517
[TRAIN] 2026-04-23 12:49:36 step=2400/67071 (3.58%) epoch=1/3 epoch_step=2400/22357 (10.73%) loss=0.600607 lr=0.000312742 elapsed=06:28 eta=02:54:25 val_mrr=0.750517
[TRAIN] 2026-04-23 12:49:37 step=2410/67071 (3.59%) epoch=1/3 epoch_step=2410/22357 (10.78%) loss=0.601068 lr=0.000314773 elapsed=06:30 eta=02:54:12 val_mrr=0.750517
[TRAIN] 2026-04-23 12:49:39 step=2420/67071 (3.61%) epoch=1/3 epoch_step=2420/22357 (10.82%) loss=0.596715 lr=0.000316808 elapsed=06:31 eta=02:54:09 val_mrr=0.750517
[TRAIN] 2026-04-23 12:49:40 step=2430/67071 (3.62%) epoch=1/3 epoch_step=2430/22357 (10.87%) loss=0.588768 lr=0.000318847 elapsed=06:32 eta=02:53:58 val_mrr=0.750517
[TRAIN] 2026-04-23 12:49:41 step=2440/67071 (3.64%) epoch=1/3 epoch_step=2440/22357 (10.91%) loss=0.586967 lr=0.000320891 elapsed=06:34 eta=02:53:46 val_mrr=0.750517
[TRAIN] 2026-04-23 12:49:42 step=2450/67071 (3.65%) epoch=1/3 epoch_step=2450/22357 (10.96%) loss=0.597377 lr=0.000322939 elapsed=06:35 eta=02:53:34 val_mrr=0.750517
[TRAIN] 2026-04-23 12:49:44 step=2460/67071 (3.67%) epoch=1/3 epoch_step=2460/22357 (11.00%) loss=0.596551 lr=0.000324992 elapsed=06:36 eta=02:53:23 val_mrr=0.750517
[TRAIN] 2026-04-23 12:49:45 step=2470/67071 (3.68%) epoch=1/3 epoch_step=2470/22357 (11.05%) loss=0.600173 lr=0.000327049 elapsed=06:37 eta=02:53:13 val_mrr=0.750517
[TRAIN] 2026-04-23 12:49:46 step=2480/67071 (3.70%) epoch=1/3 epoch_step=2480/22357 (11.09%) loss=0.605199 lr=0.00032911 elapsed=06:39 eta=02:53:05 val_mrr=0.750517
[TRAIN] 2026-04-23 12:49:48 step=2490/67071 (3.71%) epoch=1/3 epoch_step=2490/22357 (11.14%) loss=0.588134 lr=0.000331175 elapsed=06:40 eta=02:52:56 val_mrr=0.750517
[STAGE] 2026-04-23 12:49:49 val prep subsets global=50000 art_art=1986 art_any=50000
[STAGE] 2026-04-23 12:49:49 val prep negatives global=50000 art_art=1986 art_any=50000
[STAGE] 2026-04-23 12:49:49 val prep unique_entities=136236
[STAGE] 2026-04-23 12:49:52 val prep entity_bank_ready unique_entities=136236 emb_dim=256
[STAGE] 2026-04-23 12:49:52 val start step=2500 epoch=0 task=relation_ranking subset=global triples=50000 batches=98 eval_batch_size=512
[STAGE] 2026-04-23 12:49:53 val start step=2500 epoch=0 task=triple_scoring subset=global triples=50000 batches=98 eval_batch_size=512
[STAGE] 2026-04-23 12:49:53 val start step=2500 epoch=0 task=relation_ranking subset=art_art triples=1986 batches=4 eval_batch_size=512
[STAGE] 2026-04-23 12:49:53 val start step=2500 epoch=0 task=triple_scoring subset=art_art triples=1986 batches=4 eval_batch_size=512
[STAGE] 2026-04-23 12:49:53 val start step=2500 epoch=0 task=relation_ranking subset=art_any triples=50000 batches=98 eval_batch_size=512
[STAGE] 2026-04-23 12:49:54 val start step=2500 epoch=0 task=triple_scoring subset=art_any triples=50000 batches=98 eval_batch_size=512
[VAL] 2026-04-23 12:49:54 step=2500 epoch=0 mrr=0.474362 aucpr=0.838041 art_art_mrr=0.112597 art_art_aucpr=0.576010 art_any_mrr=0.474382 art_any_aucpr=0.659383
[TRAIN] 2026-04-23 12:49:56 step=2500/67071 (3.73%) epoch=1/3 epoch_step=2500/22357 (11.18%) loss=0.601834 lr=0.000333244 elapsed=06:49 eta=02:55:53 val_mrr=0.750517
[TRAIN] 2026-04-23 12:49:57 step=2510/67071 (3.74%) epoch=1/3 epoch_step=2510/22357 (11.23%) loss=0.598284 lr=0.000335318 elapsed=06:50 eta=02:55:42 val_mrr=0.750517
[TRAIN] 2026-04-23 12:49:59 step=2520/67071 (3.76%) epoch=1/3 epoch_step=2520/22357 (11.27%) loss=0.586975 lr=0.000337395 elapsed=06:51 eta=02:55:30 val_mrr=0.750517
[TRAIN] 2026-04-23 12:50:00 step=2530/67071 (3.77%) epoch=1/3 epoch_step=2530/22357 (11.32%) loss=0.589344 lr=0.000339477 elapsed=06:52 eta=02:55:18 val_mrr=0.750517
[TRAIN] 2026-04-23 12:50:01 step=2540/67071 (3.79%) epoch=1/3 epoch_step=2540/22357 (11.36%) loss=0.586683 lr=0.000341562 elapsed=06:54 eta=02:55:07 val_mrr=0.750517
[TRAIN] 2026-04-23 12:50:02 step=2550/67071 (3.80%) epoch=1/3 epoch_step=2550/22357 (11.41%) loss=0.580526 lr=0.000343652 elapsed=06:55 eta=02:54:57 val_mrr=0.750517
[TRAIN] 2026-04-23 12:50:04 step=2560/67071 (3.82%) epoch=1/3 epoch_step=2560/22357 (11.45%) loss=0.582870 lr=0.000345745 elapsed=06:56 eta=02:54:45 val_mrr=0.750517
[TRAIN] 2026-04-23 12:50:05 step=2570/67071 (3.83%) epoch=1/3 epoch_step=2570/22357 (11.50%) loss=0.586219 lr=0.000347842 elapsed=06:57 eta=02:54:34 val_mrr=0.750517
[TRAIN] 2026-04-23 12:50:06 step=2580/67071 (3.85%) epoch=1/3 epoch_step=2580/22357 (11.54%) loss=0.593050 lr=0.000349943 elapsed=06:59 eta=02:54:30 val_mrr=0.750517
[TRAIN] 2026-04-23 12:50:08 step=2590/67071 (3.86%) epoch=1/3 epoch_step=2590/22357 (11.58%) loss=0.595306 lr=0.000352048 elapsed=07:00 eta=02:54:19 val_mrr=0.750517
[TRAIN] 2026-04-23 12:50:11 step=2600/67071 (3.88%) epoch=1/3 epoch_step=2600/22357 (11.63%) loss=0.600758 lr=0.000354156 elapsed=07:03 eta=02:54:53 val_mrr=0.750517
[TRAIN] 2026-04-23 12:50:12 step=2610/67071 (3.89%) epoch=1/3 epoch_step=2610/22357 (11.67%) loss=0.587820 lr=0.000356268 elapsed=07:05 eta=02:54:45 val_mrr=0.750517
[TRAIN] 2026-04-23 12:50:13 step=2620/67071 (3.91%) epoch=1/3 epoch_step=2620/22357 (11.72%) loss=0.590850 lr=0.000358384 elapsed=07:06 eta=02:54:36 val_mrr=0.750517
[TRAIN] 2026-04-23 12:50:15 step=2630/67071 (3.92%) epoch=1/3 epoch_step=2630/22357 (11.76%) loss=0.579351 lr=0.000360503 elapsed=07:07 eta=02:54:24 val_mrr=0.750517
[TRAIN] 2026-04-23 12:50:16 step=2640/67071 (3.94%) epoch=1/3 epoch_step=2640/22357 (11.81%) loss=0.584715 lr=0.000362626 elapsed=07:08 eta=02:54:13 val_mrr=0.750517
[TRAIN] 2026-04-23 12:50:17 step=2650/67071 (3.95%) epoch=1/3 epoch_step=2650/22357 (11.85%) loss=0.600422 lr=0.000364752 elapsed=07:10 eta=02:54:02 val_mrr=0.750517
[TRAIN] 2026-04-23 12:50:18 step=2660/67071 (3.97%) epoch=1/3 epoch_step=2660/22357 (11.90%) loss=0.586647 lr=0.000366881 elapsed=07:11 eta=02:53:54 val_mrr=0.750517
[TRAIN] 2026-04-23 12:50:20 step=2670/67071 (3.98%) epoch=1/3 epoch_step=2670/22357 (11.94%) loss=0.594789 lr=0.000369014 elapsed=07:13 eta=02:53:53 val_mrr=0.750517
[TRAIN] 2026-04-23 12:50:21 step=2680/67071 (4.00%) epoch=1/3 epoch_step=2680/22357 (11.99%) loss=0.598883 lr=0.00037115 elapsed=07:14 eta=02:53:43 val_mrr=0.750517
[TRAIN] 2026-04-23 12:50:23 step=2690/67071 (4.01%) epoch=1/3 epoch_step=2690/22357 (12.03%) loss=0.581328 lr=0.00037329 elapsed=07:15 eta=02:53:34 val_mrr=0.750517
[TRAIN] 2026-04-23 12:50:26 step=2700/67071 (4.03%) epoch=1/3 epoch_step=2700/22357 (12.08%) loss=0.581253 lr=0.000375432 elapsed=07:18 eta=02:54:11 val_mrr=0.750517
[TRAIN] 2026-04-23 12:50:27 step=2710/67071 (4.04%) epoch=1/3 epoch_step=2710/22357 (12.12%) loss=0.586481 lr=0.000377578 elapsed=07:20 eta=02:54:00 val_mrr=0.750517
[TRAIN] 2026-04-23 12:50:28 step=2720/67071 (4.06%) epoch=1/3 epoch_step=2720/22357 (12.17%) loss=0.588837 lr=0.000379727 elapsed=07:21 eta=02:53:50 val_mrr=0.750517
[TRAIN] 2026-04-23 12:50:30 step=2730/67071 (4.07%) epoch=1/3 epoch_step=2730/22357 (12.21%) loss=0.588721 lr=0.000381879 elapsed=07:22 eta=02:53:39 val_mrr=0.750517
[TRAIN] 2026-04-23 12:50:31 step=2740/67071 (4.09%) epoch=1/3 epoch_step=2740/22357 (12.26%) loss=0.583646 lr=0.000384034 elapsed=07:23 eta=02:53:31 val_mrr=0.750517
[TRAIN] 2026-04-23 12:50:32 step=2750/67071 (4.10%) epoch=1/3 epoch_step=2750/22357 (12.30%) loss=0.588474 lr=0.000386192 elapsed=07:25 eta=02:53:21 val_mrr=0.750517
[TRAIN] 2026-04-23 12:50:34 step=2760/67071 (4.12%) epoch=1/3 epoch_step=2760/22357 (12.35%) loss=0.586233 lr=0.000388353 elapsed=07:26 eta=02:53:18 val_mrr=0.750517
[TRAIN] 2026-04-23 12:50:35 step=2770/67071 (4.13%) epoch=1/3 epoch_step=2770/22357 (12.39%) loss=0.583142 lr=0.000390517 elapsed=07:28 eta=02:53:08 val_mrr=0.750517
[TRAIN] 2026-04-23 12:50:36 step=2780/67071 (4.14%) epoch=1/3 epoch_step=2780/22357 (12.43%) loss=0.583114 lr=0.000392684 elapsed=07:29 eta=02:52:59 val_mrr=0.750517
[TRAIN] 2026-04-23 12:50:37 step=2790/67071 (4.16%) epoch=1/3 epoch_step=2790/22357 (12.48%) loss=0.585735 lr=0.000394853 elapsed=07:30 eta=02:52:47 val_mrr=0.750517
[TRAIN] 2026-04-23 12:50:41 step=2800/67071 (4.17%) epoch=1/3 epoch_step=2800/22357 (12.52%) loss=0.584113 lr=0.000397025 elapsed=07:33 eta=02:53:23 val_mrr=0.750517
[TRAIN] 2026-04-23 12:50:42 step=2810/67071 (4.19%) epoch=1/3 epoch_step=2810/22357 (12.57%) loss=0.591424 lr=0.0003992 elapsed=07:35 eta=02:53:15 val_mrr=0.750517
[TRAIN] 2026-04-23 12:50:43 step=2820/67071 (4.20%) epoch=1/3 epoch_step=2820/22357 (12.61%) loss=0.584721 lr=0.000401378 elapsed=07:36 eta=02:53:06 val_mrr=0.750517
[TRAIN] 2026-04-23 12:50:45 step=2830/67071 (4.22%) epoch=1/3 epoch_step=2830/22357 (12.66%) loss=0.579636 lr=0.000403558 elapsed=07:37 eta=02:52:55 val_mrr=0.750517
[TRAIN] 2026-04-23 12:50:46 step=2840/67071 (4.23%) epoch=1/3 epoch_step=2840/22357 (12.70%) loss=0.589355 lr=0.000405741 elapsed=07:38 eta=02:52:46 val_mrr=0.750517
[TRAIN] 2026-04-23 12:50:47 step=2850/67071 (4.25%) epoch=1/3 epoch_step=2850/22357 (12.75%) loss=0.581556 lr=0.000407926 elapsed=07:40 eta=02:52:45 val_mrr=0.750517
[TRAIN] 2026-04-23 12:50:49 step=2860/67071 (4.26%) epoch=1/3 epoch_step=2860/22357 (12.79%) loss=0.592514 lr=0.000410114 elapsed=07:41 eta=02:52:35 val_mrr=0.750517
[TRAIN] 2026-04-23 12:50:50 step=2870/67071 (4.28%) epoch=1/3 epoch_step=2870/22357 (12.84%) loss=0.586057 lr=0.000412304 elapsed=07:42 eta=02:52:25 val_mrr=0.750517
[TRAIN] 2026-04-23 12:50:51 step=2880/67071 (4.29%) epoch=1/3 epoch_step=2880/22357 (12.88%) loss=0.572527 lr=0.000414496 elapsed=07:44 eta=02:52:16 val_mrr=0.750517
[TRAIN] 2026-04-23 12:50:52 step=2890/67071 (4.31%) epoch=1/3 epoch_step=2890/22357 (12.93%) loss=0.588319 lr=0.000416691 elapsed=07:45 eta=02:52:07 val_mrr=0.750517
[TRAIN] 2026-04-23 12:50:56 step=2900/67071 (4.32%) epoch=1/3 epoch_step=2900/22357 (12.97%) loss=0.597578 lr=0.000418888 elapsed=07:48 eta=02:52:39 val_mrr=0.750517
[TRAIN] 2026-04-23 12:50:57 step=2910/67071 (4.34%) epoch=1/3 epoch_step=2910/22357 (13.02%) loss=0.605979 lr=0.000421088 elapsed=07:49 eta=02:52:31 val_mrr=0.750517
[TRAIN] 2026-04-23 12:50:58 step=2920/67071 (4.35%) epoch=1/3 epoch_step=2920/22357 (13.06%) loss=0.589533 lr=0.000423289 elapsed=07:51 eta=02:52:23 val_mrr=0.750517
[TRAIN] 2026-04-23 12:51:00 step=2930/67071 (4.37%) epoch=1/3 epoch_step=2930/22357 (13.11%) loss=0.596700 lr=0.000425493 elapsed=07:52 eta=02:52:14 val_mrr=0.750517
[TRAIN] 2026-04-23 12:51:01 step=2940/67071 (4.38%) epoch=1/3 epoch_step=2940/22357 (13.15%) loss=0.591150 lr=0.000427698 elapsed=07:54 eta=02:52:11 val_mrr=0.750517
[TRAIN] 2026-04-23 12:51:02 step=2950/67071 (4.40%) epoch=1/3 epoch_step=2950/22357 (13.19%) loss=0.579696 lr=0.000429906 elapsed=07:55 eta=02:51:59 val_mrr=0.750517
[TRAIN] 2026-04-23 12:51:03 step=2960/67071 (4.41%) epoch=1/3 epoch_step=2960/22357 (13.24%) loss=0.588292 lr=0.000432116 elapsed=07:56 eta=02:51:50 val_mrr=0.750517
[TRAIN] 2026-04-23 12:51:05 step=2970/67071 (4.43%) epoch=1/3 epoch_step=2970/22357 (13.28%) loss=0.579438 lr=0.000434327 elapsed=07:57 eta=02:51:39 val_mrr=0.750517
[TRAIN] 2026-04-23 12:51:06 step=2980/67071 (4.44%) epoch=1/3 epoch_step=2980/22357 (13.33%) loss=0.601271 lr=0.000436541 elapsed=07:58 eta=02:51:30 val_mrr=0.750517
[TRAIN] 2026-04-23 12:51:07 step=2990/67071 (4.46%) epoch=1/3 epoch_step=2990/22357 (13.37%) loss=0.589997 lr=0.000438756 elapsed=08:00 eta=02:51:21 val_mrr=0.750517
[STAGE] 2026-04-23 12:51:09 val prep subsets global=50000 art_art=1986 art_any=50000
[STAGE] 2026-04-23 12:51:09 val prep negatives global=50000 art_art=1986 art_any=50000
[STAGE] 2026-04-23 12:51:09 val prep unique_entities=136072
[STAGE] 2026-04-23 12:51:11 val prep entity_bank_ready unique_entities=136072 emb_dim=256
[STAGE] 2026-04-23 12:51:11 val start step=3000 epoch=0 task=relation_ranking subset=global triples=50000 batches=98 eval_batch_size=512
[STAGE] 2026-04-23 12:51:12 val start step=3000 epoch=0 task=triple_scoring subset=global triples=50000 batches=98 eval_batch_size=512
[STAGE] 2026-04-23 12:51:12 val start step=3000 epoch=0 task=relation_ranking subset=art_art triples=1986 batches=4 eval_batch_size=512
[STAGE] 2026-04-23 12:51:12 val start step=3000 epoch=0 task=triple_scoring subset=art_art triples=1986 batches=4 eval_batch_size=512
[STAGE] 2026-04-23 12:51:12 val start step=3000 epoch=0 task=relation_ranking subset=art_any triples=50000 batches=98 eval_batch_size=512
[STAGE] 2026-04-23 12:51:13 val start step=3000 epoch=0 task=triple_scoring subset=art_any triples=50000 batches=98 eval_batch_size=512
[VAL] 2026-04-23 12:51:13 step=3000 epoch=0 mrr=0.498626 aucpr=0.848783 art_art_mrr=0.088341 art_art_aucpr=0.575820 art_any_mrr=0.498636 art_any_aucpr=0.669273
[TRAIN] 2026-04-23 12:51:15 step=3000/67071 (4.47%) epoch=1/3 epoch_step=3000/22357 (13.42%) loss=0.587339 lr=0.000440973 elapsed=08:08 eta=02:53:42 val_mrr=0.750517
[TRAIN] 2026-04-23 12:51:17 step=3010/67071 (4.49%) epoch=1/3 epoch_step=3010/22357 (13.46%) loss=0.586593 lr=0.000443192 elapsed=08:09 eta=02:53:33 val_mrr=0.750517
[TRAIN] 2026-04-23 12:51:18 step=3020/67071 (4.50%) epoch=1/3 epoch_step=3020/22357 (13.51%) loss=0.578177 lr=0.000445412 elapsed=08:11 eta=02:53:30 val_mrr=0.750517
[TRAIN] 2026-04-23 12:51:20 step=3030/67071 (4.52%) epoch=1/3 epoch_step=3030/22357 (13.55%) loss=0.589459 lr=0.000447634 elapsed=08:12 eta=02:53:20 val_mrr=0.750517
[TRAIN] 2026-04-23 12:51:21 step=3040/67071 (4.53%) epoch=1/3 epoch_step=3040/22357 (13.60%) loss=0.583788 lr=0.000449858 elapsed=08:13 eta=02:53:11 val_mrr=0.750517
[TRAIN] 2026-04-23 12:51:22 step=3050/67071 (4.55%) epoch=1/3 epoch_step=3050/22357 (13.64%) loss=0.589820 lr=0.000452083 elapsed=08:15 eta=02:53:02 val_mrr=0.750517
[TRAIN] 2026-04-23 12:51:23 step=3060/67071 (4.56%) epoch=1/3 epoch_step=3060/22357 (13.69%) loss=0.589202 lr=0.00045431 elapsed=08:16 eta=02:52:54 val_mrr=0.750517
[TRAIN] 2026-04-23 12:51:25 step=3070/67071 (4.58%) epoch=1/3 epoch_step=3070/22357 (13.73%) loss=0.591405 lr=0.000456538 elapsed=08:17 eta=02:52:45 val_mrr=0.750517
[TRAIN] 2026-04-23 12:51:26 step=3080/67071 (4.59%) epoch=1/3 epoch_step=3080/22357 (13.78%) loss=0.588809 lr=0.000458768 elapsed=08:18 eta=02:52:35 val_mrr=0.750517
[TRAIN] 2026-04-23 12:51:27 step=3090/67071 (4.61%) epoch=1/3 epoch_step=3090/22357 (13.82%) loss=0.596687 lr=0.000460999 elapsed=08:20 eta=02:52:26 val_mrr=0.750517
[TRAIN] 2026-04-23 12:51:30 step=3100/67071 (4.62%) epoch=1/3 epoch_step=3100/22357 (13.87%) loss=0.584412 lr=0.000463231 elapsed=08:23 eta=02:52:57 val_mrr=0.750517
[TRAIN] 2026-04-23 12:51:32 step=3110/67071 (4.64%) epoch=1/3 epoch_step=3110/22357 (13.91%) loss=0.589532 lr=0.000465465 elapsed=08:25 eta=02:52:56 val_mrr=0.750517
[TRAIN] 2026-04-23 12:51:33 step=3120/67071 (4.65%) epoch=1/3 epoch_step=3120/22357 (13.96%) loss=0.601654 lr=0.000467699 elapsed=08:26 eta=02:52:46 val_mrr=0.750517
[TRAIN] 2026-04-23 12:51:34 step=3130/67071 (4.67%) epoch=1/3 epoch_step=3130/22357 (14.00%) loss=0.579835 lr=0.000469935 elapsed=08:27 eta=02:52:37 val_mrr=0.750517
[TRAIN] 2026-04-23 12:51:36 step=3140/67071 (4.68%) epoch=1/3 epoch_step=3140/22357 (14.04%) loss=0.598257 lr=0.000472172 elapsed=08:28 eta=02:52:29 val_mrr=0.750517
[TRAIN] 2026-04-23 12:51:37 step=3150/67071 (4.70%) epoch=1/3 epoch_step=3150/22357 (14.09%) loss=0.582472 lr=0.00047441 elapsed=08:30 eta=02:52:20 val_mrr=0.750517
[TRAIN] 2026-04-23 12:51:38 step=3160/67071 (4.71%) epoch=1/3 epoch_step=3160/22357 (14.13%) loss=0.581783 lr=0.000476649 elapsed=08:31 eta=02:52:14 val_mrr=0.750517
[TRAIN] 2026-04-23 12:51:40 step=3170/67071 (4.73%) epoch=1/3 epoch_step=3170/22357 (14.18%) loss=0.589304 lr=0.000478889 elapsed=08:32 eta=02:52:06 val_mrr=0.750517
[TRAIN] 2026-04-23 12:51:41 step=3180/67071 (4.74%) epoch=1/3 epoch_step=3180/22357 (14.22%) loss=0.587196 lr=0.00048113 elapsed=08:33 eta=02:51:57 val_mrr=0.750517
[TRAIN] 2026-04-23 12:51:42 step=3190/67071 (4.76%) epoch=1/3 epoch_step=3190/22357 (14.27%) loss=0.573189 lr=0.000483371 elapsed=08:35 eta=02:51:49 val_mrr=0.750517
[TRAIN] 2026-04-23 12:51:46 step=3200/67071 (4.77%) epoch=1/3 epoch_step=3200/22357 (14.31%) loss=0.586447 lr=0.000485614 elapsed=08:38 eta=02:52:27 val_mrr=0.750517
[TRAIN] 2026-04-23 12:51:47 step=3210/67071 (4.79%) epoch=1/3 epoch_step=3210/22357 (14.36%) loss=0.584111 lr=0.000487857 elapsed=08:40 eta=02:52:18 val_mrr=0.750517
[TRAIN] 2026-04-23 12:51:48 step=3220/67071 (4.80%) epoch=1/3 epoch_step=3220/22357 (14.40%) loss=0.591982 lr=0.000490101 elapsed=08:41 eta=02:52:09 val_mrr=0.750517
[TRAIN] 2026-04-23 12:51:50 step=3230/67071 (4.82%) epoch=1/3 epoch_step=3230/22357 (14.45%) loss=0.585159 lr=0.000492346 elapsed=08:42 eta=02:52:00 val_mrr=0.750517
[TRAIN] 2026-04-23 12:51:51 step=3240/67071 (4.83%) epoch=1/3 epoch_step=3240/22357 (14.49%) loss=0.595195 lr=0.000494591 elapsed=08:43 eta=02:51:51 val_mrr=0.750517
[TRAIN] 2026-04-23 12:51:52 step=3250/67071 (4.85%) epoch=1/3 epoch_step=3250/22357 (14.54%) loss=0.578768 lr=0.000496837 elapsed=08:45 eta=02:51:43 val_mrr=0.750517
[TRAIN] 2026-04-23 12:51:53 step=3260/67071 (4.86%) epoch=1/3 epoch_step=3260/22357 (14.58%) loss=0.580111 lr=0.000499083 elapsed=08:46 eta=02:51:35 val_mrr=0.750517
[TRAIN] 2026-04-23 12:51:55 step=3270/67071 (4.88%) epoch=1/3 epoch_step=3270/22357 (14.63%) loss=0.588204 lr=0.00050133 elapsed=08:47 eta=02:51:27 val_mrr=0.750517
[TRAIN] 2026-04-23 12:51:56 step=3280/67071 (4.89%) epoch=1/3 epoch_step=3280/22357 (14.67%) loss=0.593038 lr=0.000503577 elapsed=08:49 eta=02:51:19 val_mrr=0.750517
[TRAIN] 2026-04-23 12:51:57 step=3290/67071 (4.91%) epoch=1/3 epoch_step=3290/22357 (14.72%) loss=0.585855 lr=0.000505824 elapsed=08:50 eta=02:51:10 val_mrr=0.750517
[TRAIN] 2026-04-23 12:52:01 step=3300/67071 (4.92%) epoch=1/3 epoch_step=3300/22357 (14.76%) loss=0.592059 lr=0.000508072 elapsed=08:53 eta=02:51:46 val_mrr=0.750517
[TRAIN] 2026-04-23 12:52:02 step=3310/67071 (4.94%) epoch=1/3 epoch_step=3310/22357 (14.81%) loss=0.587191 lr=0.00051032 elapsed=08:55 eta=02:51:37 val_mrr=0.750517
[TRAIN] 2026-04-23 12:52:03 step=3320/67071 (4.95%) epoch=1/3 epoch_step=3320/22357 (14.85%) loss=0.597621 lr=0.000512569 elapsed=08:56 eta=02:51:29 val_mrr=0.750517
[TRAIN] 2026-04-23 12:52:05 step=3330/67071 (4.96%) epoch=1/3 epoch_step=3330/22357 (14.89%) loss=0.586959 lr=0.000514817 elapsed=08:57 eta=02:51:23 val_mrr=0.750517
[TRAIN] 2026-04-23 12:52:06 step=3340/67071 (4.98%) epoch=1/3 epoch_step=3340/22357 (14.94%) loss=0.604163 lr=0.000517066 elapsed=08:58 eta=02:51:14 val_mrr=0.750517
[TRAIN] 2026-04-23 12:52:07 step=3350/67071 (4.99%) epoch=1/3 epoch_step=3350/22357 (14.98%) loss=0.582754 lr=0.000519314 elapsed=09:00 eta=02:51:06 val_mrr=0.750517
[TRAIN] 2026-04-23 12:52:08 step=3360/67071 (5.01%) epoch=1/3 epoch_step=3360/22357 (15.03%) loss=0.578846 lr=0.000521563 elapsed=09:01 eta=02:50:58 val_mrr=0.750517
[TRAIN] 2026-04-23 12:52:10 step=3370/67071 (5.02%) epoch=1/3 epoch_step=3370/22357 (15.07%) loss=0.568577 lr=0.000523811 elapsed=09:02 eta=02:50:51 val_mrr=0.750517
[TRAIN] 2026-04-23 12:52:11 step=3380/67071 (5.04%) epoch=1/3 epoch_step=3380/22357 (15.12%) loss=0.596844 lr=0.00052606 elapsed=09:04 eta=02:50:42 val_mrr=0.750517
[TRAIN] 2026-04-23 12:52:13 step=3390/67071 (5.05%) epoch=1/3 epoch_step=3390/22357 (15.16%) loss=0.583127 lr=0.000528308 elapsed=09:05 eta=02:50:39 val_mrr=0.750517
[TRAIN] 2026-04-23 12:52:16 step=3400/67071 (5.07%) epoch=1/3 epoch_step=3400/22357 (15.21%) loss=0.591045 lr=0.000530557 elapsed=09:08 eta=02:51:07 val_mrr=0.750517
[TRAIN] 2026-04-23 12:52:17 step=3410/67071 (5.08%) epoch=1/3 epoch_step=3410/22357 (15.25%) loss=0.591079 lr=0.000532805 elapsed=09:10 eta=02:51:00 val_mrr=0.750517
[TRAIN] 2026-04-23 12:52:18 step=3420/67071 (5.10%) epoch=1/3 epoch_step=3420/22357 (15.30%) loss=0.591037 lr=0.000535052 elapsed=09:11 eta=02:50:50 val_mrr=0.750517
[TRAIN] 2026-04-23 12:52:20 step=3430/67071 (5.11%) epoch=1/3 epoch_step=3430/22357 (15.34%) loss=0.586810 lr=0.0005373 elapsed=09:12 eta=02:50:44 val_mrr=0.750517
[TRAIN] 2026-04-23 12:52:21 step=3440/67071 (5.13%) epoch=1/3 epoch_step=3440/22357 (15.39%) loss=0.574156 lr=0.000539547 elapsed=09:13 eta=02:50:36 val_mrr=0.750517
[TRAIN] 2026-04-23 12:52:22 step=3450/67071 (5.14%) epoch=1/3 epoch_step=3450/22357 (15.43%) loss=0.601864 lr=0.000541793 elapsed=09:15 eta=02:50:28 val_mrr=0.750517
[TRAIN] 2026-04-23 12:52:23 step=3460/67071 (5.16%) epoch=1/3 epoch_step=3460/22357 (15.48%) loss=0.576482 lr=0.000544039 elapsed=09:16 eta=02:50:19 val_mrr=0.750517
[TRAIN] 2026-04-23 12:52:25 step=3470/67071 (5.17%) epoch=1/3 epoch_step=3470/22357 (15.52%) loss=0.579299 lr=0.000546285 elapsed=09:17 eta=02:50:12 val_mrr=0.750517
[TRAIN] 2026-04-23 12:52:26 step=3480/67071 (5.19%) epoch=1/3 epoch_step=3480/22357 (15.57%) loss=0.582163 lr=0.00054853 elapsed=09:19 eta=02:50:10 val_mrr=0.750517
[TRAIN] 2026-04-23 12:52:28 step=3490/67071 (5.20%) epoch=1/3 epoch_step=3490/22357 (15.61%) loss=0.594277 lr=0.000550774 elapsed=09:20 eta=02:50:04 val_mrr=0.750517
[STAGE] 2026-04-23 12:52:29 val prep subsets global=50000 art_art=1986 art_any=50000
[STAGE] 2026-04-23 12:52:29 val prep negatives global=50000 art_art=1986 art_any=50000
[STAGE] 2026-04-23 12:52:29 val prep unique_entities=136083
[STAGE] 2026-04-23 12:52:32 val prep entity_bank_ready unique_entities=136083 emb_dim=256
[STAGE] 2026-04-23 12:52:32 val start step=3500 epoch=0 task=relation_ranking subset=global triples=50000 batches=98 eval_batch_size=512
[STAGE] 2026-04-23 12:52:33 val start step=3500 epoch=0 task=triple_scoring subset=global triples=50000 batches=98 eval_batch_size=512
[STAGE] 2026-04-23 12:52:33 val start step=3500 epoch=0 task=relation_ranking subset=art_art triples=1986 batches=4 eval_batch_size=512
[STAGE] 2026-04-23 12:52:33 val start step=3500 epoch=0 task=triple_scoring subset=art_art triples=1986 batches=4 eval_batch_size=512
[STAGE] 2026-04-23 12:52:33 val start step=3500 epoch=0 task=relation_ranking subset=art_any triples=50000 batches=98 eval_batch_size=512
[STAGE] 2026-04-23 12:52:34 val start step=3500 epoch=0 task=triple_scoring subset=art_any triples=50000 batches=98 eval_batch_size=512
[VAL] 2026-04-23 12:52:34 step=3500 epoch=0 mrr=0.455886 aucpr=0.841967 art_art_mrr=0.074617 art_art_aucpr=0.575386 art_any_mrr=0.455892 art_any_aucpr=0.675485
[STAGE] 2026-04-23 12:52:34 early stopping triggered at step=3500 epoch=0 no_improve_evals=5
[TRAIN] 2026-04-23 12:52:36 step=3500/67071 (5.22%) epoch=1/3 epoch_step=3500/22357 (15.66%) loss=0.578871 lr=0.000553018 elapsed=09:29 eta=02:52:06 val_mrr=0.750517
[STAGE] 2026-04-23 12:52:36 epoch completed epoch=1/3
[STAGE] 2026-04-23 12:52:38 test prep subsets global=1425681 art_art=2083 art_any=357035
[STAGE] 2026-04-23 12:52:43 test prep negatives global=1425681 art_art=2083 art_any=357035
[STAGE] 2026-04-23 12:52:43 test prep unique_entities=1442129
[STAGE] 2026-04-23 12:53:03 test prep entity_bank_ready unique_entities=1442129 emb_dim=256
[STAGE] 2026-04-23 12:53:03 test start step=3500 epoch=1 task=relation_ranking subset=global triples=1425681 batches=2785 eval_batch_size=512
[STAGE] 2026-04-23 12:53:29 test start step=3500 epoch=1 task=triple_scoring subset=global triples=1425681 batches=2785 eval_batch_size=512
[STAGE] 2026-04-23 12:53:35 test start step=3500 epoch=1 task=relation_ranking subset=art_art triples=2083 batches=5 eval_batch_size=512
[STAGE] 2026-04-23 12:53:35 test start step=3500 epoch=1 task=triple_scoring subset=art_art triples=2083 batches=5 eval_batch_size=512
[STAGE] 2026-04-23 12:53:35 test start step=3500 epoch=1 task=relation_ranking subset=art_any triples=357035 batches=698 eval_batch_size=512
[STAGE] 2026-04-23 12:53:41 test start step=3500 epoch=1 task=triple_scoring subset=art_any triples=357035 batches=698 eval_batch_size=512
[TEST] 2026-04-23 12:53:43 step=3500 epoch=1 mrr=0.260547 aucpr=0.856861 art_art_mrr=0.074061 art_art_aucpr=0.579113 art_any_mrr=0.455447 art_any_aucpr=0.677974
[STAGE] 2026-04-23 12:53:43 DONE train (635.31s)
[RESULT] 2026-04-23 12:53:43 {"best_metric": 0.7505170563382804, "early_stopped": true, "stopped_epoch": 1, "stopped_step": 3500, "val_mrr": 0.45588572512302744, "val_hits1": 0.3154, "val_hits3": 0.55698, "val_hits10": 0.73616, "val_top1_acc": 0.3154, "val_auc": 0.8804513441999999, "val_aucpr": 0.8419666291597768, "val_art_art_mrr": 0.07461650845589615, "val_art_art_hits1": 0.017119838872104734, "val_art_art_hits3": 0.10120845921450151, "val_art_art_hits10": 0.1581067472306143, "val_art_art_top1_acc": 0.017119838872104734, "val_art_art_auc": 0.5980316394012873, "val_art_art_aucpr": 0.5753864210881647, "val_art_any_mrr": 0.45589223305953536, "val_art_any_hits1": 0.3154, "val_art_any_hits3": 0.557, "val_art_any_hits10": 0.73618, "val_art_any_top1_acc": 0.3154, "val_art_any_auc": 0.7392663628, "val_art_any_aucpr": 0.6754845117611306, "test_mrr": 0.2605472815285378, "test_hits1": 0.166615813776013, "test_hits3": 0.2941450436668511, "test_hits10": 0.44116671260962304, "test_top1_acc": 0.166615813776013, "test_auc": 0.8861800363096529, "test_aucpr": 0.8568606765784342, "test_art_art_mrr": 0.07406098664048524, "test_art_art_hits1": 0.01584253480556889, "test_art_art_hits3": 0.10033605376860298, "test_art_art_hits10": 0.16610657705232837, "test_art_art_top1_acc": 0.01584253480556889, "test_art_art_auc": 0.6036683584207847, "test_art_art_aucpr": 0.5791132433665325, "test_art_any_mrr": 0.45544701838357365, "test_art_any_hits1": 0.31224949934880336, "test_art_any_hits3": 0.5603708319912614, "test_art_any_hits10": 0.7396501743526545, "test_art_any_top1_acc": 0.31224949934880336, "test_art_any_auc": 0.7413706412407814, "test_art_any_aucpr": 0.67797354537722}
