nohup: ignoring input
[STAGE] 2026-04-24 00:00:44 START build experiment
[CONFIG] 2026-04-24 00:00:44 paths graph_dir=/root/autodl-tmp/个人项目2/操作数据库/full_graph_export text_dir=/root/autodl-tmp/个人项目2/操作数据库/full_graph_export/text_chunks image_dir=/root/autodl-tmp/个人项目2/图片/64 local_model_root=/root/autodl-tmp/个人项目2/链路预测实验/local_models
[CONFIG] 2026-04-24 00:00:44 models text_encoder=roberta_frozen text_model=roberta-base text_model_dir=/root/autodl-tmp/个人项目2/链路预测实验/local_models/text/roberta-base image_encoder=resnet50 image_model=resnet50 image_model_dir=/root/autodl-tmp/个人项目2/链路预测实验/local_models/image/resnet50 kge_scorer=transe
[CONFIG] 2026-04-24 00:00:44 cache_root=/root/autodl-tmp/个人项目2/边类型纯KGE/cache/full cache_session=20260424_000044_mm_kge_transe_roberta_resnet50_frozen raw_cache_root=/root/autodl-tmp/个人项目2/边类型纯KGE/cache/full/shared_raw
[DATA] 2026-04-24 00:00:46 catalog entities=1706516 art_entities=431773 chunks=85 triples=14297782 relations=353
[DATA] 2026-04-24 00:00:46 splits train=11446322 val=1425779 test=1425681 sample_chunks=0
[EVAL] 2026-04-24 00:00:46 validation_max_triples=50000 final_test_max_triples=FULL
Some weights of RobertaModel were not initialized from the model checkpoint at /root/autodl-tmp/个人项目2/链路预测实验/local_models/text/roberta-base and are newly initialized: ['roberta.pooler.dense.bias', 'roberta.pooler.dense.weight']
You should probably TRAIN this model on a down-stream task to be able to use it for predictions and inference.
[STAGE] 2026-04-24 00:00:50 image index cache loaded: /root/autodl-tmp/个人项目2/边类型纯KGE/cache/full/image_index/image_index.pkl entries=430969
[STAGE] 2026-04-24 00:00:51 DONE build experiment (7.12s)
[CONFIG] 2026-04-24 00:00:51 training run_dir=/root/autodl-tmp/个人项目2/边类型纯KGE/runs/20260424_000044_mm_kge_transe_roberta_resnet50_frozen cache_session=20260424_000044_mm_kge_transe_roberta_resnet50_frozen
[STAGE] 2026-04-24 00:00:51 START prebuild raw caches
[STAGE] 2026-04-24 00:02:45 prebuild text cache: chunk=1/85 missing=20077
[STAGE] 2026-04-24 00:04:01 prebuild text cache: chunk=2/85 missing=20077
[STAGE] 2026-04-24 00:05:40 prebuild text cache: chunk=3/85 missing=20077
[STAGE] 2026-04-24 00:07:19 prebuild text cache: chunk=4/85 missing=20077
[STAGE] 2026-04-24 00:08:28 prebuild text cache: chunk=5/85 missing=20077
[STAGE] 2026-04-24 00:10:06 prebuild text cache: chunk=6/85 missing=20077
[STAGE] 2026-04-24 00:11:21 prebuild text cache: chunk=7/85 missing=20077
[STAGE] 2026-04-24 00:12:47 prebuild text cache: chunk=8/85 missing=20077
[STAGE] 2026-04-24 00:14:42 prebuild text cache: chunk=9/85 missing=20077
[STAGE] 2026-04-24 00:15:51 prebuild text cache: chunk=10/85 missing=20077
[STAGE] 2026-04-24 00:17:27 prebuild text cache: chunk=11/85 missing=20077
[STAGE] 2026-04-24 00:19:10 prebuild text cache: chunk=12/85 missing=20077
[STAGE] 2026-04-24 00:20:21 prebuild text cache: chunk=13/85 missing=20077
[STAGE] 2026-04-24 00:22:00 prebuild text cache: chunk=14/85 missing=20077
[STAGE] 2026-04-24 00:23:18 prebuild text cache: chunk=15/85 missing=20077
[STAGE] 2026-04-24 00:24:40 prebuild text cache: chunk=16/85 missing=20077
[STAGE] 2026-04-24 00:26:33 prebuild text cache: chunk=17/85 missing=20077
[STAGE] 2026-04-24 00:27:46 prebuild text cache: chunk=18/85 missing=20077
[STAGE] 2026-04-24 00:29:17 prebuild text cache: chunk=19/85 missing=20077
[STAGE] 2026-04-24 00:30:56 prebuild text cache: chunk=20/85 missing=20077
[STAGE] 2026-04-24 00:32:13 prebuild text cache: chunk=21/85 missing=20077
[STAGE] 2026-04-24 00:34:07 prebuild text cache: chunk=22/85 missing=20077
[STAGE] 2026-04-24 00:36:25 prebuild text cache: chunk=23/85 missing=20077
[STAGE] 2026-04-24 00:38:48 prebuild text cache: chunk=24/85 missing=20077
[STAGE] 2026-04-24 00:41:04 prebuild text cache: chunk=25/85 missing=20077
[STAGE] 2026-04-24 00:43:29 prebuild text cache: chunk=26/85 missing=20077
[STAGE] 2026-04-24 00:45:47 prebuild text cache: chunk=27/85 missing=20077
[STAGE] 2026-04-24 00:47:50 prebuild text cache: chunk=28/85 missing=20077
[STAGE] 2026-04-24 00:49:49 prebuild text cache: chunk=29/85 missing=20077
[STAGE] 2026-04-24 00:51:56 prebuild text cache: chunk=30/85 missing=20077
[STAGE] 2026-04-24 00:54:06 prebuild text cache: chunk=31/85 missing=20077
[STAGE] 2026-04-24 00:56:04 prebuild text cache: chunk=32/85 missing=20077
[STAGE] 2026-04-24 00:58:26 prebuild text cache: chunk=33/85 missing=20077
[STAGE] 2026-04-24 01:00:23 prebuild text cache: chunk=34/85 missing=20077
[STAGE] 2026-04-24 01:02:37 prebuild text cache: chunk=35/85 missing=20077
[STAGE] 2026-04-24 01:04:40 prebuild text cache: chunk=36/85 missing=20077
[STAGE] 2026-04-24 01:06:41 prebuild text cache: chunk=37/85 missing=20077
[STAGE] 2026-04-24 01:09:03 prebuild text cache: chunk=38/85 missing=20077
[STAGE] 2026-04-24 01:10:57 prebuild text cache: chunk=39/85 missing=20077
[STAGE] 2026-04-24 01:13:14 prebuild text cache: chunk=40/85 missing=20077
[STAGE] 2026-04-24 01:15:14 prebuild text cache: chunk=41/85 missing=20077
[STAGE] 2026-04-24 01:17:23 prebuild text cache: chunk=42/85 missing=20077
[STAGE] 2026-04-24 01:19:31 prebuild text cache: chunk=43/85 missing=20077
[STAGE] 2026-04-24 01:21:29 prebuild text cache: chunk=44/85 missing=20077
[STAGE] 2026-04-24 01:23:50 prebuild text cache: chunk=45/85 missing=20077
[STAGE] 2026-04-24 01:25:46 prebuild text cache: chunk=46/85 missing=20077
[STAGE] 2026-04-24 01:27:50 prebuild text cache: chunk=47/85 missing=20077
[STAGE] 2026-04-24 01:30:02 prebuild text cache: chunk=48/85 missing=20077
[STAGE] 2026-04-24 01:31:40 prebuild text cache: chunk=49/85 missing=20077
[STAGE] 2026-04-24 01:33:37 prebuild text cache: chunk=50/85 missing=20077
[STAGE] 2026-04-24 01:35:34 prebuild text cache: chunk=51/85 missing=20077
[STAGE] 2026-04-24 01:37:45 prebuild text cache: chunk=52/85 missing=20077
[STAGE] 2026-04-24 01:39:55 prebuild text cache: chunk=53/85 missing=20077
[STAGE] 2026-04-24 01:41:31 prebuild text cache: chunk=54/85 missing=20077
[STAGE] 2026-04-24 01:43:27 prebuild text cache: chunk=55/85 missing=20077
[STAGE] 2026-04-24 01:45:25 prebuild text cache: chunk=56/85 missing=20077
[STAGE] 2026-04-24 01:47:41 prebuild text cache: chunk=57/85 missing=20076
[STAGE] 2026-04-24 01:49:48 prebuild text cache: chunk=58/85 missing=20076
[STAGE] 2026-04-24 01:51:23 prebuild text cache: chunk=59/85 missing=20076
[STAGE] 2026-04-24 01:53:20 prebuild text cache: chunk=60/85 missing=20076
[STAGE] 2026-04-24 01:55:18 prebuild text cache: chunk=61/85 missing=20076
[STAGE] 2026-04-24 01:57:35 prebuild text cache: chunk=62/85 missing=20076
[STAGE] 2026-04-24 01:59:37 prebuild text cache: chunk=63/85 missing=20076
[STAGE] 2026-04-24 02:01:16 prebuild text cache: chunk=64/85 missing=20076
[STAGE] 2026-04-24 02:03:13 prebuild text cache: chunk=65/85 missing=20076
[STAGE] 2026-04-24 02:05:17 prebuild text cache: chunk=66/85 missing=20076
[STAGE] 2026-04-24 02:07:31 prebuild text cache: chunk=67/85 missing=20076
[STAGE] 2026-04-24 02:09:17 prebuild text cache: chunk=68/85 missing=20076
[STAGE] 2026-04-24 02:11:08 prebuild text cache: chunk=69/85 missing=20076
[STAGE] 2026-04-24 02:13:05 prebuild text cache: chunk=70/85 missing=20076
[STAGE] 2026-04-24 02:15:14 prebuild text cache: chunk=71/85 missing=20076
[STAGE] 2026-04-24 02:17:26 prebuild text cache: chunk=72/85 missing=20076
[STAGE] 2026-04-24 02:19:04 prebuild text cache: chunk=73/85 missing=20076
[STAGE] 2026-04-24 02:21:00 prebuild text cache: chunk=74/85 missing=20076
[STAGE] 2026-04-24 02:22:55 prebuild text cache: chunk=75/85 missing=20076
[STAGE] 2026-04-24 02:25:08 prebuild text cache: chunk=76/85 missing=20076
[STAGE] 2026-04-24 02:27:19 prebuild text cache: chunk=77/85 missing=20076
[STAGE] 2026-04-24 02:28:57 prebuild text cache: chunk=78/85 missing=20076
[STAGE] 2026-04-24 02:30:52 prebuild text cache: chunk=79/85 missing=20076
[STAGE] 2026-04-24 02:32:50 prebuild text cache: chunk=80/85 missing=20076
[STAGE] 2026-04-24 02:35:06 prebuild text cache: chunk=81/85 missing=20076
[STAGE] 2026-04-24 02:37:13 prebuild text cache: chunk=82/85 missing=20076
[STAGE] 2026-04-24 02:38:48 prebuild text cache: chunk=83/85 missing=20076
[STAGE] 2026-04-24 02:40:45 prebuild text cache: chunk=84/85 missing=20076
[STAGE] 2026-04-24 02:42:38 prebuild text cache: chunk=85/85 missing=20076
[STAGE] 2026-04-24 02:42:38 text cache prebuild done missing=1706516
[STAGE] 2026-04-24 02:43:08 image raw cache prebuild done missing=416457 loaded=0
[STAGE] 2026-04-24 02:43:08 DONE prebuild raw caches (9736.84s)
[STAGE] 2026-04-24 02:43:08 START train
[STAGE] 2026-04-24 02:43:08 epoch start epoch=1/3 steps_per_epoch=22357 global_step=0/67071
[TRAIN] 2026-04-24 02:43:09 step=1/67071 (0.00%) epoch=1/3 epoch_step=1/22357 (0.00%) loss=0.799945 lr=4.00001e-05 elapsed=00:02 eta=29:09:52 val_mrr=NA
[TRAIN] 2026-04-24 02:43:09 step=2/67071 (0.00%) epoch=1/3 epoch_step=2/22357 (0.01%) loss=0.800237 lr=4.00002e-05 elapsed=00:02 eta=17:00:13 val_mrr=NA
[TRAIN] 2026-04-24 02:43:10 step=3/67071 (0.00%) epoch=1/3 epoch_step=3/22357 (0.01%) loss=0.798877 lr=4.00005e-05 elapsed=00:02 eta=12:33:13 val_mrr=NA
[TRAIN] 2026-04-24 02:43:10 step=4/67071 (0.01%) epoch=1/3 epoch_step=4/22357 (0.02%) loss=0.798109 lr=4.00008e-05 elapsed=00:02 eta=10:11:49 val_mrr=NA
[TRAIN] 2026-04-24 02:43:10 step=5/67071 (0.01%) epoch=1/3 epoch_step=5/22357 (0.02%) loss=0.798307 lr=4.00013e-05 elapsed=00:02 eta=08:42:15 val_mrr=NA
[TRAIN] 2026-04-24 02:43:11 step=10/67071 (0.01%) epoch=1/3 epoch_step=10/22357 (0.04%) loss=0.796530 lr=4.00053e-05 elapsed=00:03 eta=05:34:24 val_mrr=NA
[TRAIN] 2026-04-24 02:43:12 step=20/67071 (0.03%) epoch=1/3 epoch_step=20/22357 (0.09%) loss=0.793217 lr=4.00211e-05 elapsed=00:04 eta=03:58:54 val_mrr=NA
[TRAIN] 2026-04-24 02:43:13 step=30/67071 (0.04%) epoch=1/3 epoch_step=30/22357 (0.13%) loss=0.790875 lr=4.00474e-05 elapsed=00:06 eta=03:25:23 val_mrr=NA
[TRAIN] 2026-04-24 02:43:14 step=40/67071 (0.06%) epoch=1/3 epoch_step=40/22357 (0.18%) loss=0.788894 lr=4.00843e-05 elapsed=00:07 eta=03:09:32 val_mrr=NA
[TRAIN] 2026-04-24 02:43:16 step=50/67071 (0.07%) epoch=1/3 epoch_step=50/22357 (0.22%) loss=0.786155 lr=4.01317e-05 elapsed=00:08 eta=03:09:33 val_mrr=NA
[TRAIN] 2026-04-24 02:43:17 step=60/67071 (0.09%) epoch=1/3 epoch_step=60/22357 (0.27%) loss=0.784229 lr=4.01896e-05 elapsed=00:10 eta=03:02:04 val_mrr=NA
[TRAIN] 2026-04-24 02:43:19 step=70/67071 (0.10%) epoch=1/3 epoch_step=70/22357 (0.31%) loss=0.782366 lr=4.02581e-05 elapsed=00:11 eta=02:56:41 val_mrr=NA
[TRAIN] 2026-04-24 02:43:20 step=80/67071 (0.12%) epoch=1/3 epoch_step=80/22357 (0.36%) loss=0.781083 lr=4.03371e-05 elapsed=00:12 eta=02:52:51 val_mrr=NA
[TRAIN] 2026-04-24 02:43:21 step=90/67071 (0.13%) epoch=1/3 epoch_step=90/22357 (0.40%) loss=0.780059 lr=4.04266e-05 elapsed=00:14 eta=02:49:07 val_mrr=NA
[TRAIN] 2026-04-24 02:43:23 step=100/67071 (0.15%) epoch=1/3 epoch_step=100/22357 (0.45%) loss=0.778093 lr=4.05266e-05 elapsed=00:16 eta=02:54:23 val_mrr=NA
[TRAIN] 2026-04-24 02:43:24 step=110/67071 (0.16%) epoch=1/3 epoch_step=110/22357 (0.49%) loss=0.777153 lr=4.06372e-05 elapsed=00:17 eta=02:51:04 val_mrr=NA
[TRAIN] 2026-04-24 02:43:26 step=120/67071 (0.18%) epoch=1/3 epoch_step=120/22357 (0.54%) loss=0.775458 lr=4.07583e-05 elapsed=00:18 eta=02:48:31 val_mrr=NA
[TRAIN] 2026-04-24 02:43:27 step=130/67071 (0.19%) epoch=1/3 epoch_step=130/22357 (0.58%) loss=0.774801 lr=4.08899e-05 elapsed=00:19 eta=02:46:22 val_mrr=NA
[TRAIN] 2026-04-24 02:43:28 step=140/67071 (0.21%) epoch=1/3 epoch_step=140/22357 (0.63%) loss=0.773883 lr=4.1032e-05 elapsed=00:21 eta=02:44:46 val_mrr=NA
[TRAIN] 2026-04-24 02:43:30 step=150/67071 (0.22%) epoch=1/3 epoch_step=150/22357 (0.67%) loss=0.772112 lr=4.11846e-05 elapsed=00:22 eta=02:45:44 val_mrr=NA
[TRAIN] 2026-04-24 02:43:31 step=160/67071 (0.24%) epoch=1/3 epoch_step=160/22357 (0.72%) loss=0.769087 lr=4.13477e-05 elapsed=00:24 eta=02:44:07 val_mrr=NA
[TRAIN] 2026-04-24 02:43:32 step=170/67071 (0.25%) epoch=1/3 epoch_step=170/22357 (0.76%) loss=0.768142 lr=4.15214e-05 elapsed=00:25 eta=02:42:53 val_mrr=NA
[TRAIN] 2026-04-24 02:43:34 step=180/67071 (0.27%) epoch=1/3 epoch_step=180/22357 (0.81%) loss=0.767117 lr=4.17055e-05 elapsed=00:26 eta=02:41:42 val_mrr=NA
[TRAIN] 2026-04-24 02:43:35 step=190/67071 (0.28%) epoch=1/3 epoch_step=190/22357 (0.85%) loss=0.765923 lr=4.19002e-05 elapsed=00:27 eta=02:40:32 val_mrr=NA
[TRAIN] 2026-04-24 02:43:38 step=200/67071 (0.30%) epoch=1/3 epoch_step=200/22357 (0.89%) loss=0.762864 lr=4.21053e-05 elapsed=00:30 eta=02:47:17 val_mrr=NA
[TRAIN] 2026-04-24 02:43:39 step=210/67071 (0.31%) epoch=1/3 epoch_step=210/22357 (0.94%) loss=0.761969 lr=4.23209e-05 elapsed=00:31 eta=02:45:59 val_mrr=NA
[TRAIN] 2026-04-24 02:43:40 step=220/67071 (0.33%) epoch=1/3 epoch_step=220/22357 (0.98%) loss=0.759026 lr=4.2547e-05 elapsed=00:33 eta=02:44:55 val_mrr=NA
[TRAIN] 2026-04-24 02:43:41 step=230/67071 (0.34%) epoch=1/3 epoch_step=230/22357 (1.03%) loss=0.754934 lr=4.27836e-05 elapsed=00:34 eta=02:43:50 val_mrr=NA
[TRAIN] 2026-04-24 02:43:43 step=240/67071 (0.36%) epoch=1/3 epoch_step=240/22357 (1.07%) loss=0.754696 lr=4.30307e-05 elapsed=00:35 eta=02:42:55 val_mrr=NA
[TRAIN] 2026-04-24 02:43:44 step=250/67071 (0.37%) epoch=1/3 epoch_step=250/22357 (1.12%) loss=0.750496 lr=4.32882e-05 elapsed=00:36 eta=02:41:54 val_mrr=NA
[TRAIN] 2026-04-24 02:43:46 step=260/67071 (0.39%) epoch=1/3 epoch_step=260/22357 (1.16%) loss=0.747740 lr=4.35562e-05 elapsed=00:38 eta=02:42:52 val_mrr=NA
[TRAIN] 2026-04-24 02:43:47 step=270/67071 (0.40%) epoch=1/3 epoch_step=270/22357 (1.21%) loss=0.747651 lr=4.38346e-05 elapsed=00:39 eta=02:42:01 val_mrr=NA
[TRAIN] 2026-04-24 02:43:48 step=280/67071 (0.42%) epoch=1/3 epoch_step=280/22357 (1.25%) loss=0.740564 lr=4.41235e-05 elapsed=00:41 eta=02:41:13 val_mrr=NA
[TRAIN] 2026-04-24 02:43:49 step=290/67071 (0.43%) epoch=1/3 epoch_step=290/22357 (1.30%) loss=0.739836 lr=4.44228e-05 elapsed=00:42 eta=02:40:28 val_mrr=NA
[TRAIN] 2026-04-24 02:43:52 step=300/67071 (0.45%) epoch=1/3 epoch_step=300/22357 (1.34%) loss=0.737692 lr=4.47326e-05 elapsed=00:44 eta=02:44:43 val_mrr=NA
[TRAIN] 2026-04-24 02:43:53 step=310/67071 (0.46%) epoch=1/3 epoch_step=310/22357 (1.39%) loss=0.735649 lr=4.50528e-05 elapsed=00:46 eta=02:44:09 val_mrr=NA
[TRAIN] 2026-04-24 02:43:55 step=320/67071 (0.48%) epoch=1/3 epoch_step=320/22357 (1.43%) loss=0.730343 lr=4.53834e-05 elapsed=00:47 eta=02:43:28 val_mrr=NA
[TRAIN] 2026-04-24 02:43:56 step=330/67071 (0.49%) epoch=1/3 epoch_step=330/22357 (1.48%) loss=0.725298 lr=4.57244e-05 elapsed=00:48 eta=02:42:53 val_mrr=NA
[TRAIN] 2026-04-24 02:43:57 step=340/67071 (0.51%) epoch=1/3 epoch_step=340/22357 (1.52%) loss=0.726283 lr=4.60759e-05 elapsed=00:50 eta=02:42:05 val_mrr=NA
[TRAIN] 2026-04-24 02:43:58 step=350/67071 (0.52%) epoch=1/3 epoch_step=350/22357 (1.57%) loss=0.723927 lr=4.64377e-05 elapsed=00:51 eta=02:41:27 val_mrr=NA
[TRAIN] 2026-04-24 02:44:00 step=360/67071 (0.54%) epoch=1/3 epoch_step=360/22357 (1.61%) loss=0.729155 lr=4.681e-05 elapsed=00:52 eta=02:42:00 val_mrr=NA
[TRAIN] 2026-04-24 02:44:01 step=370/67071 (0.55%) epoch=1/3 epoch_step=370/22357 (1.65%) loss=0.723053 lr=4.71926e-05 elapsed=00:54 eta=02:41:25 val_mrr=NA
[TRAIN] 2026-04-24 02:44:03 step=380/67071 (0.57%) epoch=1/3 epoch_step=380/22357 (1.70%) loss=0.725292 lr=4.75856e-05 elapsed=00:55 eta=02:41:00 val_mrr=NA
[TRAIN] 2026-04-24 02:44:04 step=390/67071 (0.58%) epoch=1/3 epoch_step=390/22357 (1.74%) loss=0.719290 lr=4.7989e-05 elapsed=00:56 eta=02:40:36 val_mrr=NA
[TRAIN] 2026-04-24 02:44:07 step=400/67071 (0.60%) epoch=1/3 epoch_step=400/22357 (1.79%) loss=0.716130 lr=4.84027e-05 elapsed=00:59 eta=02:43:56 val_mrr=NA
[TRAIN] 2026-04-24 02:44:08 step=410/67071 (0.61%) epoch=1/3 epoch_step=410/22357 (1.83%) loss=0.711506 lr=4.88268e-05 elapsed=01:00 eta=02:43:20 val_mrr=NA
[TRAIN] 2026-04-24 02:44:09 step=420/67071 (0.63%) epoch=1/3 epoch_step=420/22357 (1.88%) loss=0.713644 lr=4.92612e-05 elapsed=01:02 eta=02:42:42 val_mrr=NA
[TRAIN] 2026-04-24 02:44:10 step=430/67071 (0.64%) epoch=1/3 epoch_step=430/22357 (1.92%) loss=0.714401 lr=4.9706e-05 elapsed=01:03 eta=02:42:12 val_mrr=NA
[TRAIN] 2026-04-24 02:44:12 step=440/67071 (0.66%) epoch=1/3 epoch_step=440/22357 (1.97%) loss=0.711107 lr=5.0161e-05 elapsed=01:04 eta=02:41:42 val_mrr=NA
[TRAIN] 2026-04-24 02:44:13 step=450/67071 (0.67%) epoch=1/3 epoch_step=450/22357 (2.01%) loss=0.707552 lr=5.06264e-05 elapsed=01:05 eta=02:41:15 val_mrr=NA
[TRAIN] 2026-04-24 02:44:15 step=460/67071 (0.69%) epoch=1/3 epoch_step=460/22357 (2.06%) loss=0.706535 lr=5.11021e-05 elapsed=01:07 eta=02:41:47 val_mrr=NA
[TRAIN] 2026-04-24 02:44:16 step=470/67071 (0.70%) epoch=1/3 epoch_step=470/22357 (2.10%) loss=0.706192 lr=5.15881e-05 elapsed=01:08 eta=02:41:23 val_mrr=NA
[TRAIN] 2026-04-24 02:44:17 step=480/67071 (0.72%) epoch=1/3 epoch_step=480/22357 (2.15%) loss=0.702512 lr=5.20843e-05 elapsed=01:10 eta=02:41:01 val_mrr=NA
[TRAIN] 2026-04-24 02:44:19 step=490/67071 (0.73%) epoch=1/3 epoch_step=490/22357 (2.19%) loss=0.705133 lr=5.25909e-05 elapsed=01:11 eta=02:40:41 val_mrr=NA
[STAGE] 2026-04-24 02:44:20 val prep subsets global=50000 art_art=1986 art_any=50000
[STAGE] 2026-04-24 02:44:20 val prep negatives global=50000 art_art=1986 art_any=50000
[STAGE] 2026-04-24 02:44:20 val prep unique_entities=136259
[STAGE] 2026-04-24 02:44:24 val prep entity_bank_ready unique_entities=136259 emb_dim=256
[STAGE] 2026-04-24 02:44:24 val start step=500 epoch=0 task=relation_ranking subset=global triples=50000 batches=98 eval_batch_size=512
[STAGE] 2026-04-24 02:44:25 val start step=500 epoch=0 task=triple_scoring subset=global triples=50000 batches=98 eval_batch_size=512
[STAGE] 2026-04-24 02:44:25 val start step=500 epoch=0 task=relation_ranking subset=art_art triples=1986 batches=4 eval_batch_size=512
[STAGE] 2026-04-24 02:44:25 val start step=500 epoch=0 task=triple_scoring subset=art_art triples=1986 batches=4 eval_batch_size=512
[STAGE] 2026-04-24 02:44:25 val start step=500 epoch=0 task=relation_ranking subset=art_any triples=50000 batches=98 eval_batch_size=512
[STAGE] 2026-04-24 02:44:26 val start step=500 epoch=0 task=triple_scoring subset=art_any triples=50000 batches=98 eval_batch_size=512
[VAL] 2026-04-24 02:44:26 step=500 epoch=0 mrr=0.656439 aucpr=0.846868 art_art_mrr=0.332757 art_art_aucpr=0.606731 art_any_mrr=0.656439 art_any_aucpr=0.633610
[TRAIN] 2026-04-24 02:44:28 step=500/67071 (0.75%) epoch=1/3 epoch_step=500/22357 (2.24%) loss=0.701926 lr=5.31076e-05 elapsed=01:20 eta=02:58:05 val_mrr=0.656439
[TRAIN] 2026-04-24 02:44:29 step=510/67071 (0.76%) epoch=1/3 epoch_step=510/22357 (2.28%) loss=0.692708 lr=5.36347e-05 elapsed=01:22 eta=02:57:20 val_mrr=0.656439
[TRAIN] 2026-04-24 02:44:30 step=520/67071 (0.78%) epoch=1/3 epoch_step=520/22357 (2.33%) loss=0.696873 lr=5.41719e-05 elapsed=01:23 eta=02:56:35 val_mrr=0.656439
[TRAIN] 2026-04-24 02:44:32 step=530/67071 (0.79%) epoch=1/3 epoch_step=530/22357 (2.37%) loss=0.693429 lr=5.47194e-05 elapsed=01:24 eta=02:55:53 val_mrr=0.656439
[TRAIN] 2026-04-24 02:44:33 step=540/67071 (0.81%) epoch=1/3 epoch_step=540/22357 (2.42%) loss=0.694864 lr=5.52771e-05 elapsed=01:26 eta=02:55:55 val_mrr=0.656439
[TRAIN] 2026-04-24 02:44:35 step=550/67071 (0.82%) epoch=1/3 epoch_step=550/22357 (2.46%) loss=0.700979 lr=5.5845e-05 elapsed=01:27 eta=02:55:11 val_mrr=0.656439
[TRAIN] 2026-04-24 02:44:36 step=560/67071 (0.83%) epoch=1/3 epoch_step=560/22357 (2.50%) loss=0.683836 lr=5.64231e-05 elapsed=01:28 eta=02:54:34 val_mrr=0.656439
[TRAIN] 2026-04-24 02:44:37 step=570/67071 (0.85%) epoch=1/3 epoch_step=570/22357 (2.55%) loss=0.690270 lr=5.70113e-05 elapsed=01:29 eta=02:53:52 val_mrr=0.656439
[TRAIN] 2026-04-24 02:44:38 step=580/67071 (0.86%) epoch=1/3 epoch_step=580/22357 (2.59%) loss=0.687186 lr=5.76098e-05 elapsed=01:31 eta=02:53:15 val_mrr=0.656439
[TRAIN] 2026-04-24 02:44:40 step=590/67071 (0.88%) epoch=1/3 epoch_step=590/22357 (2.64%) loss=0.691439 lr=5.82183e-05 elapsed=01:32 eta=02:52:34 val_mrr=0.656439
[TRAIN] 2026-04-24 02:44:42 step=600/67071 (0.89%) epoch=1/3 epoch_step=600/22357 (2.68%) loss=0.693220 lr=5.8837e-05 elapsed=01:35 eta=02:54:33 val_mrr=0.656439
[TRAIN] 2026-04-24 02:44:43 step=610/67071 (0.91%) epoch=1/3 epoch_step=610/22357 (2.73%) loss=0.679181 lr=5.94658e-05 elapsed=01:36 eta=02:53:55 val_mrr=0.656439
[TRAIN] 2026-04-24 02:44:45 step=620/67071 (0.92%) epoch=1/3 epoch_step=620/22357 (2.77%) loss=0.677900 lr=6.01048e-05 elapsed=01:37 eta=02:53:17 val_mrr=0.656439
[TRAIN] 2026-04-24 02:44:46 step=630/67071 (0.94%) epoch=1/3 epoch_step=630/22357 (2.82%) loss=0.684510 lr=6.07538e-05 elapsed=01:38 eta=02:52:48 val_mrr=0.656439
[TRAIN] 2026-04-24 02:44:48 step=640/67071 (0.95%) epoch=1/3 epoch_step=640/22357 (2.86%) loss=0.684069 lr=6.14129e-05 elapsed=01:40 eta=02:52:54 val_mrr=0.656439
[TRAIN] 2026-04-24 02:44:49 step=650/67071 (0.97%) epoch=1/3 epoch_step=650/22357 (2.91%) loss=0.678022 lr=6.2082e-05 elapsed=01:41 eta=02:52:18 val_mrr=0.656439
[TRAIN] 2026-04-24 02:44:50 step=660/67071 (0.98%) epoch=1/3 epoch_step=660/22357 (2.95%) loss=0.677590 lr=6.27613e-05 elapsed=01:42 eta=02:51:47 val_mrr=0.656439
[TRAIN] 2026-04-24 02:44:51 step=670/67071 (1.00%) epoch=1/3 epoch_step=670/22357 (3.00%) loss=0.679729 lr=6.34505e-05 elapsed=01:44 eta=02:51:14 val_mrr=0.656439
[TRAIN] 2026-04-24 02:44:53 step=680/67071 (1.01%) epoch=1/3 epoch_step=680/22357 (3.04%) loss=0.677976 lr=6.41498e-05 elapsed=01:45 eta=02:50:45 val_mrr=0.656439
[TRAIN] 2026-04-24 02:44:54 step=690/67071 (1.03%) epoch=1/3 epoch_step=690/22357 (3.09%) loss=0.677825 lr=6.4859e-05 elapsed=01:46 eta=02:50:17 val_mrr=0.656439
[TRAIN] 2026-04-24 02:44:56 step=700/67071 (1.04%) epoch=1/3 epoch_step=700/22357 (3.13%) loss=0.674011 lr=6.55783e-05 elapsed=01:49 eta=02:52:02 val_mrr=0.656439
[TRAIN] 2026-04-24 02:44:58 step=710/67071 (1.06%) epoch=1/3 epoch_step=710/22357 (3.18%) loss=0.666106 lr=6.63075e-05 elapsed=01:50 eta=02:51:32 val_mrr=0.656439
[TRAIN] 2026-04-24 02:44:59 step=720/67071 (1.07%) epoch=1/3 epoch_step=720/22357 (3.22%) loss=0.665821 lr=6.70467e-05 elapsed=01:51 eta=02:51:01 val_mrr=0.656439
[TRAIN] 2026-04-24 02:45:00 step=730/67071 (1.09%) epoch=1/3 epoch_step=730/22357 (3.27%) loss=0.653323 lr=6.77958e-05 elapsed=01:53 eta=02:50:37 val_mrr=0.656439
[TRAIN] 2026-04-24 02:45:01 step=740/67071 (1.10%) epoch=1/3 epoch_step=740/22357 (3.31%) loss=0.671795 lr=6.85549e-05 elapsed=01:54 eta=02:50:07 val_mrr=0.656439
[TRAIN] 2026-04-24 02:45:03 step=750/67071 (1.12%) epoch=1/3 epoch_step=750/22357 (3.35%) loss=0.664098 lr=6.93239e-05 elapsed=01:55 eta=02:50:12 val_mrr=0.656439
[TRAIN] 2026-04-24 02:45:04 step=760/67071 (1.13%) epoch=1/3 epoch_step=760/22357 (3.40%) loss=0.672979 lr=7.01027e-05 elapsed=01:57 eta=02:49:47 val_mrr=0.656439
[TRAIN] 2026-04-24 02:45:06 step=770/67071 (1.15%) epoch=1/3 epoch_step=770/22357 (3.44%) loss=0.658366 lr=7.08914e-05 elapsed=01:58 eta=02:49:21 val_mrr=0.656439
[TRAIN] 2026-04-24 02:45:07 step=780/67071 (1.16%) epoch=1/3 epoch_step=780/22357 (3.49%) loss=0.653672 lr=7.169e-05 elapsed=01:59 eta=02:48:52 val_mrr=0.656439
[TRAIN] 2026-04-24 02:45:08 step=790/67071 (1.18%) epoch=1/3 epoch_step=790/22357 (3.53%) loss=0.662580 lr=7.24984e-05 elapsed=02:00 eta=02:48:27 val_mrr=0.656439
[TRAIN] 2026-04-24 02:45:11 step=800/67071 (1.19%) epoch=1/3 epoch_step=800/22357 (3.58%) loss=0.651318 lr=7.33167e-05 elapsed=02:03 eta=02:49:48 val_mrr=0.656439
[TRAIN] 2026-04-24 02:45:12 step=810/67071 (1.21%) epoch=1/3 epoch_step=810/22357 (3.62%) loss=0.650248 lr=7.41447e-05 elapsed=02:04 eta=02:49:21 val_mrr=0.656439
[TRAIN] 2026-04-24 02:45:13 step=820/67071 (1.22%) epoch=1/3 epoch_step=820/22357 (3.67%) loss=0.656701 lr=7.49825e-05 elapsed=02:05 eta=02:48:52 val_mrr=0.656439
[TRAIN] 2026-04-24 02:45:14 step=830/67071 (1.24%) epoch=1/3 epoch_step=830/22357 (3.71%) loss=0.647039 lr=7.58301e-05 elapsed=02:07 eta=02:48:23 val_mrr=0.656439
[TRAIN] 2026-04-24 02:45:15 step=840/67071 (1.25%) epoch=1/3 epoch_step=840/22357 (3.76%) loss=0.657380 lr=7.66875e-05 elapsed=02:08 eta=02:47:54 val_mrr=0.656439
[TRAIN] 2026-04-24 02:45:17 step=850/67071 (1.27%) epoch=1/3 epoch_step=850/22357 (3.80%) loss=0.655461 lr=7.75546e-05 elapsed=02:09 eta=02:47:26 val_mrr=0.656439
[TRAIN] 2026-04-24 02:45:18 step=860/67071 (1.28%) epoch=1/3 epoch_step=860/22357 (3.85%) loss=0.661361 lr=7.84313e-05 elapsed=02:10 eta=02:47:26 val_mrr=0.656439
[TRAIN] 2026-04-24 02:45:19 step=870/67071 (1.30%) epoch=1/3 epoch_step=870/22357 (3.89%) loss=0.651037 lr=7.93178e-05 elapsed=02:12 eta=02:47:00 val_mrr=0.656439
[TRAIN] 2026-04-24 02:45:21 step=880/67071 (1.31%) epoch=1/3 epoch_step=880/22357 (3.94%) loss=0.645596 lr=8.0214e-05 elapsed=02:13 eta=02:46:40 val_mrr=0.656439
[TRAIN] 2026-04-24 02:45:22 step=890/67071 (1.33%) epoch=1/3 epoch_step=890/22357 (3.98%) loss=0.646670 lr=8.11198e-05 elapsed=02:14 eta=02:46:16 val_mrr=0.656439
[TRAIN] 2026-04-24 02:45:24 step=900/67071 (1.34%) epoch=1/3 epoch_step=900/22357 (4.03%) loss=0.642206 lr=8.20352e-05 elapsed=02:17 eta=02:47:36 val_mrr=0.656439
[TRAIN] 2026-04-24 02:45:26 step=910/67071 (1.36%) epoch=1/3 epoch_step=910/22357 (4.07%) loss=0.647929 lr=8.29602e-05 elapsed=02:18 eta=02:47:14 val_mrr=0.656439
[TRAIN] 2026-04-24 02:45:27 step=920/67071 (1.37%) epoch=1/3 epoch_step=920/22357 (4.12%) loss=0.644303 lr=8.38948e-05 elapsed=02:19 eta=02:46:52 val_mrr=0.656439
[TRAIN] 2026-04-24 02:45:28 step=930/67071 (1.39%) epoch=1/3 epoch_step=930/22357 (4.16%) loss=0.648094 lr=8.4839e-05 elapsed=02:21 eta=02:46:34 val_mrr=0.656439
[TRAIN] 2026-04-24 02:45:29 step=940/67071 (1.40%) epoch=1/3 epoch_step=940/22357 (4.20%) loss=0.644795 lr=8.57928e-05 elapsed=02:22 eta=02:46:14 val_mrr=0.656439
[TRAIN] 2026-04-24 02:45:31 step=950/67071 (1.42%) epoch=1/3 epoch_step=950/22357 (4.25%) loss=0.639072 lr=8.67561e-05 elapsed=02:23 eta=02:46:19 val_mrr=0.656439
[TRAIN] 2026-04-24 02:45:32 step=960/67071 (1.43%) epoch=1/3 epoch_step=960/22357 (4.29%) loss=0.640987 lr=8.77289e-05 elapsed=02:25 eta=02:45:59 val_mrr=0.656439
[TRAIN] 2026-04-24 02:45:33 step=970/67071 (1.45%) epoch=1/3 epoch_step=970/22357 (4.34%) loss=0.636808 lr=8.87111e-05 elapsed=02:26 eta=02:45:40 val_mrr=0.656439
[TRAIN] 2026-04-24 02:45:35 step=980/67071 (1.46%) epoch=1/3 epoch_step=980/22357 (4.38%) loss=0.635718 lr=8.97029e-05 elapsed=02:27 eta=02:45:20 val_mrr=0.656439
[TRAIN] 2026-04-24 02:45:36 step=990/67071 (1.48%) epoch=1/3 epoch_step=990/22357 (4.43%) loss=0.639403 lr=9.07041e-05 elapsed=02:28 eta=02:45:03 val_mrr=0.656439
[STAGE] 2026-04-24 02:45:37 val prep subsets global=50000 art_art=1986 art_any=50000
[STAGE] 2026-04-24 02:45:38 val prep negatives global=50000 art_art=1986 art_any=50000
[STAGE] 2026-04-24 02:45:38 val prep unique_entities=136196
[STAGE] 2026-04-24 02:45:41 val prep entity_bank_ready unique_entities=136196 emb_dim=256
[STAGE] 2026-04-24 02:45:41 val start step=1000 epoch=0 task=relation_ranking subset=global triples=50000 batches=98 eval_batch_size=512
[STAGE] 2026-04-24 02:45:42 val start step=1000 epoch=0 task=triple_scoring subset=global triples=50000 batches=98 eval_batch_size=512
[STAGE] 2026-04-24 02:45:42 val start step=1000 epoch=0 task=relation_ranking subset=art_art triples=1986 batches=4 eval_batch_size=512
[STAGE] 2026-04-24 02:45:42 val start step=1000 epoch=0 task=triple_scoring subset=art_art triples=1986 batches=4 eval_batch_size=512
[STAGE] 2026-04-24 02:45:42 val start step=1000 epoch=0 task=relation_ranking subset=art_any triples=50000 batches=98 eval_batch_size=512
[STAGE] 2026-04-24 02:45:43 val start step=1000 epoch=0 task=triple_scoring subset=art_any triples=50000 batches=98 eval_batch_size=512
[VAL] 2026-04-24 02:45:43 step=1000 epoch=0 mrr=0.743288 aucpr=0.875131 art_art_mrr=0.378966 art_art_aucpr=0.647733 art_any_mrr=0.743288 art_any_aucpr=0.670042
[TRAIN] 2026-04-24 02:45:46 step=1000/67071 (1.49%) epoch=1/3 epoch_step=1000/22357 (4.47%) loss=0.630646 lr=9.17147e-05 elapsed=02:38 eta=02:54:32 val_mrr=0.743288
[TRAIN] 2026-04-24 02:45:47 step=1010/67071 (1.51%) epoch=1/3 epoch_step=1010/22357 (4.52%) loss=0.628975 lr=9.27347e-05 elapsed=02:40 eta=02:54:07 val_mrr=0.743288
[TRAIN] 2026-04-24 02:45:49 step=1020/67071 (1.52%) epoch=1/3 epoch_step=1020/22357 (4.56%) loss=0.626019 lr=9.37641e-05 elapsed=02:41 eta=02:53:45 val_mrr=0.743288
[TRAIN] 2026-04-24 02:45:50 step=1030/67071 (1.54%) epoch=1/3 epoch_step=1030/22357 (4.61%) loss=0.634431 lr=9.48028e-05 elapsed=02:42 eta=02:53:23 val_mrr=0.743288
[TRAIN] 2026-04-24 02:45:52 step=1040/67071 (1.55%) epoch=1/3 epoch_step=1040/22357 (4.65%) loss=0.633198 lr=9.58509e-05 elapsed=02:44 eta=02:53:25 val_mrr=0.743288
[TRAIN] 2026-04-24 02:45:53 step=1050/67071 (1.57%) epoch=1/3 epoch_step=1050/22357 (4.70%) loss=0.624763 lr=9.69082e-05 elapsed=02:45 eta=02:53:02 val_mrr=0.743288
[TRAIN] 2026-04-24 02:45:54 step=1060/67071 (1.58%) epoch=1/3 epoch_step=1060/22357 (4.74%) loss=0.624708 lr=9.79749e-05 elapsed=02:46 eta=02:52:40 val_mrr=0.743288
[TRAIN] 2026-04-24 02:45:55 step=1070/67071 (1.60%) epoch=1/3 epoch_step=1070/22357 (4.79%) loss=0.633939 lr=9.90508e-05 elapsed=02:48 eta=02:52:20 val_mrr=0.743288
[TRAIN] 2026-04-24 02:45:57 step=1080/67071 (1.61%) epoch=1/3 epoch_step=1080/22357 (4.83%) loss=0.623093 lr=0.000100136 elapsed=02:49 eta=02:52:01 val_mrr=0.743288
[TRAIN] 2026-04-24 02:45:58 step=1090/67071 (1.63%) epoch=1/3 epoch_step=1090/22357 (4.88%) loss=0.626025 lr=0.00010123 elapsed=02:50 eta=02:51:40 val_mrr=0.743288
[TRAIN] 2026-04-24 02:46:00 step=1100/67071 (1.64%) epoch=1/3 epoch_step=1100/22357 (4.92%) loss=0.624355 lr=0.000102334 elapsed=02:53 eta=02:52:42 val_mrr=0.743288
[TRAIN] 2026-04-24 02:46:02 step=1110/67071 (1.65%) epoch=1/3 epoch_step=1110/22357 (4.96%) loss=0.621968 lr=0.000103447 elapsed=02:54 eta=02:52:24 val_mrr=0.743288
[TRAIN] 2026-04-24 02:46:03 step=1120/67071 (1.67%) epoch=1/3 epoch_step=1120/22357 (5.01%) loss=0.618683 lr=0.000104569 elapsed=02:55 eta=02:52:03 val_mrr=0.743288
[TRAIN] 2026-04-24 02:46:04 step=1130/67071 (1.68%) epoch=1/3 epoch_step=1130/22357 (5.05%) loss=0.625202 lr=0.0001057 elapsed=02:57 eta=02:51:42 val_mrr=0.743288
[TRAIN] 2026-04-24 02:46:06 step=1140/67071 (1.70%) epoch=1/3 epoch_step=1140/22357 (5.10%) loss=0.624579 lr=0.00010684 elapsed=02:58 eta=02:51:44 val_mrr=0.743288
[TRAIN] 2026-04-24 02:46:07 step=1150/67071 (1.71%) epoch=1/3 epoch_step=1150/22357 (5.14%) loss=0.614482 lr=0.000107989 elapsed=02:59 eta=02:51:24 val_mrr=0.743288
[TRAIN] 2026-04-24 02:46:08 step=1160/67071 (1.73%) epoch=1/3 epoch_step=1160/22357 (5.19%) loss=0.616172 lr=0.000109147 elapsed=03:01 eta=02:51:04 val_mrr=0.743288
[TRAIN] 2026-04-24 02:46:10 step=1170/67071 (1.74%) epoch=1/3 epoch_step=1170/22357 (5.23%) loss=0.612456 lr=0.000110314 elapsed=03:02 eta=02:50:46 val_mrr=0.743288
[TRAIN] 2026-04-24 02:46:11 step=1180/67071 (1.76%) epoch=1/3 epoch_step=1180/22357 (5.28%) loss=0.607172 lr=0.00011149 elapsed=03:03 eta=02:50:29 val_mrr=0.743288
[TRAIN] 2026-04-24 02:46:12 step=1190/67071 (1.77%) epoch=1/3 epoch_step=1190/22357 (5.32%) loss=0.619793 lr=0.000112676 elapsed=03:04 eta=02:50:09 val_mrr=0.743288
[TRAIN] 2026-04-24 02:46:15 step=1200/67071 (1.79%) epoch=1/3 epoch_step=1200/22357 (5.37%) loss=0.604447 lr=0.00011387 elapsed=03:07 eta=02:51:11 val_mrr=0.743288
[TRAIN] 2026-04-24 02:46:16 step=1210/67071 (1.80%) epoch=1/3 epoch_step=1210/22357 (5.41%) loss=0.617921 lr=0.000115073 elapsed=03:08 eta=02:50:58 val_mrr=0.743288
[TRAIN] 2026-04-24 02:46:17 step=1220/67071 (1.82%) epoch=1/3 epoch_step=1220/22357 (5.46%) loss=0.608944 lr=0.000116285 elapsed=03:10 eta=02:50:41 val_mrr=0.743288
[TRAIN] 2026-04-24 02:46:19 step=1230/67071 (1.83%) epoch=1/3 epoch_step=1230/22357 (5.50%) loss=0.606988 lr=0.000117505 elapsed=03:11 eta=02:50:26 val_mrr=0.743288
[TRAIN] 2026-04-24 02:46:20 step=1240/67071 (1.85%) epoch=1/3 epoch_step=1240/22357 (5.55%) loss=0.605351 lr=0.000118735 elapsed=03:12 eta=02:50:07 val_mrr=0.743288
[TRAIN] 2026-04-24 02:46:22 step=1250/67071 (1.86%) epoch=1/3 epoch_step=1250/22357 (5.59%) loss=0.607411 lr=0.000119973 elapsed=03:14 eta=02:50:13 val_mrr=0.743288
[TRAIN] 2026-04-24 02:46:23 step=1260/67071 (1.88%) epoch=1/3 epoch_step=1260/22357 (5.64%) loss=0.601462 lr=0.00012122 elapsed=03:15 eta=02:49:55 val_mrr=0.743288
[TRAIN] 2026-04-24 02:46:24 step=1270/67071 (1.89%) epoch=1/3 epoch_step=1270/22357 (5.68%) loss=0.608041 lr=0.000122476 elapsed=03:16 eta=02:49:40 val_mrr=0.743288
[TRAIN] 2026-04-24 02:46:25 step=1280/67071 (1.91%) epoch=1/3 epoch_step=1280/22357 (5.73%) loss=0.599985 lr=0.000123741 elapsed=03:18 eta=02:49:23 val_mrr=0.743288
[TRAIN] 2026-04-24 02:46:27 step=1290/67071 (1.92%) epoch=1/3 epoch_step=1290/22357 (5.77%) loss=0.607069 lr=0.000125014 elapsed=03:19 eta=02:49:08 val_mrr=0.743288
[TRAIN] 2026-04-24 02:46:29 step=1300/67071 (1.94%) epoch=1/3 epoch_step=1300/22357 (5.81%) loss=0.600187 lr=0.000126296 elapsed=03:22 eta=02:50:06 val_mrr=0.743288
[TRAIN] 2026-04-24 02:46:31 step=1310/67071 (1.95%) epoch=1/3 epoch_step=1310/22357 (5.86%) loss=0.612817 lr=0.000127587 elapsed=03:23 eta=02:49:50 val_mrr=0.743288
[TRAIN] 2026-04-24 02:46:32 step=1320/67071 (1.97%) epoch=1/3 epoch_step=1320/22357 (5.90%) loss=0.598454 lr=0.000128886 elapsed=03:24 eta=02:49:34 val_mrr=0.743288
[TRAIN] 2026-04-24 02:46:33 step=1330/67071 (1.98%) epoch=1/3 epoch_step=1330/22357 (5.95%) loss=0.598659 lr=0.000130194 elapsed=03:26 eta=02:49:18 val_mrr=0.743288
[TRAIN] 2026-04-24 02:46:34 step=1340/67071 (2.00%) epoch=1/3 epoch_step=1340/22357 (5.99%) loss=0.598097 lr=0.000131511 elapsed=03:27 eta=02:49:03 val_mrr=0.743288
[TRAIN] 2026-04-24 02:46:36 step=1350/67071 (2.01%) epoch=1/3 epoch_step=1350/22357 (6.04%) loss=0.599225 lr=0.000132836 elapsed=03:28 eta=02:49:07 val_mrr=0.743288
[TRAIN] 2026-04-24 02:46:37 step=1360/67071 (2.03%) epoch=1/3 epoch_step=1360/22357 (6.08%) loss=0.611340 lr=0.000134169 elapsed=03:30 eta=02:48:51 val_mrr=0.743288
[TRAIN] 2026-04-24 02:46:39 step=1370/67071 (2.04%) epoch=1/3 epoch_step=1370/22357 (6.13%) loss=0.592283 lr=0.000135511 elapsed=03:31 eta=02:48:43 val_mrr=0.743288
[TRAIN] 2026-04-24 02:46:40 step=1380/67071 (2.06%) epoch=1/3 epoch_step=1380/22357 (6.17%) loss=0.601035 lr=0.000136861 elapsed=03:32 eta=02:48:26 val_mrr=0.743288
[TRAIN] 2026-04-24 02:46:41 step=1390/67071 (2.07%) epoch=1/3 epoch_step=1390/22357 (6.22%) loss=0.595358 lr=0.00013822 elapsed=03:34 eta=02:48:10 val_mrr=0.743288
[TRAIN] 2026-04-24 02:46:44 step=1400/67071 (2.09%) epoch=1/3 epoch_step=1400/22357 (6.26%) loss=0.590477 lr=0.000139587 elapsed=03:36 eta=02:48:58 val_mrr=0.743288
[TRAIN] 2026-04-24 02:46:45 step=1410/67071 (2.10%) epoch=1/3 epoch_step=1410/22357 (6.31%) loss=0.594804 lr=0.000140963 elapsed=03:37 eta=02:48:45 val_mrr=0.743288
[TRAIN] 2026-04-24 02:46:46 step=1420/67071 (2.12%) epoch=1/3 epoch_step=1420/22357 (6.35%) loss=0.605770 lr=0.000142346 elapsed=03:39 eta=02:48:31 val_mrr=0.743288
[TRAIN] 2026-04-24 02:46:48 step=1430/67071 (2.13%) epoch=1/3 epoch_step=1430/22357 (6.40%) loss=0.585946 lr=0.000143739 elapsed=03:40 eta=02:48:17 val_mrr=0.743288
[TRAIN] 2026-04-24 02:46:49 step=1440/67071 (2.15%) epoch=1/3 epoch_step=1440/22357 (6.44%) loss=0.590443 lr=0.000145139 elapsed=03:41 eta=02:48:01 val_mrr=0.743288
[TRAIN] 2026-04-24 02:46:50 step=1450/67071 (2.16%) epoch=1/3 epoch_step=1450/22357 (6.49%) loss=0.601951 lr=0.000146547 elapsed=03:42 eta=02:47:47 val_mrr=0.743288
[TRAIN] 2026-04-24 02:46:52 step=1460/67071 (2.18%) epoch=1/3 epoch_step=1460/22357 (6.53%) loss=0.598166 lr=0.000147964 elapsed=03:44 eta=02:47:53 val_mrr=0.743288
[TRAIN] 2026-04-24 02:46:53 step=1470/67071 (2.19%) epoch=1/3 epoch_step=1470/22357 (6.58%) loss=0.588617 lr=0.000149389 elapsed=03:45 eta=02:47:38 val_mrr=0.743288
[TRAIN] 2026-04-24 02:46:54 step=1480/67071 (2.21%) epoch=1/3 epoch_step=1480/22357 (6.62%) loss=0.588988 lr=0.000150822 elapsed=03:47 eta=02:47:25 val_mrr=0.743288
[TRAIN] 2026-04-24 02:46:56 step=1490/67071 (2.22%) epoch=1/3 epoch_step=1490/22357 (6.66%) loss=0.588133 lr=0.000152263 elapsed=03:48 eta=02:47:11 val_mrr=0.743288
[STAGE] 2026-04-24 02:46:57 val prep subsets global=50000 art_art=1986 art_any=50000
[STAGE] 2026-04-24 02:46:57 val prep negatives global=50000 art_art=1986 art_any=50000
[STAGE] 2026-04-24 02:46:57 val prep unique_entities=136219
[STAGE] 2026-04-24 02:47:01 val prep entity_bank_ready unique_entities=136219 emb_dim=256
[STAGE] 2026-04-24 02:47:01 val start step=1500 epoch=0 task=relation_ranking subset=global triples=50000 batches=98 eval_batch_size=512
[STAGE] 2026-04-24 02:47:02 val start step=1500 epoch=0 task=triple_scoring subset=global triples=50000 batches=98 eval_batch_size=512
[STAGE] 2026-04-24 02:47:02 val start step=1500 epoch=0 task=relation_ranking subset=art_art triples=1986 batches=4 eval_batch_size=512
[STAGE] 2026-04-24 02:47:02 val start step=1500 epoch=0 task=triple_scoring subset=art_art triples=1986 batches=4 eval_batch_size=512
[STAGE] 2026-04-24 02:47:02 val start step=1500 epoch=0 task=relation_ranking subset=art_any triples=50000 batches=98 eval_batch_size=512
[STAGE] 2026-04-24 02:47:03 val start step=1500 epoch=0 task=triple_scoring subset=art_any triples=50000 batches=98 eval_batch_size=512
[VAL] 2026-04-24 02:47:03 step=1500 epoch=0 mrr=0.775069 aucpr=0.893917 art_art_mrr=0.349378 art_art_aucpr=0.646554 art_any_mrr=0.775072 art_any_aucpr=0.709169
[TRAIN] 2026-04-24 02:47:06 step=1500/67071 (2.24%) epoch=1/3 epoch_step=1500/22357 (6.71%) loss=0.598706 lr=0.000153713 elapsed=03:58 eta=02:53:28 val_mrr=0.775069
[TRAIN] 2026-04-24 02:47:07 step=1510/67071 (2.25%) epoch=1/3 epoch_step=1510/22357 (6.75%) loss=0.598172 lr=0.00015517 elapsed=03:59 eta=02:53:13 val_mrr=0.775069
[TRAIN] 2026-04-24 02:47:08 step=1520/67071 (2.27%) epoch=1/3 epoch_step=1520/22357 (6.80%) loss=0.587444 lr=0.000156635 elapsed=04:01 eta=02:52:57 val_mrr=0.775069
[TRAIN] 2026-04-24 02:47:09 step=1530/67071 (2.28%) epoch=1/3 epoch_step=1530/22357 (6.84%) loss=0.592707 lr=0.000158108 elapsed=04:02 eta=02:52:40 val_mrr=0.775069
[TRAIN] 2026-04-24 02:47:11 step=1540/67071 (2.30%) epoch=1/3 epoch_step=1540/22357 (6.89%) loss=0.589866 lr=0.00015959 elapsed=04:03 eta=02:52:40 val_mrr=0.775069
[TRAIN] 2026-04-24 02:47:12 step=1550/67071 (2.31%) epoch=1/3 epoch_step=1550/22357 (6.93%) loss=0.585623 lr=0.000161079 elapsed=04:05 eta=02:52:26 val_mrr=0.775069
[TRAIN] 2026-04-24 02:47:14 step=1560/67071 (2.33%) epoch=1/3 epoch_step=1560/22357 (6.98%) loss=0.599301 lr=0.000162576 elapsed=04:06 eta=02:52:10 val_mrr=0.775069
[TRAIN] 2026-04-24 02:47:15 step=1570/67071 (2.34%) epoch=1/3 epoch_step=1570/22357 (7.02%) loss=0.592206 lr=0.00016408 elapsed=04:07 eta=02:51:53 val_mrr=0.775069
[TRAIN] 2026-04-24 02:47:16 step=1580/67071 (2.36%) epoch=1/3 epoch_step=1580/22357 (7.07%) loss=0.587379 lr=0.000165593 elapsed=04:08 eta=02:51:39 val_mrr=0.775069
[TRAIN] 2026-04-24 02:47:17 step=1590/67071 (2.37%) epoch=1/3 epoch_step=1590/22357 (7.11%) loss=0.581944 lr=0.000167114 elapsed=04:10 eta=02:51:23 val_mrr=0.775069
[TRAIN] 2026-04-24 02:47:20 step=1600/67071 (2.39%) epoch=1/3 epoch_step=1600/22357 (7.16%) loss=0.588450 lr=0.000168642 elapsed=04:12 eta=02:52:02 val_mrr=0.775069
[TRAIN] 2026-04-24 02:47:21 step=1610/67071 (2.40%) epoch=1/3 epoch_step=1610/22357 (7.20%) loss=0.586114 lr=0.000170178 elapsed=04:14 eta=02:51:48 val_mrr=0.775069
[TRAIN] 2026-04-24 02:47:22 step=1620/67071 (2.42%) epoch=1/3 epoch_step=1620/22357 (7.25%) loss=0.586744 lr=0.000171721 elapsed=04:15 eta=02:51:33 val_mrr=0.775069
[TRAIN] 2026-04-24 02:47:24 step=1630/67071 (2.43%) epoch=1/3 epoch_step=1630/22357 (7.29%) loss=0.574651 lr=0.000173272 elapsed=04:16 eta=02:51:17 val_mrr=0.775069
[TRAIN] 2026-04-24 02:47:25 step=1640/67071 (2.45%) epoch=1/3 epoch_step=1640/22357 (7.34%) loss=0.580536 lr=0.000174831 elapsed=04:17 eta=02:51:05 val_mrr=0.775069
[TRAIN] 2026-04-24 02:47:27 step=1650/67071 (2.46%) epoch=1/3 epoch_step=1650/22357 (7.38%) loss=0.574186 lr=0.000176397 elapsed=04:19 eta=02:51:05 val_mrr=0.775069
[TRAIN] 2026-04-24 02:47:28 step=1660/67071 (2.47%) epoch=1/3 epoch_step=1660/22357 (7.42%) loss=0.583866 lr=0.000177971 elapsed=04:20 eta=02:50:49 val_mrr=0.775069
[TRAIN] 2026-04-24 02:47:29 step=1670/67071 (2.49%) epoch=1/3 epoch_step=1670/22357 (7.47%) loss=0.589465 lr=0.000179553 elapsed=04:21 eta=02:50:36 val_mrr=0.775069
[TRAIN] 2026-04-24 02:47:30 step=1680/67071 (2.50%) epoch=1/3 epoch_step=1680/22357 (7.51%) loss=0.585261 lr=0.000181142 elapsed=04:23 eta=02:50:21 val_mrr=0.775069
[TRAIN] 2026-04-24 02:47:31 step=1690/67071 (2.52%) epoch=1/3 epoch_step=1690/22357 (7.56%) loss=0.589971 lr=0.000182738 elapsed=04:24 eta=02:50:08 val_mrr=0.775069
[TRAIN] 2026-04-24 02:47:34 step=1700/67071 (2.53%) epoch=1/3 epoch_step=1700/22357 (7.60%) loss=0.592930 lr=0.000184342 elapsed=04:26 eta=02:50:45 val_mrr=0.775069
[TRAIN] 2026-04-24 02:47:35 step=1710/67071 (2.55%) epoch=1/3 epoch_step=1710/22357 (7.65%) loss=0.570825 lr=0.000185953 elapsed=04:28 eta=02:50:31 val_mrr=0.775069
[TRAIN] 2026-04-24 02:47:36 step=1720/67071 (2.56%) epoch=1/3 epoch_step=1720/22357 (7.69%) loss=0.586952 lr=0.000187571 elapsed=04:29 eta=02:50:15 val_mrr=0.775069
[TRAIN] 2026-04-24 02:47:38 step=1730/67071 (2.58%) epoch=1/3 epoch_step=1730/22357 (7.74%) loss=0.590228 lr=0.000189197 elapsed=04:30 eta=02:49:59 val_mrr=0.775069
[TRAIN] 2026-04-24 02:47:39 step=1740/67071 (2.59%) epoch=1/3 epoch_step=1740/22357 (7.78%) loss=0.579510 lr=0.00019083 elapsed=04:31 eta=02:49:45 val_mrr=0.775069
[TRAIN] 2026-04-24 02:47:40 step=1750/67071 (2.61%) epoch=1/3 epoch_step=1750/22357 (7.83%) loss=0.588476 lr=0.00019247 elapsed=04:33 eta=02:49:41 val_mrr=0.775069
[TRAIN] 2026-04-24 02:47:42 step=1760/67071 (2.62%) epoch=1/3 epoch_step=1760/22357 (7.87%) loss=0.585785 lr=0.000194118 elapsed=04:34 eta=02:49:29 val_mrr=0.775069
[TRAIN] 2026-04-24 02:47:43 step=1770/67071 (2.64%) epoch=1/3 epoch_step=1770/22357 (7.92%) loss=0.585290 lr=0.000195772 elapsed=04:35 eta=02:49:15 val_mrr=0.775069
[TRAIN] 2026-04-24 02:47:44 step=1780/67071 (2.65%) epoch=1/3 epoch_step=1780/22357 (7.96%) loss=0.572416 lr=0.000197434 elapsed=04:37 eta=02:49:04 val_mrr=0.775069
[TRAIN] 2026-04-24 02:47:45 step=1790/67071 (2.67%) epoch=1/3 epoch_step=1790/22357 (8.01%) loss=0.581502 lr=0.000199103 elapsed=04:38 eta=02:48:51 val_mrr=0.775069
[TRAIN] 2026-04-24 02:47:48 step=1800/67071 (2.68%) epoch=1/3 epoch_step=1800/22357 (8.05%) loss=0.578968 lr=0.000200778 elapsed=04:40 eta=02:49:30 val_mrr=0.775069
[TRAIN] 2026-04-24 02:47:49 step=1810/67071 (2.70%) epoch=1/3 epoch_step=1810/22357 (8.10%) loss=0.585823 lr=0.000202461 elapsed=04:42 eta=02:49:18 val_mrr=0.775069
[TRAIN] 2026-04-24 02:47:51 step=1820/67071 (2.71%) epoch=1/3 epoch_step=1820/22357 (8.14%) loss=0.572174 lr=0.000204151 elapsed=04:43 eta=02:49:06 val_mrr=0.775069
[TRAIN] 2026-04-24 02:47:52 step=1830/67071 (2.73%) epoch=1/3 epoch_step=1830/22357 (8.19%) loss=0.581691 lr=0.000205848 elapsed=04:44 eta=02:48:54 val_mrr=0.775069
[TRAIN] 2026-04-24 02:47:53 step=1840/67071 (2.74%) epoch=1/3 epoch_step=1840/22357 (8.23%) loss=0.576029 lr=0.000207551 elapsed=04:46 eta=02:48:43 val_mrr=0.775069
[TRAIN] 2026-04-24 02:47:54 step=1850/67071 (2.76%) epoch=1/3 epoch_step=1850/22357 (8.27%) loss=0.576322 lr=0.000209262 elapsed=04:47 eta=02:48:31 val_mrr=0.775069
[TRAIN] 2026-04-24 02:47:56 step=1860/67071 (2.77%) epoch=1/3 epoch_step=1860/22357 (8.32%) loss=0.576866 lr=0.000210979 elapsed=04:48 eta=02:48:34 val_mrr=0.775069
[TRAIN] 2026-04-24 02:47:57 step=1870/67071 (2.79%) epoch=1/3 epoch_step=1870/22357 (8.36%) loss=0.571504 lr=0.000212703 elapsed=04:50 eta=02:48:21 val_mrr=0.775069
[TRAIN] 2026-04-24 02:47:59 step=1880/67071 (2.80%) epoch=1/3 epoch_step=1880/22357 (8.41%) loss=0.566608 lr=0.000214434 elapsed=04:51 eta=02:48:10 val_mrr=0.775069
[TRAIN] 2026-04-24 02:48:00 step=1890/67071 (2.82%) epoch=1/3 epoch_step=1890/22357 (8.45%) loss=0.578606 lr=0.000216171 elapsed=04:52 eta=02:47:59 val_mrr=0.775069
[TRAIN] 2026-04-24 02:48:03 step=1900/67071 (2.83%) epoch=1/3 epoch_step=1900/22357 (8.50%) loss=0.572254 lr=0.000217915 elapsed=04:55 eta=02:48:35 val_mrr=0.775069
[TRAIN] 2026-04-24 02:48:04 step=1910/67071 (2.85%) epoch=1/3 epoch_step=1910/22357 (8.54%) loss=0.585879 lr=0.000219666 elapsed=04:56 eta=02:48:24 val_mrr=0.775069
[TRAIN] 2026-04-24 02:48:05 step=1920/67071 (2.86%) epoch=1/3 epoch_step=1920/22357 (8.59%) loss=0.571121 lr=0.000221424 elapsed=04:57 eta=02:48:11 val_mrr=0.775069
[TRAIN] 2026-04-24 02:48:06 step=1930/67071 (2.88%) epoch=1/3 epoch_step=1930/22357 (8.63%) loss=0.578736 lr=0.000223188 elapsed=04:59 eta=02:48:00 val_mrr=0.775069
[TRAIN] 2026-04-24 02:48:08 step=1940/67071 (2.89%) epoch=1/3 epoch_step=1940/22357 (8.68%) loss=0.569193 lr=0.000224958 elapsed=05:00 eta=02:47:48 val_mrr=0.775069
[TRAIN] 2026-04-24 02:48:09 step=1950/67071 (2.91%) epoch=1/3 epoch_step=1950/22357 (8.72%) loss=0.568343 lr=0.000226735 elapsed=05:01 eta=02:47:38 val_mrr=0.775069
[TRAIN] 2026-04-24 02:48:10 step=1960/67071 (2.92%) epoch=1/3 epoch_step=1960/22357 (8.77%) loss=0.572379 lr=0.000228518 elapsed=05:02 eta=02:47:27 val_mrr=0.775069
[TRAIN] 2026-04-24 02:48:12 step=1970/67071 (2.94%) epoch=1/3 epoch_step=1970/22357 (8.81%) loss=0.558745 lr=0.000230308 elapsed=05:04 eta=02:47:28 val_mrr=0.775069
[TRAIN] 2026-04-24 02:48:13 step=1980/67071 (2.95%) epoch=1/3 epoch_step=1980/22357 (8.86%) loss=0.590111 lr=0.000232104 elapsed=05:05 eta=02:47:16 val_mrr=0.775069
[TRAIN] 2026-04-24 02:48:14 step=1990/67071 (2.97%) epoch=1/3 epoch_step=1990/22357 (8.90%) loss=0.571626 lr=0.000233907 elapsed=05:07 eta=02:47:05 val_mrr=0.775069
[STAGE] 2026-04-24 02:48:16 val prep subsets global=50000 art_art=1986 art_any=50000
[STAGE] 2026-04-24 02:48:16 val prep negatives global=50000 art_art=1986 art_any=50000
[STAGE] 2026-04-24 02:48:16 val prep unique_entities=136107
[STAGE] 2026-04-24 02:48:19 val prep entity_bank_ready unique_entities=136107 emb_dim=256
[STAGE] 2026-04-24 02:48:19 val start step=2000 epoch=0 task=relation_ranking subset=global triples=50000 batches=98 eval_batch_size=512
[STAGE] 2026-04-24 02:48:20 val start step=2000 epoch=0 task=triple_scoring subset=global triples=50000 batches=98 eval_batch_size=512
[STAGE] 2026-04-24 02:48:20 val start step=2000 epoch=0 task=relation_ranking subset=art_art triples=1986 batches=4 eval_batch_size=512
[STAGE] 2026-04-24 02:48:20 val start step=2000 epoch=0 task=triple_scoring subset=art_art triples=1986 batches=4 eval_batch_size=512
[STAGE] 2026-04-24 02:48:20 val start step=2000 epoch=0 task=relation_ranking subset=art_any triples=50000 batches=98 eval_batch_size=512
[STAGE] 2026-04-24 02:48:21 val start step=2000 epoch=0 task=triple_scoring subset=art_any triples=50000 batches=98 eval_batch_size=512
[VAL] 2026-04-24 02:48:21 step=2000 epoch=0 mrr=0.685308 aucpr=0.890299 art_art_mrr=0.362314 art_art_aucpr=0.615588 art_any_mrr=0.685318 art_any_aucpr=0.700738
[TRAIN] 2026-04-24 02:48:23 step=2000/67071 (2.98%) epoch=1/3 epoch_step=2000/22357 (8.95%) loss=0.564075 lr=0.000235715 elapsed=05:15 eta=02:50:51 val_mrr=0.775069
[TRAIN] 2026-04-24 02:48:24 step=2010/67071 (3.00%) epoch=1/3 epoch_step=2010/22357 (8.99%) loss=0.583714 lr=0.00023753 elapsed=05:16 eta=02:50:39 val_mrr=0.775069
[TRAIN] 2026-04-24 02:48:25 step=2020/67071 (3.01%) epoch=1/3 epoch_step=2020/22357 (9.04%) loss=0.573208 lr=0.000239351 elapsed=05:18 eta=02:50:27 val_mrr=0.775069
[TRAIN] 2026-04-24 02:48:26 step=2030/67071 (3.03%) epoch=1/3 epoch_step=2030/22357 (9.08%) loss=0.570871 lr=0.000241179 elapsed=05:19 eta=02:50:15 val_mrr=0.775069
[TRAIN] 2026-04-24 02:48:28 step=2040/67071 (3.04%) epoch=1/3 epoch_step=2040/22357 (9.12%) loss=0.574239 lr=0.000243012 elapsed=05:20 eta=02:50:02 val_mrr=0.775069
[TRAIN] 2026-04-24 02:48:29 step=2050/67071 (3.06%) epoch=1/3 epoch_step=2050/22357 (9.17%) loss=0.577954 lr=0.000244852 elapsed=05:21 eta=02:49:50 val_mrr=0.775069
[TRAIN] 2026-04-24 02:48:31 step=2060/67071 (3.07%) epoch=1/3 epoch_step=2060/22357 (9.21%) loss=0.570032 lr=0.000246697 elapsed=05:23 eta=02:49:50 val_mrr=0.775069
[TRAIN] 2026-04-24 02:48:32 step=2070/67071 (3.09%) epoch=1/3 epoch_step=2070/22357 (9.26%) loss=0.579748 lr=0.000248549 elapsed=05:24 eta=02:49:39 val_mrr=0.775069
[TRAIN] 2026-04-24 02:48:33 step=2080/67071 (3.10%) epoch=1/3 epoch_step=2080/22357 (9.30%) loss=0.585179 lr=0.000250406 elapsed=05:25 eta=02:49:28 val_mrr=0.775069
[TRAIN] 2026-04-24 02:48:34 step=2090/67071 (3.12%) epoch=1/3 epoch_step=2090/22357 (9.35%) loss=0.576789 lr=0.00025227 elapsed=05:27 eta=02:49:17 val_mrr=0.775069
[TRAIN] 2026-04-24 02:48:37 step=2100/67071 (3.13%) epoch=1/3 epoch_step=2100/22357 (9.39%) loss=0.577898 lr=0.000254139 elapsed=05:29 eta=02:49:48 val_mrr=0.775069
[TRAIN] 2026-04-24 02:48:38 step=2110/67071 (3.15%) epoch=1/3 epoch_step=2110/22357 (9.44%) loss=0.577098 lr=0.000256014 elapsed=05:31 eta=02:49:37 val_mrr=0.775069
[TRAIN] 2026-04-24 02:48:40 step=2120/67071 (3.16%) epoch=1/3 epoch_step=2120/22357 (9.48%) loss=0.577507 lr=0.000257895 elapsed=05:32 eta=02:49:28 val_mrr=0.775069
[TRAIN] 2026-04-24 02:48:41 step=2130/67071 (3.18%) epoch=1/3 epoch_step=2130/22357 (9.53%) loss=0.574412 lr=0.000259782 elapsed=05:33 eta=02:49:17 val_mrr=0.775069
[TRAIN] 2026-04-24 02:48:42 step=2140/67071 (3.19%) epoch=1/3 epoch_step=2140/22357 (9.57%) loss=0.577943 lr=0.000261674 elapsed=05:34 eta=02:49:06 val_mrr=0.775069
[TRAIN] 2026-04-24 02:48:43 step=2150/67071 (3.21%) epoch=1/3 epoch_step=2150/22357 (9.62%) loss=0.572296 lr=0.000263572 elapsed=05:36 eta=02:48:55 val_mrr=0.775069
[TRAIN] 2026-04-24 02:48:45 step=2160/67071 (3.22%) epoch=1/3 epoch_step=2160/22357 (9.66%) loss=0.572610 lr=0.000265476 elapsed=05:37 eta=02:48:56 val_mrr=0.775069
[TRAIN] 2026-04-24 02:48:46 step=2170/67071 (3.24%) epoch=1/3 epoch_step=2170/22357 (9.71%) loss=0.571757 lr=0.000267385 elapsed=05:39 eta=02:48:46 val_mrr=0.775069
[TRAIN] 2026-04-24 02:48:47 step=2180/67071 (3.25%) epoch=1/3 epoch_step=2180/22357 (9.75%) loss=0.572366 lr=0.0002693 elapsed=05:40 eta=02:48:35 val_mrr=0.775069
[TRAIN] 2026-04-24 02:48:49 step=2190/67071 (3.27%) epoch=1/3 epoch_step=2190/22357 (9.80%) loss=0.569568 lr=0.00027122 elapsed=05:41 eta=02:48:25 val_mrr=0.775069
[TRAIN] 2026-04-24 02:48:51 step=2200/67071 (3.28%) epoch=1/3 epoch_step=2200/22357 (9.84%) loss=0.571286 lr=0.000273146 elapsed=05:44 eta=02:48:55 val_mrr=0.775069
[TRAIN] 2026-04-24 02:48:53 step=2210/67071 (3.30%) epoch=1/3 epoch_step=2210/22357 (9.89%) loss=0.569127 lr=0.000275077 elapsed=05:45 eta=02:48:46 val_mrr=0.775069
[TRAIN] 2026-04-24 02:48:54 step=2220/67071 (3.31%) epoch=1/3 epoch_step=2220/22357 (9.93%) loss=0.577394 lr=0.000277014 elapsed=05:46 eta=02:48:36 val_mrr=0.775069
[TRAIN] 2026-04-24 02:48:55 step=2230/67071 (3.32%) epoch=1/3 epoch_step=2230/22357 (9.97%) loss=0.564386 lr=0.000278956 elapsed=05:48 eta=02:48:25 val_mrr=0.775069
[TRAIN] 2026-04-24 02:48:56 step=2240/67071 (3.34%) epoch=1/3 epoch_step=2240/22357 (10.02%) loss=0.564464 lr=0.000280903 elapsed=05:49 eta=02:48:16 val_mrr=0.775069
[TRAIN] 2026-04-24 02:48:58 step=2250/67071 (3.35%) epoch=1/3 epoch_step=2250/22357 (10.06%) loss=0.576179 lr=0.000282855 elapsed=05:50 eta=02:48:06 val_mrr=0.775069
[TRAIN] 2026-04-24 02:48:59 step=2260/67071 (3.37%) epoch=1/3 epoch_step=2260/22357 (10.11%) loss=0.570913 lr=0.000284813 elapsed=05:52 eta=02:48:06 val_mrr=0.775069
[TRAIN] 2026-04-24 02:49:01 step=2270/67071 (3.38%) epoch=1/3 epoch_step=2270/22357 (10.15%) loss=0.563412 lr=0.000286776 elapsed=05:53 eta=02:47:56 val_mrr=0.775069
[TRAIN] 2026-04-24 02:49:02 step=2280/67071 (3.40%) epoch=1/3 epoch_step=2280/22357 (10.20%) loss=0.565472 lr=0.000288744 elapsed=05:54 eta=02:47:47 val_mrr=0.775069
[TRAIN] 2026-04-24 02:49:03 step=2290/67071 (3.41%) epoch=1/3 epoch_step=2290/22357 (10.24%) loss=0.561748 lr=0.000290717 elapsed=05:56 eta=02:47:37 val_mrr=0.775069
[TRAIN] 2026-04-24 02:49:06 step=2300/67071 (3.43%) epoch=1/3 epoch_step=2300/22357 (10.29%) loss=0.565408 lr=0.000292695 elapsed=05:58 eta=02:48:06 val_mrr=0.775069
[TRAIN] 2026-04-24 02:49:07 step=2310/67071 (3.44%) epoch=1/3 epoch_step=2310/22357 (10.33%) loss=0.570909 lr=0.000294678 elapsed=05:59 eta=02:47:57 val_mrr=0.775069
[TRAIN] 2026-04-24 02:49:08 step=2320/67071 (3.46%) epoch=1/3 epoch_step=2320/22357 (10.38%) loss=0.557662 lr=0.000296666 elapsed=06:01 eta=02:47:47 val_mrr=0.775069
[TRAIN] 2026-04-24 02:49:10 step=2330/67071 (3.47%) epoch=1/3 epoch_step=2330/22357 (10.42%) loss=0.568577 lr=0.000298659 elapsed=06:02 eta=02:47:38 val_mrr=0.775069
[TRAIN] 2026-04-24 02:49:11 step=2340/67071 (3.49%) epoch=1/3 epoch_step=2340/22357 (10.47%) loss=0.555464 lr=0.000300656 elapsed=06:03 eta=02:47:28 val_mrr=0.775069
[TRAIN] 2026-04-24 02:49:12 step=2350/67071 (3.50%) epoch=1/3 epoch_step=2350/22357 (10.51%) loss=0.564275 lr=0.000302659 elapsed=06:05 eta=02:47:19 val_mrr=0.775069
[TRAIN] 2026-04-24 02:49:14 step=2360/67071 (3.52%) epoch=1/3 epoch_step=2360/22357 (10.56%) loss=0.568118 lr=0.000304666 elapsed=06:06 eta=02:47:20 val_mrr=0.775069
[TRAIN] 2026-04-24 02:49:15 step=2370/67071 (3.53%) epoch=1/3 epoch_step=2370/22357 (10.60%) loss=0.565521 lr=0.000306678 elapsed=06:07 eta=02:47:10 val_mrr=0.775069
[TRAIN] 2026-04-24 02:49:16 step=2380/67071 (3.55%) epoch=1/3 epoch_step=2380/22357 (10.65%) loss=0.566780 lr=0.000308695 elapsed=06:09 eta=02:47:01 val_mrr=0.775069
[TRAIN] 2026-04-24 02:49:18 step=2390/67071 (3.56%) epoch=1/3 epoch_step=2390/22357 (10.69%) loss=0.555160 lr=0.000310716 elapsed=06:10 eta=02:46:51 val_mrr=0.775069
[TRAIN] 2026-04-24 02:49:20 step=2400/67071 (3.58%) epoch=1/3 epoch_step=2400/22357 (10.73%) loss=0.576010 lr=0.000312742 elapsed=06:13 eta=02:47:18 val_mrr=0.775069
[TRAIN] 2026-04-24 02:49:21 step=2410/67071 (3.59%) epoch=1/3 epoch_step=2410/22357 (10.78%) loss=0.573896 lr=0.000314773 elapsed=06:14 eta=02:47:11 val_mrr=0.775069
[TRAIN] 2026-04-24 02:49:23 step=2420/67071 (3.61%) epoch=1/3 epoch_step=2420/22357 (10.82%) loss=0.573356 lr=0.000316808 elapsed=06:15 eta=02:47:00 val_mrr=0.775069
[TRAIN] 2026-04-24 02:49:24 step=2430/67071 (3.62%) epoch=1/3 epoch_step=2430/22357 (10.87%) loss=0.564567 lr=0.000318847 elapsed=06:16 eta=02:46:51 val_mrr=0.775069
[TRAIN] 2026-04-24 02:49:25 step=2440/67071 (3.64%) epoch=1/3 epoch_step=2440/22357 (10.91%) loss=0.559959 lr=0.000320891 elapsed=06:18 eta=02:46:41 val_mrr=0.775069
[TRAIN] 2026-04-24 02:49:26 step=2450/67071 (3.65%) epoch=1/3 epoch_step=2450/22357 (10.96%) loss=0.569353 lr=0.000322939 elapsed=06:19 eta=02:46:32 val_mrr=0.775069
[TRAIN] 2026-04-24 02:49:28 step=2460/67071 (3.67%) epoch=1/3 epoch_step=2460/22357 (11.00%) loss=0.568486 lr=0.000324992 elapsed=06:20 eta=02:46:22 val_mrr=0.775069
[TRAIN] 2026-04-24 02:49:29 step=2470/67071 (3.68%) epoch=1/3 epoch_step=2470/22357 (11.05%) loss=0.565544 lr=0.000327049 elapsed=06:22 eta=02:46:22 val_mrr=0.775069
[TRAIN] 2026-04-24 02:49:31 step=2480/67071 (3.70%) epoch=1/3 epoch_step=2480/22357 (11.09%) loss=0.575392 lr=0.00032911 elapsed=06:23 eta=02:46:14 val_mrr=0.775069
[TRAIN] 2026-04-24 02:49:32 step=2490/67071 (3.71%) epoch=1/3 epoch_step=2490/22357 (11.14%) loss=0.562029 lr=0.000331175 elapsed=06:24 eta=02:46:05 val_mrr=0.775069
[STAGE] 2026-04-24 02:49:33 val prep subsets global=50000 art_art=1986 art_any=50000
[STAGE] 2026-04-24 02:49:33 val prep negatives global=50000 art_art=1986 art_any=50000
[STAGE] 2026-04-24 02:49:33 val prep unique_entities=136236
[STAGE] 2026-04-24 02:49:37 val prep entity_bank_ready unique_entities=136236 emb_dim=256
[STAGE] 2026-04-24 02:49:37 val start step=2500 epoch=0 task=relation_ranking subset=global triples=50000 batches=98 eval_batch_size=512
[STAGE] 2026-04-24 02:49:38 val start step=2500 epoch=0 task=triple_scoring subset=global triples=50000 batches=98 eval_batch_size=512
[STAGE] 2026-04-24 02:49:38 val start step=2500 epoch=0 task=relation_ranking subset=art_art triples=1986 batches=4 eval_batch_size=512
[STAGE] 2026-04-24 02:49:38 val start step=2500 epoch=0 task=triple_scoring subset=art_art triples=1986 batches=4 eval_batch_size=512
[STAGE] 2026-04-24 02:49:38 val start step=2500 epoch=0 task=relation_ranking subset=art_any triples=50000 batches=98 eval_batch_size=512
[STAGE] 2026-04-24 02:49:39 val start step=2500 epoch=0 task=triple_scoring subset=art_any triples=50000 batches=98 eval_batch_size=512
[VAL] 2026-04-24 02:49:39 step=2500 epoch=0 mrr=0.547243 aucpr=0.880073 art_art_mrr=0.219531 art_art_aucpr=0.609623 art_any_mrr=0.547253 art_any_aucpr=0.674441
[TRAIN] 2026-04-24 02:49:40 step=2500/67071 (3.73%) epoch=1/3 epoch_step=2500/22357 (11.18%) loss=0.575286 lr=0.000333244 elapsed=06:33 eta=02:49:05 val_mrr=0.775069
[TRAIN] 2026-04-24 02:49:42 step=2510/67071 (3.74%) epoch=1/3 epoch_step=2510/22357 (11.23%) loss=0.569515 lr=0.000335318 elapsed=06:34 eta=02:48:55 val_mrr=0.775069
[TRAIN] 2026-04-24 02:49:43 step=2520/67071 (3.76%) epoch=1/3 epoch_step=2520/22357 (11.27%) loss=0.560900 lr=0.000337395 elapsed=06:35 eta=02:48:45 val_mrr=0.775069
[TRAIN] 2026-04-24 02:49:44 step=2530/67071 (3.77%) epoch=1/3 epoch_step=2530/22357 (11.32%) loss=0.557345 lr=0.000339477 elapsed=06:36 eta=02:48:35 val_mrr=0.775069
[TRAIN] 2026-04-24 02:49:45 step=2540/67071 (3.79%) epoch=1/3 epoch_step=2540/22357 (11.36%) loss=0.566139 lr=0.000341562 elapsed=06:38 eta=02:48:25 val_mrr=0.775069
[TRAIN] 2026-04-24 02:49:47 step=2550/67071 (3.80%) epoch=1/3 epoch_step=2550/22357 (11.41%) loss=0.562870 lr=0.000343652 elapsed=06:39 eta=02:48:25 val_mrr=0.775069
[TRAIN] 2026-04-24 02:49:48 step=2560/67071 (3.82%) epoch=1/3 epoch_step=2560/22357 (11.45%) loss=0.558609 lr=0.000345745 elapsed=06:41 eta=02:48:16 val_mrr=0.775069
[TRAIN] 2026-04-24 02:49:49 step=2570/67071 (3.83%) epoch=1/3 epoch_step=2570/22357 (11.50%) loss=0.562796 lr=0.000347842 elapsed=06:42 eta=02:48:06 val_mrr=0.775069
[TRAIN] 2026-04-24 02:49:51 step=2580/67071 (3.85%) epoch=1/3 epoch_step=2580/22357 (11.54%) loss=0.569361 lr=0.000349943 elapsed=06:43 eta=02:47:55 val_mrr=0.775069
[TRAIN] 2026-04-24 02:49:52 step=2590/67071 (3.86%) epoch=1/3 epoch_step=2590/22357 (11.58%) loss=0.568056 lr=0.000352048 elapsed=06:44 eta=02:47:45 val_mrr=0.775069
[TRAIN] 2026-04-24 02:49:55 step=2600/67071 (3.88%) epoch=1/3 epoch_step=2600/22357 (11.63%) loss=0.568713 lr=0.000354156 elapsed=06:47 eta=02:48:10 val_mrr=0.775069
[TRAIN] 2026-04-24 02:49:56 step=2610/67071 (3.89%) epoch=1/3 epoch_step=2610/22357 (11.67%) loss=0.558198 lr=0.000356268 elapsed=06:48 eta=02:48:00 val_mrr=0.775069
[TRAIN] 2026-04-24 02:49:57 step=2620/67071 (3.91%) epoch=1/3 epoch_step=2620/22357 (11.72%) loss=0.561161 lr=0.000358384 elapsed=06:49 eta=02:47:51 val_mrr=0.775069
[TRAIN] 2026-04-24 02:49:58 step=2630/67071 (3.92%) epoch=1/3 epoch_step=2630/22357 (11.76%) loss=0.556000 lr=0.000360503 elapsed=06:51 eta=02:47:40 val_mrr=0.775069
[TRAIN] 2026-04-24 02:49:59 step=2640/67071 (3.94%) epoch=1/3 epoch_step=2640/22357 (11.81%) loss=0.556218 lr=0.000362626 elapsed=06:52 eta=02:47:29 val_mrr=0.775069
[TRAIN] 2026-04-24 02:50:01 step=2650/67071 (3.95%) epoch=1/3 epoch_step=2650/22357 (11.85%) loss=0.570143 lr=0.000364752 elapsed=06:53 eta=02:47:17 val_mrr=0.775069
[TRAIN] 2026-04-24 02:50:02 step=2660/67071 (3.97%) epoch=1/3 epoch_step=2660/22357 (11.90%) loss=0.557711 lr=0.000366881 elapsed=06:54 eta=02:47:16 val_mrr=0.775069
[TRAIN] 2026-04-24 02:50:03 step=2670/67071 (3.98%) epoch=1/3 epoch_step=2670/22357 (11.94%) loss=0.568435 lr=0.000369014 elapsed=06:56 eta=02:47:05 val_mrr=0.775069
[TRAIN] 2026-04-24 02:50:04 step=2680/67071 (4.00%) epoch=1/3 epoch_step=2680/22357 (11.99%) loss=0.570478 lr=0.00037115 elapsed=06:57 eta=02:46:56 val_mrr=0.775069
[TRAIN] 2026-04-24 02:50:06 step=2690/67071 (4.01%) epoch=1/3 epoch_step=2690/22357 (12.03%) loss=0.558439 lr=0.00037329 elapsed=06:58 eta=02:46:46 val_mrr=0.775069
[TRAIN] 2026-04-24 02:50:08 step=2700/67071 (4.03%) epoch=1/3 epoch_step=2700/22357 (12.08%) loss=0.562384 lr=0.000375432 elapsed=07:01 eta=02:47:09 val_mrr=0.775069
[TRAIN] 2026-04-24 02:50:10 step=2710/67071 (4.04%) epoch=1/3 epoch_step=2710/22357 (12.12%) loss=0.561417 lr=0.000377578 elapsed=07:02 eta=02:47:00 val_mrr=0.775069
[TRAIN] 2026-04-24 02:50:11 step=2720/67071 (4.06%) epoch=1/3 epoch_step=2720/22357 (12.17%) loss=0.572944 lr=0.000379727 elapsed=07:03 eta=02:46:51 val_mrr=0.775069
[TRAIN] 2026-04-24 02:50:12 step=2730/67071 (4.07%) epoch=1/3 epoch_step=2730/22357 (12.21%) loss=0.564149 lr=0.000381879 elapsed=07:04 eta=02:46:41 val_mrr=0.775069
[TRAIN] 2026-04-24 02:50:13 step=2740/67071 (4.09%) epoch=1/3 epoch_step=2740/22357 (12.26%) loss=0.565870 lr=0.000384034 elapsed=07:06 eta=02:46:32 val_mrr=0.775069
[TRAIN] 2026-04-24 02:50:14 step=2750/67071 (4.10%) epoch=1/3 epoch_step=2750/22357 (12.30%) loss=0.563860 lr=0.000386192 elapsed=07:07 eta=02:46:23 val_mrr=0.775069
[TRAIN] 2026-04-24 02:50:16 step=2760/67071 (4.12%) epoch=1/3 epoch_step=2760/22357 (12.35%) loss=0.554944 lr=0.000388353 elapsed=07:09 eta=02:46:25 val_mrr=0.775069
[TRAIN] 2026-04-24 02:50:17 step=2770/67071 (4.13%) epoch=1/3 epoch_step=2770/22357 (12.39%) loss=0.559001 lr=0.000390517 elapsed=07:10 eta=02:46:16 val_mrr=0.775069
[TRAIN] 2026-04-24 02:50:19 step=2780/67071 (4.14%) epoch=1/3 epoch_step=2780/22357 (12.43%) loss=0.554617 lr=0.000392684 elapsed=07:11 eta=02:46:08 val_mrr=0.775069
[TRAIN] 2026-04-24 02:50:20 step=2790/67071 (4.16%) epoch=1/3 epoch_step=2790/22357 (12.48%) loss=0.559312 lr=0.000394853 elapsed=07:12 eta=02:45:59 val_mrr=0.775069
[TRAIN] 2026-04-24 02:50:23 step=2800/67071 (4.17%) epoch=1/3 epoch_step=2800/22357 (12.52%) loss=0.560793 lr=0.000397025 elapsed=07:15 eta=02:46:23 val_mrr=0.775069
[TRAIN] 2026-04-24 02:50:24 step=2810/67071 (4.19%) epoch=1/3 epoch_step=2810/22357 (12.57%) loss=0.561494 lr=0.0003992 elapsed=07:16 eta=02:46:15 val_mrr=0.775069
[TRAIN] 2026-04-24 02:50:25 step=2820/67071 (4.20%) epoch=1/3 epoch_step=2820/22357 (12.61%) loss=0.552456 lr=0.000401378 elapsed=07:17 eta=02:46:07 val_mrr=0.775069
[TRAIN] 2026-04-24 02:50:26 step=2830/67071 (4.22%) epoch=1/3 epoch_step=2830/22357 (12.66%) loss=0.557348 lr=0.000403558 elapsed=07:19 eta=02:45:58 val_mrr=0.775069
[TRAIN] 2026-04-24 02:50:28 step=2840/67071 (4.23%) epoch=1/3 epoch_step=2840/22357 (12.70%) loss=0.558407 lr=0.000405741 elapsed=07:20 eta=02:45:50 val_mrr=0.775069
[TRAIN] 2026-04-24 02:50:29 step=2850/67071 (4.25%) epoch=1/3 epoch_step=2850/22357 (12.75%) loss=0.560655 lr=0.000407926 elapsed=07:21 eta=02:45:42 val_mrr=0.775069
[TRAIN] 2026-04-24 02:50:30 step=2860/67071 (4.26%) epoch=1/3 epoch_step=2860/22357 (12.79%) loss=0.564094 lr=0.000410114 elapsed=07:22 eta=02:45:34 val_mrr=0.775069
[TRAIN] 2026-04-24 02:50:32 step=2870/67071 (4.28%) epoch=1/3 epoch_step=2870/22357 (12.84%) loss=0.567925 lr=0.000412304 elapsed=07:24 eta=02:45:33 val_mrr=0.775069
[TRAIN] 2026-04-24 02:50:33 step=2880/67071 (4.29%) epoch=1/3 epoch_step=2880/22357 (12.88%) loss=0.551468 lr=0.000414496 elapsed=07:25 eta=02:45:26 val_mrr=0.775069
[TRAIN] 2026-04-24 02:50:34 step=2890/67071 (4.31%) epoch=1/3 epoch_step=2890/22357 (12.93%) loss=0.566499 lr=0.000416691 elapsed=07:27 eta=02:45:18 val_mrr=0.775069
[TRAIN] 2026-04-24 02:50:37 step=2900/67071 (4.32%) epoch=1/3 epoch_step=2900/22357 (12.97%) loss=0.565430 lr=0.000418888 elapsed=07:29 eta=02:45:39 val_mrr=0.775069
[TRAIN] 2026-04-24 02:50:38 step=2910/67071 (4.34%) epoch=1/3 epoch_step=2910/22357 (13.02%) loss=0.565153 lr=0.000421088 elapsed=07:30 eta=02:45:31 val_mrr=0.775069
[TRAIN] 2026-04-24 02:50:39 step=2920/67071 (4.35%) epoch=1/3 epoch_step=2920/22357 (13.06%) loss=0.555586 lr=0.000423289 elapsed=07:32 eta=02:45:24 val_mrr=0.775069
[TRAIN] 2026-04-24 02:50:41 step=2930/67071 (4.37%) epoch=1/3 epoch_step=2930/22357 (13.11%) loss=0.567189 lr=0.000425493 elapsed=07:33 eta=02:45:16 val_mrr=0.775069
[TRAIN] 2026-04-24 02:50:42 step=2940/67071 (4.38%) epoch=1/3 epoch_step=2940/22357 (13.15%) loss=0.562945 lr=0.000427698 elapsed=07:34 eta=02:45:09 val_mrr=0.775069
[TRAIN] 2026-04-24 02:50:43 step=2950/67071 (4.40%) epoch=1/3 epoch_step=2950/22357 (13.19%) loss=0.551148 lr=0.000429906 elapsed=07:36 eta=02:45:01 val_mrr=0.775069
[TRAIN] 2026-04-24 02:50:44 step=2960/67071 (4.41%) epoch=1/3 epoch_step=2960/22357 (13.24%) loss=0.560417 lr=0.000432116 elapsed=07:37 eta=02:44:54 val_mrr=0.775069
[TRAIN] 2026-04-24 02:50:46 step=2970/67071 (4.43%) epoch=1/3 epoch_step=2970/22357 (13.28%) loss=0.555677 lr=0.000434327 elapsed=07:38 eta=02:44:54 val_mrr=0.775069
[TRAIN] 2026-04-24 02:50:47 step=2980/67071 (4.44%) epoch=1/3 epoch_step=2980/22357 (13.33%) loss=0.567676 lr=0.000436541 elapsed=07:40 eta=02:44:47 val_mrr=0.775069
[TRAIN] 2026-04-24 02:50:49 step=2990/67071 (4.46%) epoch=1/3 epoch_step=2990/22357 (13.37%) loss=0.567492 lr=0.000438756 elapsed=07:41 eta=02:44:38 val_mrr=0.775069
[STAGE] 2026-04-24 02:50:50 val prep subsets global=50000 art_art=1986 art_any=50000
[STAGE] 2026-04-24 02:50:50 val prep negatives global=50000 art_art=1986 art_any=50000
[STAGE] 2026-04-24 02:50:50 val prep unique_entities=136072
[STAGE] 2026-04-24 02:50:54 val prep entity_bank_ready unique_entities=136072 emb_dim=256
[STAGE] 2026-04-24 02:50:54 val start step=3000 epoch=0 task=relation_ranking subset=global triples=50000 batches=98 eval_batch_size=512
[STAGE] 2026-04-24 02:50:54 val start step=3000 epoch=0 task=triple_scoring subset=global triples=50000 batches=98 eval_batch_size=512
[STAGE] 2026-04-24 02:50:55 val start step=3000 epoch=0 task=relation_ranking subset=art_art triples=1986 batches=4 eval_batch_size=512
[STAGE] 2026-04-24 02:50:55 val start step=3000 epoch=0 task=triple_scoring subset=art_art triples=1986 batches=4 eval_batch_size=512
[STAGE] 2026-04-24 02:50:55 val start step=3000 epoch=0 task=relation_ranking subset=art_any triples=50000 batches=98 eval_batch_size=512
[STAGE] 2026-04-24 02:50:56 val start step=3000 epoch=0 task=triple_scoring subset=art_any triples=50000 batches=98 eval_batch_size=512
[VAL] 2026-04-24 02:50:56 step=3000 epoch=0 mrr=0.694431 aucpr=0.893234 art_art_mrr=0.396905 art_art_aucpr=0.634858 art_any_mrr=0.694440 art_any_aucpr=0.700843
[TRAIN] 2026-04-24 02:50:57 step=3000/67071 (4.47%) epoch=1/3 epoch_step=3000/22357 (13.42%) loss=0.563887 lr=0.000440973 elapsed=07:49 eta=02:47:07 val_mrr=0.775069
[TRAIN] 2026-04-24 02:50:58 step=3010/67071 (4.49%) epoch=1/3 epoch_step=3010/22357 (13.46%) loss=0.556011 lr=0.000443192 elapsed=07:51 eta=02:46:58 val_mrr=0.775069
[TRAIN] 2026-04-24 02:51:00 step=3020/67071 (4.50%) epoch=1/3 epoch_step=3020/22357 (13.51%) loss=0.552128 lr=0.000445412 elapsed=07:52 eta=02:46:50 val_mrr=0.775069
[TRAIN] 2026-04-24 02:51:01 step=3030/67071 (4.52%) epoch=1/3 epoch_step=3030/22357 (13.55%) loss=0.559206 lr=0.000447634 elapsed=07:53 eta=02:46:42 val_mrr=0.775069
[TRAIN] 2026-04-24 02:51:02 step=3040/67071 (4.53%) epoch=1/3 epoch_step=3040/22357 (13.60%) loss=0.568811 lr=0.000449858 elapsed=07:54 eta=02:46:34 val_mrr=0.775069
[TRAIN] 2026-04-24 02:51:03 step=3050/67071 (4.55%) epoch=1/3 epoch_step=3050/22357 (13.64%) loss=0.564823 lr=0.000452083 elapsed=07:56 eta=02:46:26 val_mrr=0.775069
[TRAIN] 2026-04-24 02:51:05 step=3060/67071 (4.56%) epoch=1/3 epoch_step=3060/22357 (13.69%) loss=0.559942 lr=0.00045431 elapsed=07:57 eta=02:46:25 val_mrr=0.775069
[TRAIN] 2026-04-24 02:51:06 step=3070/67071 (4.58%) epoch=1/3 epoch_step=3070/22357 (13.73%) loss=0.562823 lr=0.000456538 elapsed=07:59 eta=02:46:16 val_mrr=0.775069
[TRAIN] 2026-04-24 02:51:07 step=3080/67071 (4.59%) epoch=1/3 epoch_step=3080/22357 (13.78%) loss=0.563577 lr=0.000458768 elapsed=08:00 eta=02:46:08 val_mrr=0.775069
[TRAIN] 2026-04-24 02:51:09 step=3090/67071 (4.61%) epoch=1/3 epoch_step=3090/22357 (13.82%) loss=0.554277 lr=0.000460999 elapsed=08:01 eta=02:45:59 val_mrr=0.775069
[TRAIN] 2026-04-24 02:51:11 step=3100/67071 (4.62%) epoch=1/3 epoch_step=3100/22357 (13.87%) loss=0.561140 lr=0.000463231 elapsed=08:04 eta=02:46:21 val_mrr=0.775069
[TRAIN] 2026-04-24 02:51:13 step=3110/67071 (4.64%) epoch=1/3 epoch_step=3110/22357 (13.91%) loss=0.553956 lr=0.000465465 elapsed=08:05 eta=02:46:14 val_mrr=0.775069
[TRAIN] 2026-04-24 02:51:14 step=3120/67071 (4.65%) epoch=1/3 epoch_step=3120/22357 (13.96%) loss=0.570224 lr=0.000467699 elapsed=08:06 eta=02:46:07 val_mrr=0.775069
[TRAIN] 2026-04-24 02:51:15 step=3130/67071 (4.67%) epoch=1/3 epoch_step=3130/22357 (14.00%) loss=0.555118 lr=0.000469935 elapsed=08:08 eta=02:45:59 val_mrr=0.775069
[TRAIN] 2026-04-24 02:51:16 step=3140/67071 (4.68%) epoch=1/3 epoch_step=3140/22357 (14.04%) loss=0.572507 lr=0.000472172 elapsed=08:09 eta=02:45:51 val_mrr=0.775069
[TRAIN] 2026-04-24 02:51:18 step=3150/67071 (4.70%) epoch=1/3 epoch_step=3150/22357 (14.09%) loss=0.554337 lr=0.00047441 elapsed=08:10 eta=02:45:43 val_mrr=0.775069
[TRAIN] 2026-04-24 02:51:19 step=3160/67071 (4.71%) epoch=1/3 epoch_step=3160/22357 (14.13%) loss=0.554585 lr=0.000476649 elapsed=08:12 eta=02:45:44 val_mrr=0.775069
[TRAIN] 2026-04-24 02:51:21 step=3170/67071 (4.73%) epoch=1/3 epoch_step=3170/22357 (14.18%) loss=0.562376 lr=0.000478889 elapsed=08:13 eta=02:45:36 val_mrr=0.775069
[TRAIN] 2026-04-24 02:51:22 step=3180/67071 (4.74%) epoch=1/3 epoch_step=3180/22357 (14.22%) loss=0.554026 lr=0.00048113 elapsed=08:14 eta=02:45:29 val_mrr=0.775069
[TRAIN] 2026-04-24 02:51:23 step=3190/67071 (4.76%) epoch=1/3 epoch_step=3190/22357 (14.27%) loss=0.543699 lr=0.000483371 elapsed=08:15 eta=02:45:21 val_mrr=0.775069
[TRAIN] 2026-04-24 02:51:26 step=3200/67071 (4.77%) epoch=1/3 epoch_step=3200/22357 (14.31%) loss=0.566020 lr=0.000485614 elapsed=08:18 eta=02:45:44 val_mrr=0.775069
[TRAIN] 2026-04-24 02:51:27 step=3210/67071 (4.79%) epoch=1/3 epoch_step=3210/22357 (14.36%) loss=0.555508 lr=0.000487857 elapsed=08:19 eta=02:45:37 val_mrr=0.775069
[TRAIN] 2026-04-24 02:51:28 step=3220/67071 (4.80%) epoch=1/3 epoch_step=3220/22357 (14.40%) loss=0.561367 lr=0.000490101 elapsed=08:21 eta=02:45:29 val_mrr=0.775069
[TRAIN] 2026-04-24 02:51:30 step=3230/67071 (4.82%) epoch=1/3 epoch_step=3230/22357 (14.45%) loss=0.551728 lr=0.000492346 elapsed=08:22 eta=02:45:22 val_mrr=0.775069
[TRAIN] 2026-04-24 02:51:31 step=3240/67071 (4.83%) epoch=1/3 epoch_step=3240/22357 (14.49%) loss=0.560623 lr=0.000494591 elapsed=08:23 eta=02:45:15 val_mrr=0.775069
[TRAIN] 2026-04-24 02:51:32 step=3250/67071 (4.85%) epoch=1/3 epoch_step=3250/22357 (14.54%) loss=0.555017 lr=0.000496837 elapsed=08:25 eta=02:45:08 val_mrr=0.775069
[TRAIN] 2026-04-24 02:51:33 step=3260/67071 (4.86%) epoch=1/3 epoch_step=3260/22357 (14.58%) loss=0.552532 lr=0.000499083 elapsed=08:26 eta=02:45:00 val_mrr=0.775069
[TRAIN] 2026-04-24 02:51:35 step=3270/67071 (4.88%) epoch=1/3 epoch_step=3270/22357 (14.63%) loss=0.566364 lr=0.00050133 elapsed=08:27 eta=02:44:59 val_mrr=0.775069
[TRAIN] 2026-04-24 02:51:36 step=3280/67071 (4.89%) epoch=1/3 epoch_step=3280/22357 (14.67%) loss=0.563974 lr=0.000503577 elapsed=08:29 eta=02:44:51 val_mrr=0.775069
[TRAIN] 2026-04-24 02:51:37 step=3290/67071 (4.91%) epoch=1/3 epoch_step=3290/22357 (14.72%) loss=0.567810 lr=0.000505824 elapsed=08:30 eta=02:44:43 val_mrr=0.775069
[TRAIN] 2026-04-24 02:51:40 step=3300/67071 (4.92%) epoch=1/3 epoch_step=3300/22357 (14.76%) loss=0.569686 lr=0.000508072 elapsed=08:32 eta=02:45:01 val_mrr=0.775069
[TRAIN] 2026-04-24 02:51:41 step=3310/67071 (4.94%) epoch=1/3 epoch_step=3310/22357 (14.81%) loss=0.546499 lr=0.00051032 elapsed=08:34 eta=02:44:54 val_mrr=0.775069
[TRAIN] 2026-04-24 02:51:43 step=3320/67071 (4.95%) epoch=1/3 epoch_step=3320/22357 (14.85%) loss=0.566243 lr=0.000512569 elapsed=08:35 eta=02:44:47 val_mrr=0.775069
[TRAIN] 2026-04-24 02:51:44 step=3330/67071 (4.96%) epoch=1/3 epoch_step=3330/22357 (14.89%) loss=0.559331 lr=0.000514817 elapsed=08:36 eta=02:44:40 val_mrr=0.775069
[TRAIN] 2026-04-24 02:51:45 step=3340/67071 (4.98%) epoch=1/3 epoch_step=3340/22357 (14.94%) loss=0.580352 lr=0.000517066 elapsed=08:37 eta=02:44:32 val_mrr=0.775069
[TRAIN] 2026-04-24 02:51:46 step=3350/67071 (4.99%) epoch=1/3 epoch_step=3350/22357 (14.98%) loss=0.554537 lr=0.000519314 elapsed=08:39 eta=02:44:25 val_mrr=0.775069
[TRAIN] 2026-04-24 02:51:48 step=3360/67071 (5.01%) epoch=1/3 epoch_step=3360/22357 (15.03%) loss=0.549178 lr=0.000521563 elapsed=08:40 eta=02:44:18 val_mrr=0.775069
[TRAIN] 2026-04-24 02:51:49 step=3370/67071 (5.02%) epoch=1/3 epoch_step=3370/22357 (15.07%) loss=0.545337 lr=0.000523811 elapsed=08:42 eta=02:44:19 val_mrr=0.775069
[TRAIN] 2026-04-24 02:51:50 step=3380/67071 (5.04%) epoch=1/3 epoch_step=3380/22357 (15.12%) loss=0.576060 lr=0.00052606 elapsed=08:43 eta=02:44:11 val_mrr=0.775069
[TRAIN] 2026-04-24 02:51:52 step=3390/67071 (5.05%) epoch=1/3 epoch_step=3390/22357 (15.16%) loss=0.559719 lr=0.000528308 elapsed=08:44 eta=02:44:05 val_mrr=0.775069
[TRAIN] 2026-04-24 02:51:54 step=3400/67071 (5.07%) epoch=1/3 epoch_step=3400/22357 (15.21%) loss=0.571012 lr=0.000530557 elapsed=08:47 eta=02:44:24 val_mrr=0.775069
[TRAIN] 2026-04-24 02:51:56 step=3410/67071 (5.08%) epoch=1/3 epoch_step=3410/22357 (15.25%) loss=0.553351 lr=0.000532805 elapsed=08:48 eta=02:44:16 val_mrr=0.775069
[TRAIN] 2026-04-24 02:51:57 step=3420/67071 (5.10%) epoch=1/3 epoch_step=3420/22357 (15.30%) loss=0.564188 lr=0.000535052 elapsed=08:49 eta=02:44:08 val_mrr=0.775069
[TRAIN] 2026-04-24 02:51:58 step=3430/67071 (5.11%) epoch=1/3 epoch_step=3430/22357 (15.34%) loss=0.560313 lr=0.0005373 elapsed=08:50 eta=02:44:02 val_mrr=0.775069
[TRAIN] 2026-04-24 02:51:59 step=3440/67071 (5.13%) epoch=1/3 epoch_step=3440/22357 (15.39%) loss=0.551790 lr=0.000539547 elapsed=08:52 eta=02:43:56 val_mrr=0.775069
[TRAIN] 2026-04-24 02:52:01 step=3450/67071 (5.14%) epoch=1/3 epoch_step=3450/22357 (15.43%) loss=0.564738 lr=0.000541793 elapsed=08:53 eta=02:43:49 val_mrr=0.775069
[TRAIN] 2026-04-24 02:52:02 step=3460/67071 (5.16%) epoch=1/3 epoch_step=3460/22357 (15.48%) loss=0.551397 lr=0.000544039 elapsed=08:54 eta=02:43:41 val_mrr=0.775069
[TRAIN] 2026-04-24 02:52:03 step=3470/67071 (5.17%) epoch=1/3 epoch_step=3470/22357 (15.52%) loss=0.552230 lr=0.000546285 elapsed=08:55 eta=02:43:34 val_mrr=0.775069
[TRAIN] 2026-04-24 02:52:05 step=3480/67071 (5.19%) epoch=1/3 epoch_step=3480/22357 (15.57%) loss=0.554172 lr=0.00054853 elapsed=08:57 eta=02:43:33 val_mrr=0.775069
[TRAIN] 2026-04-24 02:52:06 step=3490/67071 (5.20%) epoch=1/3 epoch_step=3490/22357 (15.61%) loss=0.574717 lr=0.000550774 elapsed=08:58 eta=02:43:25 val_mrr=0.775069
[STAGE] 2026-04-24 02:52:07 val prep subsets global=50000 art_art=1986 art_any=50000
[STAGE] 2026-04-24 02:52:07 val prep negatives global=50000 art_art=1986 art_any=50000
[STAGE] 2026-04-24 02:52:08 val prep unique_entities=136083
[STAGE] 2026-04-24 02:52:11 val prep entity_bank_ready unique_entities=136083 emb_dim=256
[STAGE] 2026-04-24 02:52:11 val start step=3500 epoch=0 task=relation_ranking subset=global triples=50000 batches=98 eval_batch_size=512
[STAGE] 2026-04-24 02:52:12 val start step=3500 epoch=0 task=triple_scoring subset=global triples=50000 batches=98 eval_batch_size=512
[STAGE] 2026-04-24 02:52:12 val start step=3500 epoch=0 task=relation_ranking subset=art_art triples=1986 batches=4 eval_batch_size=512
[STAGE] 2026-04-24 02:52:12 val start step=3500 epoch=0 task=triple_scoring subset=art_art triples=1986 batches=4 eval_batch_size=512
[STAGE] 2026-04-24 02:52:12 val start step=3500 epoch=0 task=relation_ranking subset=art_any triples=50000 batches=98 eval_batch_size=512
[STAGE] 2026-04-24 02:52:13 val start step=3500 epoch=0 task=triple_scoring subset=art_any triples=50000 batches=98 eval_batch_size=512
[VAL] 2026-04-24 02:52:13 step=3500 epoch=0 mrr=0.678896 aucpr=0.888146 art_art_mrr=0.373544 art_art_aucpr=0.621802 art_any_mrr=0.678902 art_any_aucpr=0.685034
[TRAIN] 2026-04-24 02:52:15 step=3500/67071 (5.22%) epoch=1/3 epoch_step=3500/22357 (15.66%) loss=0.553069 lr=0.000553018 elapsed=09:07 eta=02:45:34 val_mrr=0.775069
[TRAIN] 2026-04-24 02:52:16 step=3510/67071 (5.23%) epoch=1/3 epoch_step=3510/22357 (15.70%) loss=0.551429 lr=0.000555261 elapsed=09:08 eta=02:45:27 val_mrr=0.775069
[TRAIN] 2026-04-24 02:52:17 step=3520/67071 (5.25%) epoch=1/3 epoch_step=3520/22357 (15.74%) loss=0.558465 lr=0.000557503 elapsed=09:09 eta=02:45:19 val_mrr=0.775069
[TRAIN] 2026-04-24 02:52:18 step=3530/67071 (5.26%) epoch=1/3 epoch_step=3530/22357 (15.79%) loss=0.563911 lr=0.000559744 elapsed=09:11 eta=02:45:11 val_mrr=0.775069
[TRAIN] 2026-04-24 02:52:19 step=3540/67071 (5.28%) epoch=1/3 epoch_step=3540/22357 (15.83%) loss=0.551974 lr=0.000561985 elapsed=09:12 eta=02:45:04 val_mrr=0.775069
[TRAIN] 2026-04-24 02:52:21 step=3550/67071 (5.29%) epoch=1/3 epoch_step=3550/22357 (15.88%) loss=0.549524 lr=0.000564224 elapsed=09:13 eta=02:44:57 val_mrr=0.775069
[TRAIN] 2026-04-24 02:52:22 step=3560/67071 (5.31%) epoch=1/3 epoch_step=3560/22357 (15.92%) loss=0.561187 lr=0.000566463 elapsed=09:14 eta=02:44:49 val_mrr=0.775069
[TRAIN] 2026-04-24 02:52:23 step=3570/67071 (5.32%) epoch=1/3 epoch_step=3570/22357 (15.97%) loss=0.553050 lr=0.0005687 elapsed=09:16 eta=02:44:46 val_mrr=0.775069
[TRAIN] 2026-04-24 02:52:25 step=3580/67071 (5.34%) epoch=1/3 epoch_step=3580/22357 (16.01%) loss=0.560795 lr=0.000570937 elapsed=09:17 eta=02:44:38 val_mrr=0.775069
[TRAIN] 2026-04-24 02:52:26 step=3590/67071 (5.35%) epoch=1/3 epoch_step=3590/22357 (16.06%) loss=0.554462 lr=0.000573172 elapsed=09:18 eta=02:44:30 val_mrr=0.775069
[TRAIN] 2026-04-24 02:52:28 step=3600/67071 (5.37%) epoch=1/3 epoch_step=3600/22357 (16.10%) loss=0.556580 lr=0.000575407 elapsed=09:21 eta=02:44:46 val_mrr=0.775069
[TRAIN] 2026-04-24 02:52:30 step=3610/67071 (5.38%) epoch=1/3 epoch_step=3610/22357 (16.15%) loss=0.563135 lr=0.00057764 elapsed=09:22 eta=02:44:38 val_mrr=0.775069
[TRAIN] 2026-04-24 02:52:31 step=3620/67071 (5.40%) epoch=1/3 epoch_step=3620/22357 (16.19%) loss=0.562385 lr=0.000579871 elapsed=09:23 eta=02:44:31 val_mrr=0.775069
[TRAIN] 2026-04-24 02:52:32 step=3630/67071 (5.41%) epoch=1/3 epoch_step=3630/22357 (16.24%) loss=0.551972 lr=0.000582102 elapsed=09:24 eta=02:44:24 val_mrr=0.775069
[TRAIN] 2026-04-24 02:52:33 step=3640/67071 (5.43%) epoch=1/3 epoch_step=3640/22357 (16.28%) loss=0.551045 lr=0.000584331 elapsed=09:26 eta=02:44:16 val_mrr=0.775069
[TRAIN] 2026-04-24 02:52:34 step=3650/67071 (5.44%) epoch=1/3 epoch_step=3650/22357 (16.33%) loss=0.551663 lr=0.000586558 elapsed=09:27 eta=02:44:09 val_mrr=0.775069
[TRAIN] 2026-04-24 02:52:36 step=3660/67071 (5.46%) epoch=1/3 epoch_step=3660/22357 (16.37%) loss=0.567232 lr=0.000588785 elapsed=09:28 eta=02:44:02 val_mrr=0.775069
[TRAIN] 2026-04-24 02:52:37 step=3670/67071 (5.47%) epoch=1/3 epoch_step=3670/22357 (16.42%) loss=0.568341 lr=0.000591009 elapsed=09:29 eta=02:43:54 val_mrr=0.775069
[TRAIN] 2026-04-24 02:52:38 step=3680/67071 (5.49%) epoch=1/3 epoch_step=3680/22357 (16.46%) loss=0.555124 lr=0.000593232 elapsed=09:31 eta=02:43:54 val_mrr=0.775069
[TRAIN] 2026-04-24 02:52:40 step=3690/67071 (5.50%) epoch=1/3 epoch_step=3690/22357 (16.50%) loss=0.556527 lr=0.000595454 elapsed=09:32 eta=02:43:48 val_mrr=0.775069
[TRAIN] 2026-04-24 02:52:42 step=3700/67071 (5.52%) epoch=1/3 epoch_step=3700/22357 (16.55%) loss=0.554809 lr=0.000597674 elapsed=09:35 eta=02:44:04 val_mrr=0.775069
[TRAIN] 2026-04-24 02:52:44 step=3710/67071 (5.53%) epoch=1/3 epoch_step=3710/22357 (16.59%) loss=0.559736 lr=0.000599892 elapsed=09:36 eta=02:43:57 val_mrr=0.775069
[TRAIN] 2026-04-24 02:52:45 step=3720/67071 (5.55%) epoch=1/3 epoch_step=3720/22357 (16.64%) loss=0.565900 lr=0.000602108 elapsed=09:37 eta=02:43:50 val_mrr=0.775069
[TRAIN] 2026-04-24 02:52:46 step=3730/67071 (5.56%) epoch=1/3 epoch_step=3730/22357 (16.68%) loss=0.549606 lr=0.000604323 elapsed=09:38 eta=02:43:43 val_mrr=0.775069
[TRAIN] 2026-04-24 02:52:47 step=3740/67071 (5.58%) epoch=1/3 epoch_step=3740/22357 (16.73%) loss=0.566377 lr=0.000606536 elapsed=09:40 eta=02:43:36 val_mrr=0.775069
[TRAIN] 2026-04-24 02:52:49 step=3750/67071 (5.59%) epoch=1/3 epoch_step=3750/22357 (16.77%) loss=0.549944 lr=0.000608746 elapsed=09:41 eta=02:43:29 val_mrr=0.775069
[TRAIN] 2026-04-24 02:52:50 step=3760/67071 (5.61%) epoch=1/3 epoch_step=3760/22357 (16.82%) loss=0.560133 lr=0.000610955 elapsed=09:42 eta=02:43:23 val_mrr=0.775069
[TRAIN] 2026-04-24 02:52:51 step=3770/67071 (5.62%) epoch=1/3 epoch_step=3770/22357 (16.86%) loss=0.560203 lr=0.000613162 elapsed=09:43 eta=02:43:16 val_mrr=0.775069
[TRAIN] 2026-04-24 02:52:53 step=3780/67071 (5.64%) epoch=1/3 epoch_step=3780/22357 (16.91%) loss=0.557857 lr=0.000615367 elapsed=09:45 eta=02:43:15 val_mrr=0.775069
[TRAIN] 2026-04-24 02:52:54 step=3790/67071 (5.65%) epoch=1/3 epoch_step=3790/22357 (16.95%) loss=0.559715 lr=0.00061757 elapsed=09:46 eta=02:43:08 val_mrr=0.775069
[TRAIN] 2026-04-24 02:52:56 step=3800/67071 (5.67%) epoch=1/3 epoch_step=3800/22357 (17.00%) loss=0.562217 lr=0.00061977 elapsed=09:49 eta=02:43:25 val_mrr=0.775069
[TRAIN] 2026-04-24 02:52:58 step=3810/67071 (5.68%) epoch=1/3 epoch_step=3810/22357 (17.04%) loss=0.554337 lr=0.000621969 elapsed=09:50 eta=02:43:18 val_mrr=0.775069
[TRAIN] 2026-04-24 02:52:59 step=3820/67071 (5.70%) epoch=1/3 epoch_step=3820/22357 (17.09%) loss=0.559648 lr=0.000624165 elapsed=09:51 eta=02:43:12 val_mrr=0.775069
[TRAIN] 2026-04-24 02:53:00 step=3830/67071 (5.71%) epoch=1/3 epoch_step=3830/22357 (17.13%) loss=0.543551 lr=0.000626359 elapsed=09:53 eta=02:43:06 val_mrr=0.775069
[TRAIN] 2026-04-24 02:53:02 step=3840/67071 (5.73%) epoch=1/3 epoch_step=3840/22357 (17.18%) loss=0.549639 lr=0.000628551 elapsed=09:54 eta=02:43:00 val_mrr=0.775069
[TRAIN] 2026-04-24 02:53:03 step=3850/67071 (5.74%) epoch=1/3 epoch_step=3850/22357 (17.22%) loss=0.560069 lr=0.00063074 elapsed=09:55 eta=02:42:53 val_mrr=0.775069
[TRAIN] 2026-04-24 02:53:04 step=3860/67071 (5.76%) epoch=1/3 epoch_step=3860/22357 (17.27%) loss=0.565232 lr=0.000632927 elapsed=09:56 eta=02:42:47 val_mrr=0.775069
[TRAIN] 2026-04-24 02:53:05 step=3870/67071 (5.77%) epoch=1/3 epoch_step=3870/22357 (17.31%) loss=0.564713 lr=0.000635111 elapsed=09:58 eta=02:42:41 val_mrr=0.775069
[TRAIN] 2026-04-24 02:53:07 step=3880/67071 (5.78%) epoch=1/3 epoch_step=3880/22357 (17.35%) loss=0.551785 lr=0.000637293 elapsed=09:59 eta=02:42:41 val_mrr=0.775069
[TRAIN] 2026-04-24 02:53:08 step=3890/67071 (5.80%) epoch=1/3 epoch_step=3890/22357 (17.40%) loss=0.550026 lr=0.000639472 elapsed=10:01 eta=02:42:35 val_mrr=0.775069
[TRAIN] 2026-04-24 02:53:11 step=3900/67071 (5.81%) epoch=1/3 epoch_step=3900/22357 (17.44%) loss=0.551844 lr=0.000641648 elapsed=10:03 eta=02:42:50 val_mrr=0.775069
[TRAIN] 2026-04-24 02:53:12 step=3910/67071 (5.83%) epoch=1/3 epoch_step=3910/22357 (17.49%) loss=0.557901 lr=0.000643822 elapsed=10:04 eta=02:42:44 val_mrr=0.775069
[TRAIN] 2026-04-24 02:53:13 step=3920/67071 (5.84%) epoch=1/3 epoch_step=3920/22357 (17.53%) loss=0.556337 lr=0.000645993 elapsed=10:06 eta=02:42:38 val_mrr=0.775069
[TRAIN] 2026-04-24 02:53:15 step=3930/67071 (5.86%) epoch=1/3 epoch_step=3930/22357 (17.58%) loss=0.557384 lr=0.000648162 elapsed=10:07 eta=02:42:31 val_mrr=0.775069
[TRAIN] 2026-04-24 02:53:16 step=3940/67071 (5.87%) epoch=1/3 epoch_step=3940/22357 (17.62%) loss=0.555058 lr=0.000650327 elapsed=10:08 eta=02:42:25 val_mrr=0.775069
[TRAIN] 2026-04-24 02:53:17 step=3950/67071 (5.89%) epoch=1/3 epoch_step=3950/22357 (17.67%) loss=0.570810 lr=0.00065249 elapsed=10:09 eta=02:42:19 val_mrr=0.775069
[TRAIN] 2026-04-24 02:53:18 step=3960/67071 (5.90%) epoch=1/3 epoch_step=3960/22357 (17.71%) loss=0.561134 lr=0.00065465 elapsed=10:11 eta=02:42:13 val_mrr=0.775069
[TRAIN] 2026-04-24 02:53:20 step=3970/67071 (5.92%) epoch=1/3 epoch_step=3970/22357 (17.76%) loss=0.557938 lr=0.000656807 elapsed=10:12 eta=02:42:06 val_mrr=0.775069
[TRAIN] 2026-04-24 02:53:21 step=3980/67071 (5.93%) epoch=1/3 epoch_step=3980/22357 (17.80%) loss=0.563730 lr=0.000658961 elapsed=10:14 eta=02:42:05 val_mrr=0.775069
[TRAIN] 2026-04-24 02:53:22 step=3990/67071 (5.95%) epoch=1/3 epoch_step=3990/22357 (17.85%) loss=0.560898 lr=0.000661112 elapsed=10:15 eta=02:42:00 val_mrr=0.775069
[STAGE] 2026-04-24 02:53:24 val prep subsets global=50000 art_art=1986 art_any=50000
[STAGE] 2026-04-24 02:53:24 val prep negatives global=50000 art_art=1986 art_any=50000
[STAGE] 2026-04-24 02:53:24 val prep unique_entities=136030
[STAGE] 2026-04-24 02:53:28 val prep entity_bank_ready unique_entities=136030 emb_dim=256
[STAGE] 2026-04-24 02:53:28 val start step=4000 epoch=0 task=relation_ranking subset=global triples=50000 batches=98 eval_batch_size=512
[STAGE] 2026-04-24 02:53:28 val start step=4000 epoch=0 task=triple_scoring subset=global triples=50000 batches=98 eval_batch_size=512
[STAGE] 2026-04-24 02:53:29 val start step=4000 epoch=0 task=relation_ranking subset=art_art triples=1986 batches=4 eval_batch_size=512
[STAGE] 2026-04-24 02:53:29 val start step=4000 epoch=0 task=triple_scoring subset=art_art triples=1986 batches=4 eval_batch_size=512
[STAGE] 2026-04-24 02:53:29 val start step=4000 epoch=0 task=relation_ranking subset=art_any triples=50000 batches=98 eval_batch_size=512
[STAGE] 2026-04-24 02:53:30 val start step=4000 epoch=0 task=triple_scoring subset=art_any triples=50000 batches=98 eval_batch_size=512
[VAL] 2026-04-24 02:53:30 step=4000 epoch=0 mrr=0.630658 aucpr=0.887257 art_art_mrr=0.131578 art_art_aucpr=0.582023 art_any_mrr=0.630665 art_any_aucpr=0.691491
[STAGE] 2026-04-24 02:53:30 early stopping triggered at step=4000 epoch=0 no_improve_evals=5
[TRAIN] 2026-04-24 02:53:31 step=4000/67071 (5.96%) epoch=1/3 epoch_step=4000/22357 (17.89%) loss=0.551021 lr=0.000663259 elapsed=10:23 eta=02:43:50 val_mrr=0.775069
[STAGE] 2026-04-24 02:53:31 epoch completed epoch=1/3
[STAGE] 2026-04-24 02:53:33 test prep subsets global=1425681 art_art=2083 art_any=357035
[STAGE] 2026-04-24 02:53:37 test prep negatives global=1425681 art_art=2083 art_any=357035
[STAGE] 2026-04-24 02:53:37 test prep unique_entities=1442330
[STAGE] 2026-04-24 02:54:03 test prep entity_bank_ready unique_entities=1442330 emb_dim=256
[STAGE] 2026-04-24 02:54:03 test start step=4000 epoch=1 task=relation_ranking subset=global triples=1425681 batches=2785 eval_batch_size=512
[STAGE] 2026-04-24 02:54:27 test start step=4000 epoch=1 task=triple_scoring subset=global triples=1425681 batches=2785 eval_batch_size=512
[STAGE] 2026-04-24 02:54:33 test start step=4000 epoch=1 task=relation_ranking subset=art_art triples=2083 batches=5 eval_batch_size=512
[STAGE] 2026-04-24 02:54:33 test start step=4000 epoch=1 task=triple_scoring subset=art_art triples=2083 batches=5 eval_batch_size=512
[STAGE] 2026-04-24 02:54:33 test start step=4000 epoch=1 task=relation_ranking subset=art_any triples=357035 batches=698 eval_batch_size=512
[STAGE] 2026-04-24 02:54:39 test start step=4000 epoch=1 task=triple_scoring subset=art_any triples=357035 batches=698 eval_batch_size=512
[TEST] 2026-04-24 02:54:41 step=4000 epoch=1 mrr=0.367989 aucpr=0.895820 art_art_mrr=0.131276 art_art_aucpr=0.589832 art_any_mrr=0.632040 art_any_aucpr=0.691955
[STAGE] 2026-04-24 02:54:41 DONE train (692.90s)
[RESULT] 2026-04-24 02:54:41 {"best_metric": 0.7750690996689189, "early_stopped": true, "stopped_epoch": 1, "stopped_step": 4000, "val_mrr": 0.6306584996390334, "val_hits1": 0.48492, "val_hits3": 0.75226, "val_hits10": 0.89714, "val_top1_acc": 0.48492, "val_auc": 0.9186711980000001, "val_aucpr": 0.887257494866524, "val_art_art_mrr": 0.13157772036289345, "val_art_art_hits1": 0.03474320241691843, "val_art_art_hits3": 0.12487411883182276, "val_art_art_hits10": 0.311178247734139, "val_art_art_top1_acc": 0.03474320241691843, "val_art_art_auc": 0.6101398104962329, "val_art_art_aucpr": 0.5820225973402787, "val_art_any_mrr": 0.6306650930456269, "val_art_any_hits1": 0.48492, "val_art_any_hits3": 0.75228, "val_art_any_hits10": 0.89716, "val_art_any_top1_acc": 0.48492, "val_art_any_auc": 0.7528855674, "val_art_any_aucpr": 0.6914909613725988, "test_mrr": 0.3679885451647954, "test_hits1": 0.2530068086759941, "test_hits3": 0.4294074200329527, "test_hits10": 0.580911157545061, "test_top1_acc": 0.2530068086759941, "test_auc": 0.9201428785085207, "test_aucpr": 0.8958204395306669, "test_art_art_mrr": 0.13127582601092364, "test_art_art_hits1": 0.033125300048007685, "test_art_art_hits3": 0.12193951032165147, "test_art_art_hits10": 0.32501200192030727, "test_art_art_top1_acc": 0.033125300048007685, "test_art_art_auc": 0.6140816231989341, "test_art_art_aucpr": 0.5898321302936712, "test_art_any_mrr": 0.6320403014911592, "test_art_any_hits1": 0.48564706541375496, "test_art_any_hits3": 0.7546599072920022, "test_art_any_hits10": 0.8983404988306468, "test_art_any_top1_acc": 0.48564706541375496, "test_art_any_auc": 0.7530834618769895, "test_art_any_aucpr": 0.6919550403602074}
